Architecture:                       x86_64
CPU op-mode(s):                     32-bit, 64-bit
Address sizes:                      52 bits physical, 57 bits virtual
Byte Order:                         Little Endian
CPU(s):                             36
On-line CPU(s) list:                0-35
Vendor ID:                          GenuineIntel
Model name:                         Intel(R) Xeon(R) Gold 6354 CPU @ 3.00GHz
CPU family:                         6
Model:                              106
Thread(s) per core:                 1
Core(s) per socket:                 18
Socket(s):                          2
Stepping:                           6
CPU max MHz:                        3600.0000
CPU min MHz:                        800.0000
BogoMIPS:                           6000.00
Flags:                              fpu vme de pse tsc msr pae mce cx8 apic sep mtrr pge mca cmov pat pse36 clflush dts acpi mmx fxsr sse sse2 ss ht tm pbe syscall nx pdpe1gb rdtscp lm constant_tsc art arch_perfmon pebs bts rep_good nopl xtopology nonstop_tsc cpuid aperfmperf pni pclmulqdq dtes64 monitor ds_cpl vmx smx est tm2 ssse3 sdbg fma cx16 xtpr pdcm pcid dca sse4_1 sse4_2 x2apic movbe popcnt tsc_deadline_timer aes xsave avx f16c rdrand lahf_lm abm 3dnowprefetch cpuid_fault epb cat_l3 invpcid_single ssbd mba ibrs ibpb stibp ibrs_enhanced tpr_shadow flexpriority ept vpid ept_ad fsgsbase tsc_adjust bmi1 avx2 smep bmi2 erms invpcid cqm rdt_a avx512f avx512dq rdseed adx smap avx512ifma clflushopt clwb intel_pt avx512cd sha_ni avx512bw avx512vl xsaveopt xsavec xgetbv1 xsaves cqm_llc cqm_occup_llc cqm_mbm_total cqm_mbm_local split_lock_detect wbnoinvd dtherm ida arat pln pts vnmi avx512vbmi umip pku ospke avx512_vbmi2 gfni vaes vpclmulqdq avx512_vnni avx512_bitalg tme avx512_vpopcntdq la57 rdpid fsrm md_clear pconfig flush_l1d arch_capabilities
Virtualization:                     VT-x
L1d cache:                          1.7 MiB (36 instances)
L1i cache:                          1.1 MiB (36 instances)
L2 cache:                           45 MiB (36 instances)
L3 cache:                           78 MiB (2 instances)
NUMA node(s):                       2
NUMA node0 CPU(s):                  0-17
NUMA node1 CPU(s):                  18-35
Vulnerability Gather data sampling: Mitigation; Microcode
Vulnerability Itlb multihit:        Not affected
Vulnerability L1tf:                 Not affected
Vulnerability Mds:                  Not affected
Vulnerability Meltdown:             Not affected
Vulnerability Mmio stale data:      Mitigation; Clear CPU buffers; SMT disabled
Vulnerability Retbleed:             Not affected
Vulnerability Spec rstack overflow: Not affected
Vulnerability Spec store bypass:    Mitigation; Speculative Store Bypass disabled via prctl
Vulnerability Spectre v1:           Mitigation; usercopy/swapgs barriers and __user pointer sanitization
Vulnerability Spectre v2:           Mitigation; Enhanced / Automatic IBRS, IBPB conditional, RSB filling, PBRSB-eIBRS SW sequence
Vulnerability Srbds:                Not affected
Vulnerability Tsx async abort:      Not affected
Mon Apr 21 11:49:30 2025       
+---------------------------------------------------------------------------------------+
| NVIDIA-SMI 545.23.08              Driver Version: 545.23.08    CUDA Version: 12.3     |
|-----------------------------------------+----------------------+----------------------+
| GPU  Name                 Persistence-M | Bus-Id        Disp.A | Volatile Uncorr. ECC |
| Fan  Temp   Perf          Pwr:Usage/Cap |         Memory-Usage | GPU-Util  Compute M. |
|                                         |                      |               MIG M. |
|=========================================+======================+======================|
|   0  NVIDIA L40                     On  | 00000000:CE:00.0 Off |                    0 |
| N/A   35C    P0              56W / 300W |      4MiB / 46068MiB |      0%      Default |
|                                         |                      |                  N/A |
+-----------------------------------------+----------------------+----------------------+
|   1  NVIDIA L40                     On  | 00000000:D1:00.0 Off |                    0 |
| N/A   36C    P8              55W / 300W |      4MiB / 46068MiB |      0%      Default |
|                                         |                      |                  N/A |
+-----------------------------------------+----------------------+----------------------+
                                                                                         
+---------------------------------------------------------------------------------------+
| Processes:                                                                            |
|  GPU   GI   CI        PID   Type   Process name                            GPU Memory |
|        ID   ID                                                             Usage      |
|=======================================================================================|
|  No running processes found                                                           |
+---------------------------------------------------------------------------------------+
/home/akula.ha/.conda/envs/refseg/lib/python3.10/site-packages/torch/distributed/launch.py:181: FutureWarning: The module torch.distributed.launch is deprecated
and will be removed in future. Use torchrun.
Note that --use-env is set by default in torchrun.
If your script expects `--local-rank` argument to be set, please
change it to read from `os.environ['LOCAL_RANK']` instead. See 
https://pytorch.org/docs/stable/distributed.html#launch-utility for 
further instructions

  warnings.warn(
[2025-04-21 11:49:34,282] torch.distributed.run: [WARNING] 
[2025-04-21 11:49:34,282] torch.distributed.run: [WARNING] *****************************************
[2025-04-21 11:49:34,282] torch.distributed.run: [WARNING] Setting OMP_NUM_THREADS environment variable for each process to be 1 in default, to avoid your system being overloaded, please further tune the variable for optimal performance in your application as needed. 
[2025-04-21 11:49:34,282] torch.distributed.run: [WARNING] *****************************************
| distributed init (rank 1): env://
| distributed init (rank 0): env://
Namespace(batch_size=14, epochs=50, model='ReMamber_Conv', pretrain_path='./pretrain', input_size=480, drop=0.0, drop_path=0.1, model_ema=False, model_ema_decay=0.9999, model_ema_force_cpu=False, opt='adamw', opt_eps=1e-08, opt_betas=None, clip_grad=None, momentum=0.9, weight_decay=0.0001, sched='cosine', lr=3.3e-05, lr_decoder=3.3e-05, lr_backbone=1.65e-05, lr_vssm=1.65e-05, warmup_lr=1e-06, min_lr=3e-07, decay_epochs=13.0, warmup_epochs=2, cooldown_epochs=10, patience_epochs=10, decay_rate=0.1, train_mode=True, finetune='pretrain/ReMamber_Conv.pth', data_path='./ref_dataset/data', data_set='refzom', output_dir='./l_outputs', device='cuda', seed=0, resume='l_outputs/ReMamber_Conv_dec_only/checkpoint_model:a5880e65.pth', start_epoch=0, eval=False, dist_eval=False, num_workers=8, pin_mem=True, distributed=True, world_size=2, dist_url='env://', if_amp=True, debug_mode=False, local_rank=0, model_title='model', logging='model', decoder_adapter=False, continue_lr=None, partial_freeze=False, single_epoch=True, lite_baseline=False, dec_only=True, rank=0, gpu=0, dist_backend='nccl')
True val
./ref_dataset/data refzom zom
loading dataset refzom into memory...
creating index...
index created.
DONE (t=15.13s)
Preparing dataset ......
False val
./ref_dataset/data refzom zom
loading dataset refzom into memory...
creating index...
index created.
DONE (t=14.99s)
Preparing dataset ......
length of train set: 57624
length of val set: 15406
/home/akula.ha/.conda/envs/refseg/lib/python3.10/site-packages/torch/utils/data/dataloader.py:557: UserWarning: This DataLoader will create 8 worker processes in total. Our suggested max number of worker in current system is 1, which is smaller than what this DataLoader is going to create. Please be aware that excessive worker creation might get DataLoader running slow or even freeze, lower the worker number to avoid potential slowness/freeze if necessary.
  warnings.warn(_create_warning_msg(
Creating model: ReMamber_Conv
/home/akula.ha/.conda/envs/refseg/lib/python3.10/site-packages/torch/utils/data/dataloader.py:557: UserWarning: This DataLoader will create 8 worker processes in total. Our suggested max number of worker in current system is 1, which is smaller than what this DataLoader is going to create. Please be aware that excessive worker creation might get DataLoader running slow or even freeze, lower the worker number to avoid potential slowness/freeze if necessary.
  warnings.warn(_create_warning_msg(
kwargs {}
number of params: 9484545
Loaded checkpoint from 'l_outputs/ReMamber_Conv_dec_only/checkpoint_model:a5880e65.pth'
Continuing training from epoch 2...
Model id is - model:27044ce2
length of train set: 50000
length of val set: 4000
Start training for 50 epochs
Learning rate: 3.3e-05
/home/akula.ha/.conda/envs/refseg/lib/python3.10/site-packages/torch/autograd/__init__.py:251: UserWarning: Grad strides do not match bucket view strides. This may indicate grad was not created according to the gradient layout contract, or that the param's strides changed since DDP was constructed.  This is not an error, but may impair performance.
grad.sizes() = [512, 768, 1, 1], strides() = [768, 1, 768, 768]
bucket_view.sizes() = [512, 768, 1, 1], strides() = [768, 1, 1, 1] (Triggered internally at ../torch/csrc/distributed/c10d/reducer.cpp:320.)
  Variable._execution_engine.run_backward(  # Calls into the C++ engine to run the backward pass
/home/akula.ha/.conda/envs/refseg/lib/python3.10/site-packages/torch/autograd/__init__.py:251: UserWarning: Grad strides do not match bucket view strides. This may indicate grad was not created according to the gradient layout contract, or that the param's strides changed since DDP was constructed.  This is not an error, but may impair performance.
grad.sizes() = [512, 768, 1, 1], strides() = [768, 1, 768, 768]
bucket_view.sizes() = [512, 768, 1, 1], strides() = [768, 1, 1, 1] (Triggered internally at ../torch/csrc/distributed/c10d/reducer.cpp:320.)
  Variable._execution_engine.run_backward(  # Calls into the C++ engine to run the backward pass
Epoch: [2]  [   0/1786]  eta: 12:49:31  lr: 0.000033  train_loss: 0.5058 (0.5058)  train_iou: 0.6800 (0.6800)  time: 25.8519  data: 12.2051  max mem: 14458
Epoch: [2]  [  20/1786]  eta: 0:56:38  lr: 0.000033  train_loss: 0.4341 (0.4486)  train_iou: 0.6445 (0.6426)  time: 0.7277  data: 0.0084  max mem: 14458
Epoch: [2]  [  40/1786]  eta: 0:39:01  lr: 0.000033  train_loss: 0.3555 (0.4233)  train_iou: 0.6540 (0.6522)  time: 0.7284  data: 0.0122  max mem: 14458
Epoch: [2]  [  60/1786]  eta: 0:32:41  lr: 0.000033  train_loss: 0.4660 (0.4542)  train_iou: 0.5942 (0.6288)  time: 0.7170  data: 0.0092  max mem: 14458
Epoch: [2]  [  80/1786]  eta: 0:29:25  lr: 0.000033  train_loss: 0.4080 (0.4508)  train_iou: 0.6535 (0.6352)  time: 0.7249  data: 0.0158  max mem: 14458
Epoch: [2]  [ 100/1786]  eta: 0:27:28  lr: 0.000033  train_loss: 0.4028 (0.4546)  train_iou: 0.6220 (0.6315)  time: 0.7478  data: 0.0133  max mem: 14458
Epoch: [2]  [ 120/1786]  eta: 0:26:02  lr: 0.000033  train_loss: 0.4419 (0.4512)  train_iou: 0.6221 (0.6311)  time: 0.7360  data: 0.0077  max mem: 14458
Epoch: [2]  [ 140/1786]  eta: 0:24:55  lr: 0.000033  train_loss: 0.3538 (0.4429)  train_iou: 0.6881 (0.6366)  time: 0.7308  data: 0.0119  max mem: 14458
Epoch: [2]  [ 160/1786]  eta: 0:23:59  lr: 0.000033  train_loss: 0.5022 (0.4527)  train_iou: 0.6045 (0.6307)  time: 0.7234  data: 0.0153  max mem: 14458
Epoch: [2]  [ 180/1786]  eta: 0:23:13  lr: 0.000033  train_loss: 0.4046 (0.4483)  train_iou: 0.6434 (0.6326)  time: 0.7212  data: 0.0126  max mem: 14458
Epoch: [2]  [ 200/1786]  eta: 0:22:32  lr: 0.000033  train_loss: 0.4286 (0.4493)  train_iou: 0.6034 (0.6316)  time: 0.7180  data: 0.0166  max mem: 14458
Epoch: [2]  [ 220/1786]  eta: 0:21:55  lr: 0.000033  train_loss: 0.3850 (0.4481)  train_iou: 0.6841 (0.6331)  time: 0.7145  data: 0.0101  max mem: 14458
Epoch: [2]  [ 240/1786]  eta: 0:21:23  lr: 0.000033  train_loss: 0.3999 (0.4440)  train_iou: 0.6678 (0.6354)  time: 0.7230  data: 0.0108  max mem: 14458
Epoch: [2]  [ 260/1786]  eta: 0:20:54  lr: 0.000033  train_loss: 0.4718 (0.4459)  train_iou: 0.5966 (0.6341)  time: 0.7196  data: 0.0186  max mem: 14458
Epoch: [2]  [ 280/1786]  eta: 0:20:27  lr: 0.000033  train_loss: 0.4282 (0.4444)  train_iou: 0.6184 (0.6348)  time: 0.7258  data: 0.0127  max mem: 14458
Epoch: [2]  [ 300/1786]  eta: 0:20:01  lr: 0.000033  train_loss: 0.4064 (0.4450)  train_iou: 0.6615 (0.6345)  time: 0.7163  data: 0.0106  max mem: 14458
Epoch: [2]  [ 320/1786]  eta: 0:19:37  lr: 0.000033  train_loss: 0.4190 (0.4434)  train_iou: 0.6481 (0.6360)  time: 0.7246  data: 0.0101  max mem: 14458
Epoch: [2]  [ 340/1786]  eta: 0:19:14  lr: 0.000033  train_loss: 0.4585 (0.4441)  train_iou: 0.6159 (0.6357)  time: 0.7188  data: 0.0120  max mem: 14458
Epoch: [2]  [ 360/1786]  eta: 0:18:52  lr: 0.000033  train_loss: 0.4436 (0.4443)  train_iou: 0.6186 (0.6353)  time: 0.7292  data: 0.0105  max mem: 14458
Epoch: [2]  [ 380/1786]  eta: 0:18:32  lr: 0.000033  train_loss: 0.4431 (0.4444)  train_iou: 0.6141 (0.6349)  time: 0.7323  data: 0.0148  max mem: 14458
Epoch: [2]  [ 400/1786]  eta: 0:18:11  lr: 0.000033  train_loss: 0.4699 (0.4440)  train_iou: 0.5843 (0.6345)  time: 0.7170  data: 0.0099  max mem: 14458
Epoch: [2]  [ 420/1786]  eta: 0:17:51  lr: 0.000033  train_loss: 0.4272 (0.4457)  train_iou: 0.6410 (0.6338)  time: 0.7248  data: 0.0164  max mem: 14458
Epoch: [2]  [ 440/1786]  eta: 0:17:31  lr: 0.000033  train_loss: 0.4170 (0.4459)  train_iou: 0.6429 (0.6344)  time: 0.7176  data: 0.0146  max mem: 14458
Epoch: [2]  [ 460/1786]  eta: 0:17:13  lr: 0.000033  train_loss: 0.4099 (0.4465)  train_iou: 0.6071 (0.6331)  time: 0.7377  data: 0.0136  max mem: 14458
Epoch: [2]  [ 480/1786]  eta: 0:16:55  lr: 0.000033  train_loss: 0.3853 (0.4445)  train_iou: 0.6393 (0.6339)  time: 0.7349  data: 0.0064  max mem: 14458
Epoch: [2]  [ 500/1786]  eta: 0:16:38  lr: 0.000033  train_loss: 0.3578 (0.4438)  train_iou: 0.6622 (0.6341)  time: 0.7388  data: 0.0110  max mem: 14458
Epoch: [2]  [ 520/1786]  eta: 0:16:20  lr: 0.000033  train_loss: 0.3687 (0.4418)  train_iou: 0.6637 (0.6353)  time: 0.7394  data: 0.0120  max mem: 14458
Epoch: [2]  [ 540/1786]  eta: 0:16:02  lr: 0.000033  train_loss: 0.4395 (0.4426)  train_iou: 0.6095 (0.6347)  time: 0.7233  data: 0.0145  max mem: 14458
Epoch: [2]  [ 560/1786]  eta: 0:15:45  lr: 0.000033  train_loss: 0.3906 (0.4412)  train_iou: 0.6619 (0.6352)  time: 0.7313  data: 0.0106  max mem: 14458
Epoch: [2]  [ 580/1786]  eta: 0:15:28  lr: 0.000033  train_loss: 0.4020 (0.4406)  train_iou: 0.6165 (0.6358)  time: 0.7256  data: 0.0067  max mem: 14458
Epoch: [2]  [ 600/1786]  eta: 0:15:12  lr: 0.000033  train_loss: 0.3642 (0.4389)  train_iou: 0.6598 (0.6368)  time: 0.7469  data: 0.0153  max mem: 14458
Epoch: [2]  [ 620/1786]  eta: 0:14:55  lr: 0.000033  train_loss: 0.4110 (0.4387)  train_iou: 0.6185 (0.6363)  time: 0.7499  data: 0.0118  max mem: 14458
Epoch: [2]  [ 640/1786]  eta: 0:14:39  lr: 0.000033  train_loss: 0.3867 (0.4378)  train_iou: 0.6553 (0.6366)  time: 0.7352  data: 0.0103  max mem: 14458
Epoch: [2]  [ 660/1786]  eta: 0:14:22  lr: 0.000033  train_loss: 0.3971 (0.4383)  train_iou: 0.6251 (0.6357)  time: 0.7341  data: 0.0120  max mem: 14458
Epoch: [2]  [ 680/1786]  eta: 0:14:06  lr: 0.000033  train_loss: 0.4091 (0.4383)  train_iou: 0.6670 (0.6362)  time: 0.7375  data: 0.0136  max mem: 14458
Epoch: [2]  [ 700/1786]  eta: 0:13:50  lr: 0.000033  train_loss: 0.4509 (0.4390)  train_iou: 0.5961 (0.6348)  time: 0.7371  data: 0.0103  max mem: 14458
Epoch: [2]  [ 720/1786]  eta: 0:13:34  lr: 0.000033  train_loss: 0.4281 (0.4392)  train_iou: 0.5600 (0.6332)  time: 0.7368  data: 0.0095  max mem: 14458
Epoch: [2]  [ 740/1786]  eta: 0:13:18  lr: 0.000033  train_loss: 0.4223 (0.4388)  train_iou: 0.5814 (0.6323)  time: 0.7336  data: 0.0117  max mem: 14458
Epoch: [2]  [ 760/1786]  eta: 0:13:02  lr: 0.000033  train_loss: 0.3835 (0.4380)  train_iou: 0.6285 (0.6323)  time: 0.7384  data: 0.0174  max mem: 14458
Epoch: [2]  [ 780/1786]  eta: 0:12:46  lr: 0.000033  train_loss: 0.2666 (0.4352)  train_iou: 0.6636 (0.6320)  time: 0.7336  data: 0.0124  max mem: 14458
Epoch: [2]  [ 800/1786]  eta: 0:12:30  lr: 0.000033  train_loss: 0.4043 (0.4349)  train_iou: 0.5960 (0.6313)  time: 0.7313  data: 0.0162  max mem: 14458
Epoch: [2]  [ 820/1786]  eta: 0:12:14  lr: 0.000033  train_loss: 0.3850 (0.4353)  train_iou: 0.6054 (0.6305)  time: 0.7377  data: 0.0139  max mem: 14458
Epoch: [2]  [ 840/1786]  eta: 0:11:58  lr: 0.000033  train_loss: 0.2683 (0.4326)  train_iou: 0.6915 (0.6312)  time: 0.7438  data: 0.0119  max mem: 14458
Epoch: [2]  [ 860/1786]  eta: 0:11:43  lr: 0.000033  train_loss: 0.3646 (0.4312)  train_iou: 0.6403 (0.6311)  time: 0.7530  data: 0.0079  max mem: 14458
Epoch: [2]  [ 880/1786]  eta: 0:11:28  lr: 0.000033  train_loss: 0.3090 (0.4284)  train_iou: 0.6591 (0.6316)  time: 0.7517  data: 0.0103  max mem: 14458
Epoch: [2]  [ 900/1786]  eta: 0:11:13  lr: 0.000033  train_loss: 0.3265 (0.4280)  train_iou: 0.6129 (0.6316)  time: 0.7609  data: 0.0098  max mem: 14458
Epoch: [2]  [ 920/1786]  eta: 0:10:57  lr: 0.000033  train_loss: 0.3476 (0.4267)  train_iou: 0.6241 (0.6310)  time: 0.7515  data: 0.0115  max mem: 14458
Epoch: [2]  [ 940/1786]  eta: 0:10:42  lr: 0.000033  train_loss: 0.3006 (0.4251)  train_iou: 0.6676 (0.6315)  time: 0.7598  data: 0.0095  max mem: 14458
Epoch: [2]  [ 960/1786]  eta: 0:10:27  lr: 0.000033  train_loss: 0.3923 (0.4247)  train_iou: 0.6184 (0.6312)  time: 0.7420  data: 0.0108  max mem: 14458
Epoch: [2]  [ 980/1786]  eta: 0:10:11  lr: 0.000033  train_loss: 0.3573 (0.4235)  train_iou: 0.6349 (0.6312)  time: 0.7505  data: 0.0117  max mem: 14458
Epoch: [2]  [1000/1786]  eta: 0:09:56  lr: 0.000033  train_loss: 0.4067 (0.4227)  train_iou: 0.6152 (0.6311)  time: 0.7404  data: 0.0126  max mem: 14458
Epoch: [2]  [1020/1786]  eta: 0:09:41  lr: 0.000033  train_loss: 0.3330 (0.4216)  train_iou: 0.6327 (0.6309)  time: 0.7691  data: 0.0077  max mem: 14458
Epoch: [2]  [1040/1786]  eta: 0:09:25  lr: 0.000033  train_loss: 0.3216 (0.4207)  train_iou: 0.6290 (0.6312)  time: 0.7431  data: 0.0108  max mem: 14458
Epoch: [2]  [1060/1786]  eta: 0:09:10  lr: 0.000033  train_loss: 0.2945 (0.4189)  train_iou: 0.6274 (0.6311)  time: 0.7329  data: 0.0088  max mem: 14458
Epoch: [2]  [1080/1786]  eta: 0:08:54  lr: 0.000033  train_loss: 0.2886 (0.4183)  train_iou: 0.6195 (0.6309)  time: 0.7423  data: 0.0118  max mem: 14458
Epoch: [2]  [1100/1786]  eta: 0:08:39  lr: 0.000033  train_loss: 0.3124 (0.4164)  train_iou: 0.6338 (0.6313)  time: 0.7486  data: 0.0085  max mem: 14458
Epoch: [2]  [1120/1786]  eta: 0:08:24  lr: 0.000033  train_loss: 0.3548 (0.4157)  train_iou: 0.5937 (0.6309)  time: 0.7517  data: 0.0095  max mem: 14458
Epoch: [2]  [1140/1786]  eta: 0:08:09  lr: 0.000033  train_loss: 0.3941 (0.4153)  train_iou: 0.6180 (0.6308)  time: 0.7578  data: 0.0127  max mem: 14458
Epoch: [2]  [1160/1786]  eta: 0:07:53  lr: 0.000033  train_loss: 0.3297 (0.4140)  train_iou: 0.6309 (0.6311)  time: 0.7379  data: 0.0086  max mem: 14458
Epoch: [2]  [1180/1786]  eta: 0:07:38  lr: 0.000033  train_loss: 0.3375 (0.4128)  train_iou: 0.6592 (0.6316)  time: 0.7488  data: 0.0132  max mem: 14458
Epoch: [2]  [1200/1786]  eta: 0:07:23  lr: 0.000033  train_loss: 0.2971 (0.4115)  train_iou: 0.5867 (0.6312)  time: 0.7406  data: 0.0054  max mem: 14458
Epoch: [2]  [1220/1786]  eta: 0:07:08  lr: 0.000033  train_loss: 0.3718 (0.4108)  train_iou: 0.6564 (0.6314)  time: 0.7434  data: 0.0091  max mem: 14458
Epoch: [2]  [1240/1786]  eta: 0:06:52  lr: 0.000033  train_loss: 0.4278 (0.4108)  train_iou: 0.6138 (0.6314)  time: 0.7504  data: 0.0097  max mem: 14458
Epoch: [2]  [1260/1786]  eta: 0:06:37  lr: 0.000033  train_loss: 0.3366 (0.4097)  train_iou: 0.6321 (0.6316)  time: 0.7377  data: 0.0081  max mem: 14458
Epoch: [2]  [1280/1786]  eta: 0:06:22  lr: 0.000033  train_loss: 0.3818 (0.4098)  train_iou: 0.6072 (0.6312)  time: 0.7500  data: 0.0064  max mem: 14458
Epoch: [2]  [1300/1786]  eta: 0:06:07  lr: 0.000033  train_loss: 0.3059 (0.4086)  train_iou: 0.6369 (0.6311)  time: 0.7218  data: 0.0177  max mem: 14458
Epoch: [2]  [1320/1786]  eta: 0:05:51  lr: 0.000033  train_loss: 0.3115 (0.4074)  train_iou: 0.6412 (0.6313)  time: 0.7441  data: 0.0082  max mem: 14458
Epoch: [2]  [1340/1786]  eta: 0:05:36  lr: 0.000033  train_loss: 0.3268 (0.4066)  train_iou: 0.5993 (0.6309)  time: 0.7359  data: 0.0158  max mem: 14458
Epoch: [2]  [1360/1786]  eta: 0:05:21  lr: 0.000033  train_loss: 0.3097 (0.4060)  train_iou: 0.6070 (0.6304)  time: 0.7519  data: 0.0098  max mem: 14458
Epoch: [2]  [1380/1786]  eta: 0:05:06  lr: 0.000033  train_loss: 0.3294 (0.4052)  train_iou: 0.6011 (0.6301)  time: 0.7465  data: 0.0134  max mem: 14458
Epoch: [2]  [1400/1786]  eta: 0:04:51  lr: 0.000033  train_loss: 0.3267 (0.4044)  train_iou: 0.6061 (0.6297)  time: 0.7489  data: 0.0085  max mem: 14458
Epoch: [2]  [1420/1786]  eta: 0:04:36  lr: 0.000033  train_loss: 0.3343 (0.4041)  train_iou: 0.6089 (0.6296)  time: 0.7469  data: 0.0119  max mem: 14458
Epoch: [2]  [1440/1786]  eta: 0:04:21  lr: 0.000033  train_loss: 0.3229 (0.4032)  train_iou: 0.6752 (0.6302)  time: 0.7467  data: 0.0111  max mem: 14458
Epoch: [2]  [1460/1786]  eta: 0:04:05  lr: 0.000033  train_loss: 0.2806 (0.4019)  train_iou: 0.6153 (0.6304)  time: 0.7564  data: 0.0112  max mem: 14458
Epoch: [2]  [1480/1786]  eta: 0:03:50  lr: 0.000033  train_loss: 0.3149 (0.4011)  train_iou: 0.6347 (0.6304)  time: 0.7318  data: 0.0084  max mem: 14458
Epoch: [2]  [1500/1786]  eta: 0:03:35  lr: 0.000033  train_loss: 0.2684 (0.3994)  train_iou: 0.6164 (0.6305)  time: 0.7123  data: 0.0078  max mem: 14458
Epoch: [2]  [1520/1786]  eta: 0:03:20  lr: 0.000033  train_loss: 0.2981 (0.3993)  train_iou: 0.6368 (0.6301)  time: 0.7315  data: 0.0087  max mem: 14458
Epoch: [2]  [1540/1786]  eta: 0:03:05  lr: 0.000033  train_loss: 0.2715 (0.3983)  train_iou: 0.6354 (0.6302)  time: 0.7419  data: 0.0097  max mem: 14458
Epoch: [2]  [1560/1786]  eta: 0:02:50  lr: 0.000033  train_loss: 0.3095 (0.3974)  train_iou: 0.6438 (0.6304)  time: 0.7301  data: 0.0086  max mem: 14458
Epoch: [2]  [1580/1786]  eta: 0:02:35  lr: 0.000033  train_loss: 0.2552 (0.3962)  train_iou: 0.6276 (0.6303)  time: 0.7440  data: 0.0066  max mem: 14458
Epoch: [2]  [1600/1786]  eta: 0:02:20  lr: 0.000033  train_loss: 0.2778 (0.3952)  train_iou: 0.6123 (0.6300)  time: 0.7429  data: 0.0101  max mem: 14458
Epoch: [2]  [1620/1786]  eta: 0:02:04  lr: 0.000033  train_loss: 0.3183 (0.3949)  train_iou: 0.5954 (0.6297)  time: 0.7457  data: 0.0085  max mem: 14458
Epoch: [2]  [1640/1786]  eta: 0:01:49  lr: 0.000033  train_loss: 0.2767 (0.3934)  train_iou: 0.6599 (0.6299)  time: 0.7196  data: 0.0081  max mem: 14458
Epoch: [2]  [1660/1786]  eta: 0:01:34  lr: 0.000033  train_loss: 0.3086 (0.3923)  train_iou: 0.6369 (0.6301)  time: 0.7171  data: 0.0105  max mem: 14458
Epoch: [2]  [1680/1786]  eta: 0:01:19  lr: 0.000033  train_loss: 0.3170 (0.3917)  train_iou: 0.6161 (0.6300)  time: 0.7279  data: 0.0099  max mem: 14458
Epoch: [2]  [1700/1786]  eta: 0:01:04  lr: 0.000033  train_loss: 0.3125 (0.3906)  train_iou: 0.6162 (0.6301)  time: 0.7347  data: 0.0110  max mem: 14458
Epoch: [2]  [1720/1786]  eta: 0:00:49  lr: 0.000033  train_loss: 0.2790 (0.3897)  train_iou: 0.6028 (0.6300)  time: 0.7266  data: 0.0102  max mem: 14458
Epoch: [2]  [1740/1786]  eta: 0:00:34  lr: 0.000033  train_loss: 0.2980 (0.3889)  train_iou: 0.6061 (0.6300)  time: 0.7333  data: 0.0129  max mem: 14458
Epoch: [2]  [1760/1786]  eta: 0:00:19  lr: 0.000033  train_loss: 0.2811 (0.3884)  train_iou: 0.6094 (0.6298)  time: 0.7316  data: 0.0085  max mem: 14458
Epoch: [2]  [1780/1786]  eta: 0:00:04  lr: 0.000033  train_loss: 0.3070 (0.3875)  train_iou: 0.6044 (0.6297)  time: 0.6008  data: 0.0070  max mem: 14458
Epoch: [2]  [1785/1786]  eta: 0:00:00  lr: 0.000033  train_loss: 0.3070 (0.3874)  train_iou: 0.6216 (0.6297)  time: 0.8955  data: 0.0019  max mem: 14458
Epoch: [2] Total time: 0:22:24 (0.7529 s / it)
Averaged stats: lr: 0.000033  train_loss: 0.3070 (0.3830)  train_iou: 0.6216 (0.6325)
huggingface/tokenizers: The current process just got forked, after parallelism has already been used. Disabling parallelism to avoid deadlocks...
To disable this warning, you can either:
	- Avoid using `tokenizers` before the fork if possible
	- Explicitly set the environment variable TOKENIZERS_PARALLELISM=(true | false)
huggingface/tokenizers: The current process just got forked, after parallelism has already been used. Disabling parallelism to avoid deadlocks...
To disable this warning, you can either:
	- Avoid using `tokenizers` before the fork if possible
	- Explicitly set the environment variable TOKENIZERS_PARALLELISM=(true | false)
huggingface/tokenizers: The current process just got forked, after parallelism has already been used. Disabling parallelism to avoid deadlocks...
To disable this warning, you can either:
	- Avoid using `tokenizers` before the fork if possible
	- Explicitly set the environment variable TOKENIZERS_PARALLELISM=(true | false)
huggingface/tokenizers: The current process just got forked, after parallelism has already been used. Disabling parallelism to avoid deadlocks...
To disable this warning, you can either:
	- Avoid using `tokenizers` before the fork if possible
	- Explicitly set the environment variable TOKENIZERS_PARALLELISM=(true | false)
huggingface/tokenizers: The current process just got forked, after parallelism has already been used. Disabling parallelism to avoid deadlocks...
To disable this warning, you can either:
	- Avoid using `tokenizers` before the fork if possible
	- Explicitly set the environment variable TOKENIZERS_PARALLELISM=(true | false)
huggingface/tokenizers: The current process just got forked, after parallelism has already been used. Disabling parallelism to avoid deadlocks...
To disable this warning, you can either:
	- Avoid using `tokenizers` before the fork if possible
	- Explicitly set the environment variable TOKENIZERS_PARALLELISM=(true | false)
huggingface/tokenizers: The current process just got forked, after parallelism has already been used. Disabling parallelism to avoid deadlocks...
To disable this warning, you can either:
	- Avoid using `tokenizers` before the fork if possible
	- Explicitly set the environment variable TOKENIZERS_PARALLELISM=(true | false)
huggingface/tokenizers: The current process just got forked, after parallelism has already been used. Disabling parallelism to avoid deadlocks...
To disable this warning, you can either:
	- Avoid using `tokenizers` before the fork if possible
	- Explicitly set the environment variable TOKENIZERS_PARALLELISM=(true | false)
huggingface/tokenizers: The current process just got forked, after parallelism has already been used. Disabling parallelism to avoid deadlocks...
To disable this warning, you can either:
	- Avoid using `tokenizers` before the fork if possible
	- Explicitly set the environment variable TOKENIZERS_PARALLELISM=(true | false)
huggingface/tokenizers: The current process just got forked, after parallelism has already been used. Disabling parallelism to avoid deadlocks...
To disable this warning, you can either:
	- Avoid using `tokenizers` before the fork if possible
	- Explicitly set the environment variable TOKENIZERS_PARALLELISM=(true | false)
huggingface/tokenizers: The current process just got forked, after parallelism has already been used. Disabling parallelism to avoid deadlocks...
To disable this warning, you can either:
	- Avoid using `tokenizers` before the fork if possible
	- Explicitly set the environment variable TOKENIZERS_PARALLELISM=(true | false)
huggingface/tokenizers: The current process just got forked, after parallelism has already been used. Disabling parallelism to avoid deadlocks...
To disable this warning, you can either:
	- Avoid using `tokenizers` before the fork if possible
	- Explicitly set the environment variable TOKENIZERS_PARALLELISM=(true | false)
huggingface/tokenizers: The current process just got forked, after parallelism has already been used. Disabling parallelism to avoid deadlocks...
To disable this warning, you can either:
	- Avoid using `tokenizers` before the fork if possible
	- Explicitly set the environment variable TOKENIZERS_PARALLELISM=(true | false)
huggingface/tokenizers: The current process just got forked, after parallelism has already been used. Disabling parallelism to avoid deadlocks...
To disable this warning, you can either:
	- Avoid using `tokenizers` before the fork if possible
	- Explicitly set the environment variable TOKENIZERS_PARALLELISM=(true | false)
huggingface/tokenizers: The current process just got forked, after parallelism has already been used. Disabling parallelism to avoid deadlocks...
To disable this warning, you can either:
	- Avoid using `tokenizers` before the fork if possible
	- Explicitly set the environment variable TOKENIZERS_PARALLELISM=(true | false)
huggingface/tokenizers: The current process just got forked, after parallelism has already been used. Disabling parallelism to avoid deadlocks...
To disable this warning, you can either:
	- Avoid using `tokenizers` before the fork if possible
	- Explicitly set the environment variable TOKENIZERS_PARALLELISM=(true | false)
Test:  [   0/4000]  eta: 4:09:21  inter: 32965.0000 (32965.0000)  union: 37887.0000 (37887.0000)  iou: 0.8701 (0.8701)  time: 3.7403  data: 1.1893  max mem: 14458
Test:  [  50/4000]  eta: 0:20:37  inter: 22384.0000 (22041.4531)  union: 48897.0000 (41743.2969)  iou: 0.4906 (0.5214)  time: 0.1467  data: 0.0082  max mem: 14458
Test:  [ 100/4000]  eta: 0:16:53  inter: 19633.0000 (23609.5368)  union: 45850.0000 (42600.6765)  iou: 0.5374 (0.5583)  time: 0.1444  data: 0.0050  max mem: 14458
Test:  [ 150/4000]  eta: 0:14:19  inter: 17528.0000 (22973.8421)  union: 29848.0000 (40012.7273)  iou: 0.8721 (0.5858)  time: 0.1493  data: 0.0025  max mem: 14458
Test:  [ 200/4000]  eta: 0:12:55  inter: 33427.0000 (23946.5861)  union: 36565.0000 (39888.7949)  iou: 0.7472 (0.5981)  time: 0.1480  data: 0.0045  max mem: 14458
Test:  [ 250/4000]  eta: 0:11:59  inter: 14815.0000 (25508.8645)  union: 32858.0000 (41643.2048)  iou: 0.2820 (0.5881)  time: 0.1439  data: 0.0055  max mem: 14458
Test:  [ 300/4000]  eta: 0:11:22  inter: 19999.0000 (25068.0819)  union: 24320.0000 (41290.6849)  iou: 0.6914 (0.5803)  time: 0.1498  data: 0.0027  max mem: 14458
Test:  [ 350/4000]  eta: 0:10:53  inter: 9052.0000 (24307.0682)  union: 32184.0000 (40957.9690)  iou: 0.4715 (0.5711)  time: 0.1480  data: 0.0038  max mem: 14458
Test:  [ 400/4000]  eta: 0:11:01  inter: 30584.0000 (23936.2821)  union: 35896.0000 (40668.7143)  iou: 0.6313 (0.5682)  time: 0.1449  data: 0.0039  max mem: 14458
Test:  [ 450/4000]  eta: 0:10:37  inter: 16208.0000 (23712.5825)  union: 28945.0000 (40460.0175)  iou: 0.5470 (0.5671)  time: 0.1476  data: 0.0037  max mem: 14458
Test:  [ 500/4000]  eta: 0:10:17  inter: 17088.0000 (24129.8037)  union: 36165.0000 (41255.0903)  iou: 0.4417 (0.5664)  time: 0.1492  data: 0.0030  max mem: 14458
Test:  [ 550/4000]  eta: 0:09:59  inter: 19149.0000 (24096.9717)  union: 27674.0000 (41050.9936)  iou: 0.6402 (0.5690)  time: 0.1487  data: 0.0037  max mem: 14458
Test:  [ 600/4000]  eta: 0:09:43  inter: 9652.0000 (23956.9385)  union: 31114.0000 (40988.0888)  iou: 0.8003 (0.5666)  time: 0.1462  data: 0.0026  max mem: 14458
Test:  [ 650/4000]  eta: 0:09:28  inter: 25437.0000 (24453.3856)  union: 41777.0000 (41470.8144)  iou: 0.6123 (0.5657)  time: 0.1444  data: 0.0053  max mem: 14458
Test:  [ 700/4000]  eta: 0:09:13  inter: 13720.0000 (24033.8121)  union: 28737.0000 (41110.3193)  iou: 0.2606 (0.5587)  time: 0.1455  data: 0.0078  max mem: 14458
Test:  [ 750/4000]  eta: 0:09:01  inter: 22282.0000 (24093.8306)  union: 29920.0000 (41062.9391)  iou: 0.7448 (0.5619)  time: 0.1526  data: 0.0038  max mem: 14458
Test:  [ 800/4000]  eta: 0:08:49  inter: 12537.0000 (23915.9804)  union: 46357.0000 (40621.7188)  iou: 0.6622 (0.5631)  time: 0.1476  data: 0.0036  max mem: 14458
Test:  [ 850/4000]  eta: 0:08:37  inter: 21301.0000 (24052.5640)  union: 39598.0000 (40661.5992)  iou: 0.6815 (0.5659)  time: 0.1416  data: 0.0049  max mem: 14458
Test:  [ 900/4000]  eta: 0:08:26  inter: 10263.0000 (24002.2071)  union: 27473.0000 (40783.8783)  iou: 0.5761 (0.5625)  time: 0.1435  data: 0.0043  max mem: 14458
Test:  [ 950/4000]  eta: 0:08:14  inter: 23872.0000 (24115.0330)  union: 30646.0000 (40842.5574)  iou: 0.8116 (0.5620)  time: 0.1443  data: 0.0022  max mem: 14458
Test:  [1000/4000]  eta: 0:08:04  inter: 20402.0000 (24404.2238)  union: 37642.0000 (40995.8211)  iou: 0.8198 (0.5646)  time: 0.1412  data: 0.0072  max mem: 14458
Test:  [1050/4000]  eta: 0:07:54  inter: 21022.0000 (24444.3048)  union: 37342.0000 (40973.2837)  iou: 0.5522 (0.5643)  time: 0.1460  data: 0.0062  max mem: 14458
Test:  [1100/4000]  eta: 0:07:43  inter: 21866.0000 (24293.3164)  union: 30976.0000 (40737.4772)  iou: 0.6563 (0.5640)  time: 0.1438  data: 0.0035  max mem: 14458
Test:  [1150/4000]  eta: 0:07:34  inter: 9727.0000 (24431.5701)  union: 23616.0000 (40645.8027)  iou: 0.4104 (0.5669)  time: 0.1468  data: 0.0038  max mem: 14458
Test:  [1200/4000]  eta: 0:07:24  inter: 9811.0000 (24326.7937)  union: 28730.0000 (40906.3900)  iou: 0.5331 (0.5632)  time: 0.1451  data: 0.0022  max mem: 14458
Test:  [1250/4000]  eta: 0:07:15  inter: 135.0000 (24127.3305)  union: 30589.0000 (40623.2487)  iou: 0.0025 (0.5620)  time: 0.1473  data: 0.0018  max mem: 14458
Test:  [1300/4000]  eta: 0:07:06  inter: 14833.0000 (23904.2632)  union: 37451.0000 (40528.8935)  iou: 0.3506 (0.5628)  time: 0.1465  data: 0.0035  max mem: 14458
Test:  [1350/4000]  eta: 0:06:57  inter: 25862.0000 (23942.8232)  union: 33537.0000 (40483.2405)  iou: 0.7778 (0.5642)  time: 0.1489  data: 0.0026  max mem: 14458
Test:  [1400/4000]  eta: 0:06:48  inter: 9786.0000 (23995.5739)  union: 12806.0000 (40610.3264)  iou: 0.7383 (0.5618)  time: 0.1411  data: 0.0022  max mem: 14458
Test:  [1450/4000]  eta: 0:06:39  inter: 14329.0000 (23941.0269)  union: 46133.0000 (40510.9790)  iou: 0.3804 (0.5613)  time: 0.1482  data: 0.0028  max mem: 14458
Test:  [1500/4000]  eta: 0:06:30  inter: 16246.0000 (23966.4882)  union: 47528.0000 (40599.6850)  iou: 0.3036 (0.5595)  time: 0.1458  data: 0.0031  max mem: 14458
Test:  [1550/4000]  eta: 0:06:22  inter: 11355.0000 (23843.4580)  union: 25613.0000 (40479.4334)  iou: 0.8473 (0.5602)  time: 0.1513  data: 0.0022  max mem: 14458
Test:  [1600/4000]  eta: 0:06:19  inter: 11016.0000 (23760.3354)  union: 25503.0000 (40423.4090)  iou: 0.6619 (0.5579)  time: 0.3298  data: 0.0026  max mem: 14458
Test:  [1650/4000]  eta: 0:06:10  inter: 15558.0000 (23634.2213)  union: 33228.0000 (40421.8053)  iou: 0.4740 (0.5562)  time: 0.1465  data: 0.0045  max mem: 14458
Test:  [1700/4000]  eta: 0:06:01  inter: 16682.0000 (23594.2662)  union: 35928.0000 (40460.1523)  iou: 0.6038 (0.5545)  time: 0.1467  data: 0.0043  max mem: 14458
Test:  [1750/4000]  eta: 0:05:53  inter: 17704.0000 (23581.9234)  union: 32502.0000 (40379.4242)  iou: 0.7451 (0.5546)  time: 0.1507  data: 0.0034  max mem: 14458
Test:  [1800/4000]  eta: 0:05:44  inter: 16214.0000 (23466.4484)  union: 46174.0000 (40294.4704)  iou: 0.4686 (0.5537)  time: 0.1515  data: 0.0026  max mem: 14458
Test:  [1850/4000]  eta: 0:05:36  inter: 7926.0000 (23435.9299)  union: 32046.0000 (40356.9575)  iou: 0.1976 (0.5519)  time: 0.1480  data: 0.0057  max mem: 14458
Test:  [1900/4000]  eta: 0:05:28  inter: 37458.0000 (23426.0298)  union: 55939.0000 (40276.3235)  iou: 0.5865 (0.5532)  time: 0.1475  data: 0.0070  max mem: 14458
Test:  [1950/4000]  eta: 0:05:19  inter: 11241.0000 (23398.4643)  union: 16602.0000 (40235.7128)  iou: 0.6350 (0.5530)  time: 0.1468  data: 0.0022  max mem: 14458
Test:  [2000/4000]  eta: 0:05:11  inter: 15180.0000 (23439.9147)  union: 22253.0000 (40190.1349)  iou: 0.6212 (0.5544)  time: 0.1440  data: 0.0056  max mem: 14458
Test:  [2050/4000]  eta: 0:05:03  inter: 7311.0000 (23316.3201)  union: 56262.0000 (40281.5227)  iou: 0.1962 (0.5526)  time: 0.1523  data: 0.0035  max mem: 14458
Test:  [2100/4000]  eta: 0:04:55  inter: 16132.0000 (23307.8345)  union: 32043.0000 (40261.9093)  iou: 0.7486 (0.5530)  time: 0.1447  data: 0.0018  max mem: 14458
Test:  [2150/4000]  eta: 0:04:47  inter: 23735.0000 (23293.0769)  union: 30369.0000 (40287.7567)  iou: 0.6830 (0.5522)  time: 0.1454  data: 0.0044  max mem: 14458
Test:  [2200/4000]  eta: 0:04:38  inter: 13740.0000 (23278.4545)  union: 21194.0000 (40223.9291)  iou: 0.5094 (0.5527)  time: 0.1483  data: 0.0097  max mem: 14458
Test:  [2250/4000]  eta: 0:04:30  inter: 15070.0000 (23166.6082)  union: 37752.0000 (40053.3704)  iou: 0.5285 (0.5514)  time: 0.1451  data: 0.0061  max mem: 14458
Test:  [2300/4000]  eta: 0:04:22  inter: 21313.0000 (23256.2166)  union: 36642.0000 (40025.4391)  iou: 0.5542 (0.5536)  time: 0.1470  data: 0.0028  max mem: 14458
Test:  [2350/4000]  eta: 0:04:15  inter: 15550.0000 (23185.3279)  union: 50868.0000 (39998.6209)  iou: 0.6222 (0.5535)  time: 0.1548  data: 0.0071  max mem: 14458
Test:  [2400/4000]  eta: 0:04:06  inter: 17485.0000 (23241.7227)  union: 32688.0000 (39959.6895)  iou: 0.5386 (0.5542)  time: 0.1434  data: 0.0034  max mem: 14458
Test:  [2450/4000]  eta: 0:03:59  inter: 28913.0000 (23333.1818)  union: 32922.0000 (40007.3498)  iou: 0.8016 (0.5557)  time: 0.1417  data: 0.0033  max mem: 14458
Test:  [2500/4000]  eta: 0:03:50  inter: 23274.0000 (23288.0074)  union: 39163.0000 (40018.1987)  iou: 0.7701 (0.5548)  time: 0.1439  data: 0.0034  max mem: 14458
Test:  [2550/4000]  eta: 0:03:43  inter: 29530.0000 (23387.8539)  union: 36327.0000 (40186.0083)  iou: 0.7662 (0.5550)  time: 0.1502  data: 0.0030  max mem: 14458
Test:  [2600/4000]  eta: 0:03:35  inter: 10097.0000 (23287.2708)  union: 35044.0000 (40116.7344)  iou: 0.2816 (0.5534)  time: 0.1512  data: 0.0034  max mem: 14458
Test:  [2650/4000]  eta: 0:03:27  inter: 16723.0000 (23303.7610)  union: 34214.0000 (40287.4745)  iou: 0.6274 (0.5525)  time: 0.1467  data: 0.0044  max mem: 14458
Test:  [2700/4000]  eta: 0:03:19  inter: 22516.0000 (23379.2995)  union: 31123.0000 (40352.5477)  iou: 0.8151 (0.5533)  time: 0.1435  data: 0.0018  max mem: 14458
Test:  [2750/4000]  eta: 0:03:11  inter: 22717.0000 (23439.5609)  union: 31563.0000 (40494.4427)  iou: 0.6480 (0.5528)  time: 0.1447  data: 0.0030  max mem: 14458
Test:  [2800/4000]  eta: 0:03:03  inter: 14280.0000 (23415.0642)  union: 25258.0000 (40380.2693)  iou: 0.6552 (0.5533)  time: 0.1439  data: 0.0020  max mem: 14458
Test:  [2850/4000]  eta: 0:02:56  inter: 11871.0000 (23553.0818)  union: 32835.0000 (40469.4454)  iou: 0.3181 (0.5527)  time: 0.1443  data: 0.0048  max mem: 14458
Test:  [2900/4000]  eta: 0:02:48  inter: 17140.0000 (23578.8428)  union: 26494.0000 (40549.5132)  iou: 0.5540 (0.5519)  time: 0.1437  data: 0.0027  max mem: 14458
Test:  [2950/4000]  eta: 0:02:40  inter: 19375.0000 (23599.7882)  union: 26394.0000 (40548.5885)  iou: 0.5168 (0.5523)  time: 0.1449  data: 0.0045  max mem: 14458
Test:  [3000/4000]  eta: 0:02:32  inter: 20218.0000 (23570.0964)  union: 32142.0000 (40510.3179)  iou: 0.4888 (0.5516)  time: 0.1494  data: 0.0035  max mem: 14458
Test:  [3050/4000]  eta: 0:02:25  inter: 13358.0000 (23528.4294)  union: 29692.0000 (40555.5272)  iou: 0.4513 (0.5515)  time: 0.1451  data: 0.0017  max mem: 14458
Test:  [3100/4000]  eta: 0:02:17  inter: 18923.0000 (23524.5355)  union: 41770.0000 (40519.6213)  iou: 0.4118 (0.5519)  time: 0.1474  data: 0.0027  max mem: 14458
Test:  [3150/4000]  eta: 0:02:09  inter: 12800.0000 (23427.9095)  union: 21471.0000 (40396.0618)  iou: 0.4956 (0.5516)  time: 0.1463  data: 0.0027  max mem: 14458
Test:  [3200/4000]  eta: 0:02:01  inter: 8221.0000 (23426.5056)  union: 34895.0000 (40417.4424)  iou: 0.4886 (0.5520)  time: 0.1425  data: 0.0038  max mem: 14458
Test:  [3250/4000]  eta: 0:01:54  inter: 14988.0000 (23368.1380)  union: 25172.0000 (40369.3788)  iou: 0.6284 (0.5504)  time: 0.1539  data: 0.0043  max mem: 14458
Test:  [3300/4000]  eta: 0:01:46  inter: 24638.0000 (23441.3621)  union: 44022.0000 (40458.7257)  iou: 0.8120 (0.5497)  time: 0.1516  data: 0.0061  max mem: 14458
Test:  [3350/4000]  eta: 0:01:39  inter: 9648.0000 (23441.5773)  union: 12609.0000 (40471.7758)  iou: 0.7285 (0.5503)  time: 0.1503  data: 0.0020  max mem: 14458
Test:  [3400/4000]  eta: 0:01:31  inter: 23012.0000 (23549.9764)  union: 38684.0000 (40542.4091)  iou: 0.8338 (0.5514)  time: 0.1525  data: 0.0044  max mem: 14458
Test:  [3450/4000]  eta: 0:01:23  inter: 16789.0000 (23547.4575)  union: 30402.0000 (40557.4388)  iou: 0.4375 (0.5513)  time: 0.1513  data: 0.0027  max mem: 14458
Test:  [3500/4000]  eta: 0:01:16  inter: 15088.0000 (23528.9053)  union: 22055.0000 (40472.7528)  iou: 0.4307 (0.5516)  time: 0.1452  data: 0.0014  max mem: 14458
Test:  [3550/4000]  eta: 0:01:08  inter: 27028.0000 (23550.4778)  union: 37041.0000 (40490.5626)  iou: 0.7416 (0.5514)  time: 0.1454  data: 0.0017  max mem: 14458
Test:  [3600/4000]  eta: 0:01:00  inter: 21318.0000 (23468.4261)  union: 33014.0000 (40442.8971)  iou: 0.4012 (0.5499)  time: 0.1517  data: 0.0021  max mem: 14458
Test:  [3650/4000]  eta: 0:00:53  inter: 15496.0000 (23406.0759)  union: 38711.0000 (40427.7939)  iou: 0.4410 (0.5490)  time: 0.1614  data: 0.0053  max mem: 14458
Test:  [3700/4000]  eta: 0:00:45  inter: 20625.0000 (23522.7150)  union: 36036.0000 (40472.2683)  iou: 0.8239 (0.5499)  time: 0.1498  data: 0.0019  max mem: 14458
Test:  [3750/4000]  eta: 0:00:38  inter: 22113.0000 (23557.9977)  union: 42282.0000 (40511.9479)  iou: 0.5096 (0.5508)  time: 0.1471  data: 0.0023  max mem: 14458
Test:  [3800/4000]  eta: 0:00:30  inter: 20651.0000 (23607.6339)  union: 29679.0000 (40493.4309)  iou: 0.5730 (0.5516)  time: 0.1428  data: 0.0033  max mem: 14458
Test:  [3850/4000]  eta: 0:00:22  inter: 20112.0000 (23586.0188)  union: 33682.0000 (40522.9258)  iou: 0.8378 (0.5514)  time: 0.1480  data: 0.0030  max mem: 14458
Test:  [3900/4000]  eta: 0:00:15  inter: 15281.0000 (23592.6780)  union: 34953.0000 (40600.6035)  iou: 0.5342 (0.5509)  time: 0.1516  data: 0.0020  max mem: 14458
Test:  [3950/4000]  eta: 0:00:07  inter: 17477.0000 (23559.4867)  union: 33894.0000 (40552.8005)  iou: 0.6309 (0.5512)  time: 0.1473  data: 0.0016  max mem: 14458
Test:  [3999/4000]  eta: 0:00:00  inter: 14850.0000 (23511.5534)  union: 30900.0000 (40465.0179)  iou: 0.4866 (0.5521)  time: 0.1109  data: 0.0004  max mem: 14458
Test: Total time: 0:10:08 (0.1521 s / it)
* IoU 0.552 oIoU 0.581
IoU of the network on the 4000 test images: 0.6%
Max IoU: 0.55%
Training time 0:32:39
