Architecture:                       x86_64
CPU op-mode(s):                     32-bit, 64-bit
Address sizes:                      52 bits physical, 57 bits virtual
Byte Order:                         Little Endian
CPU(s):                             36
On-line CPU(s) list:                0-35
Vendor ID:                          GenuineIntel
Model name:                         Intel(R) Xeon(R) Gold 6354 CPU @ 3.00GHz
CPU family:                         6
Model:                              106
Thread(s) per core:                 1
Core(s) per socket:                 18
Socket(s):                          2
Stepping:                           6
CPU max MHz:                        3600.0000
CPU min MHz:                        800.0000
BogoMIPS:                           6000.00
Flags:                              fpu vme de pse tsc msr pae mce cx8 apic sep mtrr pge mca cmov pat pse36 clflush dts acpi mmx fxsr sse sse2 ss ht tm pbe syscall nx pdpe1gb rdtscp lm constant_tsc art arch_perfmon pebs bts rep_good nopl xtopology nonstop_tsc cpuid aperfmperf pni pclmulqdq dtes64 monitor ds_cpl vmx smx est tm2 ssse3 sdbg fma cx16 xtpr pdcm pcid dca sse4_1 sse4_2 x2apic movbe popcnt tsc_deadline_timer aes xsave avx f16c rdrand lahf_lm abm 3dnowprefetch cpuid_fault epb cat_l3 invpcid_single ssbd mba ibrs ibpb stibp ibrs_enhanced tpr_shadow flexpriority ept vpid ept_ad fsgsbase tsc_adjust bmi1 avx2 smep bmi2 erms invpcid cqm rdt_a avx512f avx512dq rdseed adx smap avx512ifma clflushopt clwb intel_pt avx512cd sha_ni avx512bw avx512vl xsaveopt xsavec xgetbv1 xsaves cqm_llc cqm_occup_llc cqm_mbm_total cqm_mbm_local split_lock_detect wbnoinvd dtherm ida arat pln pts vnmi avx512vbmi umip pku ospke avx512_vbmi2 gfni vaes vpclmulqdq avx512_vnni avx512_bitalg tme avx512_vpopcntdq la57 rdpid fsrm md_clear pconfig flush_l1d arch_capabilities
Virtualization:                     VT-x
L1d cache:                          1.7 MiB (36 instances)
L1i cache:                          1.1 MiB (36 instances)
L2 cache:                           45 MiB (36 instances)
L3 cache:                           78 MiB (2 instances)
NUMA node(s):                       2
NUMA node0 CPU(s):                  0-17
NUMA node1 CPU(s):                  18-35
Vulnerability Gather data sampling: Mitigation; Microcode
Vulnerability Itlb multihit:        Not affected
Vulnerability L1tf:                 Not affected
Vulnerability Mds:                  Not affected
Vulnerability Meltdown:             Not affected
Vulnerability Mmio stale data:      Mitigation; Clear CPU buffers; SMT disabled
Vulnerability Retbleed:             Not affected
Vulnerability Spec rstack overflow: Not affected
Vulnerability Spec store bypass:    Mitigation; Speculative Store Bypass disabled via prctl
Vulnerability Spectre v1:           Mitigation; usercopy/swapgs barriers and __user pointer sanitization
Vulnerability Spectre v2:           Mitigation; Enhanced / Automatic IBRS, IBPB conditional, RSB filling, PBRSB-eIBRS SW sequence
Vulnerability Srbds:                Not affected
Vulnerability Tsx async abort:      Not affected
Mon Apr 21 10:12:16 2025       
+---------------------------------------------------------------------------------------+
| NVIDIA-SMI 545.23.08              Driver Version: 545.23.08    CUDA Version: 12.3     |
|-----------------------------------------+----------------------+----------------------+
| GPU  Name                 Persistence-M | Bus-Id        Disp.A | Volatile Uncorr. ECC |
| Fan  Temp   Perf          Pwr:Usage/Cap |         Memory-Usage | GPU-Util  Compute M. |
|                                         |                      |               MIG M. |
|=========================================+======================+======================|
|   0  NVIDIA L40                     On  | 00000000:CE:00.0 Off |                    0 |
| N/A   36C    P0              57W / 300W |      4MiB / 46068MiB |      0%      Default |
|                                         |                      |                  N/A |
+-----------------------------------------+----------------------+----------------------+
|   1  NVIDIA L40                     On  | 00000000:D1:00.0 Off |                    0 |
| N/A   38C    P0              59W / 300W |      4MiB / 46068MiB |      0%      Default |
|                                         |                      |                  N/A |
+-----------------------------------------+----------------------+----------------------+
                                                                                         
+---------------------------------------------------------------------------------------+
| Processes:                                                                            |
|  GPU   GI   CI        PID   Type   Process name                            GPU Memory |
|        ID   ID                                                             Usage      |
|=======================================================================================|
|  No running processes found                                                           |
+---------------------------------------------------------------------------------------+
/home/akula.ha/.conda/envs/refseg/lib/python3.10/site-packages/torch/distributed/launch.py:181: FutureWarning: The module torch.distributed.launch is deprecated
and will be removed in future. Use torchrun.
Note that --use-env is set by default in torchrun.
If your script expects `--local-rank` argument to be set, please
change it to read from `os.environ['LOCAL_RANK']` instead. See 
https://pytorch.org/docs/stable/distributed.html#launch-utility for 
further instructions

  warnings.warn(
[2025-04-21 10:12:20,018] torch.distributed.run: [WARNING] 
[2025-04-21 10:12:20,018] torch.distributed.run: [WARNING] *****************************************
[2025-04-21 10:12:20,018] torch.distributed.run: [WARNING] Setting OMP_NUM_THREADS environment variable for each process to be 1 in default, to avoid your system being overloaded, please further tune the variable for optimal performance in your application as needed. 
[2025-04-21 10:12:20,018] torch.distributed.run: [WARNING] *****************************************
| distributed init (rank 1): env://
| distributed init (rank 0): env://
Namespace(batch_size=14, epochs=50, model='ReMamber_Conv', pretrain_path='./pretrain', input_size=480, drop=0.0, drop_path=0.1, model_ema=False, model_ema_decay=0.9999, model_ema_force_cpu=False, opt='adamw', opt_eps=1e-08, opt_betas=None, clip_grad=None, momentum=0.9, weight_decay=0.0001, sched='cosine', lr=3.3e-05, lr_decoder=3.3e-05, lr_backbone=1.65e-05, lr_vssm=1.65e-05, warmup_lr=1e-06, min_lr=3e-07, decay_epochs=13.0, warmup_epochs=2, cooldown_epochs=10, patience_epochs=10, decay_rate=0.1, train_mode=True, finetune='pretrain/ReMamber_Conv.pth', data_path='./ref_dataset/data', data_set='refzom', output_dir='./l_outputs', device='cuda', seed=0, resume='', start_epoch=0, eval=False, dist_eval=False, num_workers=8, pin_mem=True, distributed=True, world_size=2, dist_url='env://', if_amp=True, debug_mode=False, local_rank=0, model_title='model', logging='model', decoder_adapter=False, continue_lr=None, partial_freeze=False, single_epoch=True, lite_baseline=False, dec_only=True, rank=0, gpu=0, dist_backend='nccl')
True val
./ref_dataset/data refzom zom
loading dataset refzom into memory...
creating index...
index created.
DONE (t=15.18s)
Preparing dataset ......
False val
./ref_dataset/data refzom zom
loading dataset refzom into memory...
creating index...
index created.
DONE (t=15.02s)
Preparing dataset ......
length of train set: 57624
length of val set: 15406
/home/akula.ha/.conda/envs/refseg/lib/python3.10/site-packages/torch/utils/data/dataloader.py:557: UserWarning: This DataLoader will create 8 worker processes in total. Our suggested max number of worker in current system is 1, which is smaller than what this DataLoader is going to create. Please be aware that excessive worker creation might get DataLoader running slow or even freeze, lower the worker number to avoid potential slowness/freeze if necessary.
  warnings.warn(_create_warning_msg(
Creating model: ReMamber_Conv
/home/akula.ha/.conda/envs/refseg/lib/python3.10/site-packages/torch/utils/data/dataloader.py:557: UserWarning: This DataLoader will create 8 worker processes in total. Our suggested max number of worker in current system is 1, which is smaller than what this DataLoader is going to create. Please be aware that excessive worker creation might get DataLoader running slow or even freeze, lower the worker number to avoid potential slowness/freeze if necessary.
  warnings.warn(_create_warning_msg(
kwargs {}
number of params: 9484545
Model id is - model:eb664a3a
length of train set: 50000
length of val set: 4000
Start training for 50 epochs
Learning rate: 3.3e-05
/home/akula.ha/.conda/envs/refseg/lib/python3.10/site-packages/torch/autograd/__init__.py:251: UserWarning: Grad strides do not match bucket view strides. This may indicate grad was not created according to the gradient layout contract, or that the param's strides changed since DDP was constructed.  This is not an error, but may impair performance.
grad.sizes() = [512, 768, 1, 1], strides() = [768, 1, 768, 768]
bucket_view.sizes() = [512, 768, 1, 1], strides() = [768, 1, 1, 1] (Triggered internally at ../torch/csrc/distributed/c10d/reducer.cpp:320.)
  Variable._execution_engine.run_backward(  # Calls into the C++ engine to run the backward pass
/home/akula.ha/.conda/envs/refseg/lib/python3.10/site-packages/torch/autograd/__init__.py:251: UserWarning: Grad strides do not match bucket view strides. This may indicate grad was not created according to the gradient layout contract, or that the param's strides changed since DDP was constructed.  This is not an error, but may impair performance.
grad.sizes() = [512, 768, 1, 1], strides() = [768, 1, 768, 768]
bucket_view.sizes() = [512, 768, 1, 1], strides() = [768, 1, 1, 1] (Triggered internally at ../torch/csrc/distributed/c10d/reducer.cpp:320.)
  Variable._execution_engine.run_backward(  # Calls into the C++ engine to run the backward pass
Epoch: [0]  [   0/1786]  eta: 12:49:15  lr: 0.000001  train_loss: 3.4808 (3.4808)  train_iou: 0.6409 (0.6409)  time: 25.8431  data: 12.6981  max mem: 14383
Epoch: [0]  [  20/1786]  eta: 0:56:27  lr: 0.000001  train_loss: 2.4424 (3.0181)  train_iou: 0.6781 (0.6745)  time: 0.7221  data: 0.0179  max mem: 14383
Epoch: [0]  [  40/1786]  eta: 0:38:56  lr: 0.000001  train_loss: 3.1896 (3.1536)  train_iou: 0.5993 (0.6481)  time: 0.7295  data: 0.0196  max mem: 14383
Epoch: [0]  [  60/1786]  eta: 0:32:42  lr: 0.000001  train_loss: 2.7293 (3.1494)  train_iou: 0.6288 (0.6369)  time: 0.7239  data: 0.0087  max mem: 14383
Epoch: [0]  [  80/1786]  eta: 0:29:22  lr: 0.000001  train_loss: 2.4211 (2.9961)  train_iou: 0.5974 (0.6284)  time: 0.7156  data: 0.0087  max mem: 14383
Epoch: [0]  [ 100/1786]  eta: 0:27:15  lr: 0.000001  train_loss: 2.1126 (2.8948)  train_iou: 0.6359 (0.6276)  time: 0.7170  data: 0.0104  max mem: 14383
Epoch: [0]  [ 120/1786]  eta: 0:25:48  lr: 0.000001  train_loss: 1.6078 (2.7321)  train_iou: 0.5993 (0.6268)  time: 0.7220  data: 0.0151  max mem: 14383
Epoch: [0]  [ 140/1786]  eta: 0:24:37  lr: 0.000001  train_loss: 1.7776 (2.6203)  train_iou: 0.6176 (0.6238)  time: 0.7049  data: 0.0123  max mem: 14383
Epoch: [0]  [ 160/1786]  eta: 0:23:44  lr: 0.000001  train_loss: 2.5335 (2.5857)  train_iou: 0.6088 (0.6220)  time: 0.7236  data: 0.0108  max mem: 14383
Epoch: [0]  [ 180/1786]  eta: 0:23:00  lr: 0.000001  train_loss: 1.7613 (2.5247)  train_iou: 0.5770 (0.6164)  time: 0.7299  data: 0.0109  max mem: 14383
Epoch: [0]  [ 200/1786]  eta: 0:22:21  lr: 0.000001  train_loss: 2.0513 (2.5023)  train_iou: 0.5847 (0.6135)  time: 0.7212  data: 0.0101  max mem: 14383
Epoch: [0]  [ 220/1786]  eta: 0:21:44  lr: 0.000001  train_loss: 1.3657 (2.4184)  train_iou: 0.5941 (0.6132)  time: 0.7035  data: 0.0128  max mem: 14383
Epoch: [0]  [ 240/1786]  eta: 0:21:10  lr: 0.000001  train_loss: 1.5332 (2.3503)  train_iou: 0.6283 (0.6151)  time: 0.6947  data: 0.0130  max mem: 14383
Epoch: [0]  [ 260/1786]  eta: 0:20:41  lr: 0.000001  train_loss: 1.4189 (2.3138)  train_iou: 0.5657 (0.6126)  time: 0.7160  data: 0.0119  max mem: 14383
Epoch: [0]  [ 280/1786]  eta: 0:20:15  lr: 0.000001  train_loss: 1.4496 (2.2656)  train_iou: 0.6011 (0.6110)  time: 0.7267  data: 0.0088  max mem: 14383
Epoch: [0]  [ 300/1786]  eta: 0:19:51  lr: 0.000001  train_loss: 1.7938 (2.2614)  train_iou: 0.5764 (0.6075)  time: 0.7208  data: 0.0121  max mem: 14383
Epoch: [0]  [ 320/1786]  eta: 0:19:27  lr: 0.000001  train_loss: 1.5815 (2.2242)  train_iou: 0.6296 (0.6083)  time: 0.7232  data: 0.0114  max mem: 14383
Epoch: [0]  [ 340/1786]  eta: 0:19:04  lr: 0.000001  train_loss: 1.6672 (2.2106)  train_iou: 0.5555 (0.6049)  time: 0.7106  data: 0.0160  max mem: 14383
Epoch: [0]  [ 360/1786]  eta: 0:18:42  lr: 0.000001  train_loss: 1.7833 (2.1928)  train_iou: 0.5747 (0.6040)  time: 0.7136  data: 0.0109  max mem: 14383
Epoch: [0]  [ 380/1786]  eta: 0:18:20  lr: 0.000001  train_loss: 1.1671 (2.1463)  train_iou: 0.5748 (0.6031)  time: 0.7065  data: 0.0088  max mem: 14383
Epoch: [0]  [ 400/1786]  eta: 0:17:59  lr: 0.000001  train_loss: 1.4188 (2.1112)  train_iou: 0.5888 (0.6023)  time: 0.7057  data: 0.0114  max mem: 14383
Epoch: [0]  [ 420/1786]  eta: 0:17:40  lr: 0.000001  train_loss: 1.1539 (2.0803)  train_iou: 0.5786 (0.6009)  time: 0.7115  data: 0.0168  max mem: 14383
Epoch: [0]  [ 440/1786]  eta: 0:17:20  lr: 0.000001  train_loss: 1.1166 (2.0431)  train_iou: 0.5860 (0.6010)  time: 0.7083  data: 0.0125  max mem: 14383
Epoch: [0]  [ 460/1786]  eta: 0:17:01  lr: 0.000001  train_loss: 1.0428 (2.0056)  train_iou: 0.6017 (0.6010)  time: 0.7129  data: 0.0114  max mem: 14383
Epoch: [0]  [ 480/1786]  eta: 0:16:42  lr: 0.000001  train_loss: 1.1681 (1.9737)  train_iou: 0.5791 (0.6003)  time: 0.7134  data: 0.0169  max mem: 14383
Epoch: [0]  [ 500/1786]  eta: 0:16:25  lr: 0.000001  train_loss: 1.2411 (1.9499)  train_iou: 0.5742 (0.5995)  time: 0.7182  data: 0.0163  max mem: 14383
Epoch: [0]  [ 520/1786]  eta: 0:16:07  lr: 0.000001  train_loss: 1.2466 (1.9274)  train_iou: 0.5697 (0.5980)  time: 0.7128  data: 0.0108  max mem: 14383
Epoch: [0]  [ 540/1786]  eta: 0:15:49  lr: 0.000001  train_loss: 1.3476 (1.9105)  train_iou: 0.5512 (0.5965)  time: 0.7127  data: 0.0072  max mem: 14383
Epoch: [0]  [ 560/1786]  eta: 0:15:31  lr: 0.000001  train_loss: 1.0033 (1.8871)  train_iou: 0.5649 (0.5959)  time: 0.7064  data: 0.0194  max mem: 14383
Epoch: [0]  [ 580/1786]  eta: 0:15:14  lr: 0.000001  train_loss: 1.1842 (1.8788)  train_iou: 0.5741 (0.5953)  time: 0.7195  data: 0.0144  max mem: 14383
Epoch: [0]  [ 600/1786]  eta: 0:14:58  lr: 0.000001  train_loss: 1.0138 (1.8581)  train_iou: 0.5227 (0.5934)  time: 0.7170  data: 0.0130  max mem: 14383
Epoch: [0]  [ 620/1786]  eta: 0:14:41  lr: 0.000001  train_loss: 1.0747 (1.8384)  train_iou: 0.5559 (0.5917)  time: 0.7240  data: 0.0083  max mem: 14383
Epoch: [0]  [ 640/1786]  eta: 0:14:24  lr: 0.000001  train_loss: 0.9317 (1.8179)  train_iou: 0.5509 (0.5903)  time: 0.7066  data: 0.0138  max mem: 14383
Epoch: [0]  [ 660/1786]  eta: 0:14:08  lr: 0.000001  train_loss: 1.2991 (1.8095)  train_iou: 0.5052 (0.5886)  time: 0.7158  data: 0.0069  max mem: 14383
Epoch: [0]  [ 680/1786]  eta: 0:13:52  lr: 0.000001  train_loss: 1.0534 (1.7970)  train_iou: 0.5068 (0.5864)  time: 0.7161  data: 0.0124  max mem: 14383
Epoch: [0]  [ 700/1786]  eta: 0:13:36  lr: 0.000001  train_loss: 1.3229 (1.7837)  train_iou: 0.5749 (0.5855)  time: 0.7208  data: 0.0084  max mem: 14383
Epoch: [0]  [ 720/1786]  eta: 0:13:19  lr: 0.000001  train_loss: 1.0688 (1.7678)  train_iou: 0.5704 (0.5852)  time: 0.7150  data: 0.0092  max mem: 14383
Epoch: [0]  [ 740/1786]  eta: 0:13:04  lr: 0.000001  train_loss: 1.0137 (1.7512)  train_iou: 0.5804 (0.5850)  time: 0.7221  data: 0.0104  max mem: 14383
Epoch: [0]  [ 760/1786]  eta: 0:12:47  lr: 0.000001  train_loss: 1.0908 (1.7367)  train_iou: 0.5360 (0.5839)  time: 0.7037  data: 0.0110  max mem: 14383
Epoch: [0]  [ 780/1786]  eta: 0:12:31  lr: 0.000001  train_loss: 1.0931 (1.7213)  train_iou: 0.5433 (0.5831)  time: 0.7093  data: 0.0127  max mem: 14383
Epoch: [0]  [ 800/1786]  eta: 0:12:15  lr: 0.000001  train_loss: 1.3157 (1.7116)  train_iou: 0.5141 (0.5818)  time: 0.7013  data: 0.0156  max mem: 14383
Epoch: [0]  [ 820/1786]  eta: 0:12:00  lr: 0.000001  train_loss: 0.8101 (1.6959)  train_iou: 0.5752 (0.5816)  time: 0.7154  data: 0.0076  max mem: 14383
Epoch: [0]  [ 840/1786]  eta: 0:11:44  lr: 0.000001  train_loss: 0.7737 (1.6779)  train_iou: 0.6213 (0.5824)  time: 0.7243  data: 0.0161  max mem: 14383
Epoch: [0]  [ 860/1786]  eta: 0:11:29  lr: 0.000001  train_loss: 0.8671 (1.6612)  train_iou: 0.6080 (0.5825)  time: 0.7189  data: 0.0094  max mem: 14383
Epoch: [0]  [ 880/1786]  eta: 0:11:13  lr: 0.000001  train_loss: 1.0158 (1.6495)  train_iou: 0.5330 (0.5817)  time: 0.7171  data: 0.0145  max mem: 14383
Epoch: [0]  [ 900/1786]  eta: 0:10:58  lr: 0.000001  train_loss: 0.8874 (1.6356)  train_iou: 0.5215 (0.5808)  time: 0.7132  data: 0.0076  max mem: 14383
Epoch: [0]  [ 920/1786]  eta: 0:10:43  lr: 0.000001  train_loss: 0.8419 (1.6210)  train_iou: 0.5846 (0.5803)  time: 0.7229  data: 0.0149  max mem: 14383
Epoch: [0]  [ 940/1786]  eta: 0:10:27  lr: 0.000001  train_loss: 1.0416 (1.6091)  train_iou: 0.5508 (0.5796)  time: 0.7176  data: 0.0096  max mem: 14383
Epoch: [0]  [ 960/1786]  eta: 0:10:12  lr: 0.000001  train_loss: 0.8793 (1.5971)  train_iou: 0.5492 (0.5792)  time: 0.7204  data: 0.0105  max mem: 14383
Epoch: [0]  [ 980/1786]  eta: 0:09:57  lr: 0.000001  train_loss: 1.3042 (1.5908)  train_iou: 0.5546 (0.5788)  time: 0.7151  data: 0.0101  max mem: 14383
Epoch: [0]  [1000/1786]  eta: 0:09:42  lr: 0.000001  train_loss: 0.9828 (1.5795)  train_iou: 0.5630 (0.5790)  time: 0.7159  data: 0.0136  max mem: 14383
Epoch: [0]  [1020/1786]  eta: 0:09:26  lr: 0.000001  train_loss: 1.0173 (1.5690)  train_iou: 0.5012 (0.5779)  time: 0.7149  data: 0.0063  max mem: 14383
Epoch: [0]  [1040/1786]  eta: 0:09:11  lr: 0.000001  train_loss: 0.8989 (1.5590)  train_iou: 0.5705 (0.5776)  time: 0.7172  data: 0.0077  max mem: 14383
Epoch: [0]  [1060/1786]  eta: 0:08:56  lr: 0.000001  train_loss: 0.9453 (1.5498)  train_iou: 0.5586 (0.5771)  time: 0.7262  data: 0.0073  max mem: 14383
Epoch: [0]  [1080/1786]  eta: 0:08:41  lr: 0.000001  train_loss: 0.8766 (1.5385)  train_iou: 0.5772 (0.5771)  time: 0.7147  data: 0.0086  max mem: 14383
Epoch: [0]  [1100/1786]  eta: 0:08:26  lr: 0.000001  train_loss: 0.9184 (1.5280)  train_iou: 0.5871 (0.5775)  time: 0.7110  data: 0.0124  max mem: 14383
Epoch: [0]  [1120/1786]  eta: 0:08:11  lr: 0.000001  train_loss: 0.8697 (1.5178)  train_iou: 0.5464 (0.5774)  time: 0.7155  data: 0.0106  max mem: 14383
Epoch: [0]  [1140/1786]  eta: 0:07:56  lr: 0.000001  train_loss: 0.8821 (1.5083)  train_iou: 0.5621 (0.5772)  time: 0.7061  data: 0.0109  max mem: 14383
Epoch: [0]  [1160/1786]  eta: 0:07:41  lr: 0.000001  train_loss: 0.9332 (1.5002)  train_iou: 0.5487 (0.5767)  time: 0.7182  data: 0.0117  max mem: 14383
Epoch: [0]  [1180/1786]  eta: 0:07:26  lr: 0.000001  train_loss: 0.8874 (1.4901)  train_iou: 0.5440 (0.5766)  time: 0.7118  data: 0.0149  max mem: 14383
Epoch: [0]  [1200/1786]  eta: 0:07:11  lr: 0.000001  train_loss: 0.9664 (1.4833)  train_iou: 0.5588 (0.5764)  time: 0.7171  data: 0.0119  max mem: 14383
Epoch: [0]  [1220/1786]  eta: 0:06:56  lr: 0.000001  train_loss: 0.8012 (1.4737)  train_iou: 0.5983 (0.5765)  time: 0.7174  data: 0.0115  max mem: 14383
Epoch: [0]  [1240/1786]  eta: 0:06:41  lr: 0.000001  train_loss: 0.7050 (1.4633)  train_iou: 0.5453 (0.5764)  time: 0.7132  data: 0.0145  max mem: 14383
Epoch: [0]  [1260/1786]  eta: 0:06:26  lr: 0.000001  train_loss: 0.8539 (1.4542)  train_iou: 0.5542 (0.5761)  time: 0.7188  data: 0.0167  max mem: 14383
Epoch: [0]  [1280/1786]  eta: 0:06:12  lr: 0.000001  train_loss: 0.8449 (1.4453)  train_iou: 0.5394 (0.5758)  time: 0.7201  data: 0.0099  max mem: 14383
Epoch: [0]  [1300/1786]  eta: 0:05:57  lr: 0.000001  train_loss: 0.8162 (1.4363)  train_iou: 0.5268 (0.5754)  time: 0.7213  data: 0.0163  max mem: 14383
Epoch: [0]  [1320/1786]  eta: 0:05:42  lr: 0.000001  train_loss: 0.8615 (1.4315)  train_iou: 0.5712 (0.5750)  time: 0.7167  data: 0.0081  max mem: 14383
Epoch: [0]  [1340/1786]  eta: 0:05:27  lr: 0.000001  train_loss: 0.9374 (1.4256)  train_iou: 0.5145 (0.5744)  time: 0.7192  data: 0.0091  max mem: 14383
Epoch: [0]  [1360/1786]  eta: 0:05:12  lr: 0.000001  train_loss: 0.8027 (1.4179)  train_iou: 0.5734 (0.5742)  time: 0.7098  data: 0.0094  max mem: 14383
Epoch: [0]  [1380/1786]  eta: 0:04:57  lr: 0.000001  train_loss: 0.9251 (1.4107)  train_iou: 0.5595 (0.5743)  time: 0.7166  data: 0.0089  max mem: 14383
Epoch: [0]  [1400/1786]  eta: 0:04:43  lr: 0.000001  train_loss: 0.7497 (1.4039)  train_iou: 0.6083 (0.5743)  time: 0.7117  data: 0.0147  max mem: 14383
Epoch: [0]  [1420/1786]  eta: 0:04:28  lr: 0.000001  train_loss: 0.8500 (1.3976)  train_iou: 0.5506 (0.5741)  time: 0.7141  data: 0.0123  max mem: 14383
Epoch: [0]  [1440/1786]  eta: 0:04:13  lr: 0.000001  train_loss: 0.6093 (1.3886)  train_iou: 0.6070 (0.5742)  time: 0.7191  data: 0.0070  max mem: 14383
Epoch: [0]  [1460/1786]  eta: 0:03:58  lr: 0.000001  train_loss: 0.6725 (1.3806)  train_iou: 0.6007 (0.5745)  time: 0.7091  data: 0.0119  max mem: 14383
Epoch: [0]  [1480/1786]  eta: 0:03:44  lr: 0.000001  train_loss: 0.7911 (1.3756)  train_iou: 0.5819 (0.5745)  time: 0.7174  data: 0.0080  max mem: 14383
Epoch: [0]  [1500/1786]  eta: 0:03:29  lr: 0.000001  train_loss: 0.7268 (1.3684)  train_iou: 0.5532 (0.5743)  time: 0.7254  data: 0.0080  max mem: 14383
Epoch: [0]  [1520/1786]  eta: 0:03:14  lr: 0.000001  train_loss: 0.6855 (1.3612)  train_iou: 0.5862 (0.5744)  time: 0.7165  data: 0.0126  max mem: 14383
Epoch: [0]  [1540/1786]  eta: 0:03:00  lr: 0.000001  train_loss: 0.7655 (1.3554)  train_iou: 0.6108 (0.5748)  time: 0.7081  data: 0.0109  max mem: 14383
Epoch: [0]  [1560/1786]  eta: 0:02:45  lr: 0.000001  train_loss: 0.7856 (1.3480)  train_iou: 0.5805 (0.5751)  time: 0.7025  data: 0.0084  max mem: 14383
Epoch: [0]  [1580/1786]  eta: 0:02:30  lr: 0.000001  train_loss: 0.8300 (1.3427)  train_iou: 0.5685 (0.5749)  time: 0.7079  data: 0.0142  max mem: 14383
Epoch: [0]  [1600/1786]  eta: 0:02:15  lr: 0.000001  train_loss: 0.8014 (1.3359)  train_iou: 0.5590 (0.5750)  time: 0.7155  data: 0.0132  max mem: 14383
Epoch: [0]  [1620/1786]  eta: 0:02:01  lr: 0.000001  train_loss: 0.7793 (1.3295)  train_iou: 0.5824 (0.5752)  time: 0.7176  data: 0.0077  max mem: 14383
Epoch: [0]  [1640/1786]  eta: 0:01:46  lr: 0.000001  train_loss: 0.8633 (1.3248)  train_iou: 0.5315 (0.5750)  time: 0.7281  data: 0.0098  max mem: 14383
Epoch: [0]  [1660/1786]  eta: 0:01:32  lr: 0.000001  train_loss: 0.7545 (1.3179)  train_iou: 0.5861 (0.5750)  time: 0.7184  data: 0.0118  max mem: 14383
Epoch: [0]  [1680/1786]  eta: 0:01:17  lr: 0.000001  train_loss: 0.7310 (1.3116)  train_iou: 0.5828 (0.5753)  time: 0.7185  data: 0.0104  max mem: 14383
Epoch: [0]  [1700/1786]  eta: 0:01:02  lr: 0.000001  train_loss: 0.7244 (1.3053)  train_iou: 0.5902 (0.5754)  time: 0.7235  data: 0.0133  max mem: 14383
Epoch: [0]  [1720/1786]  eta: 0:00:48  lr: 0.000001  train_loss: 0.8485 (1.3005)  train_iou: 0.5358 (0.5752)  time: 0.7246  data: 0.0077  max mem: 14383
Epoch: [0]  [1740/1786]  eta: 0:00:33  lr: 0.000001  train_loss: 0.6561 (1.2939)  train_iou: 0.5809 (0.5752)  time: 0.7141  data: 0.0077  max mem: 14383
Epoch: [0]  [1760/1786]  eta: 0:00:18  lr: 0.000001  train_loss: 0.6767 (1.2872)  train_iou: 0.5918 (0.5756)  time: 0.7006  data: 0.0153  max mem: 14383
Epoch: [0]  [1780/1786]  eta: 0:00:04  lr: 0.000001  train_loss: 0.8521 (1.2825)  train_iou: 0.5737 (0.5753)  time: 0.5974  data: 0.0043  max mem: 14383
Epoch: [0]  [1785/1786]  eta: 0:00:00  lr: 0.000001  train_loss: 0.8521 (1.2818)  train_iou: 0.5925 (0.5752)  time: 0.8932  data: 0.0022  max mem: 14383
Epoch: [0] Total time: 0:21:47 (0.7323 s / it)
Averaged stats: lr: 0.000001  train_loss: 0.8521 (1.2624)  train_iou: 0.5925 (0.5778)
huggingface/tokenizers: The current process just got forked, after parallelism has already been used. Disabling parallelism to avoid deadlocks...
To disable this warning, you can either:
	- Avoid using `tokenizers` before the fork if possible
	- Explicitly set the environment variable TOKENIZERS_PARALLELISM=(true | false)
huggingface/tokenizers: The current process just got forked, after parallelism has already been used. Disabling parallelism to avoid deadlocks...
To disable this warning, you can either:
	- Avoid using `tokenizers` before the fork if possible
	- Explicitly set the environment variable TOKENIZERS_PARALLELISM=(true | false)
huggingface/tokenizers: The current process just got forked, after parallelism has already been used. Disabling parallelism to avoid deadlocks...
To disable this warning, you can either:
	- Avoid using `tokenizers` before the fork if possible
	- Explicitly set the environment variable TOKENIZERS_PARALLELISM=(true | false)
huggingface/tokenizers: The current process just got forked, after parallelism has already been used. Disabling parallelism to avoid deadlocks...
To disable this warning, you can either:
	- Avoid using `tokenizers` before the fork if possible
	- Explicitly set the environment variable TOKENIZERS_PARALLELISM=(true | false)
huggingface/tokenizers: The current process just got forked, after parallelism has already been used. Disabling parallelism to avoid deadlocks...
To disable this warning, you can either:
	- Avoid using `tokenizers` before the fork if possible
	- Explicitly set the environment variable TOKENIZERS_PARALLELISM=(true | false)
huggingface/tokenizers: The current process just got forked, after parallelism has already been used. Disabling parallelism to avoid deadlocks...
To disable this warning, you can either:
	- Avoid using `tokenizers` before the fork if possible
	- Explicitly set the environment variable TOKENIZERS_PARALLELISM=(true | false)
huggingface/tokenizers: The current process just got forked, after parallelism has already been used. Disabling parallelism to avoid deadlocks...
To disable this warning, you can either:
	- Avoid using `tokenizers` before the fork if possible
	- Explicitly set the environment variable TOKENIZERS_PARALLELISM=(true | false)
huggingface/tokenizers: The current process just got forked, after parallelism has already been used. Disabling parallelism to avoid deadlocks...
To disable this warning, you can either:
	- Avoid using `tokenizers` before the fork if possible
	- Explicitly set the environment variable TOKENIZERS_PARALLELISM=(true | false)
huggingface/tokenizers: The current process just got forked, after parallelism has already been used. Disabling parallelism to avoid deadlocks...
To disable this warning, you can either:
	- Avoid using `tokenizers` before the fork if possible
	- Explicitly set the environment variable TOKENIZERS_PARALLELISM=(true | false)
huggingface/tokenizers: The current process just got forked, after parallelism has already been used. Disabling parallelism to avoid deadlocks...
To disable this warning, you can either:
	- Avoid using `tokenizers` before the fork if possible
	- Explicitly set the environment variable TOKENIZERS_PARALLELISM=(true | false)
huggingface/tokenizers: The current process just got forked, after parallelism has already been used. Disabling parallelism to avoid deadlocks...
To disable this warning, you can either:
	- Avoid using `tokenizers` before the fork if possible
	- Explicitly set the environment variable TOKENIZERS_PARALLELISM=(true | false)
huggingface/tokenizers: The current process just got forked, after parallelism has already been used. Disabling parallelism to avoid deadlocks...
To disable this warning, you can either:
	- Avoid using `tokenizers` before the fork if possible
	- Explicitly set the environment variable TOKENIZERS_PARALLELISM=(true | false)
huggingface/tokenizers: The current process just got forked, after parallelism has already been used. Disabling parallelism to avoid deadlocks...
To disable this warning, you can either:
	- Avoid using `tokenizers` before the fork if possible
	- Explicitly set the environment variable TOKENIZERS_PARALLELISM=(true | false)
huggingface/tokenizers: The current process just got forked, after parallelism has already been used. Disabling parallelism to avoid deadlocks...
To disable this warning, you can either:
	- Avoid using `tokenizers` before the fork if possible
	- Explicitly set the environment variable TOKENIZERS_PARALLELISM=(true | false)
huggingface/tokenizers: The current process just got forked, after parallelism has already been used. Disabling parallelism to avoid deadlocks...
To disable this warning, you can either:
	- Avoid using `tokenizers` before the fork if possible
	- Explicitly set the environment variable TOKENIZERS_PARALLELISM=(true | false)
huggingface/tokenizers: The current process just got forked, after parallelism has already been used. Disabling parallelism to avoid deadlocks...
To disable this warning, you can either:
	- Avoid using `tokenizers` before the fork if possible
	- Explicitly set the environment variable TOKENIZERS_PARALLELISM=(true | false)
Test:  [   0/4000]  eta: 4:02:00  inter: 32722.0000 (32722.0000)  union: 37531.0000 (37531.0000)  iou: 0.8719 (0.8719)  time: 3.6300  data: 1.1142  max mem: 14383
Test:  [  50/4000]  eta: 0:20:26  inter: 15758.0000 (19640.9219)  union: 49625.0000 (41650.4062)  iou: 0.4835 (0.4834)  time: 0.1447  data: 0.0053  max mem: 14383
Test:  [ 100/4000]  eta: 0:16:44  inter: 20101.0000 (20911.0074)  union: 44768.0000 (42035.1985)  iou: 0.4216 (0.5088)  time: 0.1421  data: 0.0031  max mem: 14383
Test:  [ 150/4000]  eta: 0:14:09  inter: 14666.0000 (20593.0431)  union: 29811.0000 (39594.9139)  iou: 0.7616 (0.5303)  time: 0.1467  data: 0.0047  max mem: 14383
Test:  [ 200/4000]  eta: 0:12:44  inter: 29067.0000 (21240.8864)  union: 37505.0000 (39349.9597)  iou: 0.7314 (0.5385)  time: 0.1426  data: 0.0041  max mem: 14383
Test:  [ 250/4000]  eta: 0:11:50  inter: 13920.0000 (22329.0813)  union: 33015.0000 (41472.1596)  iou: 0.2703 (0.5259)  time: 0.1452  data: 0.0087  max mem: 14383
Test:  [ 300/4000]  eta: 0:11:13  inter: 19369.0000 (21965.1166)  union: 24947.0000 (41081.1439)  iou: 0.6534 (0.5184)  time: 0.1460  data: 0.0023  max mem: 14383
Test:  [ 350/4000]  eta: 0:10:45  inter: 8113.0000 (21270.2397)  union: 30323.0000 (40796.7748)  iou: 0.4337 (0.5113)  time: 0.1454  data: 0.0054  max mem: 14383
Test:  [ 400/4000]  eta: 0:10:52  inter: 26519.0000 (21087.4911)  union: 35286.0000 (40223.8018)  iou: 0.6144 (0.5145)  time: 0.1402  data: 0.0049  max mem: 14383
Test:  [ 450/4000]  eta: 0:10:29  inter: 15513.0000 (20998.2683)  union: 29629.0000 (39951.9984)  iou: 0.5849 (0.5160)  time: 0.1456  data: 0.0055  max mem: 14383
Test:  [ 500/4000]  eta: 0:10:08  inter: 12474.0000 (21349.5931)  union: 28132.0000 (40797.7851)  iou: 0.3729 (0.5135)  time: 0.1426  data: 0.0073  max mem: 14383
Test:  [ 550/4000]  eta: 0:09:51  inter: 14267.0000 (21348.8445)  union: 28635.0000 (40545.8239)  iou: 0.6251 (0.5176)  time: 0.1441  data: 0.0013  max mem: 14383
Test:  [ 600/4000]  eta: 0:09:35  inter: 8648.0000 (21162.7775)  union: 30314.0000 (40626.1562)  iou: 0.5886 (0.5137)  time: 0.1445  data: 0.0016  max mem: 14383
Test:  [ 650/4000]  eta: 0:09:19  inter: 21988.0000 (21516.6232)  union: 40577.0000 (41049.2331)  iou: 0.5440 (0.5122)  time: 0.1397  data: 0.0023  max mem: 14383
Test:  [ 700/4000]  eta: 0:09:05  inter: 13558.0000 (21133.9887)  union: 28943.0000 (40741.7864)  iou: 0.2497 (0.5051)  time: 0.1431  data: 0.0089  max mem: 14383
Test:  [ 750/4000]  eta: 0:08:53  inter: 22351.0000 (21034.3758)  union: 30217.0000 (40640.9286)  iou: 0.7243 (0.5078)  time: 0.1476  data: 0.0040  max mem: 14383
Test:  [ 800/4000]  eta: 0:08:40  inter: 11379.0000 (20861.2545)  union: 43884.0000 (40300.8464)  iou: 0.4818 (0.5092)  time: 0.1453  data: 0.0012  max mem: 14383
Test:  [ 850/4000]  eta: 0:08:29  inter: 20258.0000 (21051.3188)  union: 36101.0000 (40288.2577)  iou: 0.6617 (0.5123)  time: 0.1414  data: 0.0045  max mem: 14383
Test:  [ 900/4000]  eta: 0:08:18  inter: 5840.0000 (20927.2071)  union: 27630.0000 (40485.3115)  iou: 0.4424 (0.5076)  time: 0.1437  data: 0.0026  max mem: 14383
Test:  [ 950/4000]  eta: 0:08:08  inter: 23797.0000 (20887.6392)  union: 31810.0000 (40597.2633)  iou: 0.4424 (0.5063)  time: 0.1464  data: 0.0044  max mem: 14383
Test:  [1000/4000]  eta: 0:07:58  inter: 19772.0000 (21197.1896)  union: 37437.0000 (40769.3008)  iou: 0.7061 (0.5079)  time: 0.1403  data: 0.0019  max mem: 14383
Test:  [1050/4000]  eta: 0:07:47  inter: 20094.0000 (21203.4245)  union: 35927.0000 (40785.8313)  iou: 0.5449 (0.5080)  time: 0.1460  data: 0.0031  max mem: 14383
Test:  [1100/4000]  eta: 0:07:37  inter: 16786.0000 (21076.4408)  union: 28378.0000 (40559.0312)  iou: 0.6148 (0.5084)  time: 0.1425  data: 0.0024  max mem: 14383
Test:  [1150/4000]  eta: 0:07:28  inter: 10244.0000 (21216.6507)  union: 24244.0000 (40504.1452)  iou: 0.4214 (0.5116)  time: 0.1451  data: 0.0032  max mem: 14383
Test:  [1200/4000]  eta: 0:07:18  inter: 11018.0000 (21132.8341)  union: 30496.0000 (40781.2176)  iou: 0.3748 (0.5087)  time: 0.1429  data: 0.0044  max mem: 14383
Test:  [1250/4000]  eta: 0:07:10  inter: 5084.0000 (21005.3339)  union: 31672.0000 (40544.4469)  iou: 0.0535 (0.5078)  time: 0.1465  data: 0.0022  max mem: 14383
Test:  [1300/4000]  eta: 0:07:00  inter: 6797.0000 (20818.4118)  union: 34617.0000 (40337.4522)  iou: 0.1972 (0.5083)  time: 0.1448  data: 0.0037  max mem: 14383
Test:  [1350/4000]  eta: 0:06:52  inter: 18168.0000 (20798.2489)  union: 37016.0000 (40293.1842)  iou: 0.5548 (0.5094)  time: 0.1476  data: 0.0027  max mem: 14383
Test:  [1400/4000]  eta: 0:06:43  inter: 9821.0000 (20830.5374)  union: 12236.0000 (40479.0602)  iou: 0.4424 (0.5062)  time: 0.1438  data: 0.0021  max mem: 14383
Test:  [1450/4000]  eta: 0:06:34  inter: 13765.0000 (20790.7384)  union: 34740.0000 (40421.1447)  iou: 0.3974 (0.5061)  time: 0.1426  data: 0.0043  max mem: 14383
Test:  [1500/4000]  eta: 0:06:25  inter: 17718.0000 (20855.0421)  union: 47171.0000 (40573.9546)  iou: 0.3675 (0.5048)  time: 0.1455  data: 0.0024  max mem: 14383
Test:  [1550/4000]  eta: 0:06:17  inter: 10932.0000 (20754.8203)  union: 27169.0000 (40446.8025)  iou: 0.7477 (0.5056)  time: 0.1511  data: 0.0032  max mem: 14383
Test:  [1600/4000]  eta: 0:06:14  inter: 10906.0000 (20646.1595)  union: 25388.0000 (40434.4985)  iou: 0.4124 (0.5028)  time: 0.3373  data: 0.0071  max mem: 14383
Test:  [1650/4000]  eta: 0:06:06  inter: 16008.0000 (20556.3589)  union: 34330.0000 (40430.6342)  iou: 0.4254 (0.5015)  time: 0.1457  data: 0.0051  max mem: 14383
Test:  [1700/4000]  eta: 0:05:57  inter: 15570.0000 (20498.5590)  union: 36232.0000 (40449.3196)  iou: 0.4585 (0.5000)  time: 0.1462  data: 0.0073  max mem: 14383
Test:  [1750/4000]  eta: 0:05:49  inter: 18256.0000 (20450.0660)  union: 32388.0000 (40408.4526)  iou: 0.5058 (0.4992)  time: 0.1494  data: 0.0019  max mem: 14383
Test:  [1800/4000]  eta: 0:05:41  inter: 14852.0000 (20357.0416)  union: 34699.0000 (40270.9038)  iou: 0.2977 (0.4988)  time: 0.1516  data: 0.0030  max mem: 14383
Test:  [1850/4000]  eta: 0:05:32  inter: 1690.0000 (20330.4027)  union: 33724.0000 (40324.2981)  iou: 0.2144 (0.4972)  time: 0.1459  data: 0.0029  max mem: 14383
Test:  [1900/4000]  eta: 0:05:24  inter: 34140.0000 (20322.6761)  union: 54710.0000 (40232.5550)  iou: 0.5888 (0.4985)  time: 0.1465  data: 0.0042  max mem: 14383
Test:  [1950/4000]  eta: 0:05:16  inter: 12219.0000 (20271.3647)  union: 19202.0000 (40225.0960)  iou: 0.5430 (0.4982)  time: 0.1447  data: 0.0024  max mem: 14383
Test:  [2000/4000]  eta: 0:05:08  inter: 15345.0000 (20298.4596)  union: 22686.0000 (40179.6176)  iou: 0.6813 (0.4993)  time: 0.1410  data: 0.0014  max mem: 14383
Test:  [2050/4000]  eta: 0:05:00  inter: 6439.0000 (20183.6937)  union: 53493.0000 (40264.5083)  iou: 0.1958 (0.4975)  time: 0.1525  data: 0.0030  max mem: 14383
Test:  [2100/4000]  eta: 0:04:51  inter: 15050.0000 (20161.8648)  union: 32255.0000 (40259.2114)  iou: 0.5952 (0.4975)  time: 0.1417  data: 0.0040  max mem: 14383
Test:  [2150/4000]  eta: 0:04:43  inter: 16503.0000 (20153.2753)  union: 30250.0000 (40302.7514)  iou: 0.5123 (0.4968)  time: 0.1403  data: 0.0069  max mem: 14383
Test:  [2200/4000]  eta: 0:04:35  inter: 12814.0000 (20113.4968)  union: 21168.0000 (40223.3775)  iou: 0.5674 (0.4971)  time: 0.1427  data: 0.0036  max mem: 14383
Test:  [2250/4000]  eta: 0:04:27  inter: 9074.0000 (20046.1916)  union: 37464.0000 (40056.7933)  iou: 0.5004 (0.4963)  time: 0.1414  data: 0.0015  max mem: 14383
Test:  [2300/4000]  eta: 0:04:19  inter: 21893.0000 (20150.4284)  union: 37374.0000 (40056.7442)  iou: 0.5530 (0.4988)  time: 0.1433  data: 0.0023  max mem: 14383
Test:  [2350/4000]  eta: 0:04:11  inter: 14632.0000 (20087.5173)  union: 50304.0000 (40007.0403)  iou: 0.5325 (0.4985)  time: 0.1474  data: 0.0020  max mem: 14383
Test:  [2400/4000]  eta: 0:04:04  inter: 14162.0000 (20148.5047)  union: 33516.0000 (39993.9325)  iou: 0.4127 (0.4991)  time: 0.1478  data: 0.0045  max mem: 14383
Test:  [2450/4000]  eta: 0:03:56  inter: 25567.0000 (20233.3992)  union: 32493.0000 (40036.6722)  iou: 0.6728 (0.5004)  time: 0.1401  data: 0.0062  max mem: 14383
Test:  [2500/4000]  eta: 0:03:48  inter: 19311.0000 (20158.7941)  union: 38405.0000 (40068.3133)  iou: 0.4815 (0.4989)  time: 0.1459  data: 0.0062  max mem: 14383
Test:  [2550/4000]  eta: 0:03:40  inter: 23360.0000 (20249.2302)  union: 35993.0000 (40236.3958)  iou: 0.7048 (0.4990)  time: 0.1523  data: 0.0029  max mem: 14383
Test:  [2600/4000]  eta: 0:03:32  inter: 11387.0000 (20184.2754)  union: 33118.0000 (40187.0041)  iou: 0.2677 (0.4981)  time: 0.1474  data: 0.0043  max mem: 14383
Test:  [2650/4000]  eta: 0:03:25  inter: 9210.0000 (20172.6195)  union: 34557.0000 (40354.5698)  iou: 0.5047 (0.4972)  time: 0.1493  data: 0.0050  max mem: 14383
Test:  [2700/4000]  eta: 0:03:17  inter: 19851.0000 (20255.3432)  union: 29952.0000 (40445.6195)  iou: 0.6522 (0.4981)  time: 0.1472  data: 0.0049  max mem: 14383
Test:  [2750/4000]  eta: 0:03:09  inter: 22041.0000 (20289.8949)  union: 29414.0000 (40569.6172)  iou: 0.4756 (0.4976)  time: 0.1415  data: 0.0007  max mem: 14383
Test:  [2800/4000]  eta: 0:03:01  inter: 14027.0000 (20294.6731)  union: 26453.0000 (40463.9434)  iou: 0.6031 (0.4983)  time: 0.1480  data: 0.0014  max mem: 14383
Test:  [2850/4000]  eta: 0:02:54  inter: 12153.0000 (20427.3883)  union: 32698.0000 (40566.3539)  iou: 0.3141 (0.4979)  time: 0.1419  data: 0.0042  max mem: 14383
Test:  [2900/4000]  eta: 0:02:46  inter: 14027.0000 (20426.8228)  union: 27805.0000 (40621.7188)  iou: 0.5287 (0.4972)  time: 0.1434  data: 0.0026  max mem: 14383
Test:  [2950/4000]  eta: 0:02:38  inter: 17702.0000 (20461.0356)  union: 26208.0000 (40630.2837)  iou: 0.4073 (0.4978)  time: 0.1457  data: 0.0048  max mem: 14383
Test:  [3000/4000]  eta: 0:02:31  inter: 9973.0000 (20442.7568)  union: 32131.0000 (40600.4661)  iou: 0.4683 (0.4974)  time: 0.1466  data: 0.0009  max mem: 14383
Test:  [3050/4000]  eta: 0:02:23  inter: 13303.0000 (20410.2023)  union: 30283.0000 (40650.6656)  iou: 0.4427 (0.4973)  time: 0.1426  data: 0.0039  max mem: 14383
Test:  [3100/4000]  eta: 0:02:15  inter: 17688.0000 (20399.0359)  union: 44669.0000 (40614.1136)  iou: 0.3365 (0.4978)  time: 0.1464  data: 0.0024  max mem: 14383
Test:  [3150/4000]  eta: 0:02:08  inter: 12079.0000 (20335.1667)  union: 22362.0000 (40498.2089)  iou: 0.4415 (0.4981)  time: 0.1457  data: 0.0040  max mem: 14383
Test:  [3200/4000]  eta: 0:02:00  inter: 8203.0000 (20363.9352)  union: 34829.0000 (40541.1516)  iou: 0.4161 (0.4986)  time: 0.1448  data: 0.0072  max mem: 14383
Test:  [3250/4000]  eta: 0:01:53  inter: 10298.0000 (20302.7471)  union: 26153.0000 (40484.0129)  iou: 0.4892 (0.4970)  time: 0.1426  data: 0.0041  max mem: 14383
Test:  [3300/4000]  eta: 0:01:45  inter: 23682.0000 (20360.9174)  union: 44157.0000 (40565.0876)  iou: 0.4689 (0.4963)  time: 0.1523  data: 0.0060  max mem: 14383
Test:  [3350/4000]  eta: 0:01:37  inter: 9114.0000 (20359.6791)  union: 12706.0000 (40583.2341)  iou: 0.5407 (0.4967)  time: 0.1443  data: 0.0046  max mem: 14383
Test:  [3400/4000]  eta: 0:01:30  inter: 23200.0000 (20450.4794)  union: 40335.0000 (40654.7663)  iou: 0.7592 (0.4976)  time: 0.1449  data: 0.0037  max mem: 14383
Test:  [3450/4000]  eta: 0:01:22  inter: 14541.0000 (20444.3806)  union: 28346.0000 (40663.4318)  iou: 0.4548 (0.4976)  time: 0.1429  data: 0.0019  max mem: 14383
Test:  [3500/4000]  eta: 0:01:15  inter: 11912.0000 (20438.4815)  union: 21590.0000 (40578.9931)  iou: 0.3737 (0.4981)  time: 0.1392  data: 0.0045  max mem: 14383
Test:  [3550/4000]  eta: 0:01:07  inter: 16033.0000 (20444.7946)  union: 37064.0000 (40571.3478)  iou: 0.6044 (0.4976)  time: 0.1404  data: 0.0043  max mem: 14383
Test:  [3600/4000]  eta: 0:01:00  inter: 19718.0000 (20391.2320)  union: 33968.0000 (40540.1884)  iou: 0.3805 (0.4965)  time: 0.1463  data: 0.0041  max mem: 14383
Test:  [3650/4000]  eta: 0:00:52  inter: 14216.0000 (20354.2569)  union: 40063.0000 (40531.0939)  iou: 0.4429 (0.4958)  time: 0.1467  data: 0.0028  max mem: 14383
Test:  [3700/4000]  eta: 0:00:45  inter: 19526.0000 (20460.5715)  union: 36374.0000 (40572.9153)  iou: 0.6734 (0.4969)  time: 0.1445  data: 0.0040  max mem: 14383
Test:  [3750/4000]  eta: 0:00:37  inter: 20930.0000 (20498.5663)  union: 42683.0000 (40594.9754)  iou: 0.5508 (0.4980)  time: 0.1401  data: 0.0033  max mem: 14383
Test:  [3800/4000]  eta: 0:00:29  inter: 19252.0000 (20541.0301)  union: 29632.0000 (40585.8424)  iou: 0.4614 (0.4984)  time: 0.1419  data: 0.0009  max mem: 14383
Test:  [3850/4000]  eta: 0:00:22  inter: 19293.0000 (20526.7456)  union: 34202.0000 (40619.1545)  iou: 0.7141 (0.4984)  time: 0.1441  data: 0.0025  max mem: 14383
Test:  [3900/4000]  eta: 0:00:14  inter: 15016.0000 (20520.6463)  union: 31235.0000 (40688.6110)  iou: 0.4170 (0.4976)  time: 0.1467  data: 0.0026  max mem: 14383
Test:  [3950/4000]  eta: 0:00:07  inter: 15906.0000 (20502.6141)  union: 32322.0000 (40631.8702)  iou: 0.5783 (0.4980)  time: 0.1461  data: 0.0043  max mem: 14383
Test:  [3999/4000]  eta: 0:00:00  inter: 14370.0000 (20470.0218)  union: 34491.0000 (40557.2174)  iou: 0.4069 (0.4988)  time: 0.1327  data: 0.0006  max mem: 14383
Test: Total time: 0:09:59 (0.1499 s / it)
* IoU 0.499 oIoU 0.505
IoU of the network on the 4000 test images: 0.5%
Max IoU: 0.50%
Training time 0:31:53
