Architecture:                       x86_64
CPU op-mode(s):                     32-bit, 64-bit
Address sizes:                      52 bits physical, 57 bits virtual
Byte Order:                         Little Endian
CPU(s):                             36
On-line CPU(s) list:                0-35
Vendor ID:                          GenuineIntel
Model name:                         Intel(R) Xeon(R) Gold 6354 CPU @ 3.00GHz
CPU family:                         6
Model:                              106
Thread(s) per core:                 1
Core(s) per socket:                 18
Socket(s):                          2
Stepping:                           6
CPU max MHz:                        3600.0000
CPU min MHz:                        800.0000
BogoMIPS:                           6000.00
Flags:                              fpu vme de pse tsc msr pae mce cx8 apic sep mtrr pge mca cmov pat pse36 clflush dts acpi mmx fxsr sse sse2 ss ht tm pbe syscall nx pdpe1gb rdtscp lm constant_tsc art arch_perfmon pebs bts rep_good nopl xtopology nonstop_tsc cpuid aperfmperf pni pclmulqdq dtes64 monitor ds_cpl vmx smx est tm2 ssse3 sdbg fma cx16 xtpr pdcm pcid dca sse4_1 sse4_2 x2apic movbe popcnt tsc_deadline_timer aes xsave avx f16c rdrand lahf_lm abm 3dnowprefetch cpuid_fault epb cat_l3 invpcid_single ssbd mba ibrs ibpb stibp ibrs_enhanced tpr_shadow flexpriority ept vpid ept_ad fsgsbase tsc_adjust bmi1 avx2 smep bmi2 erms invpcid cqm rdt_a avx512f avx512dq rdseed adx smap avx512ifma clflushopt clwb intel_pt avx512cd sha_ni avx512bw avx512vl xsaveopt xsavec xgetbv1 xsaves cqm_llc cqm_occup_llc cqm_mbm_total cqm_mbm_local split_lock_detect wbnoinvd dtherm ida arat pln pts vnmi avx512vbmi umip pku ospke avx512_vbmi2 gfni vaes vpclmulqdq avx512_vnni avx512_bitalg tme avx512_vpopcntdq la57 rdpid fsrm md_clear pconfig flush_l1d arch_capabilities
Virtualization:                     VT-x
L1d cache:                          1.7 MiB (36 instances)
L1i cache:                          1.1 MiB (36 instances)
L2 cache:                           45 MiB (36 instances)
L3 cache:                           78 MiB (2 instances)
NUMA node(s):                       2
NUMA node0 CPU(s):                  0-17
NUMA node1 CPU(s):                  18-35
Vulnerability Gather data sampling: Mitigation; Microcode
Vulnerability Itlb multihit:        Not affected
Vulnerability L1tf:                 Not affected
Vulnerability Mds:                  Not affected
Vulnerability Meltdown:             Not affected
Vulnerability Mmio stale data:      Mitigation; Clear CPU buffers; SMT disabled
Vulnerability Retbleed:             Not affected
Vulnerability Spec rstack overflow: Not affected
Vulnerability Spec store bypass:    Mitigation; Speculative Store Bypass disabled via prctl
Vulnerability Spectre v1:           Mitigation; usercopy/swapgs barriers and __user pointer sanitization
Vulnerability Spectre v2:           Mitigation; Enhanced / Automatic IBRS, IBPB conditional, RSB filling, PBRSB-eIBRS SW sequence
Vulnerability Srbds:                Not affected
Vulnerability Tsx async abort:      Not affected
Mon Apr 21 17:20:08 2025       
+---------------------------------------------------------------------------------------+
| NVIDIA-SMI 545.23.08              Driver Version: 545.23.08    CUDA Version: 12.3     |
|-----------------------------------------+----------------------+----------------------+
| GPU  Name                 Persistence-M | Bus-Id        Disp.A | Volatile Uncorr. ECC |
| Fan  Temp   Perf          Pwr:Usage/Cap |         Memory-Usage | GPU-Util  Compute M. |
|                                         |                      |               MIG M. |
|=========================================+======================+======================|
|   0  NVIDIA L40                     On  | 00000000:56:00.0 Off |                    0 |
| N/A   36C    P0              57W / 300W |      4MiB / 46068MiB |      0%      Default |
|                                         |                      |                  N/A |
+-----------------------------------------+----------------------+----------------------+
|   1  NVIDIA L40                     On  | 00000000:57:00.0 Off |                    0 |
| N/A   37C    P0              61W / 300W |      4MiB / 46068MiB |      0%      Default |
|                                         |                      |                  N/A |
+-----------------------------------------+----------------------+----------------------+
                                                                                         
+---------------------------------------------------------------------------------------+
| Processes:                                                                            |
|  GPU   GI   CI        PID   Type   Process name                            GPU Memory |
|        ID   ID                                                             Usage      |
|=======================================================================================|
|  No running processes found                                                           |
+---------------------------------------------------------------------------------------+
/home/akula.ha/.conda/envs/refseg/lib/python3.10/site-packages/torch/distributed/launch.py:181: FutureWarning: The module torch.distributed.launch is deprecated
and will be removed in future. Use torchrun.
Note that --use-env is set by default in torchrun.
If your script expects `--local-rank` argument to be set, please
change it to read from `os.environ['LOCAL_RANK']` instead. See 
https://pytorch.org/docs/stable/distributed.html#launch-utility for 
further instructions

  warnings.warn(
[2025-04-21 17:20:12,215] torch.distributed.run: [WARNING] 
[2025-04-21 17:20:12,215] torch.distributed.run: [WARNING] *****************************************
[2025-04-21 17:20:12,215] torch.distributed.run: [WARNING] Setting OMP_NUM_THREADS environment variable for each process to be 1 in default, to avoid your system being overloaded, please further tune the variable for optimal performance in your application as needed. 
[2025-04-21 17:20:12,215] torch.distributed.run: [WARNING] *****************************************
| distributed init (rank 0): env://
| distributed init (rank 1): env://
Namespace(batch_size=14, epochs=50, model='ReMamber_Conv', pretrain_path='./pretrain', input_size=480, drop=0.0, drop_path=0.1, model_ema=False, model_ema_decay=0.9999, model_ema_force_cpu=False, opt='adamw', opt_eps=1e-08, opt_betas=None, clip_grad=None, momentum=0.9, weight_decay=0.0001, sched='cosine', lr=4.41e-06, lr_decoder=4.41e-06, lr_backbone=2.34e-06, lr_vssm=2.34e-06, warmup_lr=1e-06, min_lr=3e-07, decay_epochs=13.0, warmup_epochs=2, cooldown_epochs=10, patience_epochs=10, decay_rate=0.1, train_mode=True, finetune='pretrain/ReMamber_Conv.pth', data_path='./ref_dataset/data', data_set='refzom', output_dir='./l_outputs', device='cuda', seed=0, resume='l_outputs/ReMamber_Conv_dec_only/checkpoint_model:d8c18fd3.pth', start_epoch=0, eval=False, dist_eval=False, num_workers=8, pin_mem=True, distributed=True, world_size=2, dist_url='env://', if_amp=True, debug_mode=False, local_rank=0, model_title='model', logging='model', decoder_adapter=False, continue_lr=None, partial_freeze=False, single_epoch=True, lite_baseline=False, dec_only=True, rank=0, gpu=0, dist_backend='nccl')
True val
./ref_dataset/data refzom zom
loading dataset refzom into memory...
creating index...
index created.
DONE (t=15.00s)
Preparing dataset ......
False val
./ref_dataset/data refzom zom
loading dataset refzom into memory...
creating index...
/home/akula.ha/.conda/envs/refseg/lib/python3.10/site-packages/torch/utils/data/dataloader.py:557: UserWarning: This DataLoader will create 8 worker processes in total. Our suggested max number of worker in current system is 1, which is smaller than what this DataLoader is going to create. Please be aware that excessive worker creation might get DataLoader running slow or even freeze, lower the worker number to avoid potential slowness/freeze if necessary.
  warnings.warn(_create_warning_msg(
index created.
DONE (t=14.89s)
Preparing dataset ......
length of train set: 57624
length of val set: 15406
/home/akula.ha/.conda/envs/refseg/lib/python3.10/site-packages/torch/utils/data/dataloader.py:557: UserWarning: This DataLoader will create 8 worker processes in total. Our suggested max number of worker in current system is 1, which is smaller than what this DataLoader is going to create. Please be aware that excessive worker creation might get DataLoader running slow or even freeze, lower the worker number to avoid potential slowness/freeze if necessary.
  warnings.warn(_create_warning_msg(
Creating model: ReMamber_Conv
kwargs {}
number of params: 9484545
Loaded checkpoint from 'l_outputs/ReMamber_Conv_dec_only/checkpoint_model:d8c18fd3.pth'
Continuing training from epoch 5...
Model id is - model:8545e07d
length of train set: 57624
length of val set: 3800
Start training for 50 epochs
Learning rate: 4.41e-06
{'optimizer': AdamW (
Parameter Group 0
    amsgrad: False
    betas: (0.9, 0.999)
    capturable: False
    differentiable: False
    eps: 1e-08
    foreach: None
    fused: None
    initial_lr: 3.3e-05
    lr: 4.41e-06
    maximize: False
    weight_decay: 0.0001

Parameter Group 1
    amsgrad: False
    betas: (0.9, 0.999)
    capturable: False
    differentiable: False
    eps: 1e-08
    foreach: None
    fused: None
    initial_lr: 3.3e-05
    lr: 4.41e-06
    maximize: False
    weight_decay: 0.0001

Parameter Group 2
    amsgrad: False
    betas: (0.9, 0.999)
    capturable: False
    differentiable: False
    eps: 1e-08
    foreach: None
    fused: None
    initial_lr: 1.65e-05
    lr: 2.34e-06
    maximize: False
    weight_decay: 0.0001

Parameter Group 3
    amsgrad: False
    betas: (0.9, 0.999)
    capturable: False
    differentiable: False
    eps: 1e-08
    foreach: None
    fused: None
    initial_lr: 1.65e-05
    lr: 2.34e-06
    maximize: False
    weight_decay: 0.0001
), 'param_group_field': 'lr', '_initial_param_group_field': 'initial_lr', 'base_values': [4.41e-06, 4.41e-06, 2.34e-06, 2.34e-06], 'metric': None, 'noise_range_t': None, 'noise_pct': 0.67, 'noise_type': 'normal', 'noise_std': 1.0, 'noise_seed': 0, 't_initial': 50, 't_mul': 1.0, 'lr_min': 3e-07, 'decay_rate': 0.1, 'cycle_limit': 1, 'warmup_t': 2, 'warmup_lr_init': 1e-06, 'warmup_prefix': False, 't_in_epochs': True, 'warmup_steps': [1.7050000000000002e-06, 1.7050000000000002e-06, 6.7e-07, 6.7e-07]}
/home/akula.ha/.conda/envs/refseg/lib/python3.10/site-packages/torch/autograd/__init__.py:251: UserWarning: Grad strides do not match bucket view strides. This may indicate grad was not created according to the gradient layout contract, or that the param's strides changed since DDP was constructed.  This is not an error, but may impair performance.
grad.sizes() = [512, 768, 1, 1], strides() = [768, 1, 768, 768]
bucket_view.sizes() = [512, 768, 1, 1], strides() = [768, 1, 1, 1] (Triggered internally at ../torch/csrc/distributed/c10d/reducer.cpp:320.)
  Variable._execution_engine.run_backward(  # Calls into the C++ engine to run the backward pass
/home/akula.ha/.conda/envs/refseg/lib/python3.10/site-packages/torch/autograd/__init__.py:251: UserWarning: Grad strides do not match bucket view strides. This may indicate grad was not created according to the gradient layout contract, or that the param's strides changed since DDP was constructed.  This is not an error, but may impair performance.
grad.sizes() = [512, 768, 1, 1], strides() = [768, 1, 768, 768]
bucket_view.sizes() = [512, 768, 1, 1], strides() = [768, 1, 1, 1] (Triggered internally at ../torch/csrc/distributed/c10d/reducer.cpp:320.)
  Variable._execution_engine.run_backward(  # Calls into the C++ engine to run the backward pass
Epoch: [5]  [   0/2058]  eta: 14:36:24  lr: 0.000004  train_loss: 0.2920 (0.2920)  train_iou: 0.6116 (0.6116)  time: 25.5515  data: 11.8132  max mem: 14459
Epoch: [5]  [  20/2058]  eta: 1:05:06  lr: 0.000004  train_loss: 0.3597 (0.3713)  train_iou: 0.6501 (0.6538)  time: 0.7350  data: 0.0096  max mem: 14459
Epoch: [5]  [  40/2058]  eta: 0:45:10  lr: 0.000004  train_loss: 0.3666 (0.3773)  train_iou: 0.6455 (0.6491)  time: 0.7405  data: 0.0076  max mem: 14459
Epoch: [5]  [  60/2058]  eta: 0:38:09  lr: 0.000004  train_loss: 0.3233 (0.3734)  train_iou: 0.6613 (0.6446)  time: 0.7414  data: 0.0140  max mem: 14459
Epoch: [5]  [  80/2058]  eta: 0:34:33  lr: 0.000004  train_loss: 0.2963 (0.3597)  train_iou: 0.6682 (0.6463)  time: 0.7510  data: 0.0155  max mem: 14459
Epoch: [5]  [ 100/2058]  eta: 0:32:15  lr: 0.000004  train_loss: 0.2892 (0.3508)  train_iou: 0.6408 (0.6498)  time: 0.7476  data: 0.0111  max mem: 14459
Epoch: [5]  [ 120/2058]  eta: 0:30:35  lr: 0.000004  train_loss: 0.3602 (0.3538)  train_iou: 0.6090 (0.6438)  time: 0.7360  data: 0.0114  max mem: 14459
Epoch: [5]  [ 140/2058]  eta: 0:29:20  lr: 0.000004  train_loss: 0.3053 (0.3494)  train_iou: 0.6999 (0.6493)  time: 0.7412  data: 0.0146  max mem: 14459
Epoch: [5]  [ 160/2058]  eta: 0:28:19  lr: 0.000004  train_loss: 0.2857 (0.3409)  train_iou: 0.6357 (0.6500)  time: 0.7384  data: 0.0104  max mem: 14459
Epoch: [5]  [ 180/2058]  eta: 0:27:30  lr: 0.000004  train_loss: 0.2922 (0.3363)  train_iou: 0.6345 (0.6501)  time: 0.7435  data: 0.0091  max mem: 14459
Epoch: [5]  [ 200/2058]  eta: 0:26:47  lr: 0.000004  train_loss: 0.3372 (0.3344)  train_iou: 0.6443 (0.6497)  time: 0.7455  data: 0.0197  max mem: 14459
Epoch: [5]  [ 220/2058]  eta: 0:26:12  lr: 0.000004  train_loss: 0.3458 (0.3361)  train_iou: 0.6181 (0.6478)  time: 0.7539  data: 0.0155  max mem: 14459
Epoch: [5]  [ 240/2058]  eta: 0:25:38  lr: 0.000004  train_loss: 0.2599 (0.3341)  train_iou: 0.6342 (0.6478)  time: 0.7427  data: 0.0136  max mem: 14459
Epoch: [5]  [ 260/2058]  eta: 0:25:07  lr: 0.000004  train_loss: 0.2951 (0.3360)  train_iou: 0.6320 (0.6479)  time: 0.7451  data: 0.0132  max mem: 14459
Epoch: [5]  [ 280/2058]  eta: 0:24:39  lr: 0.000004  train_loss: 0.3913 (0.3416)  train_iou: 0.6426 (0.6455)  time: 0.7504  data: 0.0179  max mem: 14459
Epoch: [5]  [ 300/2058]  eta: 0:24:12  lr: 0.000004  train_loss: 0.3475 (0.3423)  train_iou: 0.7044 (0.6473)  time: 0.7456  data: 0.0100  max mem: 14459
Epoch: [5]  [ 320/2058]  eta: 0:23:47  lr: 0.000004  train_loss: 0.3281 (0.3439)  train_iou: 0.6213 (0.6459)  time: 0.7457  data: 0.0080  max mem: 14459
Epoch: [5]  [ 340/2058]  eta: 0:23:24  lr: 0.000004  train_loss: 0.3314 (0.3452)  train_iou: 0.6229 (0.6452)  time: 0.7563  data: 0.0111  max mem: 14459
Epoch: [5]  [ 360/2058]  eta: 0:23:01  lr: 0.000004  train_loss: 0.3509 (0.3470)  train_iou: 0.6331 (0.6446)  time: 0.7489  data: 0.0153  max mem: 14459
Epoch: [5]  [ 380/2058]  eta: 0:22:39  lr: 0.000004  train_loss: 0.3598 (0.3485)  train_iou: 0.6250 (0.6444)  time: 0.7514  data: 0.0183  max mem: 14459
Epoch: [5]  [ 400/2058]  eta: 0:22:18  lr: 0.000004  train_loss: 0.3078 (0.3489)  train_iou: 0.6277 (0.6439)  time: 0.7530  data: 0.0098  max mem: 14459
Epoch: [5]  [ 420/2058]  eta: 0:21:58  lr: 0.000004  train_loss: 0.3399 (0.3489)  train_iou: 0.6211 (0.6428)  time: 0.7475  data: 0.0147  max mem: 14459
Epoch: [5]  [ 440/2058]  eta: 0:21:37  lr: 0.000004  train_loss: 0.3046 (0.3490)  train_iou: 0.6290 (0.6418)  time: 0.7418  data: 0.0119  max mem: 14459
Epoch: [5]  [ 460/2058]  eta: 0:21:16  lr: 0.000004  train_loss: 0.2836 (0.3483)  train_iou: 0.6456 (0.6411)  time: 0.7379  data: 0.0074  max mem: 14459
Epoch: [5]  [ 480/2058]  eta: 0:20:57  lr: 0.000004  train_loss: 0.3269 (0.3482)  train_iou: 0.6504 (0.6411)  time: 0.7415  data: 0.0082  max mem: 14459
Epoch: [5]  [ 500/2058]  eta: 0:20:37  lr: 0.000004  train_loss: 0.2877 (0.3463)  train_iou: 0.6923 (0.6423)  time: 0.7371  data: 0.0097  max mem: 14459
Epoch: [5]  [ 520/2058]  eta: 0:20:18  lr: 0.000004  train_loss: 0.3261 (0.3467)  train_iou: 0.6119 (0.6427)  time: 0.7431  data: 0.0081  max mem: 14459
Epoch: [5]  [ 540/2058]  eta: 0:20:00  lr: 0.000004  train_loss: 0.2877 (0.3458)  train_iou: 0.6341 (0.6421)  time: 0.7452  data: 0.0106  max mem: 14459
Epoch: [5]  [ 560/2058]  eta: 0:19:41  lr: 0.000004  train_loss: 0.3194 (0.3464)  train_iou: 0.6165 (0.6418)  time: 0.7474  data: 0.0100  max mem: 14459
Epoch: [5]  [ 580/2058]  eta: 0:19:23  lr: 0.000004  train_loss: 0.3084 (0.3460)  train_iou: 0.6397 (0.6419)  time: 0.7435  data: 0.0096  max mem: 14459
Epoch: [5]  [ 600/2058]  eta: 0:19:05  lr: 0.000004  train_loss: 0.3600 (0.3461)  train_iou: 0.6094 (0.6416)  time: 0.7419  data: 0.0090  max mem: 14459
Epoch: [5]  [ 620/2058]  eta: 0:18:48  lr: 0.000004  train_loss: 0.3309 (0.3471)  train_iou: 0.6347 (0.6412)  time: 0.7426  data: 0.0080  max mem: 14459
Epoch: [5]  [ 640/2058]  eta: 0:18:30  lr: 0.000004  train_loss: 0.3182 (0.3468)  train_iou: 0.6615 (0.6417)  time: 0.7467  data: 0.0065  max mem: 14459
Epoch: [5]  [ 660/2058]  eta: 0:18:13  lr: 0.000004  train_loss: 0.3582 (0.3477)  train_iou: 0.6366 (0.6405)  time: 0.7484  data: 0.0067  max mem: 14459
Epoch: [5]  [ 680/2058]  eta: 0:17:56  lr: 0.000004  train_loss: 0.3409 (0.3482)  train_iou: 0.6359 (0.6411)  time: 0.7451  data: 0.0109  max mem: 14459
Epoch: [5]  [ 700/2058]  eta: 0:17:39  lr: 0.000004  train_loss: 0.3323 (0.3481)  train_iou: 0.6364 (0.6408)  time: 0.7503  data: 0.0090  max mem: 14459
Epoch: [5]  [ 720/2058]  eta: 0:17:22  lr: 0.000004  train_loss: 0.3219 (0.3469)  train_iou: 0.6633 (0.6416)  time: 0.7432  data: 0.0093  max mem: 14459
Epoch: [5]  [ 740/2058]  eta: 0:17:06  lr: 0.000004  train_loss: 0.3072 (0.3470)  train_iou: 0.6659 (0.6420)  time: 0.7498  data: 0.0124  max mem: 14459
Epoch: [5]  [ 760/2058]  eta: 0:16:49  lr: 0.000004  train_loss: 0.3777 (0.3478)  train_iou: 0.6167 (0.6414)  time: 0.7427  data: 0.0090  max mem: 14459
Epoch: [5]  [ 780/2058]  eta: 0:16:32  lr: 0.000004  train_loss: 0.3536 (0.3484)  train_iou: 0.6321 (0.6413)  time: 0.7394  data: 0.0083  max mem: 14459
Epoch: [5]  [ 800/2058]  eta: 0:16:16  lr: 0.000004  train_loss: 0.3178 (0.3475)  train_iou: 0.6454 (0.6417)  time: 0.7465  data: 0.0079  max mem: 14459
Epoch: [5]  [ 820/2058]  eta: 0:15:59  lr: 0.000004  train_loss: 0.3333 (0.3480)  train_iou: 0.5997 (0.6406)  time: 0.7420  data: 0.0101  max mem: 14459
Epoch: [5]  [ 840/2058]  eta: 0:15:43  lr: 0.000004  train_loss: 0.3035 (0.3474)  train_iou: 0.6507 (0.6405)  time: 0.7439  data: 0.0096  max mem: 14459
Epoch: [5]  [ 860/2058]  eta: 0:15:26  lr: 0.000004  train_loss: 0.3467 (0.3475)  train_iou: 0.6958 (0.6417)  time: 0.7408  data: 0.0123  max mem: 14459
Epoch: [5]  [ 880/2058]  eta: 0:15:10  lr: 0.000004  train_loss: 0.2553 (0.3469)  train_iou: 0.6453 (0.6416)  time: 0.7402  data: 0.0067  max mem: 14459
Epoch: [5]  [ 900/2058]  eta: 0:14:54  lr: 0.000004  train_loss: 0.3838 (0.3476)  train_iou: 0.5996 (0.6414)  time: 0.7411  data: 0.0092  max mem: 14459
Epoch: [5]  [ 920/2058]  eta: 0:14:37  lr: 0.000004  train_loss: 0.2753 (0.3467)  train_iou: 0.6477 (0.6418)  time: 0.7426  data: 0.0141  max mem: 14459
Epoch: [5]  [ 940/2058]  eta: 0:14:21  lr: 0.000004  train_loss: 0.2869 (0.3464)  train_iou: 0.6592 (0.6423)  time: 0.7419  data: 0.0092  max mem: 14459
Epoch: [5]  [ 960/2058]  eta: 0:14:05  lr: 0.000004  train_loss: 0.3739 (0.3464)  train_iou: 0.6569 (0.6429)  time: 0.7467  data: 0.0088  max mem: 14459
Epoch: [5]  [ 980/2058]  eta: 0:13:49  lr: 0.000004  train_loss: 0.3168 (0.3462)  train_iou: 0.6166 (0.6425)  time: 0.7410  data: 0.0090  max mem: 14459
Epoch: [5]  [1000/2058]  eta: 0:13:33  lr: 0.000004  train_loss: 0.3569 (0.3463)  train_iou: 0.6366 (0.6425)  time: 0.7465  data: 0.0061  max mem: 14459
Epoch: [5]  [1020/2058]  eta: 0:13:17  lr: 0.000004  train_loss: 0.3067 (0.3461)  train_iou: 0.6498 (0.6423)  time: 0.7433  data: 0.0077  max mem: 14459
Epoch: [5]  [1040/2058]  eta: 0:13:01  lr: 0.000004  train_loss: 0.2744 (0.3455)  train_iou: 0.6743 (0.6426)  time: 0.7290  data: 0.0125  max mem: 14459
Epoch: [5]  [1060/2058]  eta: 0:12:45  lr: 0.000004  train_loss: 0.3625 (0.3467)  train_iou: 0.5820 (0.6421)  time: 0.7452  data: 0.0090  max mem: 14459
Epoch: [5]  [1080/2058]  eta: 0:12:30  lr: 0.000004  train_loss: 0.3181 (0.3463)  train_iou: 0.6539 (0.6419)  time: 0.7337  data: 0.0119  max mem: 14459
Epoch: [5]  [1100/2058]  eta: 0:12:14  lr: 0.000004  train_loss: 0.3649 (0.3465)  train_iou: 0.6399 (0.6421)  time: 0.7397  data: 0.0094  max mem: 14459
Epoch: [5]  [1120/2058]  eta: 0:11:58  lr: 0.000004  train_loss: 0.3434 (0.3466)  train_iou: 0.6411 (0.6418)  time: 0.7486  data: 0.0083  max mem: 14459
Epoch: [5]  [1140/2058]  eta: 0:11:42  lr: 0.000004  train_loss: 0.3278 (0.3470)  train_iou: 0.5906 (0.6413)  time: 0.7358  data: 0.0133  max mem: 14459
Epoch: [5]  [1160/2058]  eta: 0:11:27  lr: 0.000004  train_loss: 0.3089 (0.3468)  train_iou: 0.6170 (0.6411)  time: 0.7387  data: 0.0079  max mem: 14459
Epoch: [5]  [1180/2058]  eta: 0:11:11  lr: 0.000004  train_loss: 0.3560 (0.3468)  train_iou: 0.6373 (0.6410)  time: 0.7500  data: 0.0166  max mem: 14459
Epoch: [5]  [1200/2058]  eta: 0:10:55  lr: 0.000004  train_loss: 0.3160 (0.3468)  train_iou: 0.6346 (0.6406)  time: 0.7374  data: 0.0112  max mem: 14459
Epoch: [5]  [1220/2058]  eta: 0:10:40  lr: 0.000004  train_loss: 0.3328 (0.3467)  train_iou: 0.5891 (0.6401)  time: 0.7356  data: 0.0107  max mem: 14459
Epoch: [5]  [1240/2058]  eta: 0:10:24  lr: 0.000004  train_loss: 0.3601 (0.3472)  train_iou: 0.6444 (0.6403)  time: 0.7378  data: 0.0101  max mem: 14459
Epoch: [5]  [1260/2058]  eta: 0:10:08  lr: 0.000004  train_loss: 0.3717 (0.3474)  train_iou: 0.5566 (0.6395)  time: 0.7407  data: 0.0100  max mem: 14459
Epoch: [5]  [1280/2058]  eta: 0:09:53  lr: 0.000004  train_loss: 0.2965 (0.3470)  train_iou: 0.6238 (0.6394)  time: 0.7463  data: 0.0111  max mem: 14459
Epoch: [5]  [1300/2058]  eta: 0:09:38  lr: 0.000004  train_loss: 0.3222 (0.3467)  train_iou: 0.6529 (0.6398)  time: 0.7444  data: 0.0174  max mem: 14459
Epoch: [5]  [1320/2058]  eta: 0:09:22  lr: 0.000004  train_loss: 0.3324 (0.3469)  train_iou: 0.6371 (0.6397)  time: 0.7525  data: 0.0164  max mem: 14459
Epoch: [5]  [1340/2058]  eta: 0:09:07  lr: 0.000004  train_loss: 0.3836 (0.3473)  train_iou: 0.6118 (0.6394)  time: 0.7470  data: 0.0123  max mem: 14459
Epoch: [5]  [1360/2058]  eta: 0:08:51  lr: 0.000004  train_loss: 0.3234 (0.3471)  train_iou: 0.6314 (0.6395)  time: 0.7393  data: 0.0117  max mem: 14459
Epoch: [5]  [1380/2058]  eta: 0:08:36  lr: 0.000004  train_loss: 0.3446 (0.3474)  train_iou: 0.6123 (0.6391)  time: 0.7469  data: 0.0102  max mem: 14459
Epoch: [5]  [1400/2058]  eta: 0:08:20  lr: 0.000004  train_loss: 0.3147 (0.3474)  train_iou: 0.6598 (0.6395)  time: 0.7385  data: 0.0104  max mem: 14459
Epoch: [5]  [1420/2058]  eta: 0:08:05  lr: 0.000004  train_loss: 0.3579 (0.3476)  train_iou: 0.6539 (0.6399)  time: 0.7430  data: 0.0097  max mem: 14459
Epoch: [5]  [1440/2058]  eta: 0:07:50  lr: 0.000004  train_loss: 0.2882 (0.3475)  train_iou: 0.6292 (0.6398)  time: 0.7423  data: 0.0130  max mem: 14459
Epoch: [5]  [1460/2058]  eta: 0:07:34  lr: 0.000004  train_loss: 0.3147 (0.3478)  train_iou: 0.6093 (0.6395)  time: 0.7388  data: 0.0087  max mem: 14459
Epoch: [5]  [1480/2058]  eta: 0:07:19  lr: 0.000004  train_loss: 0.3155 (0.3481)  train_iou: 0.6046 (0.6393)  time: 0.7505  data: 0.0173  max mem: 14459
Epoch: [5]  [1500/2058]  eta: 0:07:04  lr: 0.000004  train_loss: 0.3841 (0.3488)  train_iou: 0.6236 (0.6390)  time: 0.7447  data: 0.0102  max mem: 14459
Epoch: [5]  [1520/2058]  eta: 0:06:48  lr: 0.000004  train_loss: 0.3111 (0.3487)  train_iou: 0.6475 (0.6392)  time: 0.7514  data: 0.0097  max mem: 14459
Epoch: [5]  [1540/2058]  eta: 0:06:33  lr: 0.000004  train_loss: 0.3502 (0.3493)  train_iou: 0.6470 (0.6392)  time: 0.7370  data: 0.0105  max mem: 14459
Epoch: [5]  [1560/2058]  eta: 0:06:18  lr: 0.000004  train_loss: 0.3964 (0.3502)  train_iou: 0.5885 (0.6386)  time: 0.7351  data: 0.0120  max mem: 14459
Epoch: [5]  [1580/2058]  eta: 0:06:02  lr: 0.000004  train_loss: 0.3462 (0.3502)  train_iou: 0.6320 (0.6384)  time: 0.7387  data: 0.0111  max mem: 14459
Epoch: [5]  [1600/2058]  eta: 0:05:47  lr: 0.000004  train_loss: 0.3116 (0.3501)  train_iou: 0.5957 (0.6385)  time: 0.7370  data: 0.0130  max mem: 14459
Epoch: [5]  [1620/2058]  eta: 0:05:32  lr: 0.000004  train_loss: 0.3353 (0.3505)  train_iou: 0.6186 (0.6384)  time: 0.7407  data: 0.0128  max mem: 14459
Epoch: [5]  [1640/2058]  eta: 0:05:17  lr: 0.000004  train_loss: 0.3034 (0.3502)  train_iou: 0.6631 (0.6387)  time: 0.7470  data: 0.0182  max mem: 14459
Epoch: [5]  [1660/2058]  eta: 0:05:01  lr: 0.000004  train_loss: 0.2997 (0.3498)  train_iou: 0.6696 (0.6390)  time: 0.7445  data: 0.0092  max mem: 14459
Epoch: [5]  [1680/2058]  eta: 0:04:46  lr: 0.000004  train_loss: 0.3181 (0.3500)  train_iou: 0.6260 (0.6391)  time: 0.7437  data: 0.0138  max mem: 14459
Epoch: [5]  [1700/2058]  eta: 0:04:31  lr: 0.000004  train_loss: 0.3548 (0.3500)  train_iou: 0.6388 (0.6390)  time: 0.7422  data: 0.0119  max mem: 14459
Epoch: [5]  [1720/2058]  eta: 0:04:16  lr: 0.000004  train_loss: 0.3497 (0.3504)  train_iou: 0.6198 (0.6387)  time: 0.7479  data: 0.0096  max mem: 14459
Epoch: [5]  [1740/2058]  eta: 0:04:00  lr: 0.000004  train_loss: 0.3689 (0.3505)  train_iou: 0.6141 (0.6385)  time: 0.7383  data: 0.0110  max mem: 14459
Epoch: [5]  [1760/2058]  eta: 0:03:45  lr: 0.000004  train_loss: 0.3732 (0.3508)  train_iou: 0.6439 (0.6386)  time: 0.7501  data: 0.0133  max mem: 14459
Epoch: [5]  [1780/2058]  eta: 0:03:30  lr: 0.000004  train_loss: 0.2968 (0.3505)  train_iou: 0.6501 (0.6388)  time: 0.7491  data: 0.0096  max mem: 14459
Epoch: [5]  [1800/2058]  eta: 0:03:15  lr: 0.000004  train_loss: 0.3609 (0.3506)  train_iou: 0.6228 (0.6386)  time: 0.7462  data: 0.0137  max mem: 14459
Epoch: [5]  [1820/2058]  eta: 0:03:00  lr: 0.000004  train_loss: 0.2965 (0.3506)  train_iou: 0.6287 (0.6382)  time: 0.7432  data: 0.0097  max mem: 14459
Epoch: [5]  [1840/2058]  eta: 0:02:45  lr: 0.000004  train_loss: 0.3490 (0.3505)  train_iou: 0.5661 (0.6380)  time: 0.7426  data: 0.0083  max mem: 14459
Epoch: [5]  [1860/2058]  eta: 0:02:29  lr: 0.000004  train_loss: 0.2898 (0.3504)  train_iou: 0.6789 (0.6384)  time: 0.7420  data: 0.0078  max mem: 14459
Epoch: [5]  [1880/2058]  eta: 0:02:14  lr: 0.000004  train_loss: 0.3203 (0.3502)  train_iou: 0.6734 (0.6383)  time: 0.7415  data: 0.0123  max mem: 14459
Epoch: [5]  [1900/2058]  eta: 0:01:59  lr: 0.000004  train_loss: 0.2717 (0.3499)  train_iou: 0.6671 (0.6387)  time: 0.7468  data: 0.0114  max mem: 14459
Epoch: [5]  [1920/2058]  eta: 0:01:44  lr: 0.000004  train_loss: 0.3433 (0.3499)  train_iou: 0.5718 (0.6381)  time: 0.7303  data: 0.0097  max mem: 14459
Epoch: [5]  [1940/2058]  eta: 0:01:29  lr: 0.000004  train_loss: 0.2770 (0.3500)  train_iou: 0.6417 (0.6382)  time: 0.7469  data: 0.0102  max mem: 14459
Epoch: [5]  [1960/2058]  eta: 0:01:14  lr: 0.000004  train_loss: 0.3268 (0.3500)  train_iou: 0.6422 (0.6382)  time: 0.7395  data: 0.0083  max mem: 14459
Epoch: [5]  [1980/2058]  eta: 0:00:58  lr: 0.000004  train_loss: 0.3385 (0.3500)  train_iou: 0.6154 (0.6381)  time: 0.7406  data: 0.0112  max mem: 14459
Epoch: [5]  [2000/2058]  eta: 0:00:43  lr: 0.000004  train_loss: 0.3573 (0.3503)  train_iou: 0.5974 (0.6378)  time: 0.7459  data: 0.0105  max mem: 14459
Epoch: [5]  [2020/2058]  eta: 0:00:28  lr: 0.000004  train_loss: 0.3307 (0.3505)  train_iou: 0.6418 (0.6380)  time: 0.7420  data: 0.0094  max mem: 14459
Epoch: [5]  [2040/2058]  eta: 0:00:13  lr: 0.000004  train_loss: 0.3409 (0.3506)  train_iou: 0.6348 (0.6380)  time: 0.7431  data: 0.0135  max mem: 14459
Epoch: [5]  [2057/2058]  eta: 0:00:00  lr: 0.000004  train_loss: 0.3426 (0.3513)  train_iou: 0.6179 (0.6377)  time: 0.5635  data: 0.0058  max mem: 14459
Epoch: [5] Total time: 0:25:52 (0.7543 s / it)
Averaged stats: lr: 0.000004  train_loss: 0.3426 (0.3516)  train_iou: 0.6179 (0.6351)
huggingface/tokenizers: The current process just got forked, after parallelism has already been used. Disabling parallelism to avoid deadlocks...
To disable this warning, you can either:
	- Avoid using `tokenizers` before the fork if possible
	- Explicitly set the environment variable TOKENIZERS_PARALLELISM=(true | false)
huggingface/tokenizers: The current process just got forked, after parallelism has already been used. Disabling parallelism to avoid deadlocks...
To disable this warning, you can either:
	- Avoid using `tokenizers` before the fork if possible
	- Explicitly set the environment variable TOKENIZERS_PARALLELISM=(true | false)
huggingface/tokenizers: The current process just got forked, after parallelism has already been used. Disabling parallelism to avoid deadlocks...
To disable this warning, you can either:
	- Avoid using `tokenizers` before the fork if possible
	- Explicitly set the environment variable TOKENIZERS_PARALLELISM=(true | false)
huggingface/tokenizers: The current process just got forked, after parallelism has already been used. Disabling parallelism to avoid deadlocks...
To disable this warning, you can either:
	- Avoid using `tokenizers` before the fork if possible
	- Explicitly set the environment variable TOKENIZERS_PARALLELISM=(true | false)
huggingface/tokenizers: The current process just got forked, after parallelism has already been used. Disabling parallelism to avoid deadlocks...
To disable this warning, you can either:
	- Avoid using `tokenizers` before the fork if possible
	- Explicitly set the environment variable TOKENIZERS_PARALLELISM=(true | false)
huggingface/tokenizers: The current process just got forked, after parallelism has already been used. Disabling parallelism to avoid deadlocks...
To disable this warning, you can either:
	- Avoid using `tokenizers` before the fork if possible
	- Explicitly set the environment variable TOKENIZERS_PARALLELISM=(true | false)
huggingface/tokenizers: The current process just got forked, after parallelism has already been used. Disabling parallelism to avoid deadlocks...
To disable this warning, you can either:
	- Avoid using `tokenizers` before the fork if possible
	- Explicitly set the environment variable TOKENIZERS_PARALLELISM=(true | false)
huggingface/tokenizers: The current process just got forked, after parallelism has already been used. Disabling parallelism to avoid deadlocks...
To disable this warning, you can either:
	- Avoid using `tokenizers` before the fork if possible
	- Explicitly set the environment variable TOKENIZERS_PARALLELISM=(true | false)
huggingface/tokenizers: The current process just got forked, after parallelism has already been used. Disabling parallelism to avoid deadlocks...
To disable this warning, you can either:
	- Avoid using `tokenizers` before the fork if possible
	- Explicitly set the environment variable TOKENIZERS_PARALLELISM=(true | false)
huggingface/tokenizers: The current process just got forked, after parallelism has already been used. Disabling parallelism to avoid deadlocks...
To disable this warning, you can either:
	- Avoid using `tokenizers` before the fork if possible
	- Explicitly set the environment variable TOKENIZERS_PARALLELISM=(true | false)
huggingface/tokenizers: The current process just got forked, after parallelism has already been used. Disabling parallelism to avoid deadlocks...
To disable this warning, you can either:
	- Avoid using `tokenizers` before the fork if possible
	- Explicitly set the environment variable TOKENIZERS_PARALLELISM=(true | false)
huggingface/tokenizers: The current process just got forked, after parallelism has already been used. Disabling parallelism to avoid deadlocks...
To disable this warning, you can either:
	- Avoid using `tokenizers` before the fork if possible
	- Explicitly set the environment variable TOKENIZERS_PARALLELISM=(true | false)
huggingface/tokenizers: The current process just got forked, after parallelism has already been used. Disabling parallelism to avoid deadlocks...
To disable this warning, you can either:
	- Avoid using `tokenizers` before the fork if possible
	- Explicitly set the environment variable TOKENIZERS_PARALLELISM=(true | false)
huggingface/tokenizers: The current process just got forked, after parallelism has already been used. Disabling parallelism to avoid deadlocks...
To disable this warning, you can either:
	- Avoid using `tokenizers` before the fork if possible
	- Explicitly set the environment variable TOKENIZERS_PARALLELISM=(true | false)
huggingface/tokenizers: The current process just got forked, after parallelism has already been used. Disabling parallelism to avoid deadlocks...
To disable this warning, you can either:
	- Avoid using `tokenizers` before the fork if possible
	- Explicitly set the environment variable TOKENIZERS_PARALLELISM=(true | false)
huggingface/tokenizers: The current process just got forked, after parallelism has already been used. Disabling parallelism to avoid deadlocks...
To disable this warning, you can either:
	- Avoid using `tokenizers` before the fork if possible
	- Explicitly set the environment variable TOKENIZERS_PARALLELISM=(true | false)
Test:  [   0/3800]  eta: 4:10:12  inter: 33204.0000 (33204.0000)  union: 38477.0000 (38477.0000)  iou: 0.8630 (0.8630)  time: 3.9506  data: 1.1958  max mem: 14459
Test:  [  50/3800]  eta: 0:19:55  inter: 22691.0000 (22958.4531)  union: 48663.0000 (43054.9531)  iou: 0.4960 (0.5280)  time: 0.1444  data: 0.0038  max mem: 14459
Test:  [ 100/3800]  eta: 0:16:16  inter: 23894.0000 (25107.5809)  union: 46499.0000 (43810.1471)  iou: 0.6404 (0.5743)  time: 0.1438  data: 0.0019  max mem: 14459
Test:  [ 150/3800]  eta: 0:13:43  inter: 17853.0000 (24338.5502)  union: 30006.0000 (40893.6699)  iou: 0.8604 (0.6036)  time: 0.1497  data: 0.0033  max mem: 14459
Test:  [ 200/3800]  eta: 0:12:20  inter: 33433.0000 (25255.1575)  union: 36827.0000 (40787.3077)  iou: 0.7613 (0.6128)  time: 0.1436  data: 0.0021  max mem: 14459
Test:  [ 250/3800]  eta: 0:11:24  inter: 15385.0000 (26998.6386)  union: 33042.0000 (42568.5602)  iou: 0.3746 (0.6049)  time: 0.1407  data: 0.0024  max mem: 14459
Test:  [ 300/3800]  eta: 0:10:47  inter: 20187.0000 (26488.3524)  union: 24312.0000 (42004.6079)  iou: 0.7960 (0.5974)  time: 0.1476  data: 0.0043  max mem: 14459
Test:  [ 350/3800]  eta: 0:10:19  inter: 9321.0000 (25651.3636)  union: 32757.0000 (41648.4917)  iou: 0.5047 (0.5875)  time: 0.1453  data: 0.0027  max mem: 14459
Test:  [ 400/3800]  eta: 0:10:25  inter: 30586.0000 (25250.5268)  union: 36738.0000 (41487.2536)  iou: 0.6320 (0.5846)  time: 0.1419  data: 0.0034  max mem: 14459
Test:  [ 450/3800]  eta: 0:10:02  inter: 18757.0000 (24990.5175)  union: 28999.0000 (41409.9206)  iou: 0.5596 (0.5830)  time: 0.1498  data: 0.0078  max mem: 14459
Test:  [ 500/3800]  eta: 0:09:42  inter: 17116.0000 (25455.3410)  union: 36189.0000 (42147.3181)  iou: 0.5638 (0.5825)  time: 0.1437  data: 0.0034  max mem: 14459
Test:  [ 550/3800]  eta: 0:09:24  inter: 23531.0000 (25476.7198)  union: 27760.0000 (41967.1285)  iou: 0.7063 (0.5865)  time: 0.1456  data: 0.0032  max mem: 14459
Test:  [ 600/3800]  eta: 0:09:08  inter: 9680.0000 (25353.6473)  union: 31161.0000 (41917.2331)  iou: 0.7979 (0.5834)  time: 0.1440  data: 0.0040  max mem: 14459
Test:  [ 650/3800]  eta: 0:08:53  inter: 25249.0000 (25865.4928)  union: 41949.0000 (42347.1072)  iou: 0.6680 (0.5827)  time: 0.1398  data: 0.0021  max mem: 14459
Test:  [ 700/3800]  eta: 0:08:38  inter: 13580.0000 (25424.3008)  union: 28832.0000 (41981.4138)  iou: 0.3761 (0.5759)  time: 0.1401  data: 0.0066  max mem: 14459
Test:  [ 750/3800]  eta: 0:08:26  inter: 22559.0000 (25478.0067)  union: 32070.0000 (41943.3359)  iou: 0.7588 (0.5788)  time: 0.1489  data: 0.0042  max mem: 14459
Test:  [ 800/3800]  eta: 0:08:14  inter: 12394.0000 (25262.2866)  union: 46457.0000 (41449.2259)  iou: 0.7148 (0.5801)  time: 0.1477  data: 0.0018  max mem: 14459
Test:  [ 850/3800]  eta: 0:08:02  inter: 21420.0000 (25336.4854)  union: 38458.0000 (41428.4887)  iou: 0.7033 (0.5819)  time: 0.1439  data: 0.0032  max mem: 14459
Test:  [ 900/3800]  eta: 0:07:51  inter: 10319.0000 (25353.2514)  union: 27615.0000 (41530.1368)  iou: 0.7087 (0.5786)  time: 0.1432  data: 0.0011  max mem: 14459
Test:  [ 950/3800]  eta: 0:07:40  inter: 25009.0000 (25564.3998)  union: 30957.0000 (41588.6594)  iou: 0.8159 (0.5791)  time: 0.1467  data: 0.0034  max mem: 14459
Test:  [1000/3800]  eta: 0:07:30  inter: 22114.0000 (25813.9551)  union: 37483.0000 (41740.4269)  iou: 0.8034 (0.5807)  time: 0.1422  data: 0.0057  max mem: 14459
Test:  [1050/3800]  eta: 0:07:19  inter: 21014.0000 (25852.9456)  union: 37442.0000 (41704.2537)  iou: 0.5503 (0.5809)  time: 0.1450  data: 0.0045  max mem: 14459
Test:  [1100/3800]  eta: 0:07:09  inter: 22448.0000 (25711.5137)  union: 31906.0000 (41467.6908)  iou: 0.5898 (0.5806)  time: 0.1433  data: 0.0011  max mem: 14459
Test:  [1150/3800]  eta: 0:07:00  inter: 9847.0000 (25846.6842)  union: 23707.0000 (41420.5385)  iou: 0.5629 (0.5828)  time: 0.1440  data: 0.0012  max mem: 14459
Test:  [1200/3800]  eta: 0:06:51  inter: 9889.0000 (25753.0059)  union: 28917.0000 (41656.9203)  iou: 0.6111 (0.5793)  time: 0.1461  data: 0.0048  max mem: 14459
Test:  [1250/3800]  eta: 0:06:42  inter: 45.0000 (25513.6655)  union: 30005.0000 (41370.0886)  iou: 0.0012 (0.5778)  time: 0.1522  data: 0.0038  max mem: 14459
Test:  [1300/3800]  eta: 0:06:33  inter: 15479.0000 (25291.2185)  union: 38416.0000 (41286.1961)  iou: 0.4760 (0.5786)  time: 0.1466  data: 0.0025  max mem: 14459
Test:  [1350/3800]  eta: 0:06:24  inter: 26056.0000 (25355.4353)  union: 33867.0000 (41244.2079)  iou: 0.8024 (0.5800)  time: 0.1465  data: 0.0034  max mem: 14459
Test:  [1400/3800]  eta: 0:06:15  inter: 9871.0000 (25427.1387)  union: 20362.0000 (41373.7045)  iou: 0.5163 (0.5774)  time: 0.1419  data: 0.0022  max mem: 14459
Test:  [1450/3800]  eta: 0:06:06  inter: 27665.0000 (25392.5619)  union: 40704.0000 (41244.7100)  iou: 0.6058 (0.5775)  time: 0.1423  data: 0.0022  max mem: 14459
Test:  [1500/3800]  eta: 0:05:58  inter: 16584.0000 (25409.7412)  union: 48909.0000 (41333.2540)  iou: 0.4832 (0.5756)  time: 0.1479  data: 0.0010  max mem: 14459
Test:  [1550/3800]  eta: 0:05:49  inter: 11478.0000 (25287.3225)  union: 26193.0000 (41215.4065)  iou: 0.8340 (0.5764)  time: 0.1467  data: 0.0042  max mem: 14459
Test:  [1600/3800]  eta: 0:05:46  inter: 11319.0000 (25177.5791)  union: 25371.0000 (41154.6778)  iou: 0.5976 (0.5739)  time: 0.3490  data: 0.0076  max mem: 14459
Test:  [1650/3800]  eta: 0:05:37  inter: 16046.0000 (25068.9636)  union: 33360.0000 (41154.2916)  iou: 0.4790 (0.5726)  time: 0.1466  data: 0.0022  max mem: 14459
Test:  [1700/3800]  eta: 0:05:29  inter: 16779.0000 (25019.1331)  union: 36204.0000 (41205.1502)  iou: 0.7556 (0.5710)  time: 0.1463  data: 0.0048  max mem: 14459
Test:  [1750/3800]  eta: 0:05:21  inter: 19079.0000 (24992.7581)  union: 32583.0000 (41115.6455)  iou: 0.7532 (0.5710)  time: 0.1518  data: 0.0058  max mem: 14459
Test:  [1800/3800]  eta: 0:05:12  inter: 21446.0000 (24862.9505)  union: 46110.0000 (41034.8139)  iou: 0.4577 (0.5697)  time: 0.1506  data: 0.0046  max mem: 14459
Test:  [1850/3800]  eta: 0:05:04  inter: 13051.0000 (24830.0590)  union: 33265.0000 (41176.3575)  iou: 0.2634 (0.5678)  time: 0.1449  data: 0.0038  max mem: 14459
Test:  [1900/3800]  eta: 0:04:56  inter: 36401.0000 (24792.0813)  union: 57132.0000 (41101.3843)  iou: 0.5233 (0.5685)  time: 0.1519  data: 0.0061  max mem: 14459
Test:  [1950/3800]  eta: 0:04:48  inter: 11598.0000 (24752.6599)  union: 16623.0000 (41061.6671)  iou: 0.6807 (0.5684)  time: 0.1447  data: 0.0019  max mem: 14459
Test:  [2000/3800]  eta: 0:04:39  inter: 16226.0000 (24815.8916)  union: 22355.0000 (41028.2592)  iou: 0.6372 (0.5698)  time: 0.1464  data: 0.0041  max mem: 14459
Test:  [2050/3800]  eta: 0:04:31  inter: 6277.0000 (24717.3239)  union: 56247.0000 (41137.8098)  iou: 0.2449 (0.5682)  time: 0.1516  data: 0.0023  max mem: 14459
Test:  [2100/3800]  eta: 0:04:23  inter: 20727.0000 (24710.1403)  union: 33268.0000 (41107.4970)  iou: 0.7649 (0.5687)  time: 0.1437  data: 0.0023  max mem: 14459
Test:  [2150/3800]  eta: 0:04:15  inter: 23965.0000 (24699.3235)  union: 30427.0000 (41126.0026)  iou: 0.7558 (0.5680)  time: 0.1462  data: 0.0032  max mem: 14459
Test:  [2200/3800]  eta: 0:04:07  inter: 13989.0000 (24689.4400)  union: 27325.0000 (41060.4001)  iou: 0.5073 (0.5683)  time: 0.1455  data: 0.0058  max mem: 14459
Test:  [2250/3800]  eta: 0:03:59  inter: 16818.0000 (24555.2458)  union: 37873.0000 (40878.2502)  iou: 0.5317 (0.5671)  time: 0.1442  data: 0.0027  max mem: 14459
Test:  [2300/3800]  eta: 0:03:51  inter: 25159.0000 (24639.4820)  union: 36949.0000 (40836.6000)  iou: 0.5826 (0.5693)  time: 0.1477  data: 0.0023  max mem: 14459
Test:  [2350/3800]  eta: 0:03:43  inter: 19750.0000 (24572.1852)  union: 50897.0000 (40811.7841)  iou: 0.6531 (0.5693)  time: 0.1508  data: 0.0031  max mem: 14459
Test:  [2400/3800]  eta: 0:03:35  inter: 17400.0000 (24618.9455)  union: 33149.0000 (40776.0601)  iou: 0.5646 (0.5699)  time: 0.1529  data: 0.0060  max mem: 14459
Test:  [2450/3800]  eta: 0:03:27  inter: 29098.0000 (24713.3394)  union: 32937.0000 (40817.3524)  iou: 0.8430 (0.5715)  time: 0.1452  data: 0.0056  max mem: 14459
Test:  [2500/3800]  eta: 0:03:19  inter: 24974.0000 (24677.0256)  union: 39944.0000 (40819.3213)  iou: 0.7458 (0.5708)  time: 0.1425  data: 0.0018  max mem: 14459
Test:  [2550/3800]  eta: 0:03:12  inter: 29369.0000 (24788.0465)  union: 37104.0000 (40986.6184)  iou: 0.7645 (0.5712)  time: 0.1496  data: 0.0047  max mem: 14459
Test:  [2600/3800]  eta: 0:03:04  inter: 10445.0000 (24696.9404)  union: 33844.0000 (40918.5421)  iou: 0.3085 (0.5698)  time: 0.1487  data: 0.0046  max mem: 14459
Test:  [2650/3800]  eta: 0:02:56  inter: 16978.0000 (24741.9388)  union: 34284.0000 (41089.8706)  iou: 0.8030 (0.5691)  time: 0.1521  data: 0.0036  max mem: 14459
Test:  [2700/3800]  eta: 0:02:48  inter: 23274.0000 (24825.0799)  union: 30755.0000 (41165.5517)  iou: 0.8388 (0.5701)  time: 0.1471  data: 0.0047  max mem: 14459
Test:  [2750/3800]  eta: 0:02:40  inter: 22854.0000 (24871.6113)  union: 31671.0000 (41300.9215)  iou: 0.6514 (0.5693)  time: 0.1433  data: 0.0026  max mem: 14459
Test:  [2800/3800]  eta: 0:02:33  inter: 14783.0000 (24840.0335)  union: 25900.0000 (41190.7937)  iou: 0.6915 (0.5697)  time: 0.1470  data: 0.0032  max mem: 14459
Test:  [2850/3800]  eta: 0:02:25  inter: 12092.0000 (24966.6249)  union: 34000.0000 (41273.8514)  iou: 0.3177 (0.5692)  time: 0.1433  data: 0.0060  max mem: 14459
Test:  [2900/3800]  eta: 0:02:17  inter: 17451.0000 (24992.7666)  union: 26633.0000 (41361.0623)  iou: 0.7119 (0.5685)  time: 0.1445  data: 0.0024  max mem: 14459
Test:  [2950/3800]  eta: 0:02:09  inter: 19466.0000 (24997.7832)  union: 26544.0000 (41352.3861)  iou: 0.4352 (0.5686)  time: 0.1450  data: 0.0029  max mem: 14459
Test:  [3000/3800]  eta: 0:02:02  inter: 20786.0000 (24963.4094)  union: 32352.0000 (41316.4013)  iou: 0.6000 (0.5679)  time: 0.1506  data: 0.0080  max mem: 14459
Test:  [3050/3800]  eta: 0:01:54  inter: 13440.0000 (24930.0896)  union: 29748.0000 (41351.1421)  iou: 0.4544 (0.5681)  time: 0.1506  data: 0.0049  max mem: 14459
Test:  [3100/3800]  eta: 0:01:46  inter: 22838.0000 (24930.7861)  union: 41741.0000 (41316.1920)  iou: 0.4528 (0.5685)  time: 0.1466  data: 0.0067  max mem: 14459
Test:  [3150/3800]  eta: 0:01:39  inter: 13321.0000 (24820.8194)  union: 21987.0000 (41189.0245)  iou: 0.5406 (0.5680)  time: 0.1483  data: 0.0072  max mem: 14459
Test:  [3200/3800]  eta: 0:01:31  inter: 9943.0000 (24819.4450)  union: 38084.0000 (41206.2087)  iou: 0.5831 (0.5684)  time: 0.1456  data: 0.0055  max mem: 14459
Test:  [3250/3800]  eta: 0:01:23  inter: 14694.0000 (24755.7966)  union: 26056.0000 (41161.6566)  iou: 0.5472 (0.5666)  time: 0.1452  data: 0.0041  max mem: 14459
Test:  [3300/3800]  eta: 0:01:16  inter: 24834.0000 (24839.4402)  union: 45331.0000 (41259.4316)  iou: 0.8273 (0.5659)  time: 0.1480  data: 0.0026  max mem: 14459
Test:  [3350/3800]  eta: 0:01:08  inter: 9701.0000 (24839.0650)  union: 12618.0000 (41270.0773)  iou: 0.7217 (0.5665)  time: 0.1434  data: 0.0029  max mem: 14459
Test:  [3400/3800]  eta: 0:01:00  inter: 24360.0000 (24974.6737)  union: 41189.0000 (41353.6553)  iou: 0.8577 (0.5678)  time: 0.1494  data: 0.0024  max mem: 14459
Test:  [3450/3800]  eta: 0:00:53  inter: 16835.0000 (24986.2132)  union: 31284.0000 (41409.6679)  iou: 0.5381 (0.5678)  time: 0.1471  data: 0.0028  max mem: 14459
Test:  [3500/3800]  eta: 0:00:45  inter: 15111.0000 (24960.3990)  union: 21995.0000 (41324.9167)  iou: 0.4101 (0.5680)  time: 0.1454  data: 0.0048  max mem: 14459
Test:  [3550/3800]  eta: 0:00:37  inter: 27430.0000 (24978.4690)  union: 37072.0000 (41357.2350)  iou: 0.7404 (0.5678)  time: 0.1432  data: 0.0029  max mem: 14459
Test:  [3600/3800]  eta: 0:00:30  inter: 21282.0000 (24888.6025)  union: 35063.0000 (41298.5644)  iou: 0.4432 (0.5664)  time: 0.1429  data: 0.0041  max mem: 14459
Test:  [3650/3800]  eta: 0:00:22  inter: 18674.0000 (24827.1871)  union: 39494.0000 (41284.0590)  iou: 0.4510 (0.5654)  time: 0.1483  data: 0.0016  max mem: 14459
Test:  [3700/3800]  eta: 0:00:15  inter: 20672.0000 (24931.6162)  union: 36283.0000 (41325.7282)  iou: 0.8157 (0.5662)  time: 0.1425  data: 0.0041  max mem: 14459
Test:  [3750/3800]  eta: 0:00:07  inter: 23645.0000 (24972.0670)  union: 42847.0000 (41364.5499)  iou: 0.5982 (0.5670)  time: 0.1439  data: 0.0076  max mem: 14459
Test:  [3799/3800]  eta: 0:00:00  inter: 22011.0000 (25007.5120)  union: 30078.0000 (41352.2475)  iou: 0.5947 (0.5675)  time: 0.1191  data: 0.0004  max mem: 14459
Test: Total time: 0:09:35 (0.1515 s / it)
* IoU 0.568 oIoU 0.605
IoU of the network on the 3800 test images: 0.6%
Max IoU: 0.57%
Training time 0:35:35
