Architecture:                       x86_64
CPU op-mode(s):                     32-bit, 64-bit
Address sizes:                      52 bits physical, 57 bits virtual
Byte Order:                         Little Endian
CPU(s):                             36
On-line CPU(s) list:                0-35
Vendor ID:                          GenuineIntel
Model name:                         Intel(R) Xeon(R) Gold 6354 CPU @ 3.00GHz
CPU family:                         6
Model:                              106
Thread(s) per core:                 1
Core(s) per socket:                 18
Socket(s):                          2
Stepping:                           6
CPU max MHz:                        3600.0000
CPU min MHz:                        800.0000
BogoMIPS:                           6000.00
Flags:                              fpu vme de pse tsc msr pae mce cx8 apic sep mtrr pge mca cmov pat pse36 clflush dts acpi mmx fxsr sse sse2 ss ht tm pbe syscall nx pdpe1gb rdtscp lm constant_tsc art arch_perfmon pebs bts rep_good nopl xtopology nonstop_tsc cpuid aperfmperf pni pclmulqdq dtes64 monitor ds_cpl vmx smx est tm2 ssse3 sdbg fma cx16 xtpr pdcm pcid dca sse4_1 sse4_2 x2apic movbe popcnt tsc_deadline_timer aes xsave avx f16c rdrand lahf_lm abm 3dnowprefetch cpuid_fault epb cat_l3 invpcid_single ssbd mba ibrs ibpb stibp ibrs_enhanced tpr_shadow flexpriority ept vpid ept_ad fsgsbase tsc_adjust bmi1 avx2 smep bmi2 erms invpcid cqm rdt_a avx512f avx512dq rdseed adx smap avx512ifma clflushopt clwb intel_pt avx512cd sha_ni avx512bw avx512vl xsaveopt xsavec xgetbv1 xsaves cqm_llc cqm_occup_llc cqm_mbm_total cqm_mbm_local split_lock_detect wbnoinvd dtherm ida arat pln pts vnmi avx512vbmi umip pku ospke avx512_vbmi2 gfni vaes vpclmulqdq avx512_vnni avx512_bitalg tme avx512_vpopcntdq la57 rdpid fsrm md_clear pconfig flush_l1d arch_capabilities
Virtualization:                     VT-x
L1d cache:                          1.7 MiB (36 instances)
L1i cache:                          1.1 MiB (36 instances)
L2 cache:                           45 MiB (36 instances)
L3 cache:                           78 MiB (2 instances)
NUMA node(s):                       2
NUMA node0 CPU(s):                  0-17
NUMA node1 CPU(s):                  18-35
Vulnerability Gather data sampling: Mitigation; Microcode
Vulnerability Itlb multihit:        Not affected
Vulnerability L1tf:                 Not affected
Vulnerability Mds:                  Not affected
Vulnerability Meltdown:             Not affected
Vulnerability Mmio stale data:      Mitigation; Clear CPU buffers; SMT disabled
Vulnerability Retbleed:             Not affected
Vulnerability Spec rstack overflow: Not affected
Vulnerability Spec store bypass:    Mitigation; Speculative Store Bypass disabled via prctl
Vulnerability Spectre v1:           Mitigation; usercopy/swapgs barriers and __user pointer sanitization
Vulnerability Spectre v2:           Mitigation; Enhanced / Automatic IBRS, IBPB conditional, RSB filling, PBRSB-eIBRS SW sequence
Vulnerability Srbds:                Not affected
Vulnerability Tsx async abort:      Not affected
Mon Apr 21 14:27:20 2025       
+---------------------------------------------------------------------------------------+
| NVIDIA-SMI 545.23.08              Driver Version: 545.23.08    CUDA Version: 12.3     |
|-----------------------------------------+----------------------+----------------------+
| GPU  Name                 Persistence-M | Bus-Id        Disp.A | Volatile Uncorr. ECC |
| Fan  Temp   Perf          Pwr:Usage/Cap |         Memory-Usage | GPU-Util  Compute M. |
|                                         |                      |               MIG M. |
|=========================================+======================+======================|
|   0  NVIDIA L40                     On  | 00000000:D5:00.0 Off |                    0 |
| N/A   38C    P0              76W / 300W |      4MiB / 46068MiB |      0%      Default |
|                                         |                      |                  N/A |
+-----------------------------------------+----------------------+----------------------+
|   1  NVIDIA L40                     On  | 00000000:D6:00.0 Off |                    0 |
| N/A   38C    P8              38W / 300W |      4MiB / 46068MiB |      0%      Default |
|                                         |                      |                  N/A |
+-----------------------------------------+----------------------+----------------------+
                                                                                         
+---------------------------------------------------------------------------------------+
| Processes:                                                                            |
|  GPU   GI   CI        PID   Type   Process name                            GPU Memory |
|        ID   ID                                                             Usage      |
|=======================================================================================|
|  No running processes found                                                           |
+---------------------------------------------------------------------------------------+
/home/akula.ha/.conda/envs/refseg/lib/python3.10/site-packages/torch/distributed/launch.py:181: FutureWarning: The module torch.distributed.launch is deprecated
and will be removed in future. Use torchrun.
Note that --use-env is set by default in torchrun.
If your script expects `--local-rank` argument to be set, please
change it to read from `os.environ['LOCAL_RANK']` instead. See 
https://pytorch.org/docs/stable/distributed.html#launch-utility for 
further instructions

  warnings.warn(
[2025-04-21 14:27:24,380] torch.distributed.run: [WARNING] 
[2025-04-21 14:27:24,380] torch.distributed.run: [WARNING] *****************************************
[2025-04-21 14:27:24,380] torch.distributed.run: [WARNING] Setting OMP_NUM_THREADS environment variable for each process to be 1 in default, to avoid your system being overloaded, please further tune the variable for optimal performance in your application as needed. 
[2025-04-21 14:27:24,380] torch.distributed.run: [WARNING] *****************************************
| distributed init (rank 1): env://
| distributed init (rank 0): env://
Namespace(batch_size=14, epochs=50, model='ReMamber_Conv', pretrain_path='./pretrain', input_size=480, drop=0.0, drop_path=0.1, model_ema=False, model_ema_decay=0.9999, model_ema_force_cpu=False, opt='adamw', opt_eps=1e-08, opt_betas=None, clip_grad=None, momentum=0.9, weight_decay=0.0001, sched='cosine', lr=1.86e-05, lr_decoder=1.86e-05, lr_backbone=9.38e-06, lr_vssm=9.38e-06, warmup_lr=1e-06, min_lr=3e-07, decay_epochs=13.0, warmup_epochs=2, cooldown_epochs=10, patience_epochs=10, decay_rate=0.1, train_mode=True, finetune='pretrain/ReMamber_Conv.pth', data_path='./ref_dataset/data', data_set='refzom', output_dir='./l_outputs', device='cuda', seed=0, resume='l_outputs/ReMamber_Conv_dec_only/checkpoint_model:27044ce2.pth', start_epoch=0, eval=False, dist_eval=False, num_workers=8, pin_mem=True, distributed=True, world_size=2, dist_url='env://', if_amp=True, debug_mode=False, local_rank=0, model_title='model', logging='model', decoder_adapter=False, continue_lr=None, partial_freeze=False, single_epoch=True, lite_baseline=False, dec_only=True, rank=0, gpu=0, dist_backend='nccl')
True val
./ref_dataset/data refzom zom
loading dataset refzom into memory...
creating index...
index created.
DONE (t=15.11s)
Preparing dataset ......
False val
./ref_dataset/data refzom zom
loading dataset refzom into memory...
creating index...
index created.
DONE (t=15.24s)
Preparing dataset ......
length of train set: 57624
length of val set: 15406
/home/akula.ha/.conda/envs/refseg/lib/python3.10/site-packages/torch/utils/data/dataloader.py:557: UserWarning: This DataLoader will create 8 worker processes in total. Our suggested max number of worker in current system is 1, which is smaller than what this DataLoader is going to create. Please be aware that excessive worker creation might get DataLoader running slow or even freeze, lower the worker number to avoid potential slowness/freeze if necessary.
  warnings.warn(_create_warning_msg(
/home/akula.ha/.conda/envs/refseg/lib/python3.10/site-packages/torch/utils/data/dataloader.py:557: UserWarning: This DataLoader will create 8 worker processes in total. Our suggested max number of worker in current system is 1, which is smaller than what this DataLoader is going to create. Please be aware that excessive worker creation might get DataLoader running slow or even freeze, lower the worker number to avoid potential slowness/freeze if necessary.
  warnings.warn(_create_warning_msg(
Creating model: ReMamber_Conv
kwargs {}
number of params: 9484545
Loaded checkpoint from 'l_outputs/ReMamber_Conv_dec_only/checkpoint_model:27044ce2.pth'
Continuing training from epoch 3...
Model id is - model:61773cdf
length of train set: 50000
length of val set: 3800
Start training for 50 epochs
Learning rate: 1.86e-05
{'optimizer': AdamW (
Parameter Group 0
    amsgrad: False
    betas: (0.9, 0.999)
    capturable: False
    differentiable: False
    eps: 1e-08
    foreach: None
    fused: None
    initial_lr: 3.3e-05
    lr: 3.287107536649172e-05
    maximize: False
    weight_decay: 0.0001

Parameter Group 1
    amsgrad: False
    betas: (0.9, 0.999)
    capturable: False
    differentiable: False
    eps: 1e-08
    foreach: None
    fused: None
    initial_lr: 3.3e-05
    lr: 3.287107536649172e-05
    maximize: False
    weight_decay: 0.0001

Parameter Group 2
    amsgrad: False
    betas: (0.9, 0.999)
    capturable: False
    differentiable: False
    eps: 1e-08
    foreach: None
    fused: None
    initial_lr: 1.65e-05
    lr: 1.6436129080647273e-05
    maximize: False
    weight_decay: 0.0001

Parameter Group 3
    amsgrad: False
    betas: (0.9, 0.999)
    capturable: False
    differentiable: False
    eps: 1e-08
    foreach: None
    fused: None
    initial_lr: 1.65e-05
    lr: 1.6436129080647273e-05
    maximize: False
    weight_decay: 0.0001
), 'param_group_field': 'lr', '_initial_param_group_field': 'initial_lr', 'base_values': [1.86e-05, 1.86e-05, 9.38e-06, 9.38e-06], 'metric': None, 'noise_range_t': None, 'noise_pct': 0.67, 'noise_type': 'normal', 'noise_std': 1.0, 'noise_seed': 0, 't_initial': 50, 't_mul': 1.0, 'lr_min': 3e-07, 'decay_rate': 0.1, 'cycle_limit': 1, 'warmup_t': 2, 'warmup_lr_init': 1e-06, 'warmup_prefix': False, 't_in_epochs': True, 'warmup_steps': [8.8e-06, 8.8e-06, 4.19e-06, 4.19e-06]}
/home/akula.ha/.conda/envs/refseg/lib/python3.10/site-packages/torch/autograd/__init__.py:251: UserWarning: Grad strides do not match bucket view strides. This may indicate grad was not created according to the gradient layout contract, or that the param's strides changed since DDP was constructed.  This is not an error, but may impair performance.
grad.sizes() = [512, 768, 1, 1], strides() = [768, 1, 768, 768]
bucket_view.sizes() = [512, 768, 1, 1], strides() = [768, 1, 1, 1] (Triggered internally at ../torch/csrc/distributed/c10d/reducer.cpp:320.)
  Variable._execution_engine.run_backward(  # Calls into the C++ engine to run the backward pass
/home/akula.ha/.conda/envs/refseg/lib/python3.10/site-packages/torch/autograd/__init__.py:251: UserWarning: Grad strides do not match bucket view strides. This may indicate grad was not created according to the gradient layout contract, or that the param's strides changed since DDP was constructed.  This is not an error, but may impair performance.
grad.sizes() = [512, 768, 1, 1], strides() = [768, 1, 768, 768]
bucket_view.sizes() = [512, 768, 1, 1], strides() = [768, 1, 1, 1] (Triggered internally at ../torch/csrc/distributed/c10d/reducer.cpp:320.)
  Variable._execution_engine.run_backward(  # Calls into the C++ engine to run the backward pass
Epoch: [3]  [   0/1786]  eta: 12:59:59  lr: 0.000033  train_loss: 1.0490 (1.0490)  train_iou: 0.5099 (0.5099)  time: 26.2033  data: 12.2570  max mem: 14458
Epoch: [3]  [  20/1786]  eta: 0:58:18  lr: 0.000033  train_loss: 0.3126 (0.3671)  train_iou: 0.6236 (0.6156)  time: 0.7698  data: 0.0132  max mem: 14458
Epoch: [3]  [  40/1786]  eta: 0:40:24  lr: 0.000033  train_loss: 0.2842 (0.3550)  train_iou: 0.6523 (0.6303)  time: 0.7669  data: 0.0122  max mem: 14458
Epoch: [3]  [  60/1786]  eta: 0:34:03  lr: 0.000033  train_loss: 0.2689 (0.3262)  train_iou: 0.6499 (0.6441)  time: 0.7647  data: 0.0102  max mem: 14458
Epoch: [3]  [  80/1786]  eta: 0:30:44  lr: 0.000033  train_loss: 0.2438 (0.3184)  train_iou: 0.6445 (0.6489)  time: 0.7662  data: 0.0081  max mem: 14458
Epoch: [3]  [ 100/1786]  eta: 0:28:39  lr: 0.000033  train_loss: 0.2470 (0.3116)  train_iou: 0.6770 (0.6569)  time: 0.7717  data: 0.0077  max mem: 14458
Epoch: [3]  [ 120/1786]  eta: 0:27:10  lr: 0.000033  train_loss: 0.2733 (0.3134)  train_iou: 0.6635 (0.6559)  time: 0.7728  data: 0.0085  max mem: 14458
Epoch: [3]  [ 140/1786]  eta: 0:26:05  lr: 0.000033  train_loss: 0.3110 (0.3172)  train_iou: 0.6695 (0.6534)  time: 0.7829  data: 0.0085  max mem: 14458
Epoch: [3]  [ 160/1786]  eta: 0:25:09  lr: 0.000033  train_loss: 0.2811 (0.3140)  train_iou: 0.6201 (0.6519)  time: 0.7670  data: 0.0166  max mem: 14458
Epoch: [3]  [ 180/1786]  eta: 0:24:21  lr: 0.000033  train_loss: 0.2597 (0.3146)  train_iou: 0.6987 (0.6547)  time: 0.7638  data: 0.0118  max mem: 14458
Epoch: [3]  [ 200/1786]  eta: 0:23:37  lr: 0.000033  train_loss: 0.3210 (0.3165)  train_iou: 0.6171 (0.6512)  time: 0.7451  data: 0.0173  max mem: 14458
Epoch: [3]  [ 220/1786]  eta: 0:23:02  lr: 0.000033  train_loss: 0.2599 (0.3181)  train_iou: 0.6212 (0.6496)  time: 0.7721  data: 0.0113  max mem: 14458
Epoch: [3]  [ 240/1786]  eta: 0:22:29  lr: 0.000033  train_loss: 0.3377 (0.3200)  train_iou: 0.5950 (0.6451)  time: 0.7678  data: 0.0094  max mem: 14458
Epoch: [3]  [ 260/1786]  eta: 0:21:59  lr: 0.000033  train_loss: 0.2957 (0.3201)  train_iou: 0.6198 (0.6438)  time: 0.7670  data: 0.0156  max mem: 14458
Epoch: [3]  [ 280/1786]  eta: 0:21:31  lr: 0.000033  train_loss: 0.3290 (0.3205)  train_iou: 0.6389 (0.6440)  time: 0.7637  data: 0.0139  max mem: 14458
Epoch: [3]  [ 300/1786]  eta: 0:21:06  lr: 0.000033  train_loss: 0.3124 (0.3235)  train_iou: 0.6133 (0.6426)  time: 0.7754  data: 0.0092  max mem: 14458
Epoch: [3]  [ 320/1786]  eta: 0:20:40  lr: 0.000033  train_loss: 0.3178 (0.3247)  train_iou: 0.6523 (0.6423)  time: 0.7595  data: 0.0168  max mem: 14458
Epoch: [3]  [ 340/1786]  eta: 0:20:17  lr: 0.000033  train_loss: 0.2583 (0.3239)  train_iou: 0.6479 (0.6432)  time: 0.7688  data: 0.0118  max mem: 14458
Epoch: [3]  [ 360/1786]  eta: 0:19:54  lr: 0.000033  train_loss: 0.2976 (0.3220)  train_iou: 0.6832 (0.6446)  time: 0.7617  data: 0.0191  max mem: 14458
Epoch: [3]  [ 380/1786]  eta: 0:19:31  lr: 0.000033  train_loss: 0.2680 (0.3228)  train_iou: 0.6276 (0.6434)  time: 0.7567  data: 0.0107  max mem: 14458
Epoch: [3]  [ 400/1786]  eta: 0:19:10  lr: 0.000033  train_loss: 0.2506 (0.3206)  train_iou: 0.6293 (0.6423)  time: 0.7636  data: 0.0141  max mem: 14458
Epoch: [3]  [ 420/1786]  eta: 0:18:48  lr: 0.000033  train_loss: 0.2909 (0.3193)  train_iou: 0.5919 (0.6408)  time: 0.7601  data: 0.0131  max mem: 14458
Epoch: [3]  [ 440/1786]  eta: 0:18:28  lr: 0.000033  train_loss: 0.3296 (0.3195)  train_iou: 0.5818 (0.6395)  time: 0.7583  data: 0.0167  max mem: 14458
Epoch: [3]  [ 460/1786]  eta: 0:18:08  lr: 0.000033  train_loss: 0.2701 (0.3195)  train_iou: 0.6354 (0.6390)  time: 0.7590  data: 0.0143  max mem: 14458
Epoch: [3]  [ 480/1786]  eta: 0:17:48  lr: 0.000033  train_loss: 0.2686 (0.3175)  train_iou: 0.6442 (0.6393)  time: 0.7619  data: 0.0158  max mem: 14458
Epoch: [3]  [ 500/1786]  eta: 0:17:29  lr: 0.000033  train_loss: 0.2696 (0.3180)  train_iou: 0.6310 (0.6395)  time: 0.7598  data: 0.0128  max mem: 14458
Epoch: [3]  [ 520/1786]  eta: 0:17:10  lr: 0.000033  train_loss: 0.2852 (0.3179)  train_iou: 0.6378 (0.6390)  time: 0.7609  data: 0.0119  max mem: 14458
Epoch: [3]  [ 540/1786]  eta: 0:16:51  lr: 0.000033  train_loss: 0.2849 (0.3176)  train_iou: 0.6023 (0.6378)  time: 0.7559  data: 0.0099  max mem: 14458
Epoch: [3]  [ 560/1786]  eta: 0:16:32  lr: 0.000033  train_loss: 0.3076 (0.3180)  train_iou: 0.6496 (0.6382)  time: 0.7593  data: 0.0129  max mem: 14458
Epoch: [3]  [ 580/1786]  eta: 0:16:14  lr: 0.000033  train_loss: 0.3047 (0.3176)  train_iou: 0.6467 (0.6384)  time: 0.7528  data: 0.0127  max mem: 14458
Epoch: [3]  [ 600/1786]  eta: 0:15:56  lr: 0.000033  train_loss: 0.2621 (0.3179)  train_iou: 0.6523 (0.6385)  time: 0.7756  data: 0.0101  max mem: 14458
Epoch: [3]  [ 620/1786]  eta: 0:15:38  lr: 0.000033  train_loss: 0.3338 (0.3196)  train_iou: 0.6281 (0.6382)  time: 0.7579  data: 0.0120  max mem: 14458
Epoch: [3]  [ 640/1786]  eta: 0:15:21  lr: 0.000033  train_loss: 0.2745 (0.3197)  train_iou: 0.6188 (0.6372)  time: 0.7641  data: 0.0126  max mem: 14458
Epoch: [3]  [ 660/1786]  eta: 0:15:03  lr: 0.000033  train_loss: 0.3280 (0.3211)  train_iou: 0.5879 (0.6364)  time: 0.7684  data: 0.0147  max mem: 14458
Epoch: [3]  [ 680/1786]  eta: 0:14:46  lr: 0.000033  train_loss: 0.3453 (0.3212)  train_iou: 0.6008 (0.6359)  time: 0.7528  data: 0.0118  max mem: 14458
Epoch: [3]  [ 700/1786]  eta: 0:14:28  lr: 0.000033  train_loss: 0.3520 (0.3224)  train_iou: 0.6405 (0.6362)  time: 0.7550  data: 0.0136  max mem: 14458
Epoch: [3]  [ 720/1786]  eta: 0:14:11  lr: 0.000033  train_loss: 0.2759 (0.3219)  train_iou: 0.6302 (0.6361)  time: 0.7556  data: 0.0072  max mem: 14458
Epoch: [3]  [ 740/1786]  eta: 0:13:54  lr: 0.000033  train_loss: 0.2839 (0.3227)  train_iou: 0.5900 (0.6352)  time: 0.7573  data: 0.0114  max mem: 14458
Epoch: [3]  [ 760/1786]  eta: 0:13:37  lr: 0.000033  train_loss: 0.3153 (0.3227)  train_iou: 0.6412 (0.6351)  time: 0.7541  data: 0.0138  max mem: 14458
Epoch: [3]  [ 780/1786]  eta: 0:13:20  lr: 0.000033  train_loss: 0.2972 (0.3223)  train_iou: 0.6416 (0.6350)  time: 0.7514  data: 0.0111  max mem: 14458
Epoch: [3]  [ 800/1786]  eta: 0:13:03  lr: 0.000033  train_loss: 0.2385 (0.3222)  train_iou: 0.6250 (0.6349)  time: 0.7614  data: 0.0133  max mem: 14458
Epoch: [3]  [ 820/1786]  eta: 0:12:46  lr: 0.000033  train_loss: 0.3392 (0.3233)  train_iou: 0.5931 (0.6345)  time: 0.7617  data: 0.0082  max mem: 14458
Epoch: [3]  [ 840/1786]  eta: 0:12:30  lr: 0.000033  train_loss: 0.3424 (0.3238)  train_iou: 0.6158 (0.6347)  time: 0.7755  data: 0.0096  max mem: 14458
Epoch: [3]  [ 860/1786]  eta: 0:12:14  lr: 0.000033  train_loss: 0.2325 (0.3229)  train_iou: 0.6734 (0.6354)  time: 0.7858  data: 0.0135  max mem: 14458
Epoch: [3]  [ 880/1786]  eta: 0:11:58  lr: 0.000033  train_loss: 0.2876 (0.3225)  train_iou: 0.6535 (0.6356)  time: 0.7789  data: 0.0154  max mem: 14458
Epoch: [3]  [ 900/1786]  eta: 0:11:41  lr: 0.000033  train_loss: 0.2945 (0.3228)  train_iou: 0.6029 (0.6358)  time: 0.7499  data: 0.0113  max mem: 14458
Epoch: [3]  [ 920/1786]  eta: 0:11:25  lr: 0.000033  train_loss: 0.2613 (0.3225)  train_iou: 0.6304 (0.6356)  time: 0.7634  data: 0.0108  max mem: 14458
Epoch: [3]  [ 940/1786]  eta: 0:11:08  lr: 0.000033  train_loss: 0.2794 (0.3219)  train_iou: 0.6394 (0.6355)  time: 0.7502  data: 0.0104  max mem: 14458
Epoch: [3]  [ 960/1786]  eta: 0:10:52  lr: 0.000033  train_loss: 0.3121 (0.3219)  train_iou: 0.6172 (0.6353)  time: 0.7545  data: 0.0137  max mem: 14458
Epoch: [3]  [ 980/1786]  eta: 0:10:36  lr: 0.000033  train_loss: 0.3020 (0.3220)  train_iou: 0.6831 (0.6359)  time: 0.7740  data: 0.0137  max mem: 14458
Epoch: [3]  [1000/1786]  eta: 0:10:19  lr: 0.000033  train_loss: 0.3059 (0.3225)  train_iou: 0.6353 (0.6360)  time: 0.7668  data: 0.0138  max mem: 14458
Epoch: [3]  [1020/1786]  eta: 0:10:03  lr: 0.000033  train_loss: 0.2870 (0.3223)  train_iou: 0.7036 (0.6364)  time: 0.7644  data: 0.0161  max mem: 14458
Epoch: [3]  [1040/1786]  eta: 0:09:47  lr: 0.000033  train_loss: 0.3222 (0.3221)  train_iou: 0.5950 (0.6357)  time: 0.7644  data: 0.0151  max mem: 14458
Epoch: [3]  [1060/1786]  eta: 0:09:31  lr: 0.000033  train_loss: 0.3155 (0.3226)  train_iou: 0.6242 (0.6357)  time: 0.7673  data: 0.0098  max mem: 14458
Epoch: [3]  [1080/1786]  eta: 0:09:15  lr: 0.000033  train_loss: 0.2619 (0.3224)  train_iou: 0.6338 (0.6353)  time: 0.7492  data: 0.0091  max mem: 14458
Epoch: [3]  [1100/1786]  eta: 0:08:59  lr: 0.000033  train_loss: 0.2783 (0.3217)  train_iou: 0.6692 (0.6354)  time: 0.7598  data: 0.0085  max mem: 14458
Epoch: [3]  [1120/1786]  eta: 0:08:43  lr: 0.000033  train_loss: 0.2854 (0.3210)  train_iou: 0.6554 (0.6359)  time: 0.7589  data: 0.0179  max mem: 14458
Epoch: [3]  [1140/1786]  eta: 0:08:27  lr: 0.000033  train_loss: 0.3047 (0.3205)  train_iou: 0.5975 (0.6353)  time: 0.7499  data: 0.0154  max mem: 14458
Epoch: [3]  [1160/1786]  eta: 0:08:11  lr: 0.000033  train_loss: 0.2437 (0.3202)  train_iou: 0.6554 (0.6355)  time: 0.7606  data: 0.0115  max mem: 14458
Epoch: [3]  [1180/1786]  eta: 0:07:55  lr: 0.000033  train_loss: 0.2367 (0.3195)  train_iou: 0.6680 (0.6359)  time: 0.7541  data: 0.0098  max mem: 14458
Epoch: [3]  [1200/1786]  eta: 0:07:39  lr: 0.000033  train_loss: 0.2729 (0.3192)  train_iou: 0.6344 (0.6359)  time: 0.7570  data: 0.0126  max mem: 14458
Epoch: [3]  [1220/1786]  eta: 0:07:23  lr: 0.000033  train_loss: 0.3157 (0.3192)  train_iou: 0.5986 (0.6352)  time: 0.7480  data: 0.0143  max mem: 14458
Epoch: [3]  [1240/1786]  eta: 0:07:07  lr: 0.000033  train_loss: 0.2107 (0.3185)  train_iou: 0.6317 (0.6351)  time: 0.7610  data: 0.0155  max mem: 14458
Epoch: [3]  [1260/1786]  eta: 0:06:51  lr: 0.000033  train_loss: 0.2691 (0.3177)  train_iou: 0.6452 (0.6355)  time: 0.7583  data: 0.0109  max mem: 14458
Epoch: [3]  [1280/1786]  eta: 0:06:35  lr: 0.000033  train_loss: 0.2676 (0.3177)  train_iou: 0.6479 (0.6355)  time: 0.7624  data: 0.0141  max mem: 14458
Epoch: [3]  [1300/1786]  eta: 0:06:19  lr: 0.000033  train_loss: 0.2546 (0.3174)  train_iou: 0.5962 (0.6353)  time: 0.7478  data: 0.0128  max mem: 14458
Epoch: [3]  [1320/1786]  eta: 0:06:04  lr: 0.000033  train_loss: 0.2536 (0.3169)  train_iou: 0.6755 (0.6356)  time: 0.7556  data: 0.0160  max mem: 14458
Epoch: [3]  [1340/1786]  eta: 0:05:48  lr: 0.000033  train_loss: 0.3305 (0.3175)  train_iou: 0.6241 (0.6354)  time: 0.7537  data: 0.0149  max mem: 14458
Epoch: [3]  [1360/1786]  eta: 0:05:32  lr: 0.000033  train_loss: 0.3268 (0.3173)  train_iou: 0.6475 (0.6357)  time: 0.7533  data: 0.0104  max mem: 14458
Epoch: [3]  [1380/1786]  eta: 0:05:16  lr: 0.000033  train_loss: 0.2745 (0.3170)  train_iou: 0.6335 (0.6353)  time: 0.7534  data: 0.0128  max mem: 14458
slurmstepd: error: *** JOB 134142 ON d3230 CANCELLED AT 2025-04-21T14:46:12 ***
