Architecture:                       x86_64
CPU op-mode(s):                     32-bit, 64-bit
Address sizes:                      52 bits physical, 57 bits virtual
Byte Order:                         Little Endian
CPU(s):                             36
On-line CPU(s) list:                0-35
Vendor ID:                          GenuineIntel
Model name:                         Intel(R) Xeon(R) Gold 6354 CPU @ 3.00GHz
CPU family:                         6
Model:                              106
Thread(s) per core:                 1
Core(s) per socket:                 18
Socket(s):                          2
Stepping:                           6
CPU max MHz:                        3600.0000
CPU min MHz:                        800.0000
BogoMIPS:                           6000.00
Flags:                              fpu vme de pse tsc msr pae mce cx8 apic sep mtrr pge mca cmov pat pse36 clflush dts acpi mmx fxsr sse sse2 ss ht tm pbe syscall nx pdpe1gb rdtscp lm constant_tsc art arch_perfmon pebs bts rep_good nopl xtopology nonstop_tsc cpuid aperfmperf pni pclmulqdq dtes64 monitor ds_cpl vmx smx est tm2 ssse3 sdbg fma cx16 xtpr pdcm pcid dca sse4_1 sse4_2 x2apic movbe popcnt tsc_deadline_timer aes xsave avx f16c rdrand lahf_lm abm 3dnowprefetch cpuid_fault epb cat_l3 invpcid_single ssbd mba ibrs ibpb stibp ibrs_enhanced tpr_shadow flexpriority ept vpid ept_ad fsgsbase tsc_adjust bmi1 avx2 smep bmi2 erms invpcid cqm rdt_a avx512f avx512dq rdseed adx smap avx512ifma clflushopt clwb intel_pt avx512cd sha_ni avx512bw avx512vl xsaveopt xsavec xgetbv1 xsaves cqm_llc cqm_occup_llc cqm_mbm_total cqm_mbm_local split_lock_detect wbnoinvd dtherm ida arat pln pts vnmi avx512vbmi umip pku ospke avx512_vbmi2 gfni vaes vpclmulqdq avx512_vnni avx512_bitalg tme avx512_vpopcntdq la57 rdpid fsrm md_clear pconfig flush_l1d arch_capabilities
Virtualization:                     VT-x
L1d cache:                          1.7 MiB (36 instances)
L1i cache:                          1.1 MiB (36 instances)
L2 cache:                           45 MiB (36 instances)
L3 cache:                           78 MiB (2 instances)
NUMA node(s):                       2
NUMA node0 CPU(s):                  0-17
NUMA node1 CPU(s):                  18-35
Vulnerability Gather data sampling: Mitigation; Microcode
Vulnerability Itlb multihit:        Not affected
Vulnerability L1tf:                 Not affected
Vulnerability Mds:                  Not affected
Vulnerability Meltdown:             Not affected
Vulnerability Mmio stale data:      Mitigation; Clear CPU buffers; SMT disabled
Vulnerability Retbleed:             Not affected
Vulnerability Spec rstack overflow: Not affected
Vulnerability Spec store bypass:    Mitigation; Speculative Store Bypass disabled via prctl
Vulnerability Spectre v1:           Mitigation; usercopy/swapgs barriers and __user pointer sanitization
Vulnerability Spectre v2:           Mitigation; Enhanced / Automatic IBRS, IBPB conditional, RSB filling, PBRSB-eIBRS SW sequence
Vulnerability Srbds:                Not affected
Vulnerability Tsx async abort:      Not affected
Sun Apr 20 16:11:49 2025       
+---------------------------------------------------------------------------------------+
| NVIDIA-SMI 545.23.08              Driver Version: 545.23.08    CUDA Version: 12.3     |
|-----------------------------------------+----------------------+----------------------+
| GPU  Name                 Persistence-M | Bus-Id        Disp.A | Volatile Uncorr. ECC |
| Fan  Temp   Perf          Pwr:Usage/Cap |         Memory-Usage | GPU-Util  Compute M. |
|                                         |                      |               MIG M. |
|=========================================+======================+======================|
|   0  NVIDIA L40                     On  | 00000000:4F:00.0 Off |                    0 |
| N/A   36C    P0              60W / 300W |      4MiB / 46068MiB |      0%      Default |
|                                         |                      |                  N/A |
+-----------------------------------------+----------------------+----------------------+
|   1  NVIDIA L40                     On  | 00000000:52:00.0 Off |                    0 |
| N/A   37C    P0              60W / 300W |      4MiB / 46068MiB |      0%      Default |
|                                         |                      |                  N/A |
+-----------------------------------------+----------------------+----------------------+
                                                                                         
+---------------------------------------------------------------------------------------+
| Processes:                                                                            |
|  GPU   GI   CI        PID   Type   Process name                            GPU Memory |
|        ID   ID                                                             Usage      |
|=======================================================================================|
|  No running processes found                                                           |
+---------------------------------------------------------------------------------------+
/home/akula.ha/.conda/envs/refseg/lib/python3.10/site-packages/torch/distributed/launch.py:181: FutureWarning: The module torch.distributed.launch is deprecated
and will be removed in future. Use torchrun.
Note that --use-env is set by default in torchrun.
If your script expects `--local-rank` argument to be set, please
change it to read from `os.environ['LOCAL_RANK']` instead. See 
https://pytorch.org/docs/stable/distributed.html#launch-utility for 
further instructions

  warnings.warn(
[2025-04-20 16:11:52,799] torch.distributed.run: [WARNING] 
[2025-04-20 16:11:52,799] torch.distributed.run: [WARNING] *****************************************
[2025-04-20 16:11:52,799] torch.distributed.run: [WARNING] Setting OMP_NUM_THREADS environment variable for each process to be 1 in default, to avoid your system being overloaded, please further tune the variable for optimal performance in your application as needed. 
[2025-04-20 16:11:52,799] torch.distributed.run: [WARNING] *****************************************
| distributed init (rank 0): env://
| distributed init (rank 1): env://
Namespace(batch_size=14, epochs=50, model='ReMamber_Conv', pretrain_path='./pretrain', input_size=480, drop=0.0, drop_path=0.1, model_ema=False, model_ema_decay=0.9999, model_ema_force_cpu=False, opt='adamw', opt_eps=1e-08, opt_betas=None, clip_grad=None, momentum=0.9, weight_decay=0.0001, sched='cosine', lr=3.3e-05, lr_decoder=3.3e-05, lr_backbone=1.65e-05, lr_vssm=1.65e-05, warmup_lr=1e-06, min_lr=3e-07, decay_epochs=13.0, warmup_epochs=2, cooldown_epochs=10, patience_epochs=10, decay_rate=0.1, train_mode=True, finetune='pretrain/ReMamber_Conv.pth', data_path='./ref_dataset/data', data_set='refzom', output_dir='./l_outputs', device='cuda', seed=0, resume='l_outputs/ReMamber_Conv_nodadapter/checkpoint_model:8332023f.pth', start_epoch=0, eval=False, dist_eval=False, num_workers=8, pin_mem=True, distributed=True, world_size=2, dist_url='env://', if_amp=True, debug_mode=False, local_rank=0, model_title='model', logging='model', decoder_adapter=False, continue_lr=None, partial_freeze=True, single_epoch=True, rank=0, gpu=0, dist_backend='nccl')
True val
./ref_dataset/data refzom zom
loading dataset refzom into memory...
creating index...
index created.
DONE (t=14.51s)
Preparing dataset ......
False val
./ref_dataset/data refzom zom
loading dataset refzom into memory...
creating index...
index created.
DONE (t=14.37s)
Preparing dataset ......
length of train set: 57624
length of val set: 15406
/home/akula.ha/.conda/envs/refseg/lib/python3.10/site-packages/torch/utils/data/dataloader.py:557: UserWarning: This DataLoader will create 8 worker processes in total. Our suggested max number of worker in current system is 1, which is smaller than what this DataLoader is going to create. Please be aware that excessive worker creation might get DataLoader running slow or even freeze, lower the worker number to avoid potential slowness/freeze if necessary.
  warnings.warn(_create_warning_msg(
Creating model: ReMamber_Conv
/home/akula.ha/.conda/envs/refseg/lib/python3.10/site-packages/torch/utils/data/dataloader.py:557: UserWarning: This DataLoader will create 8 worker processes in total. Our suggested max number of worker in current system is 1, which is smaller than what this DataLoader is going to create. Please be aware that excessive worker creation might get DataLoader running slow or even freeze, lower the worker number to avoid potential slowness/freeze if necessary.
  warnings.warn(_create_warning_msg(
kwargs {}
number of params: 19461889
Loaded checkpoint from 'l_outputs/ReMamber_Conv_nodadapter/checkpoint_model:8332023f.pth'
Continuing training from epoch 1...
Model id is - model:740448c5
length of train set: 57624
length of val set: 5000
Start training for 50 epochs
Learning rate: 3.3e-05
/home/akula.ha/.conda/envs/refseg/lib/python3.10/site-packages/torch/autograd/__init__.py:251: UserWarning: Grad strides do not match bucket view strides. This may indicate grad was not created according to the gradient layout contract, or that the param's strides changed since DDP was constructed.  This is not an error, but may impair performance.
grad.sizes() = [512, 768, 1, 1], strides() = [768, 1, 768, 768]
bucket_view.sizes() = [512, 768, 1, 1], strides() = [768, 1, 1, 1] (Triggered internally at ../torch/csrc/distributed/c10d/reducer.cpp:320.)
  Variable._execution_engine.run_backward(  # Calls into the C++ engine to run the backward pass
/home/akula.ha/.conda/envs/refseg/lib/python3.10/site-packages/torch/autograd/__init__.py:251: UserWarning: Grad strides do not match bucket view strides. This may indicate grad was not created according to the gradient layout contract, or that the param's strides changed since DDP was constructed.  This is not an error, but may impair performance.
grad.sizes() = [512, 768, 1, 1], strides() = [768, 1, 768, 768]
bucket_view.sizes() = [512, 768, 1, 1], strides() = [768, 1, 1, 1] (Triggered internally at ../torch/csrc/distributed/c10d/reducer.cpp:320.)
  Variable._execution_engine.run_backward(  # Calls into the C++ engine to run the backward pass
Epoch: [1]  [   0/2058]  eta: 15:06:56  lr: 0.000017  train_loss: 0.9312 (0.9312)  train_iou: 0.5617 (0.5617)  time: 26.4414  data: 11.5243  max mem: 15510
Epoch: [1]  [  20/2058]  eta: 1:07:12  lr: 0.000017  train_loss: 0.7636 (0.8713)  train_iou: 0.5145 (0.5426)  time: 0.7553  data: 0.0126  max mem: 15510
Epoch: [1]  [  40/2058]  eta: 0:46:34  lr: 0.000017  train_loss: 0.6113 (0.8081)  train_iou: 0.5845 (0.5584)  time: 0.7619  data: 0.0192  max mem: 15510
Epoch: [1]  [  60/2058]  eta: 0:39:24  lr: 0.000017  train_loss: 0.7763 (0.8050)  train_iou: 0.4834 (0.5391)  time: 0.7697  data: 0.0139  max mem: 15510
Epoch: [1]  [  80/2058]  eta: 0:35:40  lr: 0.000017  train_loss: 0.6573 (0.7781)  train_iou: 0.5211 (0.5434)  time: 0.7728  data: 0.0159  max mem: 15510
Epoch: [1]  [ 100/2058]  eta: 0:33:19  lr: 0.000017  train_loss: 0.5917 (0.7565)  train_iou: 0.6476 (0.5567)  time: 0.7744  data: 0.0165  max mem: 15510
Epoch: [1]  [ 120/2058]  eta: 0:31:36  lr: 0.000017  train_loss: 0.6094 (0.7292)  train_iou: 0.5511 (0.5600)  time: 0.7653  data: 0.0135  max mem: 15510
Epoch: [1]  [ 140/2058]  eta: 0:30:17  lr: 0.000017  train_loss: 0.5979 (0.7104)  train_iou: 0.5914 (0.5670)  time: 0.7580  data: 0.0125  max mem: 15510
Epoch: [1]  [ 160/2058]  eta: 0:29:15  lr: 0.000017  train_loss: 0.7029 (0.7122)  train_iou: 0.5359 (0.5640)  time: 0.7673  data: 0.0206  max mem: 15510
Epoch: [1]  [ 180/2058]  eta: 0:28:23  lr: 0.000017  train_loss: 0.5780 (0.6967)  train_iou: 0.6044 (0.5679)  time: 0.7628  data: 0.0184  max mem: 15510
Epoch: [1]  [ 200/2058]  eta: 0:27:39  lr: 0.000017  train_loss: 0.5551 (0.6845)  train_iou: 0.5810 (0.5710)  time: 0.7669  data: 0.0118  max mem: 15510
Epoch: [1]  [ 220/2058]  eta: 0:27:00  lr: 0.000017  train_loss: 0.5664 (0.6741)  train_iou: 0.5818 (0.5717)  time: 0.7670  data: 0.0168  max mem: 15510
Epoch: [1]  [ 240/2058]  eta: 0:26:26  lr: 0.000017  train_loss: 0.5214 (0.6651)  train_iou: 0.6055 (0.5756)  time: 0.7739  data: 0.0199  max mem: 15510
Epoch: [1]  [ 260/2058]  eta: 0:25:54  lr: 0.000017  train_loss: 0.5174 (0.6561)  train_iou: 0.6206 (0.5785)  time: 0.7668  data: 0.0185  max mem: 15510
Epoch: [1]  [ 280/2058]  eta: 0:25:25  lr: 0.000017  train_loss: 0.5806 (0.6514)  train_iou: 0.5801 (0.5786)  time: 0.7688  data: 0.0185  max mem: 15510
Epoch: [1]  [ 300/2058]  eta: 0:24:58  lr: 0.000017  train_loss: 0.5209 (0.6449)  train_iou: 0.6044 (0.5807)  time: 0.7723  data: 0.0168  max mem: 15510
Epoch: [1]  [ 320/2058]  eta: 0:24:32  lr: 0.000017  train_loss: 0.5505 (0.6406)  train_iou: 0.5802 (0.5813)  time: 0.7714  data: 0.0173  max mem: 15510
Epoch: [1]  [ 340/2058]  eta: 0:24:07  lr: 0.000017  train_loss: 0.5588 (0.6359)  train_iou: 0.5931 (0.5824)  time: 0.7728  data: 0.0128  max mem: 15510
Epoch: [1]  [ 360/2058]  eta: 0:23:45  lr: 0.000017  train_loss: 0.5715 (0.6344)  train_iou: 0.5537 (0.5826)  time: 0.7793  data: 0.0226  max mem: 15510
Epoch: [1]  [ 380/2058]  eta: 0:23:22  lr: 0.000017  train_loss: 0.5174 (0.6295)  train_iou: 0.5805 (0.5830)  time: 0.7707  data: 0.0202  max mem: 15510
Epoch: [1]  [ 400/2058]  eta: 0:23:01  lr: 0.000017  train_loss: 0.6041 (0.6275)  train_iou: 0.5930 (0.5831)  time: 0.7814  data: 0.0152  max mem: 15510
Epoch: [1]  [ 420/2058]  eta: 0:22:39  lr: 0.000017  train_loss: 0.5024 (0.6232)  train_iou: 0.6169 (0.5834)  time: 0.7700  data: 0.0141  max mem: 15510
Epoch: [1]  [ 440/2058]  eta: 0:22:18  lr: 0.000017  train_loss: 0.4595 (0.6163)  train_iou: 0.6474 (0.5866)  time: 0.7727  data: 0.0162  max mem: 15510
Epoch: [1]  [ 460/2058]  eta: 0:21:58  lr: 0.000017  train_loss: 0.4955 (0.6132)  train_iou: 0.5747 (0.5867)  time: 0.7734  data: 0.0155  max mem: 15510
Epoch: [1]  [ 480/2058]  eta: 0:21:38  lr: 0.000017  train_loss: 0.5468 (0.6103)  train_iou: 0.5585 (0.5864)  time: 0.7783  data: 0.0211  max mem: 15510
Epoch: [1]  [ 500/2058]  eta: 0:21:19  lr: 0.000017  train_loss: 0.4487 (0.6050)  train_iou: 0.6379 (0.5887)  time: 0.7778  data: 0.0222  max mem: 15510
Epoch: [1]  [ 520/2058]  eta: 0:21:00  lr: 0.000017  train_loss: 0.4679 (0.6008)  train_iou: 0.6528 (0.5899)  time: 0.7778  data: 0.0217  max mem: 15510
Epoch: [1]  [ 540/2058]  eta: 0:20:41  lr: 0.000017  train_loss: 0.5361 (0.5992)  train_iou: 0.5919 (0.5899)  time: 0.7790  data: 0.0183  max mem: 15510
Epoch: [1]  [ 560/2058]  eta: 0:20:23  lr: 0.000017  train_loss: 0.5142 (0.5968)  train_iou: 0.5965 (0.5903)  time: 0.7792  data: 0.0182  max mem: 15510
Epoch: [1]  [ 580/2058]  eta: 0:20:05  lr: 0.000017  train_loss: 0.4895 (0.5942)  train_iou: 0.6482 (0.5916)  time: 0.7830  data: 0.0158  max mem: 15510
Epoch: [1]  [ 600/2058]  eta: 0:19:47  lr: 0.000017  train_loss: 0.4880 (0.5922)  train_iou: 0.6588 (0.5924)  time: 0.7770  data: 0.0155  max mem: 15510
Epoch: [1]  [ 620/2058]  eta: 0:19:28  lr: 0.000017  train_loss: 0.5059 (0.5888)  train_iou: 0.6094 (0.5939)  time: 0.7717  data: 0.0222  max mem: 15510
Epoch: [1]  [ 640/2058]  eta: 0:19:11  lr: 0.000017  train_loss: 0.4959 (0.5866)  train_iou: 0.6084 (0.5945)  time: 0.7819  data: 0.0175  max mem: 15510
Epoch: [1]  [ 660/2058]  eta: 0:18:54  lr: 0.000017  train_loss: 0.5288 (0.5847)  train_iou: 0.6007 (0.5954)  time: 0.7873  data: 0.0214  max mem: 15510
Epoch: [1]  [ 680/2058]  eta: 0:18:36  lr: 0.000017  train_loss: 0.4923 (0.5827)  train_iou: 0.6084 (0.5960)  time: 0.7786  data: 0.0199  max mem: 15510
Epoch: [1]  [ 700/2058]  eta: 0:18:19  lr: 0.000017  train_loss: 0.4963 (0.5808)  train_iou: 0.6079 (0.5962)  time: 0.7803  data: 0.0236  max mem: 15510
Epoch: [1]  [ 720/2058]  eta: 0:18:01  lr: 0.000017  train_loss: 0.4669 (0.5793)  train_iou: 0.6068 (0.5961)  time: 0.7752  data: 0.0176  max mem: 15510
Epoch: [1]  [ 740/2058]  eta: 0:17:43  lr: 0.000017  train_loss: 0.4612 (0.5766)  train_iou: 0.6072 (0.5970)  time: 0.7629  data: 0.0145  max mem: 15510
Epoch: [1]  [ 760/2058]  eta: 0:17:26  lr: 0.000017  train_loss: 0.5177 (0.5752)  train_iou: 0.5652 (0.5973)  time: 0.7577  data: 0.0110  max mem: 15510
Epoch: [1]  [ 780/2058]  eta: 0:17:08  lr: 0.000017  train_loss: 0.5084 (0.5733)  train_iou: 0.6019 (0.5975)  time: 0.7628  data: 0.0127  max mem: 15510
Epoch: [1]  [ 800/2058]  eta: 0:16:51  lr: 0.000017  train_loss: 0.4443 (0.5712)  train_iou: 0.6336 (0.5990)  time: 0.7649  data: 0.0143  max mem: 15510
Epoch: [1]  [ 820/2058]  eta: 0:16:33  lr: 0.000017  train_loss: 0.4960 (0.5699)  train_iou: 0.6207 (0.5994)  time: 0.7596  data: 0.0102  max mem: 15510
Epoch: [1]  [ 840/2058]  eta: 0:16:16  lr: 0.000017  train_loss: 0.4752 (0.5683)  train_iou: 0.6413 (0.6003)  time: 0.7618  data: 0.0109  max mem: 15510
Epoch: [1]  [ 860/2058]  eta: 0:15:59  lr: 0.000017  train_loss: 0.4791 (0.5669)  train_iou: 0.6006 (0.6001)  time: 0.7671  data: 0.0136  max mem: 15510
Epoch: [1]  [ 880/2058]  eta: 0:15:42  lr: 0.000017  train_loss: 0.4348 (0.5648)  train_iou: 0.6204 (0.6004)  time: 0.7612  data: 0.0096  max mem: 15510
Epoch: [1]  [ 900/2058]  eta: 0:15:25  lr: 0.000017  train_loss: 0.4358 (0.5628)  train_iou: 0.6463 (0.6013)  time: 0.7640  data: 0.0125  max mem: 15510
Epoch: [1]  [ 920/2058]  eta: 0:15:08  lr: 0.000017  train_loss: 0.4877 (0.5622)  train_iou: 0.5980 (0.6013)  time: 0.7558  data: 0.0126  max mem: 15510
Epoch: [1]  [ 940/2058]  eta: 0:14:51  lr: 0.000017  train_loss: 0.4895 (0.5608)  train_iou: 0.6106 (0.6016)  time: 0.7512  data: 0.0091  max mem: 15510
Epoch: [1]  [ 960/2058]  eta: 0:14:34  lr: 0.000017  train_loss: 0.4919 (0.5592)  train_iou: 0.6340 (0.6026)  time: 0.7524  data: 0.0126  max mem: 15510
Epoch: [1]  [ 980/2058]  eta: 0:14:17  lr: 0.000017  train_loss: 0.4761 (0.5573)  train_iou: 0.6326 (0.6033)  time: 0.7639  data: 0.0106  max mem: 15510
Epoch: [1]  [1000/2058]  eta: 0:14:00  lr: 0.000017  train_loss: 0.5321 (0.5569)  train_iou: 0.6177 (0.6036)  time: 0.7425  data: 0.0068  max mem: 15510
Epoch: [1]  [1020/2058]  eta: 0:13:43  lr: 0.000017  train_loss: 0.4876 (0.5558)  train_iou: 0.6136 (0.6036)  time: 0.7443  data: 0.0080  max mem: 15510
Epoch: [1]  [1040/2058]  eta: 0:13:27  lr: 0.000017  train_loss: 0.4262 (0.5534)  train_iou: 0.6414 (0.6046)  time: 0.7565  data: 0.0096  max mem: 15510
Epoch: [1]  [1060/2058]  eta: 0:13:10  lr: 0.000017  train_loss: 0.4905 (0.5529)  train_iou: 0.5898 (0.6048)  time: 0.7452  data: 0.0109  max mem: 15510
Epoch: [1]  [1080/2058]  eta: 0:12:53  lr: 0.000017  train_loss: 0.5173 (0.5525)  train_iou: 0.5737 (0.6043)  time: 0.7493  data: 0.0084  max mem: 15510
Epoch: [1]  [1100/2058]  eta: 0:12:37  lr: 0.000017  train_loss: 0.4259 (0.5510)  train_iou: 0.6223 (0.6048)  time: 0.7469  data: 0.0155  max mem: 15510
Epoch: [1]  [1120/2058]  eta: 0:12:20  lr: 0.000017  train_loss: 0.4454 (0.5491)  train_iou: 0.6472 (0.6055)  time: 0.7411  data: 0.0120  max mem: 15510
Epoch: [1]  [1140/2058]  eta: 0:12:04  lr: 0.000017  train_loss: 0.4688 (0.5475)  train_iou: 0.5974 (0.6057)  time: 0.7490  data: 0.0092  max mem: 15510
Epoch: [1]  [1160/2058]  eta: 0:11:47  lr: 0.000017  train_loss: 0.4973 (0.5466)  train_iou: 0.5843 (0.6057)  time: 0.7554  data: 0.0141  max mem: 15510
Epoch: [1]  [1180/2058]  eta: 0:11:31  lr: 0.000017  train_loss: 0.4472 (0.5451)  train_iou: 0.6190 (0.6061)  time: 0.7516  data: 0.0089  max mem: 15510
Epoch: [1]  [1200/2058]  eta: 0:11:15  lr: 0.000017  train_loss: 0.4804 (0.5442)  train_iou: 0.5935 (0.6061)  time: 0.7456  data: 0.0110  max mem: 15510
Epoch: [1]  [1220/2058]  eta: 0:10:58  lr: 0.000017  train_loss: 0.4856 (0.5437)  train_iou: 0.5986 (0.6066)  time: 0.7494  data: 0.0132  max mem: 15510
Epoch: [1]  [1240/2058]  eta: 0:10:42  lr: 0.000017  train_loss: 0.4110 (0.5421)  train_iou: 0.6700 (0.6072)  time: 0.7514  data: 0.0111  max mem: 15510
Epoch: [1]  [1260/2058]  eta: 0:10:26  lr: 0.000017  train_loss: 0.5108 (0.5417)  train_iou: 0.5978 (0.6074)  time: 0.7521  data: 0.0119  max mem: 15510
Epoch: [1]  [1280/2058]  eta: 0:10:10  lr: 0.000017  train_loss: 0.5003 (0.5407)  train_iou: 0.5983 (0.6077)  time: 0.7480  data: 0.0124  max mem: 15510
Epoch: [1]  [1300/2058]  eta: 0:09:54  lr: 0.000017  train_loss: 0.4237 (0.5392)  train_iou: 0.6530 (0.6082)  time: 0.7451  data: 0.0081  max mem: 15510
Epoch: [1]  [1320/2058]  eta: 0:09:38  lr: 0.000017  train_loss: 0.4652 (0.5384)  train_iou: 0.6284 (0.6087)  time: 0.7506  data: 0.0112  max mem: 15510
Epoch: [1]  [1340/2058]  eta: 0:09:22  lr: 0.000017  train_loss: 0.4131 (0.5377)  train_iou: 0.6535 (0.6093)  time: 0.7509  data: 0.0092  max mem: 15510
Epoch: [1]  [1360/2058]  eta: 0:09:06  lr: 0.000017  train_loss: 0.4612 (0.5366)  train_iou: 0.6225 (0.6096)  time: 0.7528  data: 0.0106  max mem: 15510
Epoch: [1]  [1380/2058]  eta: 0:08:50  lr: 0.000017  train_loss: 0.4605 (0.5358)  train_iou: 0.6270 (0.6100)  time: 0.7546  data: 0.0092  max mem: 15510
Epoch: [1]  [1400/2058]  eta: 0:08:34  lr: 0.000017  train_loss: 0.5166 (0.5361)  train_iou: 0.5907 (0.6101)  time: 0.7438  data: 0.0148  max mem: 15510
Epoch: [1]  [1420/2058]  eta: 0:08:18  lr: 0.000017  train_loss: 0.4684 (0.5352)  train_iou: 0.6180 (0.6102)  time: 0.7456  data: 0.0085  max mem: 15510
Epoch: [1]  [1440/2058]  eta: 0:08:02  lr: 0.000017  train_loss: 0.4549 (0.5345)  train_iou: 0.6245 (0.6103)  time: 0.7543  data: 0.0110  max mem: 15510
Epoch: [1]  [1460/2058]  eta: 0:07:46  lr: 0.000017  train_loss: 0.5407 (0.5346)  train_iou: 0.5684 (0.6099)  time: 0.7580  data: 0.0103  max mem: 15510
Epoch: [1]  [1480/2058]  eta: 0:07:30  lr: 0.000017  train_loss: 0.4552 (0.5342)  train_iou: 0.6210 (0.6102)  time: 0.7535  data: 0.0088  max mem: 15510
Epoch: [1]  [1500/2058]  eta: 0:07:15  lr: 0.000017  train_loss: 0.4916 (0.5332)  train_iou: 0.6292 (0.6107)  time: 0.7464  data: 0.0122  max mem: 15510
Epoch: [1]  [1520/2058]  eta: 0:06:59  lr: 0.000017  train_loss: 0.4699 (0.5326)  train_iou: 0.6321 (0.6106)  time: 0.7451  data: 0.0082  max mem: 15510
Epoch: [1]  [1540/2058]  eta: 0:06:43  lr: 0.000017  train_loss: 0.5371 (0.5327)  train_iou: 0.6053 (0.6104)  time: 0.7474  data: 0.0103  max mem: 15510
Epoch: [1]  [1560/2058]  eta: 0:06:27  lr: 0.000017  train_loss: 0.5041 (0.5324)  train_iou: 0.5666 (0.6100)  time: 0.7528  data: 0.0095  max mem: 15510
Epoch: [1]  [1580/2058]  eta: 0:06:11  lr: 0.000017  train_loss: 0.4724 (0.5318)  train_iou: 0.6098 (0.6101)  time: 0.7517  data: 0.0122  max mem: 15510
Epoch: [1]  [1600/2058]  eta: 0:05:56  lr: 0.000017  train_loss: 0.4462 (0.5312)  train_iou: 0.6065 (0.6101)  time: 0.7488  data: 0.0073  max mem: 15510
Epoch: [1]  [1620/2058]  eta: 0:05:40  lr: 0.000017  train_loss: 0.3865 (0.5301)  train_iou: 0.6433 (0.6106)  time: 0.7514  data: 0.0097  max mem: 15510
Epoch: [1]  [1640/2058]  eta: 0:05:24  lr: 0.000017  train_loss: 0.5355 (0.5302)  train_iou: 0.5841 (0.6102)  time: 0.7551  data: 0.0095  max mem: 15510
Epoch: [1]  [1660/2058]  eta: 0:05:09  lr: 0.000017  train_loss: 0.4939 (0.5296)  train_iou: 0.6053 (0.6103)  time: 0.7459  data: 0.0111  max mem: 15510
Epoch: [1]  [1680/2058]  eta: 0:04:53  lr: 0.000017  train_loss: 0.4744 (0.5289)  train_iou: 0.6102 (0.6106)  time: 0.7564  data: 0.0079  max mem: 15510
Epoch: [1]  [1700/2058]  eta: 0:04:37  lr: 0.000017  train_loss: 0.3625 (0.5276)  train_iou: 0.6828 (0.6113)  time: 0.7521  data: 0.0076  max mem: 15510
Epoch: [1]  [1720/2058]  eta: 0:04:22  lr: 0.000017  train_loss: 0.4446 (0.5270)  train_iou: 0.6203 (0.6115)  time: 0.7390  data: 0.0069  max mem: 15510
Epoch: [1]  [1740/2058]  eta: 0:04:06  lr: 0.000017  train_loss: 0.4674 (0.5266)  train_iou: 0.6037 (0.6115)  time: 0.7434  data: 0.0117  max mem: 15510
Epoch: [1]  [1760/2058]  eta: 0:03:50  lr: 0.000017  train_loss: 0.4633 (0.5260)  train_iou: 0.6346 (0.6117)  time: 0.7387  data: 0.0110  max mem: 15510
Epoch: [1]  [1780/2058]  eta: 0:03:35  lr: 0.000017  train_loss: 0.4719 (0.5259)  train_iou: 0.5923 (0.6116)  time: 0.7386  data: 0.0057  max mem: 15510
Epoch: [1]  [1800/2058]  eta: 0:03:19  lr: 0.000017  train_loss: 0.4322 (0.5246)  train_iou: 0.6486 (0.6122)  time: 0.7466  data: 0.0148  max mem: 15510
Epoch: [1]  [1820/2058]  eta: 0:03:04  lr: 0.000017  train_loss: 0.4054 (0.5237)  train_iou: 0.6463 (0.6125)  time: 0.7380  data: 0.0116  max mem: 15510
Epoch: [1]  [1840/2058]  eta: 0:02:48  lr: 0.000017  train_loss: 0.4085 (0.5229)  train_iou: 0.6389 (0.6128)  time: 0.7383  data: 0.0099  max mem: 15510
Epoch: [1]  [1860/2058]  eta: 0:02:33  lr: 0.000017  train_loss: 0.4285 (0.5223)  train_iou: 0.6265 (0.6130)  time: 0.7422  data: 0.0113  max mem: 15510
Epoch: [1]  [1880/2058]  eta: 0:02:17  lr: 0.000017  train_loss: 0.4611 (0.5217)  train_iou: 0.6235 (0.6131)  time: 0.7432  data: 0.0088  max mem: 15510
Epoch: [1]  [1900/2058]  eta: 0:02:02  lr: 0.000017  train_loss: 0.4768 (0.5213)  train_iou: 0.5965 (0.6131)  time: 0.7395  data: 0.0102  max mem: 15510
Epoch: [1]  [1920/2058]  eta: 0:01:46  lr: 0.000017  train_loss: 0.4559 (0.5207)  train_iou: 0.6106 (0.6132)  time: 0.7372  data: 0.0108  max mem: 15510
Epoch: [1]  [1940/2058]  eta: 0:01:31  lr: 0.000017  train_loss: 0.4094 (0.5199)  train_iou: 0.6628 (0.6137)  time: 0.7388  data: 0.0094  max mem: 15510
Epoch: [1]  [1960/2058]  eta: 0:01:15  lr: 0.000017  train_loss: 0.4464 (0.5196)  train_iou: 0.6406 (0.6139)  time: 0.7410  data: 0.0137  max mem: 15510
Epoch: [1]  [1980/2058]  eta: 0:01:00  lr: 0.000017  train_loss: 0.4235 (0.5192)  train_iou: 0.6322 (0.6142)  time: 0.7446  data: 0.0108  max mem: 15510
Epoch: [1]  [2000/2058]  eta: 0:00:44  lr: 0.000017  train_loss: 0.3526 (0.5181)  train_iou: 0.6825 (0.6149)  time: 0.7437  data: 0.0107  max mem: 15510
Epoch: [1]  [2020/2058]  eta: 0:00:29  lr: 0.000017  train_loss: 0.4898 (0.5179)  train_iou: 0.5937 (0.6147)  time: 0.7432  data: 0.0106  max mem: 15510
Epoch: [1]  [2040/2058]  eta: 0:00:13  lr: 0.000017  train_loss: 0.4525 (0.5175)  train_iou: 0.6212 (0.6149)  time: 0.7449  data: 0.0094  max mem: 15510
Epoch: [1]  [2057/2058]  eta: 0:00:00  lr: 0.000017  train_loss: 0.4296 (0.5172)  train_iou: 0.6655 (0.6150)  time: 0.5712  data: 0.0024  max mem: 15510
Epoch: [1] Total time: 0:26:22 (0.7690 s / it)
Averaged stats: lr: 0.000017  train_loss: 0.4296 (0.5191)  train_iou: 0.6655 (0.6137)
huggingface/tokenizers: The current process just got forked, after parallelism has already been used. Disabling parallelism to avoid deadlocks...
To disable this warning, you can either:
	- Avoid using `tokenizers` before the fork if possible
	- Explicitly set the environment variable TOKENIZERS_PARALLELISM=(true | false)
huggingface/tokenizers: The current process just got forked, after parallelism has already been used. Disabling parallelism to avoid deadlocks...
To disable this warning, you can either:
	- Avoid using `tokenizers` before the fork if possible
	- Explicitly set the environment variable TOKENIZERS_PARALLELISM=(true | false)
huggingface/tokenizers: The current process just got forked, after parallelism has already been used. Disabling parallelism to avoid deadlocks...
To disable this warning, you can either:
	- Avoid using `tokenizers` before the fork if possible
	- Explicitly set the environment variable TOKENIZERS_PARALLELISM=(true | false)
huggingface/tokenizers: The current process just got forked, after parallelism has already been used. Disabling parallelism to avoid deadlocks...
To disable this warning, you can either:
	- Avoid using `tokenizers` before the fork if possible
	- Explicitly set the environment variable TOKENIZERS_PARALLELISM=(true | false)
huggingface/tokenizers: The current process just got forked, after parallelism has already been used. Disabling parallelism to avoid deadlocks...
To disable this warning, you can either:
	- Avoid using `tokenizers` before the fork if possible
	- Explicitly set the environment variable TOKENIZERS_PARALLELISM=(true | false)
huggingface/tokenizers: The current process just got forked, after parallelism has already been used. Disabling parallelism to avoid deadlocks...
To disable this warning, you can either:
	- Avoid using `tokenizers` before the fork if possible
	- Explicitly set the environment variable TOKENIZERS_PARALLELISM=(true | false)
huggingface/tokenizers: The current process just got forked, after parallelism has already been used. Disabling parallelism to avoid deadlocks...
To disable this warning, you can either:
	- Avoid using `tokenizers` before the fork if possible
	- Explicitly set the environment variable TOKENIZERS_PARALLELISM=(true | false)
huggingface/tokenizers: The current process just got forked, after parallelism has already been used. Disabling parallelism to avoid deadlocks...
To disable this warning, you can either:
	- Avoid using `tokenizers` before the fork if possible
	- Explicitly set the environment variable TOKENIZERS_PARALLELISM=(true | false)
huggingface/tokenizers: The current process just got forked, after parallelism has already been used. Disabling parallelism to avoid deadlocks...
To disable this warning, you can either:
	- Avoid using `tokenizers` before the fork if possible
	- Explicitly set the environment variable TOKENIZERS_PARALLELISM=(true | false)
huggingface/tokenizers: The current process just got forked, after parallelism has already been used. Disabling parallelism to avoid deadlocks...
To disable this warning, you can either:
	- Avoid using `tokenizers` before the fork if possible
	- Explicitly set the environment variable TOKENIZERS_PARALLELISM=(true | false)
huggingface/tokenizers: The current process just got forked, after parallelism has already been used. Disabling parallelism to avoid deadlocks...
To disable this warning, you can either:
	- Avoid using `tokenizers` before the fork if possible
	- Explicitly set the environment variable TOKENIZERS_PARALLELISM=(true | false)
huggingface/tokenizers: The current process just got forked, after parallelism has already been used. Disabling parallelism to avoid deadlocks...
To disable this warning, you can either:
	- Avoid using `tokenizers` before the fork if possible
	- Explicitly set the environment variable TOKENIZERS_PARALLELISM=(true | false)
huggingface/tokenizers: The current process just got forked, after parallelism has already been used. Disabling parallelism to avoid deadlocks...
To disable this warning, you can either:
	- Avoid using `tokenizers` before the fork if possible
	- Explicitly set the environment variable TOKENIZERS_PARALLELISM=(true | false)
huggingface/tokenizers: The current process just got forked, after parallelism has already been used. Disabling parallelism to avoid deadlocks...
To disable this warning, you can either:
	- Avoid using `tokenizers` before the fork if possible
	- Explicitly set the environment variable TOKENIZERS_PARALLELISM=(true | false)
huggingface/tokenizers: The current process just got forked, after parallelism has already been used. Disabling parallelism to avoid deadlocks...
To disable this warning, you can either:
	- Avoid using `tokenizers` before the fork if possible
	- Explicitly set the environment variable TOKENIZERS_PARALLELISM=(true | false)
huggingface/tokenizers: The current process just got forked, after parallelism has already been used. Disabling parallelism to avoid deadlocks...
To disable this warning, you can either:
	- Avoid using `tokenizers` before the fork if possible
	- Explicitly set the environment variable TOKENIZERS_PARALLELISM=(true | false)
Test:  [   0/5000]  eta: 4:42:48  inter: 33282.0000 (33282.0000)  union: 37659.0000 (37659.0000)  iou: 0.8838 (0.8838)  time: 3.3936  data: 0.9366  max mem: 15510
Test:  [  50/5000]  eta: 0:24:59  inter: 22596.0000 (23830.5000)  union: 51653.0000 (43270.9219)  iou: 0.4933 (0.5465)  time: 0.1431  data: 0.0052  max mem: 15510
Test:  [ 100/5000]  eta: 0:20:43  inter: 20495.0000 (25594.8824)  union: 46902.0000 (43625.4412)  iou: 0.6272 (0.5827)  time: 0.1435  data: 0.0039  max mem: 15510
Test:  [ 150/5000]  eta: 0:17:34  inter: 17611.0000 (24614.5263)  union: 31779.0000 (40883.0718)  iou: 0.8731 (0.6092)  time: 0.1457  data: 0.0023  max mem: 15510
Test:  [ 200/5000]  eta: 0:15:53  inter: 33602.0000 (25303.3993)  union: 37039.0000 (40633.6117)  iou: 0.7395 (0.6167)  time: 0.1424  data: 0.0053  max mem: 15510
Test:  [ 250/5000]  eta: 0:14:48  inter: 14670.0000 (26966.5422)  union: 32963.0000 (42640.9157)  iou: 0.3187 (0.6088)  time: 0.1412  data: 0.0039  max mem: 15510
Test:  [ 300/5000]  eta: 0:14:05  inter: 20196.0000 (26453.9330)  union: 24479.0000 (42183.3350)  iou: 0.7560 (0.6027)  time: 0.1429  data: 0.0028  max mem: 15510
Test:  [ 350/5000]  eta: 0:13:33  inter: 9050.0000 (25540.9401)  union: 32612.0000 (41838.3698)  iou: 0.4971 (0.5910)  time: 0.1434  data: 0.0047  max mem: 15510
Test:  [ 400/5000]  eta: 0:13:46  inter: 30435.0000 (25101.3482)  union: 36072.0000 (41561.5893)  iou: 0.6421 (0.5902)  time: 0.1409  data: 0.0026  max mem: 15510
Test:  [ 450/5000]  eta: 0:13:19  inter: 13475.0000 (24841.9460)  union: 29159.0000 (41383.0365)  iou: 0.4988 (0.5883)  time: 0.1452  data: 0.0019  max mem: 15510
Test:  [ 500/5000]  eta: 0:12:57  inter: 17269.0000 (25318.6189)  union: 37001.0000 (42161.2063)  iou: 0.5060 (0.5873)  time: 0.1488  data: 0.0036  max mem: 15510
Test:  [ 550/5000]  eta: 0:12:37  inter: 22448.0000 (25364.7082)  union: 27798.0000 (41943.8393)  iou: 0.6631 (0.5922)  time: 0.1444  data: 0.0061  max mem: 15510
Test:  [ 600/5000]  eta: 0:12:19  inter: 9198.0000 (25285.0095)  union: 31258.0000 (41869.8036)  iou: 0.7775 (0.5895)  time: 0.1459  data: 0.0031  max mem: 15510
Test:  [ 650/5000]  eta: 0:12:03  inter: 26358.0000 (25794.4188)  union: 42018.0000 (42337.0099)  iou: 0.6592 (0.5894)  time: 0.1428  data: 0.0037  max mem: 15510
Test:  [ 700/5000]  eta: 0:11:48  inter: 13899.0000 (25348.4107)  union: 28773.0000 (41986.1694)  iou: 0.3925 (0.5840)  time: 0.1411  data: 0.0012  max mem: 15510
Test:  [ 750/5000]  eta: 0:11:35  inter: 22511.0000 (25412.8792)  union: 32219.0000 (41938.0304)  iou: 0.7523 (0.5879)  time: 0.1508  data: 0.0036  max mem: 15510
Test:  [ 800/5000]  eta: 0:11:21  inter: 16088.0000 (25178.0670)  union: 46697.0000 (41498.7482)  iou: 0.7341 (0.5887)  time: 0.1452  data: 0.0024  max mem: 15510
Test:  [ 850/5000]  eta: 0:11:09  inter: 21409.0000 (25268.1682)  union: 40233.0000 (41557.2736)  iou: 0.7096 (0.5901)  time: 0.1430  data: 0.0012  max mem: 15510
Test:  [ 900/5000]  eta: 0:10:57  inter: 10341.0000 (25263.3020)  union: 27852.0000 (41686.7265)  iou: 0.6846 (0.5860)  time: 0.1419  data: 0.0032  max mem: 15510
Test:  [ 950/5000]  eta: 0:10:46  inter: 24463.0000 (25454.3976)  union: 30747.0000 (41763.7839)  iou: 0.7998 (0.5863)  time: 0.1461  data: 0.0067  max mem: 15510
Test:  [1000/5000]  eta: 0:10:35  inter: 22056.0000 (25714.1932)  union: 37712.0000 (41890.4255)  iou: 0.8080 (0.5882)  time: 0.1416  data: 0.0040  max mem: 15510
Test:  [1050/5000]  eta: 0:10:24  inter: 21104.0000 (25744.9714)  union: 36936.0000 (41887.4476)  iou: 0.5964 (0.5880)  time: 0.1465  data: 0.0015  max mem: 15510
Test:  [1100/5000]  eta: 0:10:14  inter: 22194.0000 (25595.9896)  union: 29474.0000 (41657.8516)  iou: 0.6399 (0.5869)  time: 0.1420  data: 0.0027  max mem: 15510
Test:  [1150/5000]  eta: 0:10:04  inter: 10118.0000 (25743.0453)  union: 23999.0000 (41585.8734)  iou: 0.4216 (0.5891)  time: 0.1440  data: 0.0055  max mem: 15510
Test:  [1200/5000]  eta: 0:09:54  inter: 9965.0000 (25624.4275)  union: 28443.0000 (41837.7348)  iou: 0.5299 (0.5855)  time: 0.1441  data: 0.0065  max mem: 15510
Test:  [1250/5000]  eta: 0:09:45  inter: 2158.0000 (25404.1306)  union: 31089.0000 (41559.5327)  iou: 0.0441 (0.5840)  time: 0.1492  data: 0.0041  max mem: 15510
Test:  [1300/5000]  eta: 0:09:36  inter: 15972.0000 (25184.0770)  union: 38625.0000 (41453.7996)  iou: 0.4303 (0.5846)  time: 0.1451  data: 0.0009  max mem: 15510
Test:  [1350/5000]  eta: 0:09:27  inter: 26099.0000 (25255.0058)  union: 34713.0000 (41400.8821)  iou: 0.8144 (0.5860)  time: 0.1481  data: 0.0082  max mem: 15510
Test:  [1400/5000]  eta: 0:09:18  inter: 9869.0000 (25325.4858)  union: 12151.0000 (41527.9605)  iou: 0.7555 (0.5837)  time: 0.1434  data: 0.0057  max mem: 15510
Test:  [1450/5000]  eta: 0:09:08  inter: 20466.0000 (25301.7648)  union: 34552.0000 (41417.4934)  iou: 0.6865 (0.5838)  time: 0.1422  data: 0.0025  max mem: 15510
Test:  [1500/5000]  eta: 0:09:00  inter: 16640.0000 (25311.8283)  union: 48461.0000 (41535.7640)  iou: 0.3920 (0.5815)  time: 0.1461  data: 0.0026  max mem: 15510
Test:  [1550/5000]  eta: 0:08:51  inter: 11586.0000 (25207.6268)  union: 26927.0000 (41412.5397)  iou: 0.8417 (0.5823)  time: 0.1517  data: 0.0055  max mem: 15510
Test:  [1600/5000]  eta: 0:08:50  inter: 11137.0000 (25093.4958)  union: 25735.0000 (41340.3825)  iou: 0.7276 (0.5794)  time: 0.3367  data: 0.0026  max mem: 15510
Test:  [1650/5000]  eta: 0:08:41  inter: 15810.0000 (24988.7371)  union: 33102.0000 (41355.6943)  iou: 0.4635 (0.5780)  time: 0.1473  data: 0.0051  max mem: 15510
Test:  [1700/5000]  eta: 0:08:33  inter: 16914.0000 (24939.5699)  union: 35893.0000 (41410.2228)  iou: 0.7860 (0.5765)  time: 0.1424  data: 0.0030  max mem: 15510
Test:  [1750/5000]  eta: 0:08:24  inter: 19895.0000 (24906.5276)  union: 32664.0000 (41317.8002)  iou: 0.7061 (0.5763)  time: 0.1506  data: 0.0022  max mem: 15510
Test:  [1800/5000]  eta: 0:08:16  inter: 22190.0000 (24779.2199)  union: 45658.0000 (41241.0157)  iou: 0.4051 (0.5749)  time: 0.1518  data: 0.0024  max mem: 15510
Test:  [1850/5000]  eta: 0:08:08  inter: 6003.0000 (24723.9226)  union: 33717.0000 (41343.6828)  iou: 0.2156 (0.5726)  time: 0.1463  data: 0.0055  max mem: 15510
Test:  [1900/5000]  eta: 0:07:59  inter: 40919.0000 (24692.0108)  union: 56388.0000 (41274.6109)  iou: 0.6443 (0.5736)  time: 0.1473  data: 0.0018  max mem: 15510
Test:  [1950/5000]  eta: 0:07:51  inter: 11994.0000 (24654.1844)  union: 17084.0000 (41234.4658)  iou: 0.7046 (0.5732)  time: 0.1475  data: 0.0067  max mem: 15510
Test:  [2000/5000]  eta: 0:07:43  inter: 17131.0000 (24704.7001)  union: 22465.0000 (41191.2057)  iou: 0.6677 (0.5745)  time: 0.1454  data: 0.0019  max mem: 15510
Test:  [2050/5000]  eta: 0:07:34  inter: 13729.0000 (24601.3656)  union: 56205.0000 (41279.7629)  iou: 0.2102 (0.5730)  time: 0.1514  data: 0.0029  max mem: 15510
Test:  [2100/5000]  eta: 0:07:26  inter: 18604.0000 (24589.7374)  union: 35806.0000 (41265.3756)  iou: 0.7665 (0.5737)  time: 0.1435  data: 0.0051  max mem: 15510
Test:  [2150/5000]  eta: 0:07:18  inter: 23845.0000 (24585.0129)  union: 31396.0000 (41299.6649)  iou: 0.5802 (0.5729)  time: 0.1457  data: 0.0016  max mem: 15510
Test:  [2200/5000]  eta: 0:07:10  inter: 13877.0000 (24588.1289)  union: 23030.0000 (41234.1602)  iou: 0.5972 (0.5736)  time: 0.1495  data: 0.0016  max mem: 15510
Test:  [2250/5000]  eta: 0:07:02  inter: 16195.0000 (24456.6164)  union: 37624.0000 (41058.2423)  iou: 0.6615 (0.5723)  time: 0.1443  data: 0.0065  max mem: 15510
Test:  [2300/5000]  eta: 0:06:54  inter: 25209.0000 (24550.6709)  union: 37090.0000 (41036.5322)  iou: 0.6250 (0.5746)  time: 0.1450  data: 0.0030  max mem: 15510
Test:  [2350/5000]  eta: 0:06:46  inter: 18352.0000 (24466.4511)  union: 52090.0000 (41014.2201)  iou: 0.6163 (0.5742)  time: 0.1486  data: 0.0034  max mem: 15510
Test:  [2400/5000]  eta: 0:06:38  inter: 17456.0000 (24512.7672)  union: 33236.0000 (40982.2171)  iou: 0.5253 (0.5747)  time: 0.1507  data: 0.0037  max mem: 15510
Test:  [2450/5000]  eta: 0:06:30  inter: 29006.0000 (24608.7178)  union: 32945.0000 (41024.6010)  iou: 0.8118 (0.5761)  time: 0.1405  data: 0.0023  max mem: 15510
Test:  [2500/5000]  eta: 0:06:22  inter: 25000.0000 (24583.7816)  union: 39571.0000 (41040.2278)  iou: 0.6975 (0.5757)  time: 0.1450  data: 0.0024  max mem: 15510
Test:  [2550/5000]  eta: 0:06:14  inter: 29527.0000 (24678.3084)  union: 37310.0000 (41213.8628)  iou: 0.7870 (0.5758)  time: 0.1545  data: 0.0059  max mem: 15510
Test:  [2600/5000]  eta: 0:06:06  inter: 11291.0000 (24579.3975)  union: 33776.0000 (41152.8642)  iou: 0.3386 (0.5744)  time: 0.1484  data: 0.0065  max mem: 15510
Test:  [2650/5000]  eta: 0:05:58  inter: 16879.0000 (24617.2223)  union: 34365.0000 (41329.4544)  iou: 0.7700 (0.5736)  time: 0.1475  data: 0.0024  max mem: 15510
Test:  [2700/5000]  eta: 0:05:50  inter: 22558.0000 (24697.8288)  union: 30387.0000 (41422.5735)  iou: 0.8379 (0.5744)  time: 0.1487  data: 0.0079  max mem: 15510
Test:  [2750/5000]  eta: 0:05:43  inter: 22796.0000 (24755.2468)  union: 30838.0000 (41561.3214)  iou: 0.6938 (0.5736)  time: 0.1456  data: 0.0034  max mem: 15510
Test:  [2800/5000]  eta: 0:05:35  inter: 14345.0000 (24728.0038)  union: 25830.0000 (41443.5157)  iou: 0.7211 (0.5741)  time: 0.1484  data: 0.0014  max mem: 15510
Test:  [2850/5000]  eta: 0:05:27  inter: 12156.0000 (24859.4781)  union: 33342.0000 (41532.9601)  iou: 0.3242 (0.5737)  time: 0.1457  data: 0.0043  max mem: 15510
Test:  [2900/5000]  eta: 0:05:19  inter: 17515.0000 (24891.3760)  union: 26775.0000 (41623.0620)  iou: 0.7528 (0.5729)  time: 0.1424  data: 0.0036  max mem: 15510
Test:  [2950/5000]  eta: 0:05:11  inter: 19884.0000 (24910.9856)  union: 26282.0000 (41647.8010)  iou: 0.5160 (0.5731)  time: 0.1476  data: 0.0045  max mem: 15510
Test:  [3000/5000]  eta: 0:05:04  inter: 20918.0000 (24875.7414)  union: 32281.0000 (41606.6351)  iou: 0.5725 (0.5725)  time: 0.1511  data: 0.0041  max mem: 15510
Test:  [3050/5000]  eta: 0:04:56  inter: 13548.0000 (24840.4710)  union: 30344.0000 (41646.0813)  iou: 0.4545 (0.5724)  time: 0.1450  data: 0.0021  max mem: 15510
Test:  [3100/5000]  eta: 0:04:48  inter: 22818.0000 (24841.0848)  union: 42072.0000 (41599.7134)  iou: 0.4609 (0.5731)  time: 0.1461  data: 0.0045  max mem: 15510
Test:  [3150/5000]  eta: 0:04:40  inter: 14687.0000 (24741.9364)  union: 22080.0000 (41490.4936)  iou: 0.5695 (0.5728)  time: 0.1469  data: 0.0021  max mem: 15510
Test:  [3200/5000]  eta: 0:04:33  inter: 11760.0000 (24737.6652)  union: 37038.0000 (41512.9482)  iou: 0.4840 (0.5732)  time: 0.1453  data: 0.0012  max mem: 15510
Test:  [3250/5000]  eta: 0:04:25  inter: 15849.0000 (24664.9756)  union: 26076.0000 (41468.0833)  iou: 0.5993 (0.5714)  time: 0.1496  data: 0.0060  max mem: 15510
Test:  [3300/5000]  eta: 0:04:17  inter: 24673.0000 (24758.9092)  union: 47750.0000 (41558.4675)  iou: 0.8335 (0.5708)  time: 0.1533  data: 0.0029  max mem: 15510
Test:  [3350/5000]  eta: 0:04:10  inter: 9722.0000 (24753.6499)  union: 12624.0000 (41578.6768)  iou: 0.7481 (0.5711)  time: 0.1461  data: 0.0065  max mem: 15510
Test:  [3400/5000]  eta: 0:04:02  inter: 25150.0000 (24879.8919)  union: 38267.0000 (41656.7048)  iou: 0.8267 (0.5721)  time: 0.1508  data: 0.0065  max mem: 15510
Test:  [3450/5000]  eta: 0:03:54  inter: 17755.0000 (24881.2256)  union: 31389.0000 (41681.3852)  iou: 0.5214 (0.5721)  time: 0.1461  data: 0.0039  max mem: 15510
Test:  [3500/5000]  eta: 0:03:47  inter: 15135.0000 (24847.0511)  union: 22222.0000 (41595.0339)  iou: 0.4377 (0.5722)  time: 0.1414  data: 0.0016  max mem: 15510
Test:  [3550/5000]  eta: 0:03:39  inter: 26938.0000 (24863.8436)  union: 37137.0000 (41623.2638)  iou: 0.7064 (0.5719)  time: 0.1428  data: 0.0037  max mem: 15510
Test:  [3600/5000]  eta: 0:03:31  inter: 21419.0000 (24793.3484)  union: 36351.0000 (41579.6947)  iou: 0.5079 (0.5707)  time: 0.1443  data: 0.0029  max mem: 15510
Test:  [3650/5000]  eta: 0:03:24  inter: 18373.0000 (24730.0572)  union: 39857.0000 (41567.1797)  iou: 0.4427 (0.5698)  time: 0.1515  data: 0.0060  max mem: 15510
Test:  [3700/5000]  eta: 0:03:16  inter: 20664.0000 (24830.9789)  union: 37003.0000 (41609.9996)  iou: 0.7419 (0.5706)  time: 0.1437  data: 0.0049  max mem: 15510
Test:  [3750/5000]  eta: 0:03:08  inter: 22516.0000 (24864.8310)  union: 44207.0000 (41641.1327)  iou: 0.5286 (0.5715)  time: 0.1431  data: 0.0017  max mem: 15510
Test:  [3800/5000]  eta: 0:03:01  inter: 22147.0000 (24901.2822)  union: 29768.0000 (41625.7960)  iou: 0.5756 (0.5721)  time: 0.1462  data: 0.0035  max mem: 15510
Test:  [3850/5000]  eta: 0:02:53  inter: 23433.0000 (24901.4730)  union: 34349.0000 (41653.2212)  iou: 0.8379 (0.5722)  time: 0.1497  data: 0.0046  max mem: 15510
Test:  [3900/5000]  eta: 0:02:46  inter: 15781.0000 (24923.5030)  union: 35132.0000 (41733.5148)  iou: 0.5262 (0.5717)  time: 0.1491  data: 0.0047  max mem: 15510
Test:  [3950/5000]  eta: 0:02:38  inter: 17778.0000 (24887.5018)  union: 35574.0000 (41678.6876)  iou: 0.6932 (0.5721)  time: 0.1428  data: 0.0024  max mem: 15510
Test:  [4000/5000]  eta: 0:02:30  inter: 15182.0000 (24842.4180)  union: 31009.0000 (41580.5207)  iou: 0.7376 (0.5732)  time: 0.1460  data: 0.0035  max mem: 15510
Test:  [4050/5000]  eta: 0:02:23  inter: 21969.0000 (24833.7567)  union: 49316.0000 (41666.8596)  iou: 0.4497 (0.5728)  time: 0.1478  data: 0.0030  max mem: 15510
Test:  [4100/5000]  eta: 0:02:15  inter: 17041.0000 (24857.6407)  union: 25801.0000 (41632.2898)  iou: 0.5286 (0.5731)  time: 0.1457  data: 0.0024  max mem: 15510
Test:  [4150/5000]  eta: 0:02:08  inter: 8059.0000 (24803.0454)  union: 22380.0000 (41522.3278)  iou: 0.3884 (0.5733)  time: 0.1440  data: 0.0031  max mem: 15510
Test:  [4200/5000]  eta: 0:02:00  inter: 12762.0000 (24761.7531)  union: 18326.0000 (41525.2452)  iou: 0.5804 (0.5723)  time: 0.1466  data: 0.0046  max mem: 15510
Test:  [4250/5000]  eta: 0:01:53  inter: 17086.0000 (24779.1090)  union: 48344.0000 (41560.9692)  iou: 0.5262 (0.5719)  time: 0.1437  data: 0.0049  max mem: 15510
Test:  [4300/5000]  eta: 0:01:45  inter: 9961.0000 (24797.5862)  union: 28959.0000 (41574.2775)  iou: 0.5730 (0.5720)  time: 0.1491  data: 0.0044  max mem: 15510
Test:  [4350/5000]  eta: 0:01:37  inter: 19148.0000 (24794.5270)  union: 27116.0000 (41565.5363)  iou: 0.5814 (0.5721)  time: 0.1465  data: 0.0025  max mem: 15510
Test:  [4400/5000]  eta: 0:01:30  inter: 17659.0000 (24836.1657)  union: 53001.0000 (41584.4697)  iou: 0.5264 (0.5720)  time: 0.1458  data: 0.0051  max mem: 15510
Test:  [4450/5000]  eta: 0:01:22  inter: 20472.0000 (24900.4423)  union: 60749.0000 (41788.1113)  iou: 0.4041 (0.5707)  time: 0.1565  data: 0.0043  max mem: 15510
Test:  [4500/5000]  eta: 0:01:15  inter: 24420.0000 (24923.1379)  union: 27603.0000 (41753.1766)  iou: 0.7075 (0.5718)  time: 0.1550  data: 0.0038  max mem: 15510
Test:  [4550/5000]  eta: 0:01:07  inter: 23062.0000 (24957.0883)  union: 35181.0000 (41795.8236)  iou: 0.6590 (0.5720)  time: 0.1504  data: 0.0065  max mem: 15510
Test:  [4600/5000]  eta: 0:01:00  inter: 15422.0000 (24948.0242)  union: 31635.0000 (41786.8006)  iou: 0.5883 (0.5722)  time: 0.1416  data: 0.0047  max mem: 15510
Test:  [4650/5000]  eta: 0:00:52  inter: 16355.0000 (24973.6083)  union: 33616.0000 (41816.1461)  iou: 0.7522 (0.5720)  time: 0.1427  data: 0.0024  max mem: 15510
Test:  [4700/5000]  eta: 0:00:45  inter: 13979.0000 (24965.3190)  union: 26584.0000 (41819.5485)  iou: 0.4528 (0.5716)  time: 0.1477  data: 0.0006  max mem: 15510
Test:  [4750/5000]  eta: 0:00:37  inter: 12196.0000 (24931.1395)  union: 34657.0000 (41790.1325)  iou: 0.5352 (0.5712)  time: 0.1449  data: 0.0013  max mem: 15510
Test:  [4800/5000]  eta: 0:00:30  inter: 12699.0000 (24883.3423)  union: 25960.0000 (41780.9079)  iou: 0.4941 (0.5706)  time: 0.1577  data: 0.0041  max mem: 15510
Test:  [4850/5000]  eta: 0:00:22  inter: 16951.0000 (24900.7715)  union: 28329.0000 (41798.1013)  iou: 0.5050 (0.5711)  time: 0.1442  data: 0.0047  max mem: 15510
Test:  [4900/5000]  eta: 0:00:15  inter: 30732.0000 (24924.9638)  union: 39719.0000 (41803.1278)  iou: 0.7705 (0.5711)  time: 0.1503  data: 0.0028  max mem: 15510
Test:  [4950/5000]  eta: 0:00:07  inter: 18584.0000 (25008.5724)  union: 47356.0000 (41935.1132)  iou: 0.3899 (0.5713)  time: 0.1484  data: 0.0058  max mem: 15510
Test:  [4999/5000]  eta: 0:00:00  inter: 17716.0000 (24966.3837)  union: 28457.0000 (41961.2667)  iou: 0.5978 (0.5702)  time: 0.1079  data: 0.0019  max mem: 15510
Test: Total time: 0:12:32 (0.1504 s / it)
* IoU 0.570 oIoU 0.595
IoU of the network on the 5000 test images: 0.6%
Max IoU: 0.57%
Training time 0:39:01
