Architecture:                       x86_64
CPU op-mode(s):                     32-bit, 64-bit
Address sizes:                      52 bits physical, 57 bits virtual
Byte Order:                         Little Endian
CPU(s):                             36
On-line CPU(s) list:                0-35
Vendor ID:                          GenuineIntel
Model name:                         Intel(R) Xeon(R) Gold 6354 CPU @ 3.00GHz
CPU family:                         6
Model:                              106
Thread(s) per core:                 1
Core(s) per socket:                 18
Socket(s):                          2
Stepping:                           6
CPU max MHz:                        3600.0000
CPU min MHz:                        800.0000
BogoMIPS:                           6000.00
Flags:                              fpu vme de pse tsc msr pae mce cx8 apic sep mtrr pge mca cmov pat pse36 clflush dts acpi mmx fxsr sse sse2 ss ht tm pbe syscall nx pdpe1gb rdtscp lm constant_tsc art arch_perfmon pebs bts rep_good nopl xtopology nonstop_tsc cpuid aperfmperf pni pclmulqdq dtes64 monitor ds_cpl vmx smx est tm2 ssse3 sdbg fma cx16 xtpr pdcm pcid dca sse4_1 sse4_2 x2apic movbe popcnt tsc_deadline_timer aes xsave avx f16c rdrand lahf_lm abm 3dnowprefetch cpuid_fault epb cat_l3 invpcid_single ssbd mba ibrs ibpb stibp ibrs_enhanced tpr_shadow flexpriority ept vpid ept_ad fsgsbase tsc_adjust bmi1 avx2 smep bmi2 erms invpcid cqm rdt_a avx512f avx512dq rdseed adx smap avx512ifma clflushopt clwb intel_pt avx512cd sha_ni avx512bw avx512vl xsaveopt xsavec xgetbv1 xsaves cqm_llc cqm_occup_llc cqm_mbm_total cqm_mbm_local split_lock_detect wbnoinvd dtherm ida arat pln pts vnmi avx512vbmi umip pku ospke avx512_vbmi2 gfni vaes vpclmulqdq avx512_vnni avx512_bitalg tme avx512_vpopcntdq la57 rdpid fsrm md_clear pconfig flush_l1d arch_capabilities
Virtualization:                     VT-x
L1d cache:                          1.7 MiB (36 instances)
L1i cache:                          1.1 MiB (36 instances)
L2 cache:                           45 MiB (36 instances)
L3 cache:                           78 MiB (2 instances)
NUMA node(s):                       2
NUMA node0 CPU(s):                  0-17
NUMA node1 CPU(s):                  18-35
Vulnerability Gather data sampling: Mitigation; Microcode
Vulnerability Itlb multihit:        Not affected
Vulnerability L1tf:                 Not affected
Vulnerability Mds:                  Not affected
Vulnerability Meltdown:             Not affected
Vulnerability Mmio stale data:      Mitigation; Clear CPU buffers; SMT disabled
Vulnerability Retbleed:             Not affected
Vulnerability Spec rstack overflow: Not affected
Vulnerability Spec store bypass:    Mitigation; Speculative Store Bypass disabled via prctl
Vulnerability Spectre v1:           Mitigation; usercopy/swapgs barriers and __user pointer sanitization
Vulnerability Spectre v2:           Mitigation; Enhanced / Automatic IBRS, IBPB conditional, RSB filling, PBRSB-eIBRS SW sequence
Vulnerability Srbds:                Not affected
Vulnerability Tsx async abort:      Not affected
Mon Apr 21 16:10:43 2025       
+---------------------------------------------------------------------------------------+
| NVIDIA-SMI 545.23.08              Driver Version: 545.23.08    CUDA Version: 12.3     |
|-----------------------------------------+----------------------+----------------------+
| GPU  Name                 Persistence-M | Bus-Id        Disp.A | Volatile Uncorr. ECC |
| Fan  Temp   Perf          Pwr:Usage/Cap |         Memory-Usage | GPU-Util  Compute M. |
|                                         |                      |               MIG M. |
|=========================================+======================+======================|
|   0  NVIDIA L40                     On  | 00000000:4F:00.0 Off |                    0 |
| N/A   35C    P0              78W / 300W |      4MiB / 46068MiB |      0%      Default |
|                                         |                      |                  N/A |
+-----------------------------------------+----------------------+----------------------+
|   1  NVIDIA L40                     On  | 00000000:52:00.0 Off |                    0 |
| N/A   36C    P0              57W / 300W |      4MiB / 46068MiB |      0%      Default |
|                                         |                      |                  N/A |
+-----------------------------------------+----------------------+----------------------+
                                                                                         
+---------------------------------------------------------------------------------------+
| Processes:                                                                            |
|  GPU   GI   CI        PID   Type   Process name                            GPU Memory |
|        ID   ID                                                             Usage      |
|=======================================================================================|
|  No running processes found                                                           |
+---------------------------------------------------------------------------------------+
/home/akula.ha/.conda/envs/refseg/lib/python3.10/site-packages/torch/distributed/launch.py:181: FutureWarning: The module torch.distributed.launch is deprecated
and will be removed in future. Use torchrun.
Note that --use-env is set by default in torchrun.
If your script expects `--local-rank` argument to be set, please
change it to read from `os.environ['LOCAL_RANK']` instead. See 
https://pytorch.org/docs/stable/distributed.html#launch-utility for 
further instructions

  warnings.warn(
[2025-04-21 16:10:48,195] torch.distributed.run: [WARNING] 
[2025-04-21 16:10:48,195] torch.distributed.run: [WARNING] *****************************************
[2025-04-21 16:10:48,195] torch.distributed.run: [WARNING] Setting OMP_NUM_THREADS environment variable for each process to be 1 in default, to avoid your system being overloaded, please further tune the variable for optimal performance in your application as needed. 
[2025-04-21 16:10:48,195] torch.distributed.run: [WARNING] *****************************************
| distributed init (rank 1): env://
| distributed init (rank 0): env://
Namespace(batch_size=14, epochs=50, model='ReMamber_Conv', pretrain_path='./pretrain', input_size=480, drop=0.0, drop_path=0.1, model_ema=False, model_ema_decay=0.9999, model_ema_force_cpu=False, opt='adamw', opt_eps=1e-08, opt_betas=None, clip_grad=None, momentum=0.9, weight_decay=0.0001, sched='cosine', lr=7.36e-06, lr_decoder=7.36e-06, lr_backbone=3.8e-06, lr_vssm=3.8e-06, warmup_lr=1e-06, min_lr=3e-07, decay_epochs=13.0, warmup_epochs=2, cooldown_epochs=10, patience_epochs=10, decay_rate=0.1, train_mode=True, finetune='pretrain/ReMamber_Conv.pth', data_path='./ref_dataset/data', data_set='refzom', output_dir='./l_outputs', device='cuda', seed=0, resume='l_outputs/ReMamber_Conv_nodadapter/checkpoint_model:16e40021.pth', start_epoch=0, eval=False, dist_eval=False, num_workers=8, pin_mem=True, distributed=True, world_size=2, dist_url='env://', if_amp=True, debug_mode=False, local_rank=0, model_title='model', logging='model', decoder_adapter=False, continue_lr=None, partial_freeze=True, single_epoch=True, lite_baseline=False, dec_only=False, rank=0, gpu=0, dist_backend='nccl')
True val
./ref_dataset/data refzom zom
loading dataset refzom into memory...
creating index...
index created.
DONE (t=14.84s)
Preparing dataset ......
False val
./ref_dataset/data refzom zom
loading dataset refzom into memory...
creating index...
index created.
DONE (t=14.78s)
Preparing dataset ......
/home/akula.ha/.conda/envs/refseg/lib/python3.10/site-packages/torch/utils/data/dataloader.py:557: UserWarning: This DataLoader will create 8 worker processes in total. Our suggested max number of worker in current system is 1, which is smaller than what this DataLoader is going to create. Please be aware that excessive worker creation might get DataLoader running slow or even freeze, lower the worker number to avoid potential slowness/freeze if necessary.
  warnings.warn(_create_warning_msg(
length of train set: 57624
length of val set: 15406
/home/akula.ha/.conda/envs/refseg/lib/python3.10/site-packages/torch/utils/data/dataloader.py:557: UserWarning: This DataLoader will create 8 worker processes in total. Our suggested max number of worker in current system is 1, which is smaller than what this DataLoader is going to create. Please be aware that excessive worker creation might get DataLoader running slow or even freeze, lower the worker number to avoid potential slowness/freeze if necessary.
  warnings.warn(_create_warning_msg(
Creating model: ReMamber_Conv
kwargs {}
number of params: 19461889
Loaded checkpoint from 'l_outputs/ReMamber_Conv_nodadapter/checkpoint_model:16e40021.pth'
Continuing training from epoch 14...
Model id is - model:c4ad92ec
length of train set: 50000
length of val set: 3800
Start training for 50 epochs
Learning rate: 7.36e-06
{'optimizer': AdamW (
Parameter Group 0
    amsgrad: False
    betas: (0.9, 0.999)
    capturable: False
    differentiable: False
    eps: 1e-08
    foreach: None
    fused: None
    initial_lr: 3.3e-05
    lr: 7.36e-06
    maximize: False
    weight_decay: 0.0001

Parameter Group 1
    amsgrad: False
    betas: (0.9, 0.999)
    capturable: False
    differentiable: False
    eps: 1e-08
    foreach: None
    fused: None
    initial_lr: 3.3e-05
    lr: 7.36e-06
    maximize: False
    weight_decay: 0.0001

Parameter Group 2
    amsgrad: False
    betas: (0.9, 0.999)
    capturable: False
    differentiable: False
    eps: 1e-08
    foreach: None
    fused: None
    initial_lr: 1.65e-05
    lr: 3.8e-06
    maximize: False
    weight_decay: 0.0001

Parameter Group 3
    amsgrad: False
    betas: (0.9, 0.999)
    capturable: False
    differentiable: False
    eps: 1e-08
    foreach: None
    fused: None
    initial_lr: 1.65e-05
    lr: 3.8e-06
    maximize: False
    weight_decay: 0.0001
), 'param_group_field': 'lr', '_initial_param_group_field': 'initial_lr', 'base_values': [7.36e-06, 7.36e-06, 3.8e-06, 3.8e-06], 'metric': None, 'noise_range_t': None, 'noise_pct': 0.67, 'noise_type': 'normal', 'noise_std': 1.0, 'noise_seed': 0, 't_initial': 50, 't_mul': 1.0, 'lr_min': 3e-07, 'decay_rate': 0.1, 'cycle_limit': 1, 'warmup_t': 2, 'warmup_lr_init': 1e-06, 'warmup_prefix': False, 't_in_epochs': True, 'warmup_steps': [3.18e-06, 3.18e-06, 1.4000000000000001e-06, 1.4000000000000001e-06]}
/home/akula.ha/.conda/envs/refseg/lib/python3.10/site-packages/torch/autograd/__init__.py:251: UserWarning: Grad strides do not match bucket view strides. This may indicate grad was not created according to the gradient layout contract, or that the param's strides changed since DDP was constructed.  This is not an error, but may impair performance.
grad.sizes() = [512, 768, 1, 1], strides() = [768, 1, 768, 768]
bucket_view.sizes() = [512, 768, 1, 1], strides() = [768, 1, 1, 1] (Triggered internally at ../torch/csrc/distributed/c10d/reducer.cpp:320.)
  Variable._execution_engine.run_backward(  # Calls into the C++ engine to run the backward pass
/home/akula.ha/.conda/envs/refseg/lib/python3.10/site-packages/torch/autograd/__init__.py:251: UserWarning: Grad strides do not match bucket view strides. This may indicate grad was not created according to the gradient layout contract, or that the param's strides changed since DDP was constructed.  This is not an error, but may impair performance.
grad.sizes() = [512, 768, 1, 1], strides() = [768, 1, 768, 768]
bucket_view.sizes() = [512, 768, 1, 1], strides() = [768, 1, 1, 1] (Triggered internally at ../torch/csrc/distributed/c10d/reducer.cpp:320.)
  Variable._execution_engine.run_backward(  # Calls into the C++ engine to run the backward pass
Epoch: [14]  [   0/1786]  eta: 12:55:40  lr: 0.000007  train_loss: 0.1608 (0.1608)  train_iou: 0.7208 (0.7208)  time: 26.0588  data: 11.5091  max mem: 15510
Epoch: [14]  [  20/1786]  eta: 0:57:13  lr: 0.000007  train_loss: 0.1394 (0.1467)  train_iou: 0.7021 (0.6910)  time: 0.7384  data: 0.0065  max mem: 15510
Epoch: [14]  [  40/1786]  eta: 0:39:25  lr: 0.000007  train_loss: 0.1142 (0.1520)  train_iou: 0.7054 (0.7019)  time: 0.7358  data: 0.0085  max mem: 15510
Epoch: [14]  [  60/1786]  eta: 0:33:15  lr: 0.000007  train_loss: 0.1541 (0.1627)  train_iou: 0.6474 (0.6940)  time: 0.7485  data: 0.0080  max mem: 15510
Epoch: [14]  [  80/1786]  eta: 0:30:02  lr: 0.000007  train_loss: 0.1035 (0.1532)  train_iou: 0.6981 (0.6929)  time: 0.7541  data: 0.0093  max mem: 15510
Epoch: [14]  [ 100/1786]  eta: 0:27:57  lr: 0.000007  train_loss: 0.1015 (0.1483)  train_iou: 0.7066 (0.6959)  time: 0.7460  data: 0.0111  max mem: 15510
Epoch: [14]  [ 120/1786]  eta: 0:26:32  lr: 0.000007  train_loss: 0.0994 (0.1430)  train_iou: 0.7154 (0.6963)  time: 0.7558  data: 0.0121  max mem: 15510
Epoch: [14]  [ 140/1786]  eta: 0:25:25  lr: 0.000007  train_loss: 0.1151 (0.1455)  train_iou: 0.6436 (0.6934)  time: 0.7529  data: 0.0081  max mem: 15510
Epoch: [14]  [ 160/1786]  eta: 0:24:32  lr: 0.000007  train_loss: 0.1471 (0.1472)  train_iou: 0.7050 (0.6922)  time: 0.7560  data: 0.0104  max mem: 15510
Epoch: [14]  [ 180/1786]  eta: 0:23:48  lr: 0.000007  train_loss: 0.1630 (0.1485)  train_iou: 0.6954 (0.6923)  time: 0.7613  data: 0.0100  max mem: 15510
Epoch: [14]  [ 200/1786]  eta: 0:23:12  lr: 0.000007  train_loss: 0.1352 (0.1495)  train_iou: 0.7008 (0.6928)  time: 0.7698  data: 0.0131  max mem: 15510
Epoch: [14]  [ 220/1786]  eta: 0:22:39  lr: 0.000007  train_loss: 0.1507 (0.1498)  train_iou: 0.6805 (0.6925)  time: 0.7691  data: 0.0132  max mem: 15510
Epoch: [14]  [ 240/1786]  eta: 0:22:09  lr: 0.000007  train_loss: 0.0950 (0.1472)  train_iou: 0.6493 (0.6890)  time: 0.7701  data: 0.0101  max mem: 15510
Epoch: [14]  [ 260/1786]  eta: 0:21:41  lr: 0.000007  train_loss: 0.1004 (0.1464)  train_iou: 0.7118 (0.6913)  time: 0.7679  data: 0.0126  max mem: 15510
Epoch: [14]  [ 280/1786]  eta: 0:21:15  lr: 0.000007  train_loss: 0.1334 (0.1458)  train_iou: 0.6705 (0.6912)  time: 0.7690  data: 0.0115  max mem: 15510
Epoch: [14]  [ 300/1786]  eta: 0:20:50  lr: 0.000007  train_loss: 0.1565 (0.1479)  train_iou: 0.6483 (0.6893)  time: 0.7645  data: 0.0093  max mem: 15510
Epoch: [14]  [ 320/1786]  eta: 0:20:26  lr: 0.000007  train_loss: 0.1034 (0.1476)  train_iou: 0.6380 (0.6872)  time: 0.7649  data: 0.0117  max mem: 15510
Epoch: [14]  [ 340/1786]  eta: 0:20:03  lr: 0.000007  train_loss: 0.1542 (0.1481)  train_iou: 0.7088 (0.6888)  time: 0.7692  data: 0.0127  max mem: 15510
Epoch: [14]  [ 360/1786]  eta: 0:19:42  lr: 0.000007  train_loss: 0.1575 (0.1497)  train_iou: 0.7202 (0.6897)  time: 0.7697  data: 0.0109  max mem: 15510
Epoch: [14]  [ 380/1786]  eta: 0:19:21  lr: 0.000007  train_loss: 0.1040 (0.1490)  train_iou: 0.7254 (0.6914)  time: 0.7672  data: 0.0074  max mem: 15510
Epoch: [14]  [ 400/1786]  eta: 0:19:00  lr: 0.000007  train_loss: 0.1355 (0.1491)  train_iou: 0.7032 (0.6916)  time: 0.7700  data: 0.0141  max mem: 15510
Epoch: [14]  [ 420/1786]  eta: 0:18:40  lr: 0.000007  train_loss: 0.1542 (0.1515)  train_iou: 0.6571 (0.6900)  time: 0.7702  data: 0.0098  max mem: 15510
Epoch: [14]  [ 440/1786]  eta: 0:18:20  lr: 0.000007  train_loss: 0.1525 (0.1520)  train_iou: 0.6337 (0.6883)  time: 0.7592  data: 0.0098  max mem: 15510
Epoch: [14]  [ 460/1786]  eta: 0:18:01  lr: 0.000007  train_loss: 0.1598 (0.1526)  train_iou: 0.7147 (0.6894)  time: 0.7641  data: 0.0125  max mem: 15510
Epoch: [14]  [ 480/1786]  eta: 0:17:42  lr: 0.000007  train_loss: 0.1320 (0.1530)  train_iou: 0.6877 (0.6888)  time: 0.7607  data: 0.0118  max mem: 15510
Epoch: [14]  [ 500/1786]  eta: 0:17:23  lr: 0.000007  train_loss: 0.1174 (0.1532)  train_iou: 0.7108 (0.6901)  time: 0.7683  data: 0.0102  max mem: 15510
Epoch: [14]  [ 520/1786]  eta: 0:17:05  lr: 0.000007  train_loss: 0.1355 (0.1536)  train_iou: 0.7587 (0.6912)  time: 0.7673  data: 0.0089  max mem: 15510
Epoch: [14]  [ 540/1786]  eta: 0:16:47  lr: 0.000007  train_loss: 0.1089 (0.1536)  train_iou: 0.6643 (0.6908)  time: 0.7785  data: 0.0085  max mem: 15510
Epoch: [14]  [ 560/1786]  eta: 0:16:29  lr: 0.000007  train_loss: 0.1251 (0.1534)  train_iou: 0.6676 (0.6908)  time: 0.7759  data: 0.0107  max mem: 15510
Epoch: [14]  [ 580/1786]  eta: 0:16:12  lr: 0.000007  train_loss: 0.1392 (0.1540)  train_iou: 0.6834 (0.6906)  time: 0.7668  data: 0.0116  max mem: 15510
Epoch: [14]  [ 600/1786]  eta: 0:15:54  lr: 0.000007  train_loss: 0.1361 (0.1536)  train_iou: 0.7182 (0.6914)  time: 0.7752  data: 0.0109  max mem: 15510
Epoch: [14]  [ 620/1786]  eta: 0:15:37  lr: 0.000007  train_loss: 0.1838 (0.1549)  train_iou: 0.6868 (0.6907)  time: 0.7677  data: 0.0091  max mem: 15510
Epoch: [14]  [ 640/1786]  eta: 0:15:20  lr: 0.000007  train_loss: 0.1039 (0.1542)  train_iou: 0.6737 (0.6911)  time: 0.7736  data: 0.0179  max mem: 15510
Epoch: [14]  [ 660/1786]  eta: 0:15:02  lr: 0.000007  train_loss: 0.1325 (0.1546)  train_iou: 0.6967 (0.6911)  time: 0.7673  data: 0.0140  max mem: 15510
Epoch: [14]  [ 680/1786]  eta: 0:14:45  lr: 0.000007  train_loss: 0.1280 (0.1544)  train_iou: 0.7053 (0.6917)  time: 0.7717  data: 0.0103  max mem: 15510
Epoch: [14]  [ 700/1786]  eta: 0:14:28  lr: 0.000007  train_loss: 0.1102 (0.1538)  train_iou: 0.7039 (0.6918)  time: 0.7656  data: 0.0109  max mem: 15510
Epoch: [14]  [ 720/1786]  eta: 0:14:11  lr: 0.000007  train_loss: 0.0974 (0.1539)  train_iou: 0.7001 (0.6919)  time: 0.7643  data: 0.0094  max mem: 15510
Epoch: [14]  [ 740/1786]  eta: 0:13:54  lr: 0.000007  train_loss: 0.1394 (0.1536)  train_iou: 0.7047 (0.6922)  time: 0.7714  data: 0.0101  max mem: 15510
Epoch: [14]  [ 760/1786]  eta: 0:13:37  lr: 0.000007  train_loss: 0.1434 (0.1537)  train_iou: 0.7038 (0.6919)  time: 0.7655  data: 0.0117  max mem: 15510
Epoch: [14]  [ 780/1786]  eta: 0:13:21  lr: 0.000007  train_loss: 0.1717 (0.1540)  train_iou: 0.6882 (0.6915)  time: 0.7720  data: 0.0114  max mem: 15510
Epoch: [14]  [ 800/1786]  eta: 0:13:04  lr: 0.000007  train_loss: 0.1091 (0.1537)  train_iou: 0.6888 (0.6919)  time: 0.7709  data: 0.0108  max mem: 15510
Epoch: [14]  [ 820/1786]  eta: 0:12:48  lr: 0.000007  train_loss: 0.1286 (0.1544)  train_iou: 0.6813 (0.6916)  time: 0.7642  data: 0.0073  max mem: 15510
Epoch: [14]  [ 840/1786]  eta: 0:12:31  lr: 0.000007  train_loss: 0.1057 (0.1539)  train_iou: 0.6684 (0.6914)  time: 0.7706  data: 0.0092  max mem: 15510
Epoch: [14]  [ 860/1786]  eta: 0:12:15  lr: 0.000007  train_loss: 0.1226 (0.1534)  train_iou: 0.6936 (0.6917)  time: 0.7649  data: 0.0110  max mem: 15510
Epoch: [14]  [ 880/1786]  eta: 0:11:58  lr: 0.000007  train_loss: 0.1247 (0.1537)  train_iou: 0.7172 (0.6917)  time: 0.7656  data: 0.0119  max mem: 15510
Epoch: [14]  [ 900/1786]  eta: 0:11:42  lr: 0.000007  train_loss: 0.1246 (0.1534)  train_iou: 0.6896 (0.6915)  time: 0.7683  data: 0.0093  max mem: 15510
Epoch: [14]  [ 920/1786]  eta: 0:11:26  lr: 0.000007  train_loss: 0.1679 (0.1536)  train_iou: 0.7025 (0.6916)  time: 0.7699  data: 0.0084  max mem: 15510
Epoch: [14]  [ 940/1786]  eta: 0:11:09  lr: 0.000007  train_loss: 0.1343 (0.1536)  train_iou: 0.7020 (0.6916)  time: 0.7722  data: 0.0087  max mem: 15510
Epoch: [14]  [ 960/1786]  eta: 0:10:53  lr: 0.000007  train_loss: 0.1614 (0.1539)  train_iou: 0.7040 (0.6918)  time: 0.7676  data: 0.0113  max mem: 15510
Epoch: [14]  [ 980/1786]  eta: 0:10:37  lr: 0.000007  train_loss: 0.1688 (0.1540)  train_iou: 0.6695 (0.6916)  time: 0.7717  data: 0.0129  max mem: 15510
Epoch: [14]  [1000/1786]  eta: 0:10:21  lr: 0.000007  train_loss: 0.1372 (0.1540)  train_iou: 0.6327 (0.6907)  time: 0.7676  data: 0.0118  max mem: 15510
Epoch: [14]  [1020/1786]  eta: 0:10:05  lr: 0.000007  train_loss: 0.1298 (0.1539)  train_iou: 0.6264 (0.6897)  time: 0.7692  data: 0.0129  max mem: 15510
Epoch: [14]  [1040/1786]  eta: 0:09:49  lr: 0.000007  train_loss: 0.1236 (0.1537)  train_iou: 0.7104 (0.6900)  time: 0.7667  data: 0.0118  max mem: 15510
Epoch: [14]  [1060/1786]  eta: 0:09:32  lr: 0.000007  train_loss: 0.1252 (0.1537)  train_iou: 0.6758 (0.6899)  time: 0.7642  data: 0.0096  max mem: 15510
Epoch: [14]  [1080/1786]  eta: 0:09:16  lr: 0.000007  train_loss: 0.1469 (0.1537)  train_iou: 0.6482 (0.6895)  time: 0.7736  data: 0.0107  max mem: 15510
Epoch: [14]  [1100/1786]  eta: 0:09:00  lr: 0.000007  train_loss: 0.1293 (0.1533)  train_iou: 0.6775 (0.6893)  time: 0.7719  data: 0.0081  max mem: 15510
Epoch: [14]  [1120/1786]  eta: 0:08:44  lr: 0.000007  train_loss: 0.1173 (0.1532)  train_iou: 0.7504 (0.6902)  time: 0.7708  data: 0.0085  max mem: 15510
Epoch: [14]  [1140/1786]  eta: 0:08:28  lr: 0.000007  train_loss: 0.1161 (0.1529)  train_iou: 0.6665 (0.6904)  time: 0.7704  data: 0.0100  max mem: 15510
Epoch: [14]  [1160/1786]  eta: 0:08:12  lr: 0.000007  train_loss: 0.1790 (0.1531)  train_iou: 0.6979 (0.6903)  time: 0.7680  data: 0.0097  max mem: 15510
Epoch: [14]  [1180/1786]  eta: 0:07:57  lr: 0.000007  train_loss: 0.1011 (0.1524)  train_iou: 0.7054 (0.6901)  time: 0.7686  data: 0.0107  max mem: 15510
Epoch: [14]  [1200/1786]  eta: 0:07:41  lr: 0.000007  train_loss: 0.1314 (0.1522)  train_iou: 0.7187 (0.6903)  time: 0.7682  data: 0.0097  max mem: 15510
Epoch: [14]  [1220/1786]  eta: 0:07:25  lr: 0.000007  train_loss: 0.1150 (0.1519)  train_iou: 0.7640 (0.6907)  time: 0.7679  data: 0.0132  max mem: 15510
Epoch: [14]  [1240/1786]  eta: 0:07:09  lr: 0.000007  train_loss: 0.1004 (0.1516)  train_iou: 0.7053 (0.6909)  time: 0.7699  data: 0.0109  max mem: 15510
Epoch: [14]  [1260/1786]  eta: 0:06:53  lr: 0.000007  train_loss: 0.1185 (0.1514)  train_iou: 0.6489 (0.6903)  time: 0.7813  data: 0.0202  max mem: 15510
Epoch: [14]  [1280/1786]  eta: 0:06:37  lr: 0.000007  train_loss: 0.1485 (0.1513)  train_iou: 0.7631 (0.6910)  time: 0.7704  data: 0.0115  max mem: 15510
Epoch: [14]  [1300/1786]  eta: 0:06:21  lr: 0.000007  train_loss: 0.1123 (0.1517)  train_iou: 0.6320 (0.6905)  time: 0.7729  data: 0.0105  max mem: 15510
Epoch: [14]  [1320/1786]  eta: 0:06:06  lr: 0.000007  train_loss: 0.1255 (0.1514)  train_iou: 0.7137 (0.6911)  time: 0.7635  data: 0.0106  max mem: 15510
Epoch: [14]  [1340/1786]  eta: 0:05:50  lr: 0.000007  train_loss: 0.1251 (0.1512)  train_iou: 0.6510 (0.6909)  time: 0.7721  data: 0.0118  max mem: 15510
Epoch: [14]  [1360/1786]  eta: 0:05:34  lr: 0.000007  train_loss: 0.1422 (0.1514)  train_iou: 0.6621 (0.6909)  time: 0.7614  data: 0.0103  max mem: 15510
Epoch: [14]  [1380/1786]  eta: 0:05:18  lr: 0.000007  train_loss: 0.1080 (0.1513)  train_iou: 0.6779 (0.6908)  time: 0.7677  data: 0.0101  max mem: 15510
Epoch: [14]  [1400/1786]  eta: 0:05:02  lr: 0.000007  train_loss: 0.1394 (0.1514)  train_iou: 0.7105 (0.6910)  time: 0.7689  data: 0.0107  max mem: 15510
Epoch: [14]  [1420/1786]  eta: 0:04:47  lr: 0.000007  train_loss: 0.1345 (0.1514)  train_iou: 0.7156 (0.6912)  time: 0.7717  data: 0.0072  max mem: 15510
Epoch: [14]  [1440/1786]  eta: 0:04:31  lr: 0.000007  train_loss: 0.1125 (0.1510)  train_iou: 0.6893 (0.6913)  time: 0.7649  data: 0.0082  max mem: 15510
Epoch: [14]  [1460/1786]  eta: 0:04:15  lr: 0.000007  train_loss: 0.1487 (0.1514)  train_iou: 0.6929 (0.6916)  time: 0.7651  data: 0.0179  max mem: 15510
Epoch: [14]  [1480/1786]  eta: 0:03:59  lr: 0.000007  train_loss: 0.1288 (0.1512)  train_iou: 0.6964 (0.6913)  time: 0.7715  data: 0.0091  max mem: 15510
Epoch: [14]  [1500/1786]  eta: 0:03:44  lr: 0.000007  train_loss: 0.0963 (0.1507)  train_iou: 0.7321 (0.6919)  time: 0.7717  data: 0.0092  max mem: 15510
Epoch: [14]  [1520/1786]  eta: 0:03:28  lr: 0.000007  train_loss: 0.0930 (0.1502)  train_iou: 0.6887 (0.6921)  time: 0.7652  data: 0.0063  max mem: 15510
Epoch: [14]  [1540/1786]  eta: 0:03:12  lr: 0.000007  train_loss: 0.1387 (0.1502)  train_iou: 0.7155 (0.6927)  time: 0.7690  data: 0.0111  max mem: 15510
Epoch: [14]  [1560/1786]  eta: 0:02:56  lr: 0.000007  train_loss: 0.1300 (0.1502)  train_iou: 0.6494 (0.6922)  time: 0.7616  data: 0.0107  max mem: 15510
Epoch: [14]  [1580/1786]  eta: 0:02:41  lr: 0.000007  train_loss: 0.1589 (0.1500)  train_iou: 0.7154 (0.6923)  time: 0.7682  data: 0.0087  max mem: 15510
Epoch: [14]  [1600/1786]  eta: 0:02:25  lr: 0.000007  train_loss: 0.1450 (0.1500)  train_iou: 0.6869 (0.6921)  time: 0.7681  data: 0.0129  max mem: 15510
Epoch: [14]  [1620/1786]  eta: 0:02:09  lr: 0.000007  train_loss: 0.1088 (0.1500)  train_iou: 0.7156 (0.6921)  time: 0.7665  data: 0.0090  max mem: 15510
Epoch: [14]  [1640/1786]  eta: 0:01:54  lr: 0.000007  train_loss: 0.1067 (0.1498)  train_iou: 0.7052 (0.6921)  time: 0.7625  data: 0.0140  max mem: 15510
Epoch: [14]  [1660/1786]  eta: 0:01:38  lr: 0.000007  train_loss: 0.1474 (0.1500)  train_iou: 0.6824 (0.6922)  time: 0.7643  data: 0.0101  max mem: 15510
Epoch: [14]  [1680/1786]  eta: 0:01:22  lr: 0.000007  train_loss: 0.1598 (0.1501)  train_iou: 0.6436 (0.6920)  time: 0.7674  data: 0.0100  max mem: 15510
Epoch: [14]  [1700/1786]  eta: 0:01:07  lr: 0.000007  train_loss: 0.1394 (0.1503)  train_iou: 0.7006 (0.6917)  time: 0.7590  data: 0.0110  max mem: 15510
Epoch: [14]  [1720/1786]  eta: 0:00:51  lr: 0.000007  train_loss: 0.1069 (0.1503)  train_iou: 0.6544 (0.6917)  time: 0.7664  data: 0.0084  max mem: 15510
Epoch: [14]  [1740/1786]  eta: 0:00:35  lr: 0.000007  train_loss: 0.1492 (0.1506)  train_iou: 0.6623 (0.6915)  time: 0.7603  data: 0.0108  max mem: 15510
Epoch: [14]  [1760/1786]  eta: 0:00:20  lr: 0.000007  train_loss: 0.1454 (0.1508)  train_iou: 0.6653 (0.6915)  time: 0.7551  data: 0.0092  max mem: 15510
Epoch: [14]  [1780/1786]  eta: 0:00:04  lr: 0.000007  train_loss: 0.1288 (0.1508)  train_iou: 0.7026 (0.6913)  time: 0.6333  data: 0.0026  max mem: 15510
Epoch: [14]  [1785/1786]  eta: 0:00:00  lr: 0.000007  train_loss: 0.1546 (0.1510)  train_iou: 0.7054 (0.6915)  time: 0.9764  data: 0.0010  max mem: 15510
Epoch: [14] Total time: 0:23:19 (0.7834 s / it)
Averaged stats: lr: 0.000007  train_loss: 0.1546 (0.1503)  train_iou: 0.7054 (0.6922)
huggingface/tokenizers: The current process just got forked, after parallelism has already been used. Disabling parallelism to avoid deadlocks...
To disable this warning, you can either:
	- Avoid using `tokenizers` before the fork if possible
	- Explicitly set the environment variable TOKENIZERS_PARALLELISM=(true | false)
huggingface/tokenizers: The current process just got forked, after parallelism has already been used. Disabling parallelism to avoid deadlocks...
To disable this warning, you can either:
	- Avoid using `tokenizers` before the fork if possible
	- Explicitly set the environment variable TOKENIZERS_PARALLELISM=(true | false)
huggingface/tokenizers: The current process just got forked, after parallelism has already been used. Disabling parallelism to avoid deadlocks...
To disable this warning, you can either:
	- Avoid using `tokenizers` before the fork if possible
	- Explicitly set the environment variable TOKENIZERS_PARALLELISM=(true | false)
huggingface/tokenizers: The current process just got forked, after parallelism has already been used. Disabling parallelism to avoid deadlocks...
To disable this warning, you can either:
	- Avoid using `tokenizers` before the fork if possible
	- Explicitly set the environment variable TOKENIZERS_PARALLELISM=(true | false)
huggingface/tokenizers: The current process just got forked, after parallelism has already been used. Disabling parallelism to avoid deadlocks...
To disable this warning, you can either:
	- Avoid using `tokenizers` before the fork if possible
	- Explicitly set the environment variable TOKENIZERS_PARALLELISM=(true | false)
huggingface/tokenizers: The current process just got forked, after parallelism has already been used. Disabling parallelism to avoid deadlocks...
To disable this warning, you can either:
	- Avoid using `tokenizers` before the fork if possible
	- Explicitly set the environment variable TOKENIZERS_PARALLELISM=(true | false)
huggingface/tokenizers: The current process just got forked, after parallelism has already been used. Disabling parallelism to avoid deadlocks...
To disable this warning, you can either:
	- Avoid using `tokenizers` before the fork if possible
	- Explicitly set the environment variable TOKENIZERS_PARALLELISM=(true | false)
huggingface/tokenizers: The current process just got forked, after parallelism has already been used. Disabling parallelism to avoid deadlocks...
To disable this warning, you can either:
	- Avoid using `tokenizers` before the fork if possible
	- Explicitly set the environment variable TOKENIZERS_PARALLELISM=(true | false)
huggingface/tokenizers: The current process just got forked, after parallelism has already been used. Disabling parallelism to avoid deadlocks...
To disable this warning, you can either:
	- Avoid using `tokenizers` before the fork if possible
	- Explicitly set the environment variable TOKENIZERS_PARALLELISM=(true | false)
huggingface/tokenizers: The current process just got forked, after parallelism has already been used. Disabling parallelism to avoid deadlocks...
To disable this warning, you can either:
	- Avoid using `tokenizers` before the fork if possible
	- Explicitly set the environment variable TOKENIZERS_PARALLELISM=(true | false)
huggingface/tokenizers: The current process just got forked, after parallelism has already been used. Disabling parallelism to avoid deadlocks...
To disable this warning, you can either:
	- Avoid using `tokenizers` before the fork if possible
	- Explicitly set the environment variable TOKENIZERS_PARALLELISM=(true | false)
huggingface/tokenizers: The current process just got forked, after parallelism has already been used. Disabling parallelism to avoid deadlocks...
To disable this warning, you can either:
	- Avoid using `tokenizers` before the fork if possible
	- Explicitly set the environment variable TOKENIZERS_PARALLELISM=(true | false)
huggingface/tokenizers: The current process just got forked, after parallelism has already been used. Disabling parallelism to avoid deadlocks...
To disable this warning, you can either:
	- Avoid using `tokenizers` before the fork if possible
	- Explicitly set the environment variable TOKENIZERS_PARALLELISM=(true | false)
huggingface/tokenizers: The current process just got forked, after parallelism has already been used. Disabling parallelism to avoid deadlocks...
To disable this warning, you can either:
	- Avoid using `tokenizers` before the fork if possible
	- Explicitly set the environment variable TOKENIZERS_PARALLELISM=(true | false)
huggingface/tokenizers: The current process just got forked, after parallelism has already been used. Disabling parallelism to avoid deadlocks...
To disable this warning, you can either:
	- Avoid using `tokenizers` before the fork if possible
	- Explicitly set the environment variable TOKENIZERS_PARALLELISM=(true | false)
huggingface/tokenizers: The current process just got forked, after parallelism has already been used. Disabling parallelism to avoid deadlocks...
To disable this warning, you can either:
	- Avoid using `tokenizers` before the fork if possible
	- Explicitly set the environment variable TOKENIZERS_PARALLELISM=(true | false)
Test:  [   0/3800]  eta: 4:02:56  inter: 33255.0000 (33255.0000)  union: 35609.0000 (35609.0000)  iou: 0.9339 (0.9339)  time: 3.8360  data: 1.3255  max mem: 15510
Test:  [  50/3800]  eta: 0:20:07  inter: 18058.0000 (22534.2188)  union: 47671.0000 (40962.4375)  iou: 0.5102 (0.5324)  time: 0.1506  data: 0.0020  max mem: 15510
Test:  [ 100/3800]  eta: 0:16:29  inter: 22913.0000 (24876.5956)  union: 46677.0000 (41241.6324)  iou: 0.7080 (0.5717)  time: 0.1504  data: 0.0029  max mem: 15510
Test:  [ 150/3800]  eta: 0:13:55  inter: 18153.0000 (24371.9330)  union: 30042.0000 (38961.3589)  iou: 0.8449 (0.6052)  time: 0.1529  data: 0.0032  max mem: 15510
Test:  [ 200/3800]  eta: 0:12:32  inter: 28879.0000 (25020.8315)  union: 37014.0000 (38857.3297)  iou: 0.7301 (0.6120)  time: 0.1472  data: 0.0065  max mem: 15510
Test:  [ 250/3800]  eta: 0:11:39  inter: 13923.0000 (26630.3705)  union: 33214.0000 (40650.1536)  iou: 0.4292 (0.6037)  time: 0.1480  data: 0.0056  max mem: 15510
Test:  [ 300/3800]  eta: 0:11:03  inter: 20291.0000 (26126.7370)  union: 24547.0000 (40413.5484)  iou: 0.6461 (0.5991)  time: 0.1532  data: 0.0022  max mem: 15510
Test:  [ 350/3800]  eta: 0:10:35  inter: 8875.0000 (25205.2459)  union: 32179.0000 (40191.7190)  iou: 0.5501 (0.5862)  time: 0.1515  data: 0.0044  max mem: 15510
Test:  [ 400/3800]  eta: 0:10:42  inter: 30959.0000 (24980.7768)  union: 36254.0000 (40044.4643)  iou: 0.7553 (0.5904)  time: 0.1481  data: 0.0065  max mem: 15510
Test:  [ 450/3800]  eta: 0:10:17  inter: 13657.0000 (24690.0635)  union: 28866.0000 (39801.2381)  iou: 0.5610 (0.5889)  time: 0.1539  data: 0.0037  max mem: 15510
Test:  [ 500/3800]  eta: 0:09:56  inter: 17086.0000 (25110.7593)  union: 27245.0000 (40663.1605)  iou: 0.4904 (0.5866)  time: 0.1473  data: 0.0042  max mem: 15510
Test:  [ 550/3800]  eta: 0:09:39  inter: 23692.0000 (25169.5771)  union: 27904.0000 (40460.9293)  iou: 0.8743 (0.5937)  time: 0.1525  data: 0.0022  max mem: 15510
Test:  [ 600/3800]  eta: 0:09:22  inter: 10625.0000 (24972.3704)  union: 30591.0000 (40324.7148)  iou: 0.7767 (0.5915)  time: 0.1472  data: 0.0026  max mem: 15510
Test:  [ 650/3800]  eta: 0:09:07  inter: 29302.0000 (25455.9735)  union: 41593.0000 (40710.6376)  iou: 0.7005 (0.5904)  time: 0.1445  data: 0.0050  max mem: 15510
Test:  [ 700/3800]  eta: 0:08:53  inter: 13618.0000 (25078.0667)  union: 28832.0000 (40381.8460)  iou: 0.3914 (0.5847)  time: 0.1475  data: 0.0040  max mem: 15510
Test:  [ 750/3800]  eta: 0:08:40  inter: 23742.0000 (25037.1931)  union: 29904.0000 (40325.7973)  iou: 0.8185 (0.5856)  time: 0.1548  data: 0.0042  max mem: 15510
Test:  [ 800/3800]  eta: 0:08:28  inter: 12400.0000 (24808.0241)  union: 44773.0000 (39834.6018)  iou: 0.6017 (0.5861)  time: 0.1492  data: 0.0074  max mem: 15510
Test:  [ 850/3800]  eta: 0:08:16  inter: 21128.0000 (24913.6653)  union: 33521.0000 (39742.3506)  iou: 0.6076 (0.5873)  time: 0.1453  data: 0.0033  max mem: 15510
Test:  [ 900/3800]  eta: 0:08:04  inter: 10479.0000 (24937.5960)  union: 27802.0000 (39915.5850)  iou: 0.4470 (0.5827)  time: 0.1478  data: 0.0044  max mem: 15510
Test:  [ 950/3800]  eta: 0:07:53  inter: 24348.0000 (25151.6017)  union: 30281.0000 (39992.8972)  iou: 0.8342 (0.5835)  time: 0.1495  data: 0.0009  max mem: 15510
Test:  [1000/3800]  eta: 0:07:42  inter: 21676.0000 (25364.1240)  union: 37673.0000 (40157.2794)  iou: 0.7244 (0.5849)  time: 0.1423  data: 0.0028  max mem: 15510
Test:  [1050/3800]  eta: 0:07:32  inter: 20883.0000 (25374.8646)  union: 37176.0000 (40184.6095)  iou: 0.6014 (0.5842)  time: 0.1514  data: 0.0070  max mem: 15510
Test:  [1100/3800]  eta: 0:07:22  inter: 22426.0000 (25223.1406)  union: 27497.0000 (39973.6576)  iou: 0.7340 (0.5842)  time: 0.1468  data: 0.0028  max mem: 15510
Test:  [1150/3800]  eta: 0:07:12  inter: 10017.0000 (25418.4107)  union: 23767.0000 (39888.8195)  iou: 0.4226 (0.5874)  time: 0.1481  data: 0.0036  max mem: 15510
Test:  [1200/3800]  eta: 0:07:02  inter: 9948.0000 (25441.5922)  union: 28911.0000 (40156.8365)  iou: 0.7544 (0.5836)  time: 0.1484  data: 0.0026  max mem: 15510
Test:  [1250/3800]  eta: 0:06:53  inter: 45.0000 (25185.0795)  union: 29946.0000 (39894.6763)  iou: 0.0012 (0.5815)  time: 0.1526  data: 0.0022  max mem: 15510
Test:  [1300/3800]  eta: 0:06:44  inter: 15836.0000 (24958.0683)  union: 33279.0000 (39693.9831)  iou: 0.4023 (0.5820)  time: 0.1503  data: 0.0021  max mem: 15510
Test:  [1350/3800]  eta: 0:06:35  inter: 26151.0000 (24952.4021)  union: 33677.0000 (39684.1305)  iou: 0.7925 (0.5825)  time: 0.1525  data: 0.0063  max mem: 15510
Test:  [1400/3800]  eta: 0:06:25  inter: 9964.0000 (25079.7429)  union: 11745.0000 (39847.4691)  iou: 0.6326 (0.5805)  time: 0.1489  data: 0.0066  max mem: 15510
Test:  [1450/3800]  eta: 0:06:16  inter: 15893.0000 (25002.0836)  union: 46787.0000 (39769.2875)  iou: 0.3923 (0.5797)  time: 0.1471  data: 0.0039  max mem: 15510
Test:  [1500/3800]  eta: 0:06:07  inter: 17975.0000 (25056.7308)  union: 42439.0000 (39901.8207)  iou: 0.4817 (0.5780)  time: 0.1482  data: 0.0033  max mem: 15510
Test:  [1550/3800]  eta: 0:05:59  inter: 11653.0000 (24863.8321)  union: 28447.0000 (39822.7692)  iou: 0.8498 (0.5779)  time: 0.1556  data: 0.0083  max mem: 15510
Test:  [1600/3800]  eta: 0:05:56  inter: 11171.0000 (24745.0635)  union: 25551.0000 (39802.7699)  iou: 0.4313 (0.5749)  time: 0.3501  data: 0.0054  max mem: 15510
Test:  [1650/3800]  eta: 0:05:47  inter: 16068.0000 (24649.2839)  union: 33635.0000 (39801.9816)  iou: 0.3795 (0.5731)  time: 0.1492  data: 0.0053  max mem: 15510
Test:  [1700/3800]  eta: 0:05:38  inter: 16936.0000 (24641.2724)  union: 35389.0000 (39816.9746)  iou: 0.6882 (0.5717)  time: 0.1480  data: 0.0006  max mem: 15510
Test:  [1750/3800]  eta: 0:05:29  inter: 18181.0000 (24590.1139)  union: 32797.0000 (39736.6463)  iou: 0.8216 (0.5714)  time: 0.1573  data: 0.0017  max mem: 15510
Test:  [1800/3800]  eta: 0:05:21  inter: 15350.0000 (24461.8324)  union: 40955.0000 (39597.5748)  iou: 0.4671 (0.5707)  time: 0.1541  data: 0.0020  max mem: 15510
Test:  [1850/3800]  eta: 0:05:12  inter: 43.0000 (24408.2828)  union: 33509.0000 (39698.4866)  iou: 0.0010 (0.5681)  time: 0.1474  data: 0.0027  max mem: 15510
Test:  [1900/3800]  eta: 0:05:03  inter: 31522.0000 (24335.9847)  union: 56639.0000 (39636.8628)  iou: 0.6410 (0.5683)  time: 0.1469  data: 0.0039  max mem: 15510
Test:  [1950/3800]  eta: 0:04:55  inter: 11599.0000 (24287.5125)  union: 16632.0000 (39616.5538)  iou: 0.7077 (0.5682)  time: 0.1499  data: 0.0016  max mem: 15510
Test:  [2000/3800]  eta: 0:04:47  inter: 14510.0000 (24273.4348)  union: 22486.0000 (39582.1767)  iou: 0.6376 (0.5684)  time: 0.1525  data: 0.0041  max mem: 15510
Test:  [2050/3800]  eta: 0:04:38  inter: 2989.0000 (24130.3081)  union: 56195.0000 (39649.4724)  iou: 0.0731 (0.5658)  time: 0.1541  data: 0.0044  max mem: 15510
Test:  [2100/3800]  eta: 0:04:30  inter: 15404.0000 (24053.8581)  union: 32256.0000 (39613.6251)  iou: 0.7739 (0.5651)  time: 0.1450  data: 0.0046  max mem: 15510
Test:  [2150/3800]  eta: 0:04:22  inter: 16845.0000 (24048.6134)  union: 30562.0000 (39648.2565)  iou: 0.7365 (0.5644)  time: 0.1495  data: 0.0035  max mem: 15510
Test:  [2200/3800]  eta: 0:04:13  inter: 13855.0000 (24035.3636)  union: 21142.0000 (39574.8466)  iou: 0.5390 (0.5645)  time: 0.1536  data: 0.0018  max mem: 15510
Test:  [2250/3800]  eta: 0:04:05  inter: 19130.0000 (23916.8486)  union: 37565.0000 (39430.6205)  iou: 0.6074 (0.5634)  time: 0.1489  data: 0.0065  max mem: 15510
Test:  [2300/3800]  eta: 0:03:57  inter: 25444.0000 (24004.1387)  union: 37026.0000 (39424.1898)  iou: 0.6252 (0.5653)  time: 0.1515  data: 0.0041  max mem: 15510
Test:  [2350/3800]  eta: 0:03:49  inter: 15304.0000 (23946.9491)  union: 50384.0000 (39398.4026)  iou: 0.7008 (0.5653)  time: 0.1548  data: 0.0026  max mem: 15510
Test:  [2400/3800]  eta: 0:03:41  inter: 10255.0000 (24010.3020)  union: 33782.0000 (39394.1579)  iou: 0.4477 (0.5660)  time: 0.1540  data: 0.0032  max mem: 15510
Test:  [2450/3800]  eta: 0:03:33  inter: 29067.0000 (24117.3472)  union: 32650.0000 (39450.5493)  iou: 0.8675 (0.5679)  time: 0.1464  data: 0.0050  max mem: 15510
Test:  [2500/3800]  eta: 0:03:25  inter: 25104.0000 (24085.4458)  union: 40404.0000 (39472.7714)  iou: 0.7728 (0.5677)  time: 0.1491  data: 0.0053  max mem: 15510
Test:  [2550/3800]  eta: 0:03:17  inter: 28564.0000 (24189.2936)  union: 33614.0000 (39609.4564)  iou: 0.7865 (0.5677)  time: 0.1572  data: 0.0037  max mem: 15510
Test:  [2600/3800]  eta: 0:03:08  inter: 11657.0000 (24112.7505)  union: 32869.0000 (39570.0314)  iou: 0.4665 (0.5662)  time: 0.1534  data: 0.0046  max mem: 15510
Test:  [2650/3800]  eta: 0:03:00  inter: 16833.0000 (24067.2548)  union: 34420.0000 (39764.4160)  iou: 0.8267 (0.5651)  time: 0.1561  data: 0.0052  max mem: 15510
Test:  [2700/3800]  eta: 0:02:52  inter: 23450.0000 (24146.1328)  union: 30619.0000 (39901.2083)  iou: 0.7859 (0.5661)  time: 0.1473  data: 0.0011  max mem: 15510
Test:  [2750/3800]  eta: 0:02:45  inter: 22967.0000 (24234.9708)  union: 34020.0000 (40039.7525)  iou: 0.8182 (0.5657)  time: 0.1475  data: 0.0029  max mem: 15510
Test:  [2800/3800]  eta: 0:02:37  inter: 14816.0000 (24229.0850)  union: 26076.0000 (39926.1246)  iou: 0.8123 (0.5665)  time: 0.1495  data: 0.0042  max mem: 15510
Test:  [2850/3800]  eta: 0:02:29  inter: 12095.0000 (24327.1732)  union: 33110.0000 (40012.2116)  iou: 0.3239 (0.5657)  time: 0.1502  data: 0.0025  max mem: 15510
Test:  [2900/3800]  eta: 0:02:21  inter: 17703.0000 (24353.1880)  union: 26172.0000 (40060.6147)  iou: 0.8503 (0.5649)  time: 0.1478  data: 0.0055  max mem: 15510
Test:  [2950/3800]  eta: 0:02:13  inter: 18350.0000 (24362.6784)  union: 26415.0000 (40058.7627)  iou: 0.3901 (0.5649)  time: 0.1505  data: 0.0062  max mem: 15510
Test:  [3000/3800]  eta: 0:02:05  inter: 10644.0000 (24310.0598)  union: 32168.0000 (40033.3028)  iou: 0.4098 (0.5639)  time: 0.1551  data: 0.0019  max mem: 15510
Test:  [3050/3800]  eta: 0:01:57  inter: 13142.0000 (24286.9141)  union: 30191.0000 (40073.3007)  iou: 0.4559 (0.5639)  time: 0.1485  data: 0.0055  max mem: 15510
Test:  [3100/3800]  eta: 0:01:49  inter: 18217.0000 (24267.5550)  union: 41647.0000 (40046.8811)  iou: 0.4893 (0.5641)  time: 0.1512  data: 0.0031  max mem: 15510
Test:  [3150/3800]  eta: 0:01:41  inter: 14613.0000 (24172.5819)  union: 21509.0000 (39927.9153)  iou: 0.5588 (0.5642)  time: 0.1498  data: 0.0014  max mem: 15510
Test:  [3200/3800]  eta: 0:01:33  inter: 10683.0000 (24180.7274)  union: 35540.0000 (39956.1230)  iou: 0.6759 (0.5646)  time: 0.1473  data: 0.0026  max mem: 15510
Test:  [3250/3800]  eta: 0:01:25  inter: 19447.0000 (24120.6792)  union: 25918.0000 (39904.2261)  iou: 0.7608 (0.5631)  time: 0.1522  data: 0.0031  max mem: 15510
Test:  [3300/3800]  eta: 0:01:18  inter: 24853.0000 (24199.3389)  union: 43705.0000 (40022.9871)  iou: 0.7381 (0.5622)  time: 0.1563  data: 0.0035  max mem: 15510
Test:  [3350/3800]  eta: 0:01:10  inter: 9646.0000 (24190.4966)  union: 12551.0000 (40018.2845)  iou: 0.7397 (0.5627)  time: 0.1463  data: 0.0034  max mem: 15510
Test:  [3400/3800]  eta: 0:01:02  inter: 24081.0000 (24311.8462)  union: 37427.0000 (40074.0987)  iou: 0.8879 (0.5642)  time: 0.1519  data: 0.0054  max mem: 15510
Test:  [3450/3800]  eta: 0:00:54  inter: 15141.0000 (24338.2202)  union: 30238.0000 (40106.3969)  iou: 0.5007 (0.5647)  time: 0.1499  data: 0.0058  max mem: 15510
Test:  [3500/3800]  eta: 0:00:46  inter: 13186.0000 (24311.2464)  union: 21664.0000 (40026.5156)  iou: 0.4193 (0.5646)  time: 0.1441  data: 0.0012  max mem: 15510
Test:  [3550/3800]  eta: 0:00:38  inter: 19369.0000 (24312.9692)  union: 36187.0000 (40032.0890)  iou: 0.6325 (0.5641)  time: 0.1491  data: 0.0063  max mem: 15510
Test:  [3600/3800]  eta: 0:00:31  inter: 21241.0000 (24221.6240)  union: 29908.0000 (39984.6145)  iou: 0.3747 (0.5625)  time: 0.1498  data: 0.0034  max mem: 15510
Test:  [3650/3800]  eta: 0:00:23  inter: 13684.0000 (24151.6193)  union: 38744.0000 (39974.3852)  iou: 0.4489 (0.5615)  time: 0.1553  data: 0.0027  max mem: 15510
Test:  [3700/3800]  eta: 0:00:15  inter: 18885.0000 (24240.0285)  union: 36098.0000 (40009.5016)  iou: 0.7096 (0.5623)  time: 0.1481  data: 0.0023  max mem: 15510
Test:  [3750/3800]  eta: 0:00:07  inter: 22691.0000 (24271.2544)  union: 42237.0000 (40054.0265)  iou: 0.4288 (0.5628)  time: 0.1456  data: 0.0034  max mem: 15510
Test:  [3799/3800]  eta: 0:00:00  inter: 11957.0000 (24302.0915)  union: 29646.0000 (40032.7629)  iou: 0.4033 (0.5630)  time: 0.1103  data: 0.0009  max mem: 15510
Test: Total time: 0:09:51 (0.1555 s / it)
* IoU 0.563 oIoU 0.607
IoU of the network on the 3800 test images: 0.6%
Max IoU: 0.56%
Training time 0:33:17
