Architecture:                       x86_64
CPU op-mode(s):                     32-bit, 64-bit
Address sizes:                      52 bits physical, 57 bits virtual
Byte Order:                         Little Endian
CPU(s):                             36
On-line CPU(s) list:                0-35
Vendor ID:                          GenuineIntel
Model name:                         Intel(R) Xeon(R) Gold 6354 CPU @ 3.00GHz
CPU family:                         6
Model:                              106
Thread(s) per core:                 1
Core(s) per socket:                 18
Socket(s):                          2
Stepping:                           6
CPU max MHz:                        3600.0000
CPU min MHz:                        800.0000
BogoMIPS:                           6000.00
Flags:                              fpu vme de pse tsc msr pae mce cx8 apic sep mtrr pge mca cmov pat pse36 clflush dts acpi mmx fxsr sse sse2 ss ht tm pbe syscall nx pdpe1gb rdtscp lm constant_tsc art arch_perfmon pebs bts rep_good nopl xtopology nonstop_tsc cpuid aperfmperf pni pclmulqdq dtes64 monitor ds_cpl vmx smx est tm2 ssse3 sdbg fma cx16 xtpr pdcm pcid dca sse4_1 sse4_2 x2apic movbe popcnt tsc_deadline_timer aes xsave avx f16c rdrand lahf_lm abm 3dnowprefetch cpuid_fault epb cat_l3 invpcid_single ssbd mba ibrs ibpb stibp ibrs_enhanced tpr_shadow flexpriority ept vpid ept_ad fsgsbase tsc_adjust bmi1 avx2 smep bmi2 erms invpcid cqm rdt_a avx512f avx512dq rdseed adx smap avx512ifma clflushopt clwb intel_pt avx512cd sha_ni avx512bw avx512vl xsaveopt xsavec xgetbv1 xsaves cqm_llc cqm_occup_llc cqm_mbm_total cqm_mbm_local split_lock_detect wbnoinvd dtherm ida arat pln pts vnmi avx512vbmi umip pku ospke avx512_vbmi2 gfni vaes vpclmulqdq avx512_vnni avx512_bitalg tme avx512_vpopcntdq la57 rdpid fsrm md_clear pconfig flush_l1d arch_capabilities
Virtualization:                     VT-x
L1d cache:                          1.7 MiB (36 instances)
L1i cache:                          1.1 MiB (36 instances)
L2 cache:                           45 MiB (36 instances)
L3 cache:                           78 MiB (2 instances)
NUMA node(s):                       2
NUMA node0 CPU(s):                  0-17
NUMA node1 CPU(s):                  18-35
Vulnerability Gather data sampling: Mitigation; Microcode
Vulnerability Itlb multihit:        Not affected
Vulnerability L1tf:                 Not affected
Vulnerability Mds:                  Not affected
Vulnerability Meltdown:             Not affected
Vulnerability Mmio stale data:      Mitigation; Clear CPU buffers; SMT disabled
Vulnerability Retbleed:             Not affected
Vulnerability Spec rstack overflow: Not affected
Vulnerability Spec store bypass:    Mitigation; Speculative Store Bypass disabled via prctl
Vulnerability Spectre v1:           Mitigation; usercopy/swapgs barriers and __user pointer sanitization
Vulnerability Spectre v2:           Mitigation; Enhanced / Automatic IBRS, IBPB conditional, RSB filling, PBRSB-eIBRS SW sequence
Vulnerability Srbds:                Not affected
Vulnerability Tsx async abort:      Not affected
Sun Apr 20 23:38:12 2025       
+---------------------------------------------------------------------------------------+
| NVIDIA-SMI 545.23.08              Driver Version: 545.23.08    CUDA Version: 12.3     |
|-----------------------------------------+----------------------+----------------------+
| GPU  Name                 Persistence-M | Bus-Id        Disp.A | Volatile Uncorr. ECC |
| Fan  Temp   Perf          Pwr:Usage/Cap |         Memory-Usage | GPU-Util  Compute M. |
|                                         |                      |               MIG M. |
|=========================================+======================+======================|
|   0  NVIDIA L40                     On  | 00000000:CE:00.0 Off |                    0 |
| N/A   36C    P8              56W / 300W |      4MiB / 46068MiB |      0%      Default |
|                                         |                      |                  N/A |
+-----------------------------------------+----------------------+----------------------+
|   1  NVIDIA L40                     On  | 00000000:D1:00.0 Off |                    0 |
| N/A   38C    P0              37W / 300W |      4MiB / 46068MiB |      0%      Default |
|                                         |                      |                  N/A |
+-----------------------------------------+----------------------+----------------------+
                                                                                         
+---------------------------------------------------------------------------------------+
| Processes:                                                                            |
|  GPU   GI   CI        PID   Type   Process name                            GPU Memory |
|        ID   ID                                                             Usage      |
|=======================================================================================|
|  No running processes found                                                           |
+---------------------------------------------------------------------------------------+
/home/akula.ha/.conda/envs/refseg/lib/python3.10/site-packages/torch/distributed/launch.py:181: FutureWarning: The module torch.distributed.launch is deprecated
and will be removed in future. Use torchrun.
Note that --use-env is set by default in torchrun.
If your script expects `--local-rank` argument to be set, please
change it to read from `os.environ['LOCAL_RANK']` instead. See 
https://pytorch.org/docs/stable/distributed.html#launch-utility for 
further instructions

  warnings.warn(
[2025-04-20 23:38:15,842] torch.distributed.run: [WARNING] 
[2025-04-20 23:38:15,842] torch.distributed.run: [WARNING] *****************************************
[2025-04-20 23:38:15,842] torch.distributed.run: [WARNING] Setting OMP_NUM_THREADS environment variable for each process to be 1 in default, to avoid your system being overloaded, please further tune the variable for optimal performance in your application as needed. 
[2025-04-20 23:38:15,842] torch.distributed.run: [WARNING] *****************************************
| distributed init (rank 1): env://
| distributed init (rank 0): env://
Namespace(batch_size=14, epochs=50, model='ReMamber_Conv', pretrain_path='./pretrain', input_size=480, drop=0.0, drop_path=0.1, model_ema=False, model_ema_decay=0.9999, model_ema_force_cpu=False, opt='adamw', opt_eps=1e-08, opt_betas=None, clip_grad=None, momentum=0.9, weight_decay=0.0001, sched='cosine', lr=3.3e-05, lr_decoder=3.3e-05, lr_backbone=1.65e-05, lr_vssm=1.65e-05, warmup_lr=1e-06, min_lr=3e-07, decay_epochs=13.0, warmup_epochs=2, cooldown_epochs=10, patience_epochs=10, decay_rate=0.1, train_mode=True, finetune='pretrain/ReMamber_Conv.pth', data_path='./ref_dataset/data', data_set='refzom', output_dir='./l_outputs', device='cuda', seed=0, resume='l_outputs/ReMamber_Conv_nodadapter/checkpoint_model:9669bef3.pth', start_epoch=0, eval=False, dist_eval=False, num_workers=8, pin_mem=True, distributed=True, world_size=2, dist_url='env://', if_amp=True, debug_mode=False, local_rank=0, model_title='model', logging='model', decoder_adapter=False, continue_lr=None, partial_freeze=True, single_epoch=True, lite_baseline=False, rank=0, gpu=0, dist_backend='nccl')
True val
./ref_dataset/data refzom zom
loading dataset refzom into memory...
creating index...
index created.
DONE (t=14.98s)
Preparing dataset ......
False val
./ref_dataset/data refzom zom
loading dataset refzom into memory...
creating index...
/home/akula.ha/.conda/envs/refseg/lib/python3.10/site-packages/torch/utils/data/dataloader.py:557: UserWarning: This DataLoader will create 8 worker processes in total. Our suggested max number of worker in current system is 1, which is smaller than what this DataLoader is going to create. Please be aware that excessive worker creation might get DataLoader running slow or even freeze, lower the worker number to avoid potential slowness/freeze if necessary.
  warnings.warn(_create_warning_msg(
index created.
DONE (t=14.98s)
Preparing dataset ......
length of train set: 57624
length of val set: 15406
/home/akula.ha/.conda/envs/refseg/lib/python3.10/site-packages/torch/utils/data/dataloader.py:557: UserWarning: This DataLoader will create 8 worker processes in total. Our suggested max number of worker in current system is 1, which is smaller than what this DataLoader is going to create. Please be aware that excessive worker creation might get DataLoader running slow or even freeze, lower the worker number to avoid potential slowness/freeze if necessary.
  warnings.warn(_create_warning_msg(
Creating model: ReMamber_Conv
kwargs {}
number of params: 19461889
Loaded checkpoint from 'l_outputs/ReMamber_Conv_nodadapter/checkpoint_model:9669bef3.pth'
Continuing training from epoch 7...
Model id is - model:399c6ea0
length of train set: 50000
length of val set: 4000
Start training for 50 epochs
Learning rate: 3.3e-05
/home/akula.ha/.conda/envs/refseg/lib/python3.10/site-packages/torch/autograd/__init__.py:251: UserWarning: Grad strides do not match bucket view strides. This may indicate grad was not created according to the gradient layout contract, or that the param's strides changed since DDP was constructed.  This is not an error, but may impair performance.
grad.sizes() = [512, 768, 1, 1], strides() = [768, 1, 768, 768]
bucket_view.sizes() = [512, 768, 1, 1], strides() = [768, 1, 1, 1] (Triggered internally at ../torch/csrc/distributed/c10d/reducer.cpp:320.)
  Variable._execution_engine.run_backward(  # Calls into the C++ engine to run the backward pass
/home/akula.ha/.conda/envs/refseg/lib/python3.10/site-packages/torch/autograd/__init__.py:251: UserWarning: Grad strides do not match bucket view strides. This may indicate grad was not created according to the gradient layout contract, or that the param's strides changed since DDP was constructed.  This is not an error, but may impair performance.
grad.sizes() = [512, 768, 1, 1], strides() = [768, 1, 768, 768]
bucket_view.sizes() = [512, 768, 1, 1], strides() = [768, 1, 1, 1] (Triggered internally at ../torch/csrc/distributed/c10d/reducer.cpp:320.)
  Variable._execution_engine.run_backward(  # Calls into the C++ engine to run the backward pass
Epoch: [7]  [   0/1786]  eta: 13:14:54  lr: 0.000031  train_loss: 0.1991 (0.1991)  train_iou: 0.5609 (0.5609)  time: 26.7046  data: 11.8685  max mem: 15510
Epoch: [7]  [  20/1786]  eta: 0:58:18  lr: 0.000031  train_loss: 0.1835 (0.2102)  train_iou: 0.7337 (0.6867)  time: 0.7446  data: 0.0200  max mem: 15510
Epoch: [7]  [  40/1786]  eta: 0:40:14  lr: 0.000031  train_loss: 0.1850 (0.2120)  train_iou: 0.6999 (0.6855)  time: 0.7555  data: 0.0149  max mem: 15510
Epoch: [7]  [  60/1786]  eta: 0:33:51  lr: 0.000031  train_loss: 0.1935 (0.2083)  train_iou: 0.6425 (0.6732)  time: 0.7549  data: 0.0144  max mem: 15510
Epoch: [7]  [  80/1786]  eta: 0:30:30  lr: 0.000031  train_loss: 0.2466 (0.2197)  train_iou: 0.6416 (0.6659)  time: 0.7545  data: 0.0140  max mem: 15510
Epoch: [7]  [ 100/1786]  eta: 0:28:24  lr: 0.000031  train_loss: 0.1915 (0.2171)  train_iou: 0.7024 (0.6684)  time: 0.7595  data: 0.0180  max mem: 15510
Epoch: [7]  [ 120/1786]  eta: 0:26:55  lr: 0.000031  train_loss: 0.1762 (0.2179)  train_iou: 0.6413 (0.6657)  time: 0.7607  data: 0.0154  max mem: 15510
Epoch: [7]  [ 140/1786]  eta: 0:25:47  lr: 0.000031  train_loss: 0.1759 (0.2141)  train_iou: 0.6526 (0.6666)  time: 0.7637  data: 0.0151  max mem: 15510
Epoch: [7]  [ 160/1786]  eta: 0:24:50  lr: 0.000031  train_loss: 0.1474 (0.2094)  train_iou: 0.7001 (0.6710)  time: 0.7506  data: 0.0094  max mem: 15510
Epoch: [7]  [ 180/1786]  eta: 0:24:01  lr: 0.000031  train_loss: 0.1857 (0.2080)  train_iou: 0.6303 (0.6699)  time: 0.7456  data: 0.0083  max mem: 15510
Epoch: [7]  [ 200/1786]  eta: 0:23:22  lr: 0.000031  train_loss: 0.1974 (0.2109)  train_iou: 0.6305 (0.6686)  time: 0.7616  data: 0.0129  max mem: 15510
Epoch: [7]  [ 220/1786]  eta: 0:22:47  lr: 0.000031  train_loss: 0.1882 (0.2113)  train_iou: 0.6587 (0.6681)  time: 0.7599  data: 0.0139  max mem: 15510
Epoch: [7]  [ 240/1786]  eta: 0:22:14  lr: 0.000031  train_loss: 0.1807 (0.2116)  train_iou: 0.7010 (0.6711)  time: 0.7552  data: 0.0132  max mem: 15510
Epoch: [7]  [ 260/1786]  eta: 0:21:43  lr: 0.000031  train_loss: 0.2279 (0.2146)  train_iou: 0.6489 (0.6686)  time: 0.7488  data: 0.0097  max mem: 15510
Epoch: [7]  [ 280/1786]  eta: 0:21:15  lr: 0.000031  train_loss: 0.1868 (0.2146)  train_iou: 0.6877 (0.6697)  time: 0.7519  data: 0.0094  max mem: 15510
Epoch: [7]  [ 300/1786]  eta: 0:20:50  lr: 0.000031  train_loss: 0.1668 (0.2119)  train_iou: 0.6713 (0.6714)  time: 0.7590  data: 0.0092  max mem: 15510
Epoch: [7]  [ 320/1786]  eta: 0:20:25  lr: 0.000031  train_loss: 0.1519 (0.2101)  train_iou: 0.6608 (0.6709)  time: 0.7602  data: 0.0168  max mem: 15510
Epoch: [7]  [ 340/1786]  eta: 0:20:02  lr: 0.000031  train_loss: 0.1543 (0.2087)  train_iou: 0.6421 (0.6692)  time: 0.7590  data: 0.0119  max mem: 15510
Epoch: [7]  [ 360/1786]  eta: 0:19:41  lr: 0.000031  train_loss: 0.1409 (0.2060)  train_iou: 0.7013 (0.6700)  time: 0.7719  data: 0.0106  max mem: 15510
Epoch: [7]  [ 380/1786]  eta: 0:19:20  lr: 0.000031  train_loss: 0.2472 (0.2081)  train_iou: 0.6819 (0.6700)  time: 0.7660  data: 0.0115  max mem: 15510
Epoch: [7]  [ 400/1786]  eta: 0:18:59  lr: 0.000031  train_loss: 0.1630 (0.2070)  train_iou: 0.6608 (0.6698)  time: 0.7673  data: 0.0082  max mem: 15510
Epoch: [7]  [ 420/1786]  eta: 0:18:39  lr: 0.000031  train_loss: 0.1477 (0.2058)  train_iou: 0.6667 (0.6705)  time: 0.7667  data: 0.0104  max mem: 15510
Epoch: [7]  [ 440/1786]  eta: 0:18:19  lr: 0.000031  train_loss: 0.1526 (0.2042)  train_iou: 0.6649 (0.6700)  time: 0.7550  data: 0.0102  max mem: 15510
Epoch: [7]  [ 460/1786]  eta: 0:17:59  lr: 0.000031  train_loss: 0.1517 (0.2035)  train_iou: 0.6411 (0.6682)  time: 0.7542  data: 0.0155  max mem: 15510
Epoch: [7]  [ 480/1786]  eta: 0:17:40  lr: 0.000031  train_loss: 0.1909 (0.2041)  train_iou: 0.6738 (0.6676)  time: 0.7645  data: 0.0116  max mem: 15510
Epoch: [7]  [ 500/1786]  eta: 0:17:21  lr: 0.000031  train_loss: 0.2508 (0.2056)  train_iou: 0.6193 (0.6663)  time: 0.7577  data: 0.0143  max mem: 15510
Epoch: [7]  [ 520/1786]  eta: 0:17:02  lr: 0.000031  train_loss: 0.2095 (0.2061)  train_iou: 0.6844 (0.6678)  time: 0.7528  data: 0.0105  max mem: 15510
Epoch: [7]  [ 540/1786]  eta: 0:16:44  lr: 0.000031  train_loss: 0.1708 (0.2061)  train_iou: 0.6345 (0.6674)  time: 0.7682  data: 0.0101  max mem: 15510
Epoch: [7]  [ 560/1786]  eta: 0:16:26  lr: 0.000031  train_loss: 0.1718 (0.2049)  train_iou: 0.6585 (0.6670)  time: 0.7666  data: 0.0112  max mem: 15510
Epoch: [7]  [ 580/1786]  eta: 0:16:08  lr: 0.000031  train_loss: 0.1598 (0.2047)  train_iou: 0.6542 (0.6668)  time: 0.7601  data: 0.0130  max mem: 15510
Epoch: [7]  [ 600/1786]  eta: 0:15:50  lr: 0.000031  train_loss: 0.1684 (0.2051)  train_iou: 0.6359 (0.6666)  time: 0.7487  data: 0.0132  max mem: 15510
Epoch: [7]  [ 620/1786]  eta: 0:15:33  lr: 0.000031  train_loss: 0.1829 (0.2050)  train_iou: 0.7098 (0.6677)  time: 0.7655  data: 0.0123  max mem: 15510
Epoch: [7]  [ 640/1786]  eta: 0:15:15  lr: 0.000031  train_loss: 0.1449 (0.2037)  train_iou: 0.6391 (0.6675)  time: 0.7618  data: 0.0115  max mem: 15510
Epoch: [7]  [ 660/1786]  eta: 0:14:58  lr: 0.000031  train_loss: 0.1796 (0.2043)  train_iou: 0.7055 (0.6684)  time: 0.7606  data: 0.0090  max mem: 15510
Epoch: [7]  [ 680/1786]  eta: 0:14:41  lr: 0.000031  train_loss: 0.1550 (0.2031)  train_iou: 0.6903 (0.6693)  time: 0.7616  data: 0.0086  max mem: 15510
Epoch: [7]  [ 700/1786]  eta: 0:14:24  lr: 0.000031  train_loss: 0.1855 (0.2030)  train_iou: 0.6640 (0.6692)  time: 0.7715  data: 0.0149  max mem: 15510
Epoch: [7]  [ 720/1786]  eta: 0:14:07  lr: 0.000031  train_loss: 0.2024 (0.2042)  train_iou: 0.6554 (0.6693)  time: 0.7507  data: 0.0115  max mem: 15510
Epoch: [7]  [ 740/1786]  eta: 0:13:50  lr: 0.000031  train_loss: 0.1651 (0.2041)  train_iou: 0.6842 (0.6698)  time: 0.7754  data: 0.0071  max mem: 15510
Epoch: [7]  [ 760/1786]  eta: 0:13:34  lr: 0.000031  train_loss: 0.1758 (0.2043)  train_iou: 0.6592 (0.6696)  time: 0.7679  data: 0.0131  max mem: 15510
Epoch: [7]  [ 780/1786]  eta: 0:13:17  lr: 0.000031  train_loss: 0.2242 (0.2050)  train_iou: 0.6522 (0.6695)  time: 0.7632  data: 0.0108  max mem: 15510
Epoch: [7]  [ 800/1786]  eta: 0:13:01  lr: 0.000031  train_loss: 0.1803 (0.2048)  train_iou: 0.6820 (0.6699)  time: 0.7792  data: 0.0105  max mem: 15510
Epoch: [7]  [ 820/1786]  eta: 0:12:44  lr: 0.000031  train_loss: 0.2353 (0.2051)  train_iou: 0.6799 (0.6701)  time: 0.7668  data: 0.0093  max mem: 15510
Epoch: [7]  [ 840/1786]  eta: 0:12:28  lr: 0.000031  train_loss: 0.2155 (0.2053)  train_iou: 0.6629 (0.6702)  time: 0.7622  data: 0.0128  max mem: 15510
Epoch: [7]  [ 860/1786]  eta: 0:12:11  lr: 0.000031  train_loss: 0.1537 (0.2057)  train_iou: 0.6984 (0.6704)  time: 0.7605  data: 0.0078  max mem: 15510
Epoch: [7]  [ 880/1786]  eta: 0:11:55  lr: 0.000031  train_loss: 0.1738 (0.2053)  train_iou: 0.6503 (0.6705)  time: 0.7644  data: 0.0106  max mem: 15510
Epoch: [7]  [ 900/1786]  eta: 0:11:39  lr: 0.000031  train_loss: 0.1896 (0.2056)  train_iou: 0.6865 (0.6710)  time: 0.7736  data: 0.0108  max mem: 15510
Epoch: [7]  [ 920/1786]  eta: 0:11:23  lr: 0.000031  train_loss: 0.2170 (0.2067)  train_iou: 0.6509 (0.6708)  time: 0.7724  data: 0.0120  max mem: 15510
Epoch: [7]  [ 940/1786]  eta: 0:11:07  lr: 0.000031  train_loss: 0.2084 (0.2070)  train_iou: 0.6580 (0.6704)  time: 0.7573  data: 0.0144  max mem: 15510
Epoch: [7]  [ 960/1786]  eta: 0:10:50  lr: 0.000031  train_loss: 0.1993 (0.2079)  train_iou: 0.6716 (0.6703)  time: 0.7539  data: 0.0107  max mem: 15510
Epoch: [7]  [ 980/1786]  eta: 0:10:34  lr: 0.000031  train_loss: 0.2016 (0.2080)  train_iou: 0.6829 (0.6706)  time: 0.7433  data: 0.0126  max mem: 15510
Epoch: [7]  [1000/1786]  eta: 0:10:17  lr: 0.000031  train_loss: 0.1508 (0.2076)  train_iou: 0.6659 (0.6709)  time: 0.7582  data: 0.0093  max mem: 15510
Epoch: [7]  [1020/1786]  eta: 0:10:01  lr: 0.000031  train_loss: 0.1417 (0.2072)  train_iou: 0.7092 (0.6714)  time: 0.7686  data: 0.0099  max mem: 15510
Epoch: [7]  [1040/1786]  eta: 0:09:45  lr: 0.000031  train_loss: 0.1824 (0.2069)  train_iou: 0.6446 (0.6709)  time: 0.7611  data: 0.0092  max mem: 15510
Epoch: [7]  [1060/1786]  eta: 0:09:29  lr: 0.000031  train_loss: 0.1978 (0.2069)  train_iou: 0.6663 (0.6713)  time: 0.7707  data: 0.0110  max mem: 15510
Epoch: [7]  [1080/1786]  eta: 0:09:13  lr: 0.000031  train_loss: 0.1574 (0.2062)  train_iou: 0.6816 (0.6716)  time: 0.7536  data: 0.0113  max mem: 15510
Epoch: [7]  [1100/1786]  eta: 0:08:57  lr: 0.000031  train_loss: 0.2204 (0.2067)  train_iou: 0.6416 (0.6712)  time: 0.7565  data: 0.0126  max mem: 15510
Epoch: [7]  [1120/1786]  eta: 0:08:41  lr: 0.000031  train_loss: 0.1937 (0.2067)  train_iou: 0.6664 (0.6709)  time: 0.7629  data: 0.0084  max mem: 15510
Epoch: [7]  [1140/1786]  eta: 0:08:25  lr: 0.000031  train_loss: 0.2006 (0.2067)  train_iou: 0.6637 (0.6706)  time: 0.7571  data: 0.0129  max mem: 15510
Epoch: [7]  [1160/1786]  eta: 0:08:10  lr: 0.000031  train_loss: 0.1992 (0.2069)  train_iou: 0.6641 (0.6700)  time: 0.7643  data: 0.0115  max mem: 15510
Epoch: [7]  [1180/1786]  eta: 0:07:54  lr: 0.000031  train_loss: 0.1750 (0.2071)  train_iou: 0.6928 (0.6704)  time: 0.7649  data: 0.0135  max mem: 15510
Epoch: [7]  [1200/1786]  eta: 0:07:38  lr: 0.000031  train_loss: 0.1360 (0.2063)  train_iou: 0.6912 (0.6708)  time: 0.7687  data: 0.0104  max mem: 15510
Epoch: [7]  [1220/1786]  eta: 0:07:22  lr: 0.000031  train_loss: 0.2172 (0.2063)  train_iou: 0.6450 (0.6704)  time: 0.7577  data: 0.0093  max mem: 15510
Epoch: [7]  [1240/1786]  eta: 0:07:06  lr: 0.000031  train_loss: 0.2080 (0.2064)  train_iou: 0.6726 (0.6703)  time: 0.7741  data: 0.0098  max mem: 15510
Epoch: [7]  [1260/1786]  eta: 0:06:51  lr: 0.000031  train_loss: 0.1834 (0.2061)  train_iou: 0.6524 (0.6704)  time: 0.7573  data: 0.0170  max mem: 15510
Epoch: [7]  [1280/1786]  eta: 0:06:35  lr: 0.000031  train_loss: 0.1397 (0.2056)  train_iou: 0.6398 (0.6699)  time: 0.7567  data: 0.0123  max mem: 15510
Epoch: [7]  [1300/1786]  eta: 0:06:19  lr: 0.000031  train_loss: 0.1607 (0.2056)  train_iou: 0.6923 (0.6703)  time: 0.7577  data: 0.0103  max mem: 15510
Epoch: [7]  [1320/1786]  eta: 0:06:03  lr: 0.000031  train_loss: 0.1998 (0.2058)  train_iou: 0.6314 (0.6701)  time: 0.7655  data: 0.0123  max mem: 15510
Epoch: [7]  [1340/1786]  eta: 0:05:47  lr: 0.000031  train_loss: 0.1681 (0.2055)  train_iou: 0.6445 (0.6699)  time: 0.7480  data: 0.0093  max mem: 15510
Epoch: [7]  [1360/1786]  eta: 0:05:32  lr: 0.000031  train_loss: 0.1404 (0.2051)  train_iou: 0.6700 (0.6700)  time: 0.7589  data: 0.0106  max mem: 15510
Epoch: [7]  [1380/1786]  eta: 0:05:16  lr: 0.000031  train_loss: 0.1679 (0.2051)  train_iou: 0.7073 (0.6706)  time: 0.7416  data: 0.0133  max mem: 15510
Epoch: [7]  [1400/1786]  eta: 0:05:00  lr: 0.000031  train_loss: 0.1529 (0.2047)  train_iou: 0.7165 (0.6712)  time: 0.7581  data: 0.0111  max mem: 15510
Epoch: [7]  [1420/1786]  eta: 0:04:44  lr: 0.000031  train_loss: 0.1195 (0.2041)  train_iou: 0.6959 (0.6718)  time: 0.7628  data: 0.0098  max mem: 15510
Epoch: [7]  [1440/1786]  eta: 0:04:29  lr: 0.000031  train_loss: 0.1761 (0.2040)  train_iou: 0.7116 (0.6721)  time: 0.7556  data: 0.0089  max mem: 15510
Epoch: [7]  [1460/1786]  eta: 0:04:13  lr: 0.000031  train_loss: 0.2327 (0.2047)  train_iou: 0.6136 (0.6715)  time: 0.7520  data: 0.0117  max mem: 15510
Epoch: [7]  [1480/1786]  eta: 0:03:57  lr: 0.000031  train_loss: 0.2233 (0.2053)  train_iou: 0.6672 (0.6712)  time: 0.7470  data: 0.0110  max mem: 15510
Epoch: [7]  [1500/1786]  eta: 0:03:42  lr: 0.000031  train_loss: 0.1858 (0.2049)  train_iou: 0.6827 (0.6713)  time: 0.7545  data: 0.0094  max mem: 15510
Epoch: [7]  [1520/1786]  eta: 0:03:26  lr: 0.000031  train_loss: 0.1838 (0.2048)  train_iou: 0.6834 (0.6713)  time: 0.7579  data: 0.0103  max mem: 15510
Epoch: [7]  [1540/1786]  eta: 0:03:11  lr: 0.000031  train_loss: 0.1897 (0.2052)  train_iou: 0.6955 (0.6714)  time: 0.7493  data: 0.0123  max mem: 15510
Epoch: [7]  [1560/1786]  eta: 0:02:55  lr: 0.000031  train_loss: 0.1776 (0.2051)  train_iou: 0.6422 (0.6712)  time: 0.7590  data: 0.0083  max mem: 15510
Epoch: [7]  [1580/1786]  eta: 0:02:39  lr: 0.000031  train_loss: 0.2032 (0.2051)  train_iou: 0.6753 (0.6713)  time: 0.7538  data: 0.0106  max mem: 15510
Epoch: [7]  [1600/1786]  eta: 0:02:24  lr: 0.000031  train_loss: 0.1616 (0.2051)  train_iou: 0.6362 (0.6710)  time: 0.7594  data: 0.0105  max mem: 15510
Epoch: [7]  [1620/1786]  eta: 0:02:08  lr: 0.000031  train_loss: 0.1832 (0.2052)  train_iou: 0.6921 (0.6709)  time: 0.7588  data: 0.0107  max mem: 15510
Epoch: [7]  [1640/1786]  eta: 0:01:53  lr: 0.000031  train_loss: 0.2645 (0.2059)  train_iou: 0.6761 (0.6710)  time: 0.7658  data: 0.0134  max mem: 15510
Epoch: [7]  [1660/1786]  eta: 0:01:37  lr: 0.000031  train_loss: 0.1741 (0.2057)  train_iou: 0.6922 (0.6714)  time: 0.7608  data: 0.0097  max mem: 15510
Epoch: [7]  [1680/1786]  eta: 0:01:22  lr: 0.000031  train_loss: 0.1714 (0.2056)  train_iou: 0.6388 (0.6712)  time: 0.7587  data: 0.0160  max mem: 15510
Epoch: [7]  [1700/1786]  eta: 0:01:06  lr: 0.000031  train_loss: 0.1764 (0.2056)  train_iou: 0.6870 (0.6713)  time: 0.7646  data: 0.0095  max mem: 15510
Epoch: [7]  [1720/1786]  eta: 0:00:51  lr: 0.000031  train_loss: 0.1453 (0.2053)  train_iou: 0.6602 (0.6712)  time: 0.7595  data: 0.0101  max mem: 15510
Epoch: [7]  [1740/1786]  eta: 0:00:35  lr: 0.000031  train_loss: 0.1677 (0.2055)  train_iou: 0.6602 (0.6709)  time: 0.7559  data: 0.0100  max mem: 15510
Epoch: [7]  [1760/1786]  eta: 0:00:20  lr: 0.000031  train_loss: 0.1968 (0.2054)  train_iou: 0.6846 (0.6710)  time: 0.7539  data: 0.0114  max mem: 15510
Epoch: [7]  [1780/1786]  eta: 0:00:04  lr: 0.000031  train_loss: 0.1905 (0.2055)  train_iou: 0.6788 (0.6710)  time: 0.6262  data: 0.0058  max mem: 15510
Epoch: [7]  [1785/1786]  eta: 0:00:00  lr: 0.000031  train_loss: 0.1905 (0.2054)  train_iou: 0.6788 (0.6711)  time: 0.9640  data: 0.0027  max mem: 15510
Epoch: [7] Total time: 0:23:08 (0.7772 s / it)
Averaged stats: lr: 0.000031  train_loss: 0.1905 (0.2082)  train_iou: 0.6788 (0.6708)
huggingface/tokenizers: The current process just got forked, after parallelism has already been used. Disabling parallelism to avoid deadlocks...
To disable this warning, you can either:
	- Avoid using `tokenizers` before the fork if possible
	- Explicitly set the environment variable TOKENIZERS_PARALLELISM=(true | false)
huggingface/tokenizers: The current process just got forked, after parallelism has already been used. Disabling parallelism to avoid deadlocks...
To disable this warning, you can either:
	- Avoid using `tokenizers` before the fork if possible
	- Explicitly set the environment variable TOKENIZERS_PARALLELISM=(true | false)
huggingface/tokenizers: The current process just got forked, after parallelism has already been used. Disabling parallelism to avoid deadlocks...
To disable this warning, you can either:
	- Avoid using `tokenizers` before the fork if possible
	- Explicitly set the environment variable TOKENIZERS_PARALLELISM=(true | false)
huggingface/tokenizers: The current process just got forked, after parallelism has already been used. Disabling parallelism to avoid deadlocks...
To disable this warning, you can either:
	- Avoid using `tokenizers` before the fork if possible
	- Explicitly set the environment variable TOKENIZERS_PARALLELISM=(true | false)
huggingface/tokenizers: The current process just got forked, after parallelism has already been used. Disabling parallelism to avoid deadlocks...
To disable this warning, you can either:
	- Avoid using `tokenizers` before the fork if possible
	- Explicitly set the environment variable TOKENIZERS_PARALLELISM=(true | false)
huggingface/tokenizers: The current process just got forked, after parallelism has already been used. Disabling parallelism to avoid deadlocks...
To disable this warning, you can either:
	- Avoid using `tokenizers` before the fork if possible
	- Explicitly set the environment variable TOKENIZERS_PARALLELISM=(true | false)
huggingface/tokenizers: The current process just got forked, after parallelism has already been used. Disabling parallelism to avoid deadlocks...
To disable this warning, you can either:
	- Avoid using `tokenizers` before the fork if possible
	- Explicitly set the environment variable TOKENIZERS_PARALLELISM=(true | false)
huggingface/tokenizers: The current process just got forked, after parallelism has already been used. Disabling parallelism to avoid deadlocks...
To disable this warning, you can either:
	- Avoid using `tokenizers` before the fork if possible
	- Explicitly set the environment variable TOKENIZERS_PARALLELISM=(true | false)
huggingface/tokenizers: The current process just got forked, after parallelism has already been used. Disabling parallelism to avoid deadlocks...
To disable this warning, you can either:
	- Avoid using `tokenizers` before the fork if possible
	- Explicitly set the environment variable TOKENIZERS_PARALLELISM=(true | false)
huggingface/tokenizers: The current process just got forked, after parallelism has already been used. Disabling parallelism to avoid deadlocks...
To disable this warning, you can either:
	- Avoid using `tokenizers` before the fork if possible
	- Explicitly set the environment variable TOKENIZERS_PARALLELISM=(true | false)
huggingface/tokenizers: The current process just got forked, after parallelism has already been used. Disabling parallelism to avoid deadlocks...
To disable this warning, you can either:
	- Avoid using `tokenizers` before the fork if possible
	- Explicitly set the environment variable TOKENIZERS_PARALLELISM=(true | false)
huggingface/tokenizers: The current process just got forked, after parallelism has already been used. Disabling parallelism to avoid deadlocks...
To disable this warning, you can either:
	- Avoid using `tokenizers` before the fork if possible
	- Explicitly set the environment variable TOKENIZERS_PARALLELISM=(true | false)
huggingface/tokenizers: The current process just got forked, after parallelism has already been used. Disabling parallelism to avoid deadlocks...
To disable this warning, you can either:
	- Avoid using `tokenizers` before the fork if possible
	- Explicitly set the environment variable TOKENIZERS_PARALLELISM=(true | false)
huggingface/tokenizers: The current process just got forked, after parallelism has already been used. Disabling parallelism to avoid deadlocks...
To disable this warning, you can either:
	- Avoid using `tokenizers` before the fork if possible
	- Explicitly set the environment variable TOKENIZERS_PARALLELISM=(true | false)
huggingface/tokenizers: The current process just got forked, after parallelism has already been used. Disabling parallelism to avoid deadlocks...
To disable this warning, you can either:
	- Avoid using `tokenizers` before the fork if possible
	- Explicitly set the environment variable TOKENIZERS_PARALLELISM=(true | false)
huggingface/tokenizers: The current process just got forked, after parallelism has already been used. Disabling parallelism to avoid deadlocks...
To disable this warning, you can either:
	- Avoid using `tokenizers` before the fork if possible
	- Explicitly set the environment variable TOKENIZERS_PARALLELISM=(true | false)
Test:  [   0/4000]  eta: 4:00:46  inter: 33084.0000 (33084.0000)  union: 35278.0000 (35278.0000)  iou: 0.9378 (0.9378)  time: 3.6116  data: 1.1331  max mem: 15510
Test:  [  50/4000]  eta: 0:20:21  inter: 18254.0000 (22504.7500)  union: 48536.0000 (40883.8438)  iou: 0.5043 (0.5356)  time: 0.1453  data: 0.0026  max mem: 15510
Test:  [ 100/4000]  eta: 0:16:48  inter: 23158.0000 (24674.8382)  union: 46085.0000 (41756.3309)  iou: 0.6199 (0.5852)  time: 0.1461  data: 0.0069  max mem: 15510
Test:  [ 150/4000]  eta: 0:14:15  inter: 17668.0000 (24413.8660)  union: 29772.0000 (39387.6459)  iou: 0.8626 (0.6170)  time: 0.1509  data: 0.0052  max mem: 15510
Test:  [ 200/4000]  eta: 0:12:50  inter: 33418.0000 (24957.3370)  union: 36644.0000 (39109.1245)  iou: 0.7715 (0.6264)  time: 0.1441  data: 0.0048  max mem: 15510
Test:  [ 250/4000]  eta: 0:11:57  inter: 14542.0000 (26710.3976)  union: 32838.0000 (41081.7651)  iou: 0.4233 (0.6179)  time: 0.1439  data: 0.0025  max mem: 15510
Test:  [ 300/4000]  eta: 0:11:20  inter: 20097.0000 (26306.2506)  union: 24495.0000 (40827.5831)  iou: 0.7234 (0.6121)  time: 0.1478  data: 0.0026  max mem: 15510
Test:  [ 350/4000]  eta: 0:10:52  inter: 8815.0000 (25307.2748)  union: 32577.0000 (40519.4132)  iou: 0.5472 (0.5985)  time: 0.1477  data: 0.0060  max mem: 15510
Test:  [ 400/4000]  eta: 0:10:59  inter: 30751.0000 (24973.0339)  union: 35788.0000 (40405.3446)  iou: 0.7535 (0.5997)  time: 0.1433  data: 0.0031  max mem: 15510
Test:  [ 450/4000]  eta: 0:10:36  inter: 12864.0000 (24740.4794)  union: 28797.0000 (40067.7984)  iou: 0.5551 (0.5992)  time: 0.1521  data: 0.0040  max mem: 15510
Test:  [ 500/4000]  eta: 0:10:16  inter: 17115.0000 (25205.9499)  union: 27274.0000 (40912.2665)  iou: 0.5334 (0.5971)  time: 0.1465  data: 0.0045  max mem: 15510
Test:  [ 550/4000]  eta: 0:09:59  inter: 23144.0000 (25199.6362)  union: 27819.0000 (40619.8689)  iou: 0.8634 (0.6027)  time: 0.1523  data: 0.0049  max mem: 15510
Test:  [ 600/4000]  eta: 0:09:43  inter: 10366.0000 (24999.3314)  union: 30146.0000 (40425.8367)  iou: 0.7943 (0.6005)  time: 0.1463  data: 0.0032  max mem: 15510
Test:  [ 650/4000]  eta: 0:09:27  inter: 25785.0000 (25496.7779)  union: 42353.0000 (40883.7591)  iou: 0.6940 (0.5997)  time: 0.1430  data: 0.0042  max mem: 15510
Test:  [ 700/4000]  eta: 0:09:13  inter: 13694.0000 (25081.8450)  union: 28929.0000 (40559.4415)  iou: 0.3956 (0.5930)  time: 0.1436  data: 0.0014  max mem: 15510
Test:  [ 750/4000]  eta: 0:09:01  inter: 23935.0000 (25135.0371)  union: 29736.0000 (40462.7526)  iou: 0.8305 (0.5961)  time: 0.1517  data: 0.0022  max mem: 15510
Test:  [ 800/4000]  eta: 0:08:48  inter: 12241.0000 (24922.3563)  union: 43858.0000 (39965.1402)  iou: 0.5951 (0.5966)  time: 0.1472  data: 0.0042  max mem: 15510
Test:  [ 850/4000]  eta: 0:08:36  inter: 21381.0000 (25084.5004)  union: 35814.0000 (39974.1715)  iou: 0.7714 (0.5998)  time: 0.1416  data: 0.0032  max mem: 15510
Test:  [ 900/4000]  eta: 0:08:25  inter: 10833.0000 (25092.3826)  union: 27517.0000 (40125.6206)  iou: 0.6562 (0.5956)  time: 0.1435  data: 0.0037  max mem: 15510
Test:  [ 950/4000]  eta: 0:08:14  inter: 24364.0000 (25342.8942)  union: 30520.0000 (40196.2093)  iou: 0.8358 (0.5967)  time: 0.1476  data: 0.0037  max mem: 15510
Test:  [1000/4000]  eta: 0:08:04  inter: 22663.0000 (25552.4291)  union: 37387.0000 (40331.1939)  iou: 0.8029 (0.5980)  time: 0.1452  data: 0.0020  max mem: 15510
Test:  [1050/4000]  eta: 0:07:53  inter: 20323.0000 (25586.1156)  union: 36727.0000 (40334.2966)  iou: 0.5959 (0.5977)  time: 0.1472  data: 0.0019  max mem: 15510
Test:  [1100/4000]  eta: 0:07:43  inter: 22387.0000 (25413.3411)  union: 27507.0000 (40105.2051)  iou: 0.7054 (0.5973)  time: 0.1460  data: 0.0022  max mem: 15510
Test:  [1150/4000]  eta: 0:07:34  inter: 9849.0000 (25604.0478)  union: 23588.0000 (39974.6166)  iou: 0.5669 (0.6002)  time: 0.1510  data: 0.0058  max mem: 15510
Test:  [1200/4000]  eta: 0:07:24  inter: 9871.0000 (25573.4691)  union: 28718.0000 (40164.2265)  iou: 0.8027 (0.5963)  time: 0.1493  data: 0.0080  max mem: 15510
Test:  [1250/4000]  eta: 0:07:15  inter: 0.0000 (25317.8546)  union: 30221.0000 (39882.5656)  iou: 0.0000 (0.5943)  time: 0.1525  data: 0.0049  max mem: 15510
Test:  [1300/4000]  eta: 0:07:06  inter: 15593.0000 (25095.8034)  union: 34815.0000 (39728.9044)  iou: 0.3846 (0.5948)  time: 0.1477  data: 0.0029  max mem: 15510
Test:  [1350/4000]  eta: 0:06:57  inter: 25868.0000 (25154.1121)  union: 33843.0000 (39717.8200)  iou: 0.8056 (0.5955)  time: 0.1468  data: 0.0045  max mem: 15510
Test:  [1400/4000]  eta: 0:06:49  inter: 9809.0000 (25278.9752)  union: 11168.0000 (39909.5754)  iou: 0.7612 (0.5933)  time: 0.1459  data: 0.0019  max mem: 15510
Test:  [1450/4000]  eta: 0:06:40  inter: 15241.0000 (25199.4709)  union: 37465.0000 (39802.0641)  iou: 0.4177 (0.5924)  time: 0.1444  data: 0.0037  max mem: 15510
Test:  [1500/4000]  eta: 0:06:31  inter: 16605.0000 (25243.3288)  union: 42139.0000 (39925.9574)  iou: 0.4824 (0.5904)  time: 0.1477  data: 0.0038  max mem: 15510
Test:  [1550/4000]  eta: 0:06:23  inter: 11489.0000 (25086.1483)  union: 26855.0000 (39849.6743)  iou: 0.8462 (0.5907)  time: 0.1557  data: 0.0036  max mem: 15510
Test:  [1600/4000]  eta: 0:06:20  inter: 11019.0000 (24989.1520)  union: 25161.0000 (39811.8475)  iou: 0.7319 (0.5878)  time: 0.3434  data: 0.0066  max mem: 15510
Test:  [1650/4000]  eta: 0:06:12  inter: 16024.0000 (24918.6535)  union: 33104.0000 (39826.1368)  iou: 0.4790 (0.5864)  time: 0.1498  data: 0.0058  max mem: 15510
Test:  [1700/4000]  eta: 0:06:03  inter: 16843.0000 (24933.3388)  union: 35939.0000 (39864.7835)  iou: 0.7847 (0.5853)  time: 0.1471  data: 0.0035  max mem: 15510
Test:  [1750/4000]  eta: 0:05:55  inter: 17803.0000 (24887.9850)  union: 32462.0000 (39798.5879)  iou: 0.8040 (0.5851)  time: 0.1491  data: 0.0055  max mem: 15510
Test:  [1800/4000]  eta: 0:05:46  inter: 15096.0000 (24746.2795)  union: 33010.0000 (39652.6671)  iou: 0.7402 (0.5840)  time: 0.1486  data: 0.0063  max mem: 15510
Test:  [1850/4000]  eta: 0:05:38  inter: 615.0000 (24676.6651)  union: 33375.0000 (39725.4789)  iou: 0.2041 (0.5813)  time: 0.1498  data: 0.0042  max mem: 15510
Test:  [1900/4000]  eta: 0:05:30  inter: 36678.0000 (24625.9392)  union: 55877.0000 (39645.8155)  iou: 0.6402 (0.5823)  time: 0.1538  data: 0.0049  max mem: 15510
Test:  [1950/4000]  eta: 0:05:22  inter: 11553.0000 (24582.7410)  union: 16674.0000 (39612.6240)  iou: 0.7054 (0.5821)  time: 0.1536  data: 0.0048  max mem: 15510
Test:  [2000/4000]  eta: 0:05:13  inter: 15233.0000 (24584.0177)  union: 22277.0000 (39574.7199)  iou: 0.7656 (0.5827)  time: 0.1455  data: 0.0058  max mem: 15510
Test:  [2050/4000]  eta: 0:05:05  inter: 6017.0000 (24449.4063)  union: 56175.0000 (39640.8053)  iou: 0.1983 (0.5804)  time: 0.1532  data: 0.0048  max mem: 15510
Test:  [2100/4000]  eta: 0:04:57  inter: 15313.0000 (24374.5307)  union: 32076.0000 (39602.5253)  iou: 0.7664 (0.5800)  time: 0.1460  data: 0.0023  max mem: 15510
Test:  [2150/4000]  eta: 0:04:49  inter: 23288.0000 (24384.9601)  union: 30363.0000 (39642.1753)  iou: 0.8488 (0.5797)  time: 0.1478  data: 0.0035  max mem: 15510
Test:  [2200/4000]  eta: 0:04:41  inter: 13747.0000 (24368.7218)  union: 21042.0000 (39598.8063)  iou: 0.4942 (0.5796)  time: 0.1522  data: 0.0042  max mem: 15510
Test:  [2250/4000]  eta: 0:04:33  inter: 17829.0000 (24245.4424)  union: 37875.0000 (39450.0717)  iou: 0.5851 (0.5784)  time: 0.1466  data: 0.0063  max mem: 15510
Test:  [2300/4000]  eta: 0:04:24  inter: 25166.0000 (24324.2046)  union: 36923.0000 (39437.9482)  iou: 0.6238 (0.5806)  time: 0.1504  data: 0.0048  max mem: 15510
Test:  [2350/4000]  eta: 0:04:17  inter: 19026.0000 (24252.0557)  union: 51165.0000 (39406.6197)  iou: 0.6498 (0.5805)  time: 0.1560  data: 0.0043  max mem: 15510
Test:  [2400/4000]  eta: 0:04:09  inter: 10231.0000 (24300.6385)  union: 33048.0000 (39393.8150)  iou: 0.4398 (0.5809)  time: 0.1523  data: 0.0017  max mem: 15510
Test:  [2450/4000]  eta: 0:04:01  inter: 28358.0000 (24391.4851)  union: 32465.0000 (39449.8812)  iou: 0.8485 (0.5824)  time: 0.1453  data: 0.0016  max mem: 15510
Test:  [2500/4000]  eta: 0:03:53  inter: 25011.0000 (24354.4834)  union: 41275.0000 (39469.2209)  iou: 0.8028 (0.5822)  time: 0.1489  data: 0.0037  max mem: 15510
Test:  [2550/4000]  eta: 0:03:45  inter: 28350.0000 (24463.1920)  union: 33122.0000 (39609.7776)  iou: 0.7856 (0.5825)  time: 0.1534  data: 0.0041  max mem: 15510
Test:  [2600/4000]  eta: 0:03:37  inter: 10761.0000 (24397.3962)  union: 32637.0000 (39552.4825)  iou: 0.4126 (0.5813)  time: 0.1526  data: 0.0023  max mem: 15510
Test:  [2650/4000]  eta: 0:03:29  inter: 16824.0000 (24397.5091)  union: 34255.0000 (39728.3112)  iou: 0.8066 (0.5804)  time: 0.1525  data: 0.0073  max mem: 15510
Test:  [2700/4000]  eta: 0:03:21  inter: 22376.0000 (24462.5133)  union: 30397.0000 (39854.4273)  iou: 0.8403 (0.5811)  time: 0.1490  data: 0.0022  max mem: 15510
Test:  [2750/4000]  eta: 0:03:13  inter: 22915.0000 (24537.7878)  union: 34653.0000 (39983.1729)  iou: 0.8103 (0.5806)  time: 0.1476  data: 0.0032  max mem: 15510
Test:  [2800/4000]  eta: 0:03:05  inter: 14799.0000 (24527.0683)  union: 25727.0000 (39864.2505)  iou: 0.7622 (0.5812)  time: 0.1466  data: 0.0021  max mem: 15510
Test:  [2850/4000]  eta: 0:02:57  inter: 12081.0000 (24633.8485)  union: 32943.0000 (39956.9883)  iou: 0.3215 (0.5803)  time: 0.1468  data: 0.0022  max mem: 15510
Test:  [2900/4000]  eta: 0:02:49  inter: 17541.0000 (24652.2493)  union: 26630.0000 (40013.8662)  iou: 0.7532 (0.5796)  time: 0.1429  data: 0.0027  max mem: 15510
Test:  [2950/4000]  eta: 0:02:42  inter: 18570.0000 (24664.1553)  union: 26384.0000 (40030.2296)  iou: 0.5060 (0.5797)  time: 0.1445  data: 0.0050  max mem: 15510
Test:  [3000/4000]  eta: 0:02:34  inter: 20397.0000 (24620.1333)  union: 32250.0000 (40004.9589)  iou: 0.4347 (0.5788)  time: 0.1518  data: 0.0018  max mem: 15510
Test:  [3050/4000]  eta: 0:02:26  inter: 13204.0000 (24606.8549)  union: 29079.0000 (40041.9468)  iou: 0.4608 (0.5789)  time: 0.1456  data: 0.0054  max mem: 15510
Test:  [3100/4000]  eta: 0:02:18  inter: 23012.0000 (24607.2619)  union: 41959.0000 (40012.8494)  iou: 0.4813 (0.5795)  time: 0.1472  data: 0.0037  max mem: 15510
Test:  [3150/4000]  eta: 0:02:10  inter: 15768.0000 (24502.9879)  union: 21434.0000 (39891.1746)  iou: 0.6469 (0.5793)  time: 0.1500  data: 0.0014  max mem: 15510
Test:  [3200/4000]  eta: 0:02:03  inter: 10657.0000 (24514.1303)  union: 37919.0000 (39919.4972)  iou: 0.6846 (0.5797)  time: 0.1436  data: 0.0040  max mem: 15510
Test:  [3250/4000]  eta: 0:01:55  inter: 14804.0000 (24447.1864)  union: 25192.0000 (39870.8107)  iou: 0.6550 (0.5781)  time: 0.1506  data: 0.0026  max mem: 15510
Test:  [3300/4000]  eta: 0:01:47  inter: 24625.0000 (24523.7622)  union: 43989.0000 (39970.5941)  iou: 0.8293 (0.5772)  time: 0.1451  data: 0.0020  max mem: 15510
Test:  [3350/4000]  eta: 0:01:39  inter: 9619.0000 (24521.7578)  union: 12630.0000 (39980.5925)  iou: 0.7823 (0.5778)  time: 0.1458  data: 0.0064  max mem: 15510
Test:  [3400/4000]  eta: 0:01:32  inter: 25294.0000 (24646.1425)  union: 37427.0000 (40035.3503)  iou: 0.8730 (0.5794)  time: 0.1500  data: 0.0018  max mem: 15510
Test:  [3450/4000]  eta: 0:01:24  inter: 16226.0000 (24667.4680)  union: 29183.0000 (40068.8415)  iou: 0.5947 (0.5795)  time: 0.1501  data: 0.0055  max mem: 15510
Test:  [3500/4000]  eta: 0:01:16  inter: 12844.0000 (24644.2315)  union: 21137.0000 (39988.1310)  iou: 0.5014 (0.5797)  time: 0.1470  data: 0.0040  max mem: 15510
Test:  [3550/4000]  eta: 0:01:09  inter: 27014.0000 (24656.5088)  union: 36796.0000 (39994.8694)  iou: 0.6316 (0.5793)  time: 0.1450  data: 0.0011  max mem: 15510
Test:  [3600/4000]  eta: 0:01:01  inter: 21130.0000 (24555.7054)  union: 36057.0000 (39952.1001)  iou: 0.3814 (0.5776)  time: 0.1480  data: 0.0036  max mem: 15510
Test:  [3650/4000]  eta: 0:00:53  inter: 13950.0000 (24486.0089)  union: 38576.0000 (39942.1170)  iou: 0.4471 (0.5765)  time: 0.1547  data: 0.0043  max mem: 15510
Test:  [3700/4000]  eta: 0:00:45  inter: 20624.0000 (24595.5909)  union: 36195.0000 (39987.8676)  iou: 0.8323 (0.5775)  time: 0.1477  data: 0.0048  max mem: 15510
Test:  [3750/4000]  eta: 0:00:38  inter: 22264.0000 (24644.7772)  union: 44312.0000 (40036.6926)  iou: 0.5062 (0.5783)  time: 0.1479  data: 0.0015  max mem: 15510
Test:  [3800/4000]  eta: 0:00:30  inter: 19954.0000 (24678.4337)  union: 29346.0000 (40013.3623)  iou: 0.6186 (0.5788)  time: 0.1458  data: 0.0030  max mem: 15510
Test:  [3850/4000]  eta: 0:00:22  inter: 20311.0000 (24669.5612)  union: 33329.0000 (40055.9889)  iou: 0.8633 (0.5787)  time: 0.1494  data: 0.0041  max mem: 15510
Test:  [3900/4000]  eta: 0:00:15  inter: 18031.0000 (24724.2968)  union: 33940.0000 (40150.7266)  iou: 0.5961 (0.5785)  time: 0.1502  data: 0.0035  max mem: 15510
Test:  [3950/4000]  eta: 0:00:07  inter: 17462.0000 (24687.8007)  union: 35277.0000 (40091.4254)  iou: 0.7419 (0.5790)  time: 0.1449  data: 0.0024  max mem: 15510
Test:  [3999/4000]  eta: 0:00:00  inter: 14910.0000 (24644.0018)  union: 30936.0000 (40003.7198)  iou: 0.5100 (0.5798)  time: 0.1133  data: 0.0012  max mem: 15510
Test: Total time: 0:10:12 (0.1531 s / it)
* IoU 0.580 oIoU 0.616
IoU of the network on the 4000 test images: 0.6%
Max IoU: 0.58%
Training time 0:33:27
