Architecture:                       x86_64
CPU op-mode(s):                     32-bit, 64-bit
Address sizes:                      52 bits physical, 57 bits virtual
Byte Order:                         Little Endian
CPU(s):                             36
On-line CPU(s) list:                0-35
Vendor ID:                          GenuineIntel
Model name:                         Intel(R) Xeon(R) Gold 6354 CPU @ 3.00GHz
CPU family:                         6
Model:                              106
Thread(s) per core:                 1
Core(s) per socket:                 18
Socket(s):                          2
Stepping:                           6
CPU max MHz:                        3600.0000
CPU min MHz:                        800.0000
BogoMIPS:                           6000.00
Flags:                              fpu vme de pse tsc msr pae mce cx8 apic sep mtrr pge mca cmov pat pse36 clflush dts acpi mmx fxsr sse sse2 ss ht tm pbe syscall nx pdpe1gb rdtscp lm constant_tsc art arch_perfmon pebs bts rep_good nopl xtopology nonstop_tsc cpuid aperfmperf pni pclmulqdq dtes64 monitor ds_cpl vmx smx est tm2 ssse3 sdbg fma cx16 xtpr pdcm pcid dca sse4_1 sse4_2 x2apic movbe popcnt tsc_deadline_timer aes xsave avx f16c rdrand lahf_lm abm 3dnowprefetch cpuid_fault epb cat_l3 invpcid_single ssbd mba ibrs ibpb stibp ibrs_enhanced tpr_shadow flexpriority ept vpid ept_ad fsgsbase tsc_adjust bmi1 avx2 smep bmi2 erms invpcid cqm rdt_a avx512f avx512dq rdseed adx smap avx512ifma clflushopt clwb intel_pt avx512cd sha_ni avx512bw avx512vl xsaveopt xsavec xgetbv1 xsaves cqm_llc cqm_occup_llc cqm_mbm_total cqm_mbm_local split_lock_detect wbnoinvd dtherm ida arat pln pts vnmi avx512vbmi umip pku ospke avx512_vbmi2 gfni vaes vpclmulqdq avx512_vnni avx512_bitalg tme avx512_vpopcntdq la57 rdpid fsrm md_clear pconfig flush_l1d arch_capabilities
Virtualization:                     VT-x
L1d cache:                          1.7 MiB (36 instances)
L1i cache:                          1.1 MiB (36 instances)
L2 cache:                           45 MiB (36 instances)
L3 cache:                           78 MiB (2 instances)
NUMA node(s):                       2
NUMA node0 CPU(s):                  0-17
NUMA node1 CPU(s):                  18-35
Vulnerability Gather data sampling: Mitigation; Microcode
Vulnerability Itlb multihit:        Not affected
Vulnerability L1tf:                 Not affected
Vulnerability Mds:                  Not affected
Vulnerability Meltdown:             Not affected
Vulnerability Mmio stale data:      Mitigation; Clear CPU buffers; SMT disabled
Vulnerability Retbleed:             Not affected
Vulnerability Spec rstack overflow: Not affected
Vulnerability Spec store bypass:    Mitigation; Speculative Store Bypass disabled via prctl
Vulnerability Spectre v1:           Mitigation; usercopy/swapgs barriers and __user pointer sanitization
Vulnerability Spectre v2:           Mitigation; Enhanced / Automatic IBRS, IBPB conditional, RSB filling, PBRSB-eIBRS SW sequence
Vulnerability Srbds:                Not affected
Vulnerability Tsx async abort:      Not affected
Mon Apr 21 09:34:50 2025       
+---------------------------------------------------------------------------------------+
| NVIDIA-SMI 545.23.08              Driver Version: 545.23.08    CUDA Version: 12.3     |
|-----------------------------------------+----------------------+----------------------+
| GPU  Name                 Persistence-M | Bus-Id        Disp.A | Volatile Uncorr. ECC |
| Fan  Temp   Perf          Pwr:Usage/Cap |         Memory-Usage | GPU-Util  Compute M. |
|                                         |                      |               MIG M. |
|=========================================+======================+======================|
|   0  NVIDIA L40                     On  | 00000000:CE:00.0 Off |                    0 |
| N/A   37C    P0              61W / 300W |      4MiB / 46068MiB |      0%      Default |
|                                         |                      |                  N/A |
+-----------------------------------------+----------------------+----------------------+
|   1  NVIDIA L40                     On  | 00000000:D1:00.0 Off |                    0 |
| N/A   37C    P0              55W / 300W |      4MiB / 46068MiB |      0%      Default |
|                                         |                      |                  N/A |
+-----------------------------------------+----------------------+----------------------+
                                                                                         
+---------------------------------------------------------------------------------------+
| Processes:                                                                            |
|  GPU   GI   CI        PID   Type   Process name                            GPU Memory |
|        ID   ID                                                             Usage      |
|=======================================================================================|
|  No running processes found                                                           |
+---------------------------------------------------------------------------------------+
/home/akula.ha/.conda/envs/refseg/lib/python3.10/site-packages/torch/distributed/launch.py:181: FutureWarning: The module torch.distributed.launch is deprecated
and will be removed in future. Use torchrun.
Note that --use-env is set by default in torchrun.
If your script expects `--local-rank` argument to be set, please
change it to read from `os.environ['LOCAL_RANK']` instead. See 
https://pytorch.org/docs/stable/distributed.html#launch-utility for 
further instructions

  warnings.warn(
[2025-04-21 09:34:54,040] torch.distributed.run: [WARNING] 
[2025-04-21 09:34:54,040] torch.distributed.run: [WARNING] *****************************************
[2025-04-21 09:34:54,040] torch.distributed.run: [WARNING] Setting OMP_NUM_THREADS environment variable for each process to be 1 in default, to avoid your system being overloaded, please further tune the variable for optimal performance in your application as needed. 
[2025-04-21 09:34:54,040] torch.distributed.run: [WARNING] *****************************************
| distributed init (rank 1): env://
| distributed init (rank 0): env://
Namespace(batch_size=14, epochs=50, model='ReMamber_Conv', pretrain_path='./pretrain', input_size=480, drop=0.0, drop_path=0.1, model_ema=False, model_ema_decay=0.9999, model_ema_force_cpu=False, opt='adamw', opt_eps=1e-08, opt_betas=None, clip_grad=None, momentum=0.9, weight_decay=0.0001, sched='cosine', lr=3.3e-05, lr_decoder=3.3e-05, lr_backbone=1.65e-05, lr_vssm=1.65e-05, warmup_lr=1e-06, min_lr=3e-07, decay_epochs=13.0, warmup_epochs=2, cooldown_epochs=10, patience_epochs=10, decay_rate=0.1, train_mode=True, finetune='pretrain/ReMamber_Conv.pth', data_path='./ref_dataset/data', data_set='refzom', output_dir='./l_outputs', device='cuda', seed=0, resume='l_outputs/ReMamber_Conv_nodadapter/checkpoint_model:89124844.pth', start_epoch=0, eval=False, dist_eval=False, num_workers=8, pin_mem=True, distributed=True, world_size=2, dist_url='env://', if_amp=True, debug_mode=False, local_rank=0, model_title='model', logging='model', decoder_adapter=False, continue_lr=None, partial_freeze=True, single_epoch=True, lite_baseline=False, rank=0, gpu=0, dist_backend='nccl')
True val
./ref_dataset/data refzom zom
loading dataset refzom into memory...
creating index...
index created.
DONE (t=15.07s)
Preparing dataset ......
False val
./ref_dataset/data refzom zom
loading dataset refzom into memory...
creating index...
index created.
DONE (t=14.78s)
Preparing dataset ......
/home/akula.ha/.conda/envs/refseg/lib/python3.10/site-packages/torch/utils/data/dataloader.py:557: UserWarning: This DataLoader will create 8 worker processes in total. Our suggested max number of worker in current system is 1, which is smaller than what this DataLoader is going to create. Please be aware that excessive worker creation might get DataLoader running slow or even freeze, lower the worker number to avoid potential slowness/freeze if necessary.
  warnings.warn(_create_warning_msg(
length of train set: 57624
length of val set: 15406
/home/akula.ha/.conda/envs/refseg/lib/python3.10/site-packages/torch/utils/data/dataloader.py:557: UserWarning: This DataLoader will create 8 worker processes in total. Our suggested max number of worker in current system is 1, which is smaller than what this DataLoader is going to create. Please be aware that excessive worker creation might get DataLoader running slow or even freeze, lower the worker number to avoid potential slowness/freeze if necessary.
  warnings.warn(_create_warning_msg(
Creating model: ReMamber_Conv
kwargs {}
number of params: 19461889
Loaded checkpoint from 'l_outputs/ReMamber_Conv_nodadapter/checkpoint_model:89124844.pth'
Continuing training from epoch 10...
Model id is - model:9f7281b3
length of train set: 50000
length of val set: 4000
Start training for 50 epochs
Learning rate: 3.3e-05
/home/akula.ha/.conda/envs/refseg/lib/python3.10/site-packages/torch/autograd/__init__.py:251: UserWarning: Grad strides do not match bucket view strides. This may indicate grad was not created according to the gradient layout contract, or that the param's strides changed since DDP was constructed.  This is not an error, but may impair performance.
grad.sizes() = [512, 768, 1, 1], strides() = [768, 1, 768, 768]
bucket_view.sizes() = [512, 768, 1, 1], strides() = [768, 1, 1, 1] (Triggered internally at ../torch/csrc/distributed/c10d/reducer.cpp:320.)
  Variable._execution_engine.run_backward(  # Calls into the C++ engine to run the backward pass
/home/akula.ha/.conda/envs/refseg/lib/python3.10/site-packages/torch/autograd/__init__.py:251: UserWarning: Grad strides do not match bucket view strides. This may indicate grad was not created according to the gradient layout contract, or that the param's strides changed since DDP was constructed.  This is not an error, but may impair performance.
grad.sizes() = [512, 768, 1, 1], strides() = [768, 1, 768, 768]
bucket_view.sizes() = [512, 768, 1, 1], strides() = [768, 1, 1, 1] (Triggered internally at ../torch/csrc/distributed/c10d/reducer.cpp:320.)
  Variable._execution_engine.run_backward(  # Calls into the C++ engine to run the backward pass
Epoch: [10]  [   0/1786]  eta: 13:28:45  lr: 0.000030  train_loss: 0.4229 (0.4229)  train_iou: 0.6273 (0.6273)  time: 27.1700  data: 12.3343  max mem: 15510
Epoch: [10]  [  20/1786]  eta: 1:00:09  lr: 0.000030  train_loss: 0.2090 (0.2265)  train_iou: 0.6483 (0.6588)  time: 0.7879  data: 0.0124  max mem: 15510
Epoch: [10]  [  40/1786]  eta: 0:41:36  lr: 0.000030  train_loss: 0.1576 (0.2115)  train_iou: 0.7229 (0.6804)  time: 0.7844  data: 0.0134  max mem: 15510
Epoch: [10]  [  60/1786]  eta: 0:34:58  lr: 0.000030  train_loss: 0.1947 (0.2080)  train_iou: 0.6657 (0.6756)  time: 0.7784  data: 0.0082  max mem: 15510
Epoch: [10]  [  80/1786]  eta: 0:31:31  lr: 0.000030  train_loss: 0.1821 (0.2027)  train_iou: 0.6876 (0.6729)  time: 0.7803  data: 0.0120  max mem: 15510
Epoch: [10]  [ 100/1786]  eta: 0:29:15  lr: 0.000030  train_loss: 0.1484 (0.1968)  train_iou: 0.6489 (0.6713)  time: 0.7690  data: 0.0126  max mem: 15510
Epoch: [10]  [ 120/1786]  eta: 0:27:43  lr: 0.000030  train_loss: 0.1466 (0.1942)  train_iou: 0.7000 (0.6690)  time: 0.7822  data: 0.0138  max mem: 15510
Epoch: [10]  [ 140/1786]  eta: 0:26:32  lr: 0.000030  train_loss: 0.1514 (0.1905)  train_iou: 0.6268 (0.6693)  time: 0.7805  data: 0.0109  max mem: 15510
Epoch: [10]  [ 160/1786]  eta: 0:25:36  lr: 0.000030  train_loss: 0.1637 (0.1898)  train_iou: 0.7009 (0.6734)  time: 0.7882  data: 0.0072  max mem: 15510
Epoch: [10]  [ 180/1786]  eta: 0:24:48  lr: 0.000030  train_loss: 0.1626 (0.1897)  train_iou: 0.7279 (0.6780)  time: 0.7758  data: 0.0141  max mem: 15510
Epoch: [10]  [ 200/1786]  eta: 0:24:06  lr: 0.000030  train_loss: 0.1381 (0.1871)  train_iou: 0.7335 (0.6810)  time: 0.7804  data: 0.0111  max mem: 15510
Epoch: [10]  [ 220/1786]  eta: 0:23:29  lr: 0.000030  train_loss: 0.1845 (0.1902)  train_iou: 0.6555 (0.6789)  time: 0.7829  data: 0.0144  max mem: 15510
Epoch: [10]  [ 240/1786]  eta: 0:22:54  lr: 0.000030  train_loss: 0.1291 (0.1914)  train_iou: 0.6272 (0.6771)  time: 0.7685  data: 0.0165  max mem: 15510
Epoch: [10]  [ 260/1786]  eta: 0:22:23  lr: 0.000030  train_loss: 0.1524 (0.1900)  train_iou: 0.6987 (0.6772)  time: 0.7709  data: 0.0135  max mem: 15510
Epoch: [10]  [ 280/1786]  eta: 0:21:54  lr: 0.000030  train_loss: 0.1743 (0.1908)  train_iou: 0.6745 (0.6765)  time: 0.7765  data: 0.0111  max mem: 15510
Epoch: [10]  [ 300/1786]  eta: 0:21:27  lr: 0.000030  train_loss: 0.1611 (0.1904)  train_iou: 0.6729 (0.6775)  time: 0.7796  data: 0.0161  max mem: 15510
Epoch: [10]  [ 320/1786]  eta: 0:21:01  lr: 0.000030  train_loss: 0.1988 (0.1924)  train_iou: 0.6317 (0.6755)  time: 0.7680  data: 0.0158  max mem: 15510
Epoch: [10]  [ 340/1786]  eta: 0:20:37  lr: 0.000030  train_loss: 0.1475 (0.1908)  train_iou: 0.7262 (0.6783)  time: 0.7764  data: 0.0139  max mem: 15510
Epoch: [10]  [ 360/1786]  eta: 0:20:14  lr: 0.000030  train_loss: 0.1339 (0.1886)  train_iou: 0.6907 (0.6793)  time: 0.7783  data: 0.0139  max mem: 15510
Epoch: [10]  [ 380/1786]  eta: 0:19:52  lr: 0.000030  train_loss: 0.1777 (0.1895)  train_iou: 0.6772 (0.6785)  time: 0.7886  data: 0.0182  max mem: 15510
Epoch: [10]  [ 400/1786]  eta: 0:19:31  lr: 0.000030  train_loss: 0.1547 (0.1886)  train_iou: 0.6994 (0.6793)  time: 0.7894  data: 0.0137  max mem: 15510
Epoch: [10]  [ 420/1786]  eta: 0:19:10  lr: 0.000030  train_loss: 0.1675 (0.1886)  train_iou: 0.6471 (0.6793)  time: 0.7826  data: 0.0112  max mem: 15510
Epoch: [10]  [ 440/1786]  eta: 0:18:49  lr: 0.000030  train_loss: 0.1678 (0.1882)  train_iou: 0.7283 (0.6808)  time: 0.7815  data: 0.0185  max mem: 15510
Epoch: [10]  [ 460/1786]  eta: 0:18:29  lr: 0.000030  train_loss: 0.1794 (0.1891)  train_iou: 0.6417 (0.6793)  time: 0.7785  data: 0.0085  max mem: 15510
Epoch: [10]  [ 480/1786]  eta: 0:18:10  lr: 0.000030  train_loss: 0.2099 (0.1901)  train_iou: 0.6971 (0.6796)  time: 0.7865  data: 0.0167  max mem: 15510
Epoch: [10]  [ 500/1786]  eta: 0:17:51  lr: 0.000030  train_loss: 0.1446 (0.1896)  train_iou: 0.6492 (0.6785)  time: 0.7899  data: 0.0100  max mem: 15510
Epoch: [10]  [ 520/1786]  eta: 0:17:32  lr: 0.000030  train_loss: 0.1582 (0.1888)  train_iou: 0.6914 (0.6788)  time: 0.7883  data: 0.0127  max mem: 15510
Epoch: [10]  [ 540/1786]  eta: 0:17:13  lr: 0.000030  train_loss: 0.1466 (0.1879)  train_iou: 0.6407 (0.6772)  time: 0.7921  data: 0.0138  max mem: 15510
Epoch: [10]  [ 560/1786]  eta: 0:16:55  lr: 0.000030  train_loss: 0.1483 (0.1882)  train_iou: 0.7052 (0.6778)  time: 0.7828  data: 0.0149  max mem: 15510
Epoch: [10]  [ 580/1786]  eta: 0:16:36  lr: 0.000030  train_loss: 0.1429 (0.1885)  train_iou: 0.7023 (0.6780)  time: 0.7803  data: 0.0146  max mem: 15510
Epoch: [10]  [ 600/1786]  eta: 0:16:18  lr: 0.000030  train_loss: 0.1472 (0.1880)  train_iou: 0.7009 (0.6786)  time: 0.7838  data: 0.0107  max mem: 15510
Epoch: [10]  [ 620/1786]  eta: 0:16:00  lr: 0.000030  train_loss: 0.1532 (0.1872)  train_iou: 0.7154 (0.6795)  time: 0.7811  data: 0.0149  max mem: 15510
Epoch: [10]  [ 640/1786]  eta: 0:15:41  lr: 0.000030  train_loss: 0.1231 (0.1865)  train_iou: 0.6856 (0.6798)  time: 0.7716  data: 0.0136  max mem: 15510
Epoch: [10]  [ 660/1786]  eta: 0:15:23  lr: 0.000030  train_loss: 0.1991 (0.1874)  train_iou: 0.6843 (0.6787)  time: 0.7749  data: 0.0125  max mem: 15510
Epoch: [10]  [ 680/1786]  eta: 0:15:06  lr: 0.000030  train_loss: 0.1714 (0.1877)  train_iou: 0.7008 (0.6796)  time: 0.7797  data: 0.0162  max mem: 15510
Epoch: [10]  [ 700/1786]  eta: 0:14:48  lr: 0.000030  train_loss: 0.1635 (0.1884)  train_iou: 0.6386 (0.6788)  time: 0.7745  data: 0.0151  max mem: 15510
Epoch: [10]  [ 720/1786]  eta: 0:14:30  lr: 0.000030  train_loss: 0.1455 (0.1878)  train_iou: 0.7051 (0.6792)  time: 0.7824  data: 0.0148  max mem: 15510
Epoch: [10]  [ 740/1786]  eta: 0:14:13  lr: 0.000030  train_loss: 0.1359 (0.1867)  train_iou: 0.7241 (0.6799)  time: 0.7870  data: 0.0117  max mem: 15510
Epoch: [10]  [ 760/1786]  eta: 0:13:56  lr: 0.000030  train_loss: 0.1448 (0.1861)  train_iou: 0.7336 (0.6805)  time: 0.7893  data: 0.0098  max mem: 15510
Epoch: [10]  [ 780/1786]  eta: 0:13:39  lr: 0.000030  train_loss: 0.1620 (0.1859)  train_iou: 0.6778 (0.6809)  time: 0.7804  data: 0.0094  max mem: 15510
Epoch: [10]  [ 800/1786]  eta: 0:13:22  lr: 0.000030  train_loss: 0.1471 (0.1854)  train_iou: 0.6749 (0.6807)  time: 0.7838  data: 0.0113  max mem: 15510
Epoch: [10]  [ 820/1786]  eta: 0:13:05  lr: 0.000030  train_loss: 0.1825 (0.1857)  train_iou: 0.6524 (0.6802)  time: 0.7701  data: 0.0092  max mem: 15510
Epoch: [10]  [ 840/1786]  eta: 0:12:48  lr: 0.000030  train_loss: 0.1787 (0.1861)  train_iou: 0.6982 (0.6806)  time: 0.7798  data: 0.0121  max mem: 15510
Epoch: [10]  [ 860/1786]  eta: 0:12:31  lr: 0.000030  train_loss: 0.1751 (0.1857)  train_iou: 0.6921 (0.6809)  time: 0.7821  data: 0.0107  max mem: 15510
Epoch: [10]  [ 880/1786]  eta: 0:12:14  lr: 0.000030  train_loss: 0.2081 (0.1862)  train_iou: 0.6317 (0.6805)  time: 0.7796  data: 0.0104  max mem: 15510
Epoch: [10]  [ 900/1786]  eta: 0:11:57  lr: 0.000030  train_loss: 0.1415 (0.1861)  train_iou: 0.6282 (0.6793)  time: 0.7825  data: 0.0115  max mem: 15510
Epoch: [10]  [ 920/1786]  eta: 0:11:40  lr: 0.000030  train_loss: 0.1547 (0.1863)  train_iou: 0.6512 (0.6792)  time: 0.7852  data: 0.0096  max mem: 15510
Epoch: [10]  [ 940/1786]  eta: 0:11:24  lr: 0.000030  train_loss: 0.1237 (0.1856)  train_iou: 0.7082 (0.6794)  time: 0.7792  data: 0.0202  max mem: 15510
Epoch: [10]  [ 960/1786]  eta: 0:11:07  lr: 0.000030  train_loss: 0.1947 (0.1866)  train_iou: 0.6726 (0.6790)  time: 0.7781  data: 0.0113  max mem: 15510
Epoch: [10]  [ 980/1786]  eta: 0:10:50  lr: 0.000030  train_loss: 0.2242 (0.1873)  train_iou: 0.6401 (0.6775)  time: 0.7763  data: 0.0140  max mem: 15510
Epoch: [10]  [1000/1786]  eta: 0:10:34  lr: 0.000030  train_loss: 0.1375 (0.1866)  train_iou: 0.6436 (0.6773)  time: 0.7854  data: 0.0137  max mem: 15510
Epoch: [10]  [1020/1786]  eta: 0:10:17  lr: 0.000030  train_loss: 0.1257 (0.1862)  train_iou: 0.6783 (0.6772)  time: 0.7830  data: 0.0122  max mem: 15510
Epoch: [10]  [1040/1786]  eta: 0:10:01  lr: 0.000030  train_loss: 0.1870 (0.1867)  train_iou: 0.6350 (0.6760)  time: 0.7794  data: 0.0147  max mem: 15510
Epoch: [10]  [1060/1786]  eta: 0:09:44  lr: 0.000030  train_loss: 0.1670 (0.1866)  train_iou: 0.7074 (0.6765)  time: 0.7666  data: 0.0126  max mem: 15510
Epoch: [10]  [1080/1786]  eta: 0:09:28  lr: 0.000030  train_loss: 0.1678 (0.1866)  train_iou: 0.7109 (0.6770)  time: 0.7690  data: 0.0149  max mem: 15510
Epoch: [10]  [1100/1786]  eta: 0:09:11  lr: 0.000030  train_loss: 0.1528 (0.1863)  train_iou: 0.6450 (0.6767)  time: 0.7748  data: 0.0163  max mem: 15510
Epoch: [10]  [1120/1786]  eta: 0:08:55  lr: 0.000030  train_loss: 0.1683 (0.1864)  train_iou: 0.6916 (0.6773)  time: 0.7760  data: 0.0126  max mem: 15510
Epoch: [10]  [1140/1786]  eta: 0:08:38  lr: 0.000030  train_loss: 0.1785 (0.1863)  train_iou: 0.6770 (0.6770)  time: 0.7819  data: 0.0140  max mem: 15510
Epoch: [10]  [1160/1786]  eta: 0:08:22  lr: 0.000030  train_loss: 0.1475 (0.1862)  train_iou: 0.6971 (0.6773)  time: 0.7846  data: 0.0172  max mem: 15510
Epoch: [10]  [1180/1786]  eta: 0:08:06  lr: 0.000030  train_loss: 0.1399 (0.1858)  train_iou: 0.6938 (0.6776)  time: 0.7768  data: 0.0158  max mem: 15510
Epoch: [10]  [1200/1786]  eta: 0:07:50  lr: 0.000030  train_loss: 0.1748 (0.1862)  train_iou: 0.6957 (0.6779)  time: 0.7835  data: 0.0151  max mem: 15510
Epoch: [10]  [1220/1786]  eta: 0:07:33  lr: 0.000030  train_loss: 0.1324 (0.1861)  train_iou: 0.7152 (0.6785)  time: 0.7776  data: 0.0165  max mem: 15510
Epoch: [10]  [1240/1786]  eta: 0:07:17  lr: 0.000030  train_loss: 0.1869 (0.1862)  train_iou: 0.6922 (0.6784)  time: 0.7726  data: 0.0124  max mem: 15510
Epoch: [10]  [1260/1786]  eta: 0:07:01  lr: 0.000030  train_loss: 0.1254 (0.1857)  train_iou: 0.7018 (0.6786)  time: 0.7796  data: 0.0116  max mem: 15510
Epoch: [10]  [1280/1786]  eta: 0:06:45  lr: 0.000030  train_loss: 0.1699 (0.1857)  train_iou: 0.7078 (0.6791)  time: 0.7746  data: 0.0117  max mem: 15510
Epoch: [10]  [1300/1786]  eta: 0:06:28  lr: 0.000030  train_loss: 0.2026 (0.1862)  train_iou: 0.6440 (0.6791)  time: 0.7817  data: 0.0129  max mem: 15510
Epoch: [10]  [1320/1786]  eta: 0:06:12  lr: 0.000030  train_loss: 0.1787 (0.1864)  train_iou: 0.6150 (0.6784)  time: 0.7801  data: 0.0152  max mem: 15510
Epoch: [10]  [1340/1786]  eta: 0:05:56  lr: 0.000030  train_loss: 0.1567 (0.1872)  train_iou: 0.6349 (0.6780)  time: 0.7815  data: 0.0140  max mem: 15510
Epoch: [10]  [1360/1786]  eta: 0:05:40  lr: 0.000030  train_loss: 0.1327 (0.1868)  train_iou: 0.7125 (0.6780)  time: 0.7783  data: 0.0086  max mem: 15510
Epoch: [10]  [1380/1786]  eta: 0:05:24  lr: 0.000030  train_loss: 0.1435 (0.1863)  train_iou: 0.6955 (0.6783)  time: 0.7825  data: 0.0142  max mem: 15510
Epoch: [10]  [1400/1786]  eta: 0:05:08  lr: 0.000030  train_loss: 0.1606 (0.1862)  train_iou: 0.6911 (0.6784)  time: 0.7775  data: 0.0138  max mem: 15510
Epoch: [10]  [1420/1786]  eta: 0:04:52  lr: 0.000030  train_loss: 0.1469 (0.1859)  train_iou: 0.6231 (0.6782)  time: 0.7807  data: 0.0120  max mem: 15510
Epoch: [10]  [1440/1786]  eta: 0:04:36  lr: 0.000030  train_loss: 0.1548 (0.1859)  train_iou: 0.6875 (0.6784)  time: 0.7773  data: 0.0121  max mem: 15510
Epoch: [10]  [1460/1786]  eta: 0:04:20  lr: 0.000030  train_loss: 0.1922 (0.1860)  train_iou: 0.6393 (0.6783)  time: 0.7783  data: 0.0134  max mem: 15510
Epoch: [10]  [1480/1786]  eta: 0:04:04  lr: 0.000030  train_loss: 0.2023 (0.1862)  train_iou: 0.7068 (0.6785)  time: 0.7759  data: 0.0191  max mem: 15510
Epoch: [10]  [1500/1786]  eta: 0:03:48  lr: 0.000030  train_loss: 0.1878 (0.1863)  train_iou: 0.6982 (0.6785)  time: 0.7839  data: 0.0106  max mem: 15510
Epoch: [10]  [1520/1786]  eta: 0:03:32  lr: 0.000030  train_loss: 0.1251 (0.1861)  train_iou: 0.6703 (0.6783)  time: 0.7685  data: 0.0144  max mem: 15510
Epoch: [10]  [1540/1786]  eta: 0:03:16  lr: 0.000030  train_loss: 0.1666 (0.1861)  train_iou: 0.6562 (0.6782)  time: 0.7803  data: 0.0124  max mem: 15510
Epoch: [10]  [1560/1786]  eta: 0:03:00  lr: 0.000030  train_loss: 0.0972 (0.1855)  train_iou: 0.7090 (0.6784)  time: 0.7763  data: 0.0108  max mem: 15510
Epoch: [10]  [1580/1786]  eta: 0:02:44  lr: 0.000030  train_loss: 0.1859 (0.1858)  train_iou: 0.6775 (0.6780)  time: 0.7798  data: 0.0152  max mem: 15510
Epoch: [10]  [1600/1786]  eta: 0:02:28  lr: 0.000030  train_loss: 0.1479 (0.1857)  train_iou: 0.7088 (0.6781)  time: 0.7707  data: 0.0126  max mem: 15510
Epoch: [10]  [1620/1786]  eta: 0:02:12  lr: 0.000030  train_loss: 0.1716 (0.1858)  train_iou: 0.6801 (0.6782)  time: 0.7800  data: 0.0127  max mem: 15510
Epoch: [10]  [1640/1786]  eta: 0:01:56  lr: 0.000030  train_loss: 0.1219 (0.1853)  train_iou: 0.7487 (0.6790)  time: 0.7812  data: 0.0123  max mem: 15510
Epoch: [10]  [1660/1786]  eta: 0:01:40  lr: 0.000030  train_loss: 0.1893 (0.1854)  train_iou: 0.6474 (0.6788)  time: 0.7715  data: 0.0140  max mem: 15510
Epoch: [10]  [1680/1786]  eta: 0:01:24  lr: 0.000030  train_loss: 0.1344 (0.1850)  train_iou: 0.7278 (0.6791)  time: 0.7813  data: 0.0140  max mem: 15510
Epoch: [10]  [1700/1786]  eta: 0:01:08  lr: 0.000030  train_loss: 0.1660 (0.1849)  train_iou: 0.6905 (0.6789)  time: 0.7720  data: 0.0142  max mem: 15510
Epoch: [10]  [1720/1786]  eta: 0:00:52  lr: 0.000030  train_loss: 0.1426 (0.1848)  train_iou: 0.6947 (0.6787)  time: 0.7726  data: 0.0106  max mem: 15510
Epoch: [10]  [1740/1786]  eta: 0:00:36  lr: 0.000030  train_loss: 0.1784 (0.1848)  train_iou: 0.6839 (0.6787)  time: 0.7666  data: 0.0140  max mem: 15510
Epoch: [10]  [1760/1786]  eta: 0:00:20  lr: 0.000030  train_loss: 0.1149 (0.1844)  train_iou: 0.7147 (0.6791)  time: 0.7685  data: 0.0113  max mem: 15510
Epoch: [10]  [1780/1786]  eta: 0:00:04  lr: 0.000030  train_loss: 0.1938 (0.1846)  train_iou: 0.6359 (0.6787)  time: 0.6380  data: 0.0094  max mem: 15510
Epoch: [10]  [1785/1786]  eta: 0:00:00  lr: 0.000030  train_loss: 0.1985 (0.1846)  train_iou: 0.6443 (0.6787)  time: 0.9842  data: 0.0039  max mem: 15510
Epoch: [10] Total time: 0:23:43 (0.7969 s / it)
Averaged stats: lr: 0.000030  train_loss: 0.1985 (0.1827)  train_iou: 0.6443 (0.6792)
huggingface/tokenizers: The current process just got forked, after parallelism has already been used. Disabling parallelism to avoid deadlocks...
To disable this warning, you can either:
	- Avoid using `tokenizers` before the fork if possible
	- Explicitly set the environment variable TOKENIZERS_PARALLELISM=(true | false)
huggingface/tokenizers: The current process just got forked, after parallelism has already been used. Disabling parallelism to avoid deadlocks...
To disable this warning, you can either:
	- Avoid using `tokenizers` before the fork if possible
	- Explicitly set the environment variable TOKENIZERS_PARALLELISM=(true | false)
huggingface/tokenizers: The current process just got forked, after parallelism has already been used. Disabling parallelism to avoid deadlocks...
To disable this warning, you can either:
	- Avoid using `tokenizers` before the fork if possible
	- Explicitly set the environment variable TOKENIZERS_PARALLELISM=(true | false)
huggingface/tokenizers: The current process just got forked, after parallelism has already been used. Disabling parallelism to avoid deadlocks...
To disable this warning, you can either:
	- Avoid using `tokenizers` before the fork if possible
	- Explicitly set the environment variable TOKENIZERS_PARALLELISM=(true | false)
huggingface/tokenizers: The current process just got forked, after parallelism has already been used. Disabling parallelism to avoid deadlocks...
To disable this warning, you can either:
	- Avoid using `tokenizers` before the fork if possible
	- Explicitly set the environment variable TOKENIZERS_PARALLELISM=(true | false)
huggingface/tokenizers: The current process just got forked, after parallelism has already been used. Disabling parallelism to avoid deadlocks...
To disable this warning, you can either:
	- Avoid using `tokenizers` before the fork if possible
	- Explicitly set the environment variable TOKENIZERS_PARALLELISM=(true | false)
huggingface/tokenizers: The current process just got forked, after parallelism has already been used. Disabling parallelism to avoid deadlocks...
To disable this warning, you can either:
	- Avoid using `tokenizers` before the fork if possible
	- Explicitly set the environment variable TOKENIZERS_PARALLELISM=(true | false)
huggingface/tokenizers: The current process just got forked, after parallelism has already been used. Disabling parallelism to avoid deadlocks...
To disable this warning, you can either:
	- Avoid using `tokenizers` before the fork if possible
	- Explicitly set the environment variable TOKENIZERS_PARALLELISM=(true | false)
huggingface/tokenizers: The current process just got forked, after parallelism has already been used. Disabling parallelism to avoid deadlocks...
To disable this warning, you can either:
	- Avoid using `tokenizers` before the fork if possible
	- Explicitly set the environment variable TOKENIZERS_PARALLELISM=(true | false)
huggingface/tokenizers: The current process just got forked, after parallelism has already been used. Disabling parallelism to avoid deadlocks...
To disable this warning, you can either:
	- Avoid using `tokenizers` before the fork if possible
	- Explicitly set the environment variable TOKENIZERS_PARALLELISM=(true | false)
huggingface/tokenizers: The current process just got forked, after parallelism has already been used. Disabling parallelism to avoid deadlocks...
To disable this warning, you can either:
	- Avoid using `tokenizers` before the fork if possible
	- Explicitly set the environment variable TOKENIZERS_PARALLELISM=(true | false)
huggingface/tokenizers: The current process just got forked, after parallelism has already been used. Disabling parallelism to avoid deadlocks...
To disable this warning, you can either:
	- Avoid using `tokenizers` before the fork if possible
	- Explicitly set the environment variable TOKENIZERS_PARALLELISM=(true | false)
huggingface/tokenizers: The current process just got forked, after parallelism has already been used. Disabling parallelism to avoid deadlocks...
To disable this warning, you can either:
	- Avoid using `tokenizers` before the fork if possible
	- Explicitly set the environment variable TOKENIZERS_PARALLELISM=(true | false)
huggingface/tokenizers: The current process just got forked, after parallelism has already been used. Disabling parallelism to avoid deadlocks...
To disable this warning, you can either:
	- Avoid using `tokenizers` before the fork if possible
	- Explicitly set the environment variable TOKENIZERS_PARALLELISM=(true | false)
huggingface/tokenizers: The current process just got forked, after parallelism has already been used. Disabling parallelism to avoid deadlocks...
To disable this warning, you can either:
	- Avoid using `tokenizers` before the fork if possible
	- Explicitly set the environment variable TOKENIZERS_PARALLELISM=(true | false)
huggingface/tokenizers: The current process just got forked, after parallelism has already been used. Disabling parallelism to avoid deadlocks...
To disable this warning, you can either:
	- Avoid using `tokenizers` before the fork if possible
	- Explicitly set the environment variable TOKENIZERS_PARALLELISM=(true | false)
Test:  [   0/4000]  eta: 4:06:08  inter: 33280.0000 (33280.0000)  union: 36010.0000 (36010.0000)  iou: 0.9242 (0.9242)  time: 3.6920  data: 1.2695  max mem: 15510
Test:  [  50/4000]  eta: 0:20:36  inter: 18380.0000 (23736.3594)  union: 47921.0000 (41360.5625)  iou: 0.6066 (0.5526)  time: 0.1462  data: 0.0032  max mem: 15510
Test:  [ 100/4000]  eta: 0:17:01  inter: 21354.0000 (26169.9265)  union: 46905.0000 (42384.3088)  iou: 0.7022 (0.5983)  time: 0.1470  data: 0.0030  max mem: 15510
Test:  [ 150/4000]  eta: 0:14:25  inter: 18207.0000 (25799.1483)  union: 30263.0000 (39954.3541)  iou: 0.8461 (0.6283)  time: 0.1518  data: 0.0027  max mem: 15510
Test:  [ 200/4000]  eta: 0:13:02  inter: 33554.0000 (26534.4249)  union: 36767.0000 (39760.8645)  iou: 0.9083 (0.6382)  time: 0.1468  data: 0.0071  max mem: 15510
Test:  [ 250/4000]  eta: 0:12:06  inter: 14961.0000 (28114.5241)  union: 33241.0000 (41473.6807)  iou: 0.4311 (0.6280)  time: 0.1459  data: 0.0059  max mem: 15510
Test:  [ 300/4000]  eta: 0:11:29  inter: 20123.0000 (27505.6700)  union: 24561.0000 (41238.4045)  iou: 0.6124 (0.6203)  time: 0.1519  data: 0.0036  max mem: 15510
Test:  [ 350/4000]  eta: 0:11:00  inter: 9210.0000 (26530.0620)  union: 32473.0000 (40972.3450)  iou: 0.5299 (0.6069)  time: 0.1477  data: 0.0069  max mem: 15510
Test:  [ 400/4000]  eta: 0:11:08  inter: 30940.0000 (26210.0411)  union: 36028.0000 (40983.8911)  iou: 0.7471 (0.6087)  time: 0.1461  data: 0.0053  max mem: 15510
Test:  [ 450/4000]  eta: 0:10:43  inter: 15635.0000 (25911.5524)  union: 29532.0000 (40776.6079)  iou: 0.4988 (0.6067)  time: 0.1500  data: 0.0048  max mem: 15510
Test:  [ 500/4000]  eta: 0:10:23  inter: 17081.0000 (26385.8324)  union: 27914.0000 (41619.1232)  iou: 0.5361 (0.6046)  time: 0.1451  data: 0.0007  max mem: 15510
Test:  [ 550/4000]  eta: 0:10:06  inter: 23645.0000 (26390.1992)  union: 28253.0000 (41463.1799)  iou: 0.8641 (0.6105)  time: 0.1508  data: 0.0026  max mem: 15510
Test:  [ 600/4000]  eta: 0:09:49  inter: 10896.0000 (26177.5740)  union: 31028.0000 (41285.7207)  iou: 0.7677 (0.6079)  time: 0.1473  data: 0.0009  max mem: 15510
Test:  [ 650/4000]  eta: 0:09:34  inter: 30247.0000 (26758.1669)  union: 42740.0000 (41723.0077)  iou: 0.7479 (0.6076)  time: 0.1457  data: 0.0070  max mem: 15510
Test:  [ 700/4000]  eta: 0:09:19  inter: 13786.0000 (26377.7834)  union: 28995.0000 (41386.1879)  iou: 0.3723 (0.6014)  time: 0.1440  data: 0.0024  max mem: 15510
Test:  [ 750/4000]  eta: 0:09:07  inter: 25548.0000 (26370.0105)  union: 30089.0000 (41340.5024)  iou: 0.8306 (0.6040)  time: 0.1536  data: 0.0034  max mem: 15510
Test:  [ 800/4000]  eta: 0:08:54  inter: 12442.0000 (26109.6080)  union: 44906.0000 (40853.6768)  iou: 0.5985 (0.6040)  time: 0.1528  data: 0.0051  max mem: 15510
Test:  [ 850/4000]  eta: 0:08:43  inter: 21602.0000 (26210.6126)  union: 36809.0000 (40818.6929)  iou: 0.7713 (0.6059)  time: 0.1455  data: 0.0026  max mem: 15510
Test:  [ 900/4000]  eta: 0:08:33  inter: 12636.0000 (26215.4735)  union: 31508.0000 (41039.2957)  iou: 0.4486 (0.6010)  time: 0.1480  data: 0.0051  max mem: 15510
Test:  [ 950/4000]  eta: 0:08:22  inter: 25062.0000 (26416.9055)  union: 30691.0000 (41101.5574)  iou: 0.8252 (0.6011)  time: 0.1492  data: 0.0056  max mem: 15510
Test:  [1000/4000]  eta: 0:08:12  inter: 23150.0000 (26600.7014)  union: 37630.0000 (41225.2046)  iou: 0.8030 (0.6028)  time: 0.1490  data: 0.0027  max mem: 15510
Test:  [1050/4000]  eta: 0:08:02  inter: 20844.0000 (26505.7871)  union: 36360.0000 (41218.4476)  iou: 0.6745 (0.6014)  time: 0.1506  data: 0.0060  max mem: 15510
Test:  [1100/4000]  eta: 0:07:52  inter: 22460.0000 (26336.6491)  union: 28055.0000 (40988.1211)  iou: 0.7039 (0.6009)  time: 0.1468  data: 0.0028  max mem: 15510
Test:  [1150/4000]  eta: 0:07:42  inter: 9880.0000 (26508.0993)  union: 23669.0000 (40862.3418)  iou: 0.5202 (0.6036)  time: 0.1485  data: 0.0023  max mem: 15510
Test:  [1200/4000]  eta: 0:07:33  inter: 9866.0000 (26478.4191)  union: 28905.0000 (41110.5089)  iou: 0.7046 (0.5993)  time: 0.1493  data: 0.0028  max mem: 15510
Test:  [1250/4000]  eta: 0:07:24  inter: 59.0000 (26200.6564)  union: 30583.0000 (40841.8234)  iou: 0.0014 (0.5970)  time: 0.1579  data: 0.0048  max mem: 15510
Test:  [1300/4000]  eta: 0:07:15  inter: 17149.0000 (25965.0748)  union: 36606.0000 (40639.3239)  iou: 0.4046 (0.5973)  time: 0.1523  data: 0.0042  max mem: 15510
Test:  [1350/4000]  eta: 0:07:06  inter: 26077.0000 (25960.8105)  union: 33366.0000 (40620.4747)  iou: 0.8157 (0.5978)  time: 0.1530  data: 0.0029  max mem: 15510
Test:  [1400/4000]  eta: 0:06:57  inter: 9919.0000 (26066.1189)  union: 11774.0000 (40795.6068)  iou: 0.7700 (0.5956)  time: 0.1516  data: 0.0037  max mem: 15510
Test:  [1450/4000]  eta: 0:06:48  inter: 16087.0000 (25986.2352)  union: 47536.0000 (40701.2611)  iou: 0.3861 (0.5945)  time: 0.1475  data: 0.0009  max mem: 15510
Test:  [1500/4000]  eta: 0:06:39  inter: 17051.0000 (26031.0956)  union: 47762.0000 (40825.5705)  iou: 0.4680 (0.5923)  time: 0.1489  data: 0.0044  max mem: 15510
Test:  [1550/4000]  eta: 0:06:30  inter: 11610.0000 (25875.7267)  union: 26214.0000 (40742.9402)  iou: 0.8362 (0.5927)  time: 0.1587  data: 0.0047  max mem: 15510
Test:  [1600/4000]  eta: 0:06:28  inter: 11180.0000 (25776.8030)  union: 25519.0000 (40738.3676)  iou: 0.7062 (0.5899)  time: 0.3460  data: 0.0055  max mem: 15510
Test:  [1650/4000]  eta: 0:06:19  inter: 16294.0000 (25738.0300)  union: 33585.0000 (40735.5613)  iou: 0.4275 (0.5886)  time: 0.1540  data: 0.0073  max mem: 15510
Test:  [1700/4000]  eta: 0:06:10  inter: 16881.0000 (25739.5227)  union: 35354.0000 (40786.1118)  iou: 0.7892 (0.5873)  time: 0.1484  data: 0.0042  max mem: 15510
Test:  [1750/4000]  eta: 0:06:01  inter: 19310.0000 (25681.3699)  union: 32805.0000 (40705.5004)  iou: 0.8126 (0.5870)  time: 0.1541  data: 0.0038  max mem: 15510
Test:  [1800/4000]  eta: 0:05:53  inter: 24861.0000 (25555.1594)  union: 45329.0000 (40578.1378)  iou: 0.4754 (0.5864)  time: 0.1544  data: 0.0047  max mem: 15510
Test:  [1850/4000]  eta: 0:05:44  inter: 1033.0000 (25504.1674)  union: 33833.0000 (40698.0284)  iou: 0.2060 (0.5839)  time: 0.1470  data: 0.0018  max mem: 15510
Test:  [1900/4000]  eta: 0:05:36  inter: 31527.0000 (25433.9486)  union: 56790.0000 (40613.2445)  iou: 0.6405 (0.5845)  time: 0.1512  data: 0.0037  max mem: 15510
Test:  [1950/4000]  eta: 0:05:27  inter: 11851.0000 (25382.2285)  union: 17017.0000 (40570.0518)  iou: 0.7090 (0.5842)  time: 0.1492  data: 0.0052  max mem: 15510
Test:  [2000/4000]  eta: 0:05:19  inter: 15136.0000 (25387.0832)  union: 22471.0000 (40528.3895)  iou: 0.4983 (0.5845)  time: 0.1497  data: 0.0027  max mem: 15510
Test:  [2050/4000]  eta: 0:05:11  inter: 5675.0000 (25252.0331)  union: 56209.0000 (40592.2953)  iou: 0.1847 (0.5823)  time: 0.1602  data: 0.0039  max mem: 15510
Test:  [2100/4000]  eta: 0:05:02  inter: 15767.0000 (25188.6396)  union: 32323.0000 (40567.4504)  iou: 0.7530 (0.5817)  time: 0.1453  data: 0.0024  max mem: 15510
Test:  [2150/4000]  eta: 0:04:54  inter: 23625.0000 (25197.1902)  union: 30620.0000 (40593.4100)  iou: 0.8335 (0.5815)  time: 0.1468  data: 0.0018  max mem: 15510
Test:  [2200/4000]  eta: 0:04:45  inter: 13846.0000 (25174.2253)  union: 21188.0000 (40545.0677)  iou: 0.6534 (0.5812)  time: 0.1467  data: 0.0017  max mem: 15510
Test:  [2250/4000]  eta: 0:04:37  inter: 19186.0000 (25049.5610)  union: 38086.0000 (40402.5909)  iou: 0.5737 (0.5800)  time: 0.1475  data: 0.0069  max mem: 15510
Test:  [2300/4000]  eta: 0:04:29  inter: 25403.0000 (25131.0977)  union: 37186.0000 (40395.0567)  iou: 0.6248 (0.5820)  time: 0.1557  data: 0.0038  max mem: 15510
Test:  [2350/4000]  eta: 0:04:21  inter: 15923.0000 (25069.6585)  union: 52384.0000 (40372.2008)  iou: 0.6367 (0.5818)  time: 0.1535  data: 0.0051  max mem: 15510
Test:  [2400/4000]  eta: 0:04:13  inter: 10492.0000 (25120.6208)  union: 33940.0000 (40360.2793)  iou: 0.4449 (0.5824)  time: 0.1520  data: 0.0040  max mem: 15510
Test:  [2450/4000]  eta: 0:04:04  inter: 29084.0000 (25215.9269)  union: 33231.0000 (40401.3281)  iou: 0.8567 (0.5843)  time: 0.1459  data: 0.0020  max mem: 15510
Test:  [2500/4000]  eta: 0:03:56  inter: 25500.0000 (25195.6264)  union: 41129.0000 (40412.6289)  iou: 0.8301 (0.5841)  time: 0.1560  data: 0.0074  max mem: 15510
Test:  [2550/4000]  eta: 0:03:48  inter: 29100.0000 (25300.6040)  union: 34786.0000 (40540.9736)  iou: 0.7801 (0.5843)  time: 0.1539  data: 0.0021  max mem: 15510
Test:  [2600/4000]  eta: 0:03:40  inter: 11828.0000 (25211.9656)  union: 33119.0000 (40492.7754)  iou: 0.5034 (0.5826)  time: 0.1550  data: 0.0021  max mem: 15510
Test:  [2650/4000]  eta: 0:03:32  inter: 16958.0000 (25187.3340)  union: 34543.0000 (40676.8773)  iou: 0.8183 (0.5817)  time: 0.1555  data: 0.0032  max mem: 15510
Test:  [2700/4000]  eta: 0:03:24  inter: 25734.0000 (25262.7505)  union: 30545.0000 (40825.0933)  iou: 0.8398 (0.5824)  time: 0.1496  data: 0.0025  max mem: 15510
Test:  [2750/4000]  eta: 0:03:16  inter: 23033.0000 (25352.4925)  union: 34802.0000 (40973.9339)  iou: 0.8639 (0.5820)  time: 0.1456  data: 0.0035  max mem: 15510
Test:  [2800/4000]  eta: 0:03:08  inter: 14831.0000 (25337.6774)  union: 25476.0000 (40852.7140)  iou: 0.8305 (0.5827)  time: 0.1480  data: 0.0029  max mem: 15510
Test:  [2850/4000]  eta: 0:03:00  inter: 12304.0000 (25436.9227)  union: 33092.0000 (40942.3911)  iou: 0.3239 (0.5819)  time: 0.1488  data: 0.0029  max mem: 15510
Test:  [2900/4000]  eta: 0:02:52  inter: 17705.0000 (25477.7271)  union: 26880.0000 (41002.9729)  iou: 0.7921 (0.5812)  time: 0.1494  data: 0.0034  max mem: 15510
Test:  [2950/4000]  eta: 0:02:44  inter: 18636.0000 (25496.8349)  union: 26587.0000 (41013.3111)  iou: 0.4886 (0.5813)  time: 0.1498  data: 0.0052  max mem: 15510
Test:  [3000/4000]  eta: 0:02:36  inter: 10733.0000 (25447.2397)  union: 32677.0000 (40984.6197)  iou: 0.4076 (0.5804)  time: 0.1563  data: 0.0053  max mem: 15510
Test:  [3050/4000]  eta: 0:02:28  inter: 13396.0000 (25419.5827)  union: 30466.0000 (41021.5060)  iou: 0.4506 (0.5804)  time: 0.1529  data: 0.0009  max mem: 15510
Test:  [3100/4000]  eta: 0:02:20  inter: 22978.0000 (25406.6473)  union: 41761.0000 (40993.5824)  iou: 0.4865 (0.5808)  time: 0.1505  data: 0.0054  max mem: 15510
Test:  [3150/4000]  eta: 0:02:12  inter: 16067.0000 (25297.2233)  union: 21638.0000 (40870.6230)  iou: 0.6199 (0.5806)  time: 0.1456  data: 0.0022  max mem: 15510
Test:  [3200/4000]  eta: 0:02:05  inter: 11217.0000 (25301.0230)  union: 38519.0000 (40891.0735)  iou: 0.6776 (0.5810)  time: 0.1507  data: 0.0034  max mem: 15510
Test:  [3250/4000]  eta: 0:01:57  inter: 19377.0000 (25238.9557)  union: 26648.0000 (40858.3051)  iou: 0.7552 (0.5797)  time: 0.1508  data: 0.0043  max mem: 15510
Test:  [3300/4000]  eta: 0:01:49  inter: 24855.0000 (25320.8774)  union: 44122.0000 (40964.1567)  iou: 0.8304 (0.5788)  time: 0.1519  data: 0.0021  max mem: 15510
Test:  [3350/4000]  eta: 0:01:41  inter: 9662.0000 (25313.6657)  union: 12646.0000 (40962.1613)  iou: 0.7755 (0.5793)  time: 0.1489  data: 0.0041  max mem: 15510
Test:  [3400/4000]  eta: 0:01:33  inter: 25728.0000 (25442.8886)  union: 38484.0000 (41012.2429)  iou: 0.8693 (0.5810)  time: 0.1601  data: 0.0041  max mem: 15510
Test:  [3450/4000]  eta: 0:01:25  inter: 16873.0000 (25465.4744)  union: 31396.0000 (41043.5406)  iou: 0.5543 (0.5813)  time: 0.1511  data: 0.0031  max mem: 15510
Test:  [3500/4000]  eta: 0:01:17  inter: 15192.0000 (25435.6545)  union: 21311.0000 (40956.2830)  iou: 0.4470 (0.5814)  time: 0.1558  data: 0.0061  max mem: 15510
Test:  [3550/4000]  eta: 0:01:10  inter: 23385.0000 (25439.9410)  union: 36840.0000 (40972.4482)  iou: 0.6919 (0.5809)  time: 0.1513  data: 0.0056  max mem: 15510
Test:  [3600/4000]  eta: 0:01:02  inter: 21299.0000 (25358.5388)  union: 29908.0000 (40940.0991)  iou: 0.5948 (0.5795)  time: 0.1517  data: 0.0058  max mem: 15510
Test:  [3650/4000]  eta: 0:00:54  inter: 18542.0000 (25297.0499)  union: 38698.0000 (40929.2546)  iou: 0.4466 (0.5787)  time: 0.1534  data: 0.0023  max mem: 15510
Test:  [3700/4000]  eta: 0:00:46  inter: 20684.0000 (25405.9473)  union: 36160.0000 (40976.6018)  iou: 0.8361 (0.5797)  time: 0.1460  data: 0.0027  max mem: 15510
Test:  [3750/4000]  eta: 0:00:38  inter: 20698.0000 (25438.7431)  union: 44612.0000 (41021.3101)  iou: 0.4947 (0.5803)  time: 0.1471  data: 0.0033  max mem: 15510
Test:  [3800/4000]  eta: 0:00:31  inter: 20262.0000 (25461.5269)  union: 29427.0000 (40993.2189)  iou: 0.5808 (0.5806)  time: 0.1461  data: 0.0063  max mem: 15510
Test:  [3850/4000]  eta: 0:00:23  inter: 21537.0000 (25455.6847)  union: 33848.0000 (41035.1804)  iou: 0.8597 (0.5804)  time: 0.1499  data: 0.0035  max mem: 15510
Test:  [3900/4000]  eta: 0:00:15  inter: 18872.0000 (25520.3994)  union: 35741.0000 (41125.5571)  iou: 0.5845 (0.5804)  time: 0.1539  data: 0.0043  max mem: 15510
Test:  [3950/4000]  eta: 0:00:07  inter: 17535.0000 (25497.3480)  union: 35451.0000 (41073.5410)  iou: 0.6854 (0.5811)  time: 0.1461  data: 0.0036  max mem: 15510
Test:  [3999/4000]  eta: 0:00:00  inter: 14986.0000 (25458.2813)  union: 31000.0000 (40982.9206)  iou: 0.5050 (0.5818)  time: 0.1391  data: 0.0009  max mem: 15510
Test: Total time: 0:10:21 (0.1554 s / it)
* IoU 0.582 oIoU 0.621
IoU of the network on the 4000 test images: 0.6%
Max IoU: 0.58%
Training time 0:34:11
