Architecture:                       x86_64
CPU op-mode(s):                     32-bit, 64-bit
Address sizes:                      52 bits physical, 57 bits virtual
Byte Order:                         Little Endian
CPU(s):                             256
On-line CPU(s) list:                0-255
Vendor ID:                          AuthenticAMD
Model name:                         AMD EPYC 9534 64-Core Processor
CPU family:                         25
Model:                              17
Thread(s) per core:                 2
Core(s) per socket:                 64
Socket(s):                          2
Stepping:                           1
Frequency boost:                    enabled
CPU max MHz:                        3718.0659
CPU min MHz:                        1500.0000
BogoMIPS:                           4892.34
Flags:                              fpu vme de pse tsc msr pae mce cx8 apic sep mtrr pge mca cmov pat pse36 clflush mmx fxsr sse sse2 ht syscall nx mmxext fxsr_opt pdpe1gb rdtscp lm constant_tsc rep_good amd_lbr_v2 nopl nonstop_tsc cpuid extd_apicid aperfmperf rapl pni pclmulqdq monitor ssse3 fma cx16 pcid sse4_1 sse4_2 x2apic movbe popcnt aes xsave avx f16c rdrand lahf_lm cmp_legacy svm extapic cr8_legacy abm sse4a misalignsse 3dnowprefetch osvw ibs skinit wdt tce topoext perfctr_core perfctr_nb bpext perfctr_llc mwaitx cpb cat_l3 cdp_l3 invpcid_single hw_pstate ssbd mba perfmon_v2 ibrs ibpb stibp ibrs_enhanced vmmcall fsgsbase bmi1 avx2 smep bmi2 erms invpcid cqm rdt_a avx512f avx512dq rdseed adx smap avx512ifma clflushopt clwb avx512cd sha_ni avx512bw avx512vl xsaveopt xsavec xgetbv1 xsaves cqm_llc cqm_occup_llc cqm_mbm_total cqm_mbm_local avx512_bf16 clzero irperf xsaveerptr rdpru wbnoinvd amd_ppin cppc arat npt lbrv svm_lock nrip_save tsc_scale vmcb_clean flushbyasid decodeassists pausefilter pfthreshold avic v_vmsave_vmload vgif x2avic v_spec_ctrl vnmi avx512vbmi umip pku ospke avx512_vbmi2 gfni vaes vpclmulqdq avx512_vnni avx512_bitalg avx512_vpopcntdq la57 rdpid overflow_recov succor smca fsrm flush_l1d
Virtualization:                     AMD-V
L1d cache:                          4 MiB (128 instances)
L1i cache:                          4 MiB (128 instances)
L2 cache:                           128 MiB (128 instances)
L3 cache:                           512 MiB (16 instances)
NUMA node(s):                       2
NUMA node0 CPU(s):                  0-63,128-191
NUMA node1 CPU(s):                  64-127,192-255
Vulnerability Gather data sampling: Not affected
Vulnerability Itlb multihit:        Not affected
Vulnerability L1tf:                 Not affected
Vulnerability Mds:                  Not affected
Vulnerability Meltdown:             Not affected
Vulnerability Mmio stale data:      Not affected
Vulnerability Retbleed:             Not affected
Vulnerability Spec rstack overflow: Mitigation; Safe RET
Vulnerability Spec store bypass:    Mitigation; Speculative Store Bypass disabled via prctl
Vulnerability Spectre v1:           Mitigation; usercopy/swapgs barriers and __user pointer sanitization
Vulnerability Spectre v2:           Mitigation; Enhanced / Automatic IBRS, IBPB conditional, STIBP always-on, RSB filling, PBRSB-eIBRS Not affected
Vulnerability Srbds:                Not affected
Vulnerability Tsx async abort:      Not affected
Sat Apr 19 19:09:54 2025       
+---------------------------------------------------------------------------------------+
| NVIDIA-SMI 545.23.08              Driver Version: 545.23.08    CUDA Version: 12.3     |
|-----------------------------------------+----------------------+----------------------+
| GPU  Name                 Persistence-M | Bus-Id        Disp.A | Volatile Uncorr. ECC |
| Fan  Temp   Perf          Pwr:Usage/Cap |         Memory-Usage | GPU-Util  Compute M. |
|                                         |                      |               MIG M. |
|=========================================+======================+======================|
|   0  NVIDIA L40S                    On  | 00000000:E3:00.0 Off |                    0 |
| N/A   30C    P8              32W / 350W |      3MiB / 46068MiB |      0%      Default |
|                                         |                      |                  N/A |
+-----------------------------------------+----------------------+----------------------+
|   1  NVIDIA L40S                    On  | 00000000:E4:00.0 Off |                    0 |
| N/A   32C    P8              34W / 350W |      3MiB / 46068MiB |      0%      Default |
|                                         |                      |                  N/A |
+-----------------------------------------+----------------------+----------------------+
                                                                                         
+---------------------------------------------------------------------------------------+
| Processes:                                                                            |
|  GPU   GI   CI        PID   Type   Process name                            GPU Memory |
|        ID   ID                                                             Usage      |
|=======================================================================================|
|  No running processes found                                                           |
+---------------------------------------------------------------------------------------+
/home/akula.ha/.conda/envs/refseg/lib/python3.10/site-packages/torch/distributed/launch.py:181: FutureWarning: The module torch.distributed.launch is deprecated
and will be removed in future. Use torchrun.
Note that --use-env is set by default in torchrun.
If your script expects `--local-rank` argument to be set, please
change it to read from `os.environ['LOCAL_RANK']` instead. See 
https://pytorch.org/docs/stable/distributed.html#launch-utility for 
further instructions

  warnings.warn(
| distributed init (rank 0): env://
Namespace(batch_size=14, epochs=50, model='ReMamber_Conv_PEFT', pretrain_path='./pretrain', input_size=480, drop=0.0, drop_path=0.1, model_ema=True, model_ema_decay=0.9999, model_ema_force_cpu=False, opt='adamw', opt_eps=1e-08, opt_betas=None, clip_grad=None, momentum=0.9, weight_decay=0.0001, sched='cosine', lr=2e-05, lr_decoder=5e-05, lr_backbone=2.5e-05, lr_vssm=2.5e-05, warmup_lr=1e-06, min_lr=1e-06, decay_epochs=30, warmup_epochs=0, cooldown_epochs=10, patience_epochs=10, decay_rate=0.1, train_mode=True, finetune='pretrain/ReMamber_Conv.pth', data_path='./ref_dataset/data', data_set='refzom', output_dir='./outputs', device='cuda', seed=0, resume='', start_epoch=0, eval=False, dist_eval=False, num_workers=8, pin_mem=True, distributed=True, world_size=1, dist_url='env://', if_amp=True, debug_mode=False, local_rank=0, model_title='model', logging='model', decoder_adapter=True, continue_lr=None, partial_freeze=False, rank=0, gpu=0, dist_backend='nccl')
True val
./ref_dataset/data refzom zom
loading dataset refzom into memory...
creating index...
index created.
DONE (t=11.00s)
Preparing dataset ......
False val
./ref_dataset/data refzom zom
loading dataset refzom into memory...
creating index...
index created.
DONE (t=10.41s)
Preparing dataset ......
length of train set: 57624
length of val set: 15406
/home/akula.ha/.conda/envs/refseg/lib/python3.10/site-packages/torch/utils/data/dataloader.py:557: UserWarning: This DataLoader will create 8 worker processes in total. Our suggested max number of worker in current system is 2, which is smaller than what this DataLoader is going to create. Please be aware that excessive worker creation might get DataLoader running slow or even freeze, lower the worker number to avoid potential slowness/freeze if necessary.
  warnings.warn(_create_warning_msg(
Creating model: ReMamber_Conv_PEFT
kwargs {'use_adapters': True}
Finetuning half decoder with adapters
True
number of params: 16548707
Model id is - model:90d03ff5
length of train set: 45000
length of val set: 4000
Start training for 50 epochs
Learning rate: 2e-05
/home/akula.ha/.conda/envs/refseg/lib/python3.10/site-packages/torch/autograd/__init__.py:251: UserWarning: Grad strides do not match bucket view strides. This may indicate grad was not created according to the gradient layout contract, or that the param's strides changed since DDP was constructed.  This is not an error, but may impair performance.
grad.sizes() = [512, 192, 1, 1], strides() = [192, 1, 192, 192]
bucket_view.sizes() = [512, 192, 1, 1], strides() = [192, 1, 1, 1] (Triggered internally at ../torch/csrc/distributed/c10d/reducer.cpp:320.)
  Variable._execution_engine.run_backward(  # Calls into the C++ engine to run the backward pass
Epoch: [0]  [   0/3215]  eta: 1 day, 3:17:41  lr: 0.000020  train_loss: 8.0476 (8.0476)  train_iou: 0.4063 (0.4063)  time: 30.5635  data: 9.0567  max mem: 40622
Epoch: [0]  [  20/3215]  eta: 2:04:45  lr: 0.000020  train_loss: 3.1690 (4.3825)  train_iou: 0.3066 (0.3527)  time: 0.9319  data: 0.0003  max mem: 40622
Epoch: [0]  [  40/3215]  eta: 1:27:12  lr: 0.000020  train_loss: 1.5833 (3.2242)  train_iou: 0.3114 (0.3295)  time: 0.9186  data: 0.0003  max mem: 40622
Epoch: [0]  [  60/3215]  eta: 1:14:04  lr: 0.000020  train_loss: 1.4021 (2.6483)  train_iou: 0.3228 (0.3298)  time: 0.9175  data: 0.0002  max mem: 40622
Epoch: [0]  [  80/3215]  eta: 1:07:16  lr: 0.000020  train_loss: 1.0686 (2.2600)  train_iou: 0.3554 (0.3374)  time: 0.9177  data: 0.0002  max mem: 40622
Epoch: [0]  [ 100/3215]  eta: 1:03:01  lr: 0.000020  train_loss: 0.9642 (2.0161)  train_iou: 0.3704 (0.3415)  time: 0.9168  data: 0.0002  max mem: 40622
Epoch: [0]  [ 120/3215]  eta: 1:00:05  lr: 0.000020  train_loss: 0.9206 (1.8411)  train_iou: 0.4053 (0.3499)  time: 0.9174  data: 0.0002  max mem: 40622
Epoch: [0]  [ 140/3215]  eta: 0:57:54  lr: 0.000020  train_loss: 0.8952 (1.7136)  train_iou: 0.3538 (0.3521)  time: 0.9178  data: 0.0002  max mem: 40622
Epoch: [0]  [ 160/3215]  eta: 0:56:10  lr: 0.000020  train_loss: 0.7983 (1.6087)  train_iou: 0.3798 (0.3571)  time: 0.9161  data: 0.0002  max mem: 40622
Epoch: [0]  [ 180/3215]  eta: 0:54:45  lr: 0.000020  train_loss: 0.7828 (1.5219)  train_iou: 0.3923 (0.3623)  time: 0.9154  data: 0.0002  max mem: 40622
Epoch: [0]  [ 200/3215]  eta: 0:53:34  lr: 0.000020  train_loss: 0.7487 (1.4448)  train_iou: 0.4162 (0.3704)  time: 0.9177  data: 0.0002  max mem: 40622
Epoch: [0]  [ 220/3215]  eta: 0:52:32  lr: 0.000020  train_loss: 0.7761 (1.3891)  train_iou: 0.4231 (0.3741)  time: 0.9158  data: 0.0002  max mem: 40622
Epoch: [0]  [ 240/3215]  eta: 0:51:38  lr: 0.000020  train_loss: 0.7590 (1.3377)  train_iou: 0.3941 (0.3776)  time: 0.9175  data: 0.0002  max mem: 40622
Epoch: [0]  [ 260/3215]  eta: 0:50:48  lr: 0.000020  train_loss: 0.7407 (1.2922)  train_iou: 0.4332 (0.3827)  time: 0.9165  data: 0.0002  max mem: 40622
Epoch: [0]  [ 280/3215]  eta: 0:50:33  lr: 0.000020  train_loss: 0.6617 (1.2504)  train_iou: 0.4831 (0.3888)  time: 1.0554  data: 0.0002  max mem: 40622
Epoch: [0]  [ 300/3215]  eta: 0:49:49  lr: 0.000020  train_loss: 0.7401 (1.2155)  train_iou: 0.4569 (0.3926)  time: 0.9159  data: 0.0002  max mem: 40622
Epoch: [0]  [ 320/3215]  eta: 0:49:10  lr: 0.000020  train_loss: 0.7061 (1.1857)  train_iou: 0.4866 (0.3984)  time: 0.9190  data: 0.0002  max mem: 40622
Epoch: [0]  [ 340/3215]  eta: 0:48:32  lr: 0.000020  train_loss: 0.6766 (1.1573)  train_iou: 0.4634 (0.4026)  time: 0.9186  data: 0.0002  max mem: 40622
Epoch: [0]  [ 360/3215]  eta: 0:47:57  lr: 0.000020  train_loss: 0.6858 (1.1306)  train_iou: 0.4712 (0.4068)  time: 0.9184  data: 0.0002  max mem: 40622
Epoch: [0]  [ 380/3215]  eta: 0:47:23  lr: 0.000020  train_loss: 0.6718 (1.1060)  train_iou: 0.4523 (0.4106)  time: 0.9179  data: 0.0002  max mem: 40622
Epoch: [0]  [ 400/3215]  eta: 0:46:52  lr: 0.000020  train_loss: 0.7037 (1.0862)  train_iou: 0.4375 (0.4130)  time: 0.9189  data: 0.0002  max mem: 40622
Epoch: [0]  [ 420/3215]  eta: 0:46:21  lr: 0.000020  train_loss: 0.7854 (1.0714)  train_iou: 0.4283 (0.4145)  time: 0.9183  data: 0.0002  max mem: 40622
Epoch: [0]  [ 440/3215]  eta: 0:45:51  lr: 0.000020  train_loss: 0.6553 (1.0540)  train_iou: 0.5138 (0.4179)  time: 0.9195  data: 0.0002  max mem: 40622
Epoch: [0]  [ 460/3215]  eta: 0:45:23  lr: 0.000020  train_loss: 0.6514 (1.0371)  train_iou: 0.4697 (0.4200)  time: 0.9189  data: 0.0002  max mem: 40622
Epoch: [0]  [ 480/3215]  eta: 0:44:55  lr: 0.000020  train_loss: 0.6744 (1.0223)  train_iou: 0.4838 (0.4231)  time: 0.9185  data: 0.0002  max mem: 40622
Epoch: [0]  [ 500/3215]  eta: 0:44:28  lr: 0.000020  train_loss: 0.6448 (1.0083)  train_iou: 0.4779 (0.4259)  time: 0.9197  data: 0.0002  max mem: 40622
Epoch: [0]  [ 520/3215]  eta: 0:44:02  lr: 0.000020  train_loss: 0.6218 (0.9946)  train_iou: 0.5181 (0.4288)  time: 0.9202  data: 0.0002  max mem: 40622
Epoch: [0]  [ 540/3215]  eta: 0:43:36  lr: 0.000020  train_loss: 0.6836 (0.9841)  train_iou: 0.4710 (0.4302)  time: 0.9156  data: 0.0002  max mem: 40622
Epoch: [0]  [ 560/3215]  eta: 0:43:11  lr: 0.000020  train_loss: 0.6196 (0.9720)  train_iou: 0.4872 (0.4323)  time: 0.9173  data: 0.0002  max mem: 40622
Epoch: [0]  [ 580/3215]  eta: 0:42:46  lr: 0.000020  train_loss: 0.6376 (0.9611)  train_iou: 0.4732 (0.4342)  time: 0.9143  data: 0.0002  max mem: 40622
Epoch: [0]  [ 600/3215]  eta: 0:42:21  lr: 0.000020  train_loss: 0.6580 (0.9513)  train_iou: 0.4787 (0.4363)  time: 0.9131  data: 0.0002  max mem: 40622
Epoch: [0]  [ 620/3215]  eta: 0:41:56  lr: 0.000020  train_loss: 0.6376 (0.9433)  train_iou: 0.4664 (0.4374)  time: 0.9124  data: 0.0002  max mem: 40622
Epoch: [0]  [ 640/3215]  eta: 0:41:42  lr: 0.000020  train_loss: 0.6049 (0.9339)  train_iou: 0.4890 (0.4393)  time: 1.0370  data: 0.0002  max mem: 40622
Epoch: [0]  [ 660/3215]  eta: 0:41:19  lr: 0.000020  train_loss: 0.6183 (0.9245)  train_iou: 0.4980 (0.4413)  time: 0.9175  data: 0.0002  max mem: 40622
Epoch: [0]  [ 680/3215]  eta: 0:40:55  lr: 0.000020  train_loss: 0.5737 (0.9152)  train_iou: 0.5381 (0.4438)  time: 0.9155  data: 0.0002  max mem: 40622
Epoch: [0]  [ 700/3215]  eta: 0:40:32  lr: 0.000020  train_loss: 0.6183 (0.9071)  train_iou: 0.4648 (0.4452)  time: 0.9165  data: 0.0002  max mem: 40622
Epoch: [0]  [ 720/3215]  eta: 0:40:09  lr: 0.000020  train_loss: 0.6758 (0.9005)  train_iou: 0.4601 (0.4462)  time: 0.9138  data: 0.0002  max mem: 40622
Epoch: [0]  [ 740/3215]  eta: 0:39:46  lr: 0.000020  train_loss: 0.5956 (0.8928)  train_iou: 0.5003 (0.4476)  time: 0.9147  data: 0.0002  max mem: 40622
Epoch: [0]  [ 760/3215]  eta: 0:39:24  lr: 0.000020  train_loss: 0.6412 (0.8864)  train_iou: 0.4860 (0.4485)  time: 0.9169  data: 0.0002  max mem: 40622
Epoch: [0]  [ 780/3215]  eta: 0:39:02  lr: 0.000020  train_loss: 0.5609 (0.8796)  train_iou: 0.5262 (0.4503)  time: 0.9163  data: 0.0002  max mem: 40622
Epoch: [0]  [ 800/3215]  eta: 0:38:40  lr: 0.000020  train_loss: 0.6383 (0.8744)  train_iou: 0.4774 (0.4512)  time: 0.9166  data: 0.0002  max mem: 40622
Epoch: [0]  [ 820/3215]  eta: 0:38:18  lr: 0.000020  train_loss: 0.6386 (0.8685)  train_iou: 0.4838 (0.4525)  time: 0.9169  data: 0.0002  max mem: 40622
Epoch: [0]  [ 840/3215]  eta: 0:37:57  lr: 0.000020  train_loss: 0.5892 (0.8625)  train_iou: 0.5090 (0.4537)  time: 0.9168  data: 0.0002  max mem: 40622
Epoch: [0]  [ 860/3215]  eta: 0:37:35  lr: 0.000020  train_loss: 0.6106 (0.8565)  train_iou: 0.4918 (0.4549)  time: 0.9167  data: 0.0002  max mem: 40622
Epoch: [0]  [ 880/3215]  eta: 0:37:14  lr: 0.000020  train_loss: 0.5926 (0.8503)  train_iou: 0.5141 (0.4566)  time: 0.9154  data: 0.0003  max mem: 40622
Epoch: [0]  [ 900/3215]  eta: 0:36:52  lr: 0.000020  train_loss: 0.5522 (0.8444)  train_iou: 0.5532 (0.4584)  time: 0.9174  data: 0.0002  max mem: 40622
Epoch: [0]  [ 920/3215]  eta: 0:36:31  lr: 0.000020  train_loss: 0.6029 (0.8396)  train_iou: 0.5256 (0.4597)  time: 0.9161  data: 0.0002  max mem: 40622
Epoch: [0]  [ 940/3215]  eta: 0:36:10  lr: 0.000020  train_loss: 0.5780 (0.8343)  train_iou: 0.5173 (0.4609)  time: 0.9159  data: 0.0002  max mem: 40622
Epoch: [0]  [ 960/3215]  eta: 0:35:49  lr: 0.000020  train_loss: 0.5565 (0.8304)  train_iou: 0.5450 (0.4628)  time: 0.9146  data: 0.0002  max mem: 40622
Epoch: [0]  [ 980/3215]  eta: 0:35:29  lr: 0.000020  train_loss: 0.5582 (0.8254)  train_iou: 0.5364 (0.4641)  time: 0.9152  data: 0.0002  max mem: 40622
Epoch: [0]  [1000/3215]  eta: 0:35:08  lr: 0.000020  train_loss: 0.5647 (0.8213)  train_iou: 0.5472 (0.4655)  time: 0.9152  data: 0.0002  max mem: 40622
Epoch: [0]  [1020/3215]  eta: 0:34:52  lr: 0.000020  train_loss: 0.5789 (0.8170)  train_iou: 0.5141 (0.4666)  time: 1.0320  data: 0.0002  max mem: 40622
Epoch: [0]  [1040/3215]  eta: 0:34:32  lr: 0.000020  train_loss: 0.5504 (0.8123)  train_iou: 0.5278 (0.4679)  time: 0.9141  data: 0.0002  max mem: 40622
Epoch: [0]  [1060/3215]  eta: 0:34:11  lr: 0.000020  train_loss: 0.6136 (0.8090)  train_iou: 0.5138 (0.4687)  time: 0.9151  data: 0.0002  max mem: 40622
Epoch: [0]  [1080/3215]  eta: 0:33:50  lr: 0.000020  train_loss: 0.6613 (0.8058)  train_iou: 0.4975 (0.4689)  time: 0.9129  data: 0.0002  max mem: 40622
Epoch: [0]  [1100/3215]  eta: 0:33:30  lr: 0.000020  train_loss: 0.5605 (0.8018)  train_iou: 0.5357 (0.4702)  time: 0.9122  data: 0.0002  max mem: 40622
Epoch: [0]  [1120/3215]  eta: 0:33:10  lr: 0.000020  train_loss: 0.5917 (0.7984)  train_iou: 0.5249 (0.4710)  time: 0.9141  data: 0.0002  max mem: 40622
Epoch: [0]  [1140/3215]  eta: 0:32:49  lr: 0.000020  train_loss: 0.5210 (0.7944)  train_iou: 0.5757 (0.4725)  time: 0.9134  data: 0.0002  max mem: 40622
Epoch: [0]  [1160/3215]  eta: 0:32:29  lr: 0.000020  train_loss: 0.5968 (0.7905)  train_iou: 0.5380 (0.4737)  time: 0.9151  data: 0.0002  max mem: 40622
Epoch: [0]  [1180/3215]  eta: 0:32:09  lr: 0.000020  train_loss: 0.5814 (0.7875)  train_iou: 0.5041 (0.4747)  time: 0.9161  data: 0.0002  max mem: 40622
Epoch: [0]  [1200/3215]  eta: 0:31:49  lr: 0.000020  train_loss: 0.5823 (0.7845)  train_iou: 0.5319 (0.4753)  time: 0.9152  data: 0.0002  max mem: 40622
Epoch: [0]  [1220/3215]  eta: 0:31:29  lr: 0.000020  train_loss: 0.5572 (0.7809)  train_iou: 0.5435 (0.4767)  time: 0.9146  data: 0.0002  max mem: 40622
Epoch: [0]  [1240/3215]  eta: 0:31:09  lr: 0.000020  train_loss: 0.5016 (0.7766)  train_iou: 0.5568 (0.4784)  time: 0.9186  data: 0.0002  max mem: 40622
Epoch: [0]  [1260/3215]  eta: 0:30:49  lr: 0.000020  train_loss: 0.5957 (0.7739)  train_iou: 0.5239 (0.4794)  time: 0.9183  data: 0.0002  max mem: 40622
Epoch: [0]  [1280/3215]  eta: 0:30:29  lr: 0.000020  train_loss: 0.5169 (0.7709)  train_iou: 0.5668 (0.4804)  time: 0.9159  data: 0.0002  max mem: 40622
Epoch: [0]  [1300/3215]  eta: 0:30:10  lr: 0.000020  train_loss: 0.6036 (0.7679)  train_iou: 0.5057 (0.4813)  time: 0.9150  data: 0.0002  max mem: 40622
Epoch: [0]  [1320/3215]  eta: 0:29:50  lr: 0.000020  train_loss: 0.5548 (0.7651)  train_iou: 0.5287 (0.4823)  time: 0.9147  data: 0.0002  max mem: 40622
Epoch: [0]  [1340/3215]  eta: 0:29:30  lr: 0.000020  train_loss: 0.5894 (0.7624)  train_iou: 0.5181 (0.4829)  time: 0.9164  data: 0.0002  max mem: 40622
Epoch: [0]  [1360/3215]  eta: 0:29:10  lr: 0.000020  train_loss: 0.5821 (0.7598)  train_iou: 0.5062 (0.4838)  time: 0.9178  data: 0.0002  max mem: 40622
Epoch: [0]  [1380/3215]  eta: 0:28:51  lr: 0.000020  train_loss: 0.5605 (0.7572)  train_iou: 0.5254 (0.4846)  time: 0.9175  data: 0.0002  max mem: 40622
Epoch: [0]  [1400/3215]  eta: 0:28:31  lr: 0.000020  train_loss: 0.5391 (0.7539)  train_iou: 0.5721 (0.4859)  time: 0.9175  data: 0.0002  max mem: 40622
Epoch: [0]  [1420/3215]  eta: 0:28:12  lr: 0.000020  train_loss: 0.5735 (0.7512)  train_iou: 0.5217 (0.4867)  time: 0.9186  data: 0.0002  max mem: 40622
Epoch: [0]  [1440/3215]  eta: 0:27:52  lr: 0.000020  train_loss: 0.5369 (0.7485)  train_iou: 0.5528 (0.4875)  time: 0.9180  data: 0.0002  max mem: 40622
Epoch: [0]  [1460/3215]  eta: 0:27:33  lr: 0.000020  train_loss: 0.5064 (0.7459)  train_iou: 0.5812 (0.4886)  time: 0.9165  data: 0.0002  max mem: 40622
Epoch: [0]  [1480/3215]  eta: 0:27:14  lr: 0.000020  train_loss: 0.5819 (0.7442)  train_iou: 0.5017 (0.4888)  time: 0.9185  data: 0.0002  max mem: 40622
Epoch: [0]  [1500/3215]  eta: 0:26:54  lr: 0.000020  train_loss: 0.5055 (0.7413)  train_iou: 0.5662 (0.4896)  time: 0.9181  data: 0.0002  max mem: 40622
Epoch: [0]  [1520/3215]  eta: 0:26:37  lr: 0.000020  train_loss: 0.5113 (0.7388)  train_iou: 0.5695 (0.4906)  time: 1.0370  data: 0.0002  max mem: 40622
Epoch: [0]  [1540/3215]  eta: 0:26:18  lr: 0.000020  train_loss: 0.4960 (0.7356)  train_iou: 0.5971 (0.4920)  time: 0.9173  data: 0.0002  max mem: 40622
Epoch: [0]  [1560/3215]  eta: 0:25:59  lr: 0.000020  train_loss: 0.5123 (0.7331)  train_iou: 0.5707 (0.4929)  time: 0.9190  data: 0.0002  max mem: 40622
Epoch: [0]  [1580/3215]  eta: 0:25:39  lr: 0.000020  train_loss: 0.5362 (0.7307)  train_iou: 0.5975 (0.4941)  time: 0.9164  data: 0.0002  max mem: 40622
Epoch: [0]  [1600/3215]  eta: 0:25:20  lr: 0.000020  train_loss: 0.5394 (0.7286)  train_iou: 0.5919 (0.4949)  time: 0.9162  data: 0.0002  max mem: 40622
Epoch: [0]  [1620/3215]  eta: 0:25:01  lr: 0.000020  train_loss: 0.4971 (0.7260)  train_iou: 0.5759 (0.4958)  time: 0.9181  data: 0.0002  max mem: 40622
Epoch: [0]  [1640/3215]  eta: 0:24:41  lr: 0.000020  train_loss: 0.5248 (0.7239)  train_iou: 0.5352 (0.4965)  time: 0.9180  data: 0.0002  max mem: 40622
Epoch: [0]  [1660/3215]  eta: 0:24:22  lr: 0.000020  train_loss: 0.5339 (0.7219)  train_iou: 0.5542 (0.4974)  time: 0.9188  data: 0.0002  max mem: 40622
Epoch: [0]  [1680/3215]  eta: 0:24:03  lr: 0.000020  train_loss: 0.5211 (0.7199)  train_iou: 0.5471 (0.4982)  time: 0.9198  data: 0.0002  max mem: 40622
Epoch: [0]  [1700/3215]  eta: 0:23:44  lr: 0.000020  train_loss: 0.5848 (0.7182)  train_iou: 0.5383 (0.4987)  time: 0.9187  data: 0.0002  max mem: 40622
Epoch: [0]  [1720/3215]  eta: 0:23:25  lr: 0.000020  train_loss: 0.5671 (0.7168)  train_iou: 0.5585 (0.4994)  time: 0.9188  data: 0.0002  max mem: 40622
Epoch: [0]  [1740/3215]  eta: 0:23:05  lr: 0.000020  train_loss: 0.4843 (0.7142)  train_iou: 0.6289 (0.5007)  time: 0.9198  data: 0.0002  max mem: 40622
Epoch: [0]  [1760/3215]  eta: 0:22:46  lr: 0.000020  train_loss: 0.5235 (0.7122)  train_iou: 0.5608 (0.5014)  time: 0.9172  data: 0.0002  max mem: 40622
Epoch: [0]  [1780/3215]  eta: 0:22:27  lr: 0.000020  train_loss: 0.5449 (0.7103)  train_iou: 0.5599 (0.5023)  time: 0.9165  data: 0.0002  max mem: 40622
Epoch: [0]  [1800/3215]  eta: 0:22:08  lr: 0.000020  train_loss: 0.5356 (0.7082)  train_iou: 0.5495 (0.5030)  time: 0.9160  data: 0.0002  max mem: 40622
Epoch: [0]  [1820/3215]  eta: 0:21:49  lr: 0.000020  train_loss: 0.5248 (0.7061)  train_iou: 0.5524 (0.5039)  time: 0.9166  data: 0.0002  max mem: 40622
Epoch: [0]  [1840/3215]  eta: 0:21:30  lr: 0.000020  train_loss: 0.5190 (0.7039)  train_iou: 0.5414 (0.5047)  time: 0.9175  data: 0.0002  max mem: 40622
Epoch: [0]  [1860/3215]  eta: 0:21:11  lr: 0.000020  train_loss: 0.5744 (0.7024)  train_iou: 0.5265 (0.5052)  time: 0.9171  data: 0.0002  max mem: 40622
Epoch: [0]  [1880/3215]  eta: 0:20:52  lr: 0.000020  train_loss: 0.4734 (0.7004)  train_iou: 0.6064 (0.5061)  time: 0.9184  data: 0.0002  max mem: 40622
Epoch: [0]  [1900/3215]  eta: 0:20:33  lr: 0.000020  train_loss: 0.4531 (0.6979)  train_iou: 0.6236 (0.5073)  time: 0.9196  data: 0.0002  max mem: 40622
Epoch: [0]  [1920/3215]  eta: 0:20:14  lr: 0.000020  train_loss: 0.4530 (0.6963)  train_iou: 0.6109 (0.5080)  time: 0.9185  data: 0.0002  max mem: 40622
Epoch: [0]  [1940/3215]  eta: 0:19:55  lr: 0.000020  train_loss: 0.5064 (0.6945)  train_iou: 0.5932 (0.5087)  time: 0.9198  data: 0.0002  max mem: 40622
Epoch: [0]  [1960/3215]  eta: 0:19:36  lr: 0.000020  train_loss: 0.5219 (0.6930)  train_iou: 0.5768 (0.5093)  time: 0.9191  data: 0.0002  max mem: 40622
Epoch: [0]  [1980/3215]  eta: 0:19:17  lr: 0.000020  train_loss: 0.5538 (0.6918)  train_iou: 0.5898 (0.5100)  time: 0.9187  data: 0.0002  max mem: 40622
Epoch: [0]  [2000/3215]  eta: 0:18:58  lr: 0.000020  train_loss: 0.5056 (0.6900)  train_iou: 0.5811 (0.5107)  time: 0.9168  data: 0.0002  max mem: 40622
Epoch: [0]  [2020/3215]  eta: 0:18:40  lr: 0.000020  train_loss: 0.4490 (0.6880)  train_iou: 0.6043 (0.5116)  time: 1.0382  data: 0.0002  max mem: 40622
Epoch: [0]  [2040/3215]  eta: 0:18:21  lr: 0.000020  train_loss: 0.4556 (0.6861)  train_iou: 0.6430 (0.5125)  time: 0.9186  data: 0.0002  max mem: 40622
Epoch: [0]  [2060/3215]  eta: 0:18:02  lr: 0.000020  train_loss: 0.4927 (0.6843)  train_iou: 0.5983 (0.5135)  time: 0.9165  data: 0.0002  max mem: 40622
Epoch: [0]  [2080/3215]  eta: 0:17:43  lr: 0.000020  train_loss: 0.4935 (0.6830)  train_iou: 0.5946 (0.5140)  time: 0.9174  data: 0.0002  max mem: 40622
Epoch: [0]  [2100/3215]  eta: 0:17:24  lr: 0.000020  train_loss: 0.4412 (0.6816)  train_iou: 0.6249 (0.5146)  time: 0.9163  data: 0.0002  max mem: 40622
Epoch: [0]  [2120/3215]  eta: 0:17:05  lr: 0.000020  train_loss: 0.5053 (0.6800)  train_iou: 0.5685 (0.5152)  time: 0.9171  data: 0.0002  max mem: 40622
Epoch: [0]  [2140/3215]  eta: 0:16:46  lr: 0.000020  train_loss: 0.5186 (0.6787)  train_iou: 0.5655 (0.5157)  time: 0.9179  data: 0.0002  max mem: 40622
Epoch: [0]  [2160/3215]  eta: 0:16:27  lr: 0.000020  train_loss: 0.4700 (0.6768)  train_iou: 0.6003 (0.5166)  time: 0.9167  data: 0.0002  max mem: 40622
Epoch: [0]  [2180/3215]  eta: 0:16:09  lr: 0.000020  train_loss: 0.4908 (0.6752)  train_iou: 0.5563 (0.5171)  time: 0.9169  data: 0.0002  max mem: 40622
Epoch: [0]  [2200/3215]  eta: 0:15:50  lr: 0.000020  train_loss: 0.5064 (0.6737)  train_iou: 0.5775 (0.5178)  time: 0.9173  data: 0.0002  max mem: 40622
Epoch: [0]  [2220/3215]  eta: 0:15:31  lr: 0.000020  train_loss: 0.5444 (0.6725)  train_iou: 0.5757 (0.5183)  time: 0.9176  data: 0.0002  max mem: 40622
Epoch: [0]  [2240/3215]  eta: 0:15:12  lr: 0.000020  train_loss: 0.5154 (0.6711)  train_iou: 0.5646 (0.5189)  time: 0.9172  data: 0.0002  max mem: 40622
Epoch: [0]  [2260/3215]  eta: 0:14:53  lr: 0.000020  train_loss: 0.5619 (0.6699)  train_iou: 0.5993 (0.5194)  time: 0.9161  data: 0.0002  max mem: 40622
Epoch: [0]  [2280/3215]  eta: 0:14:34  lr: 0.000020  train_loss: 0.4500 (0.6683)  train_iou: 0.6023 (0.5202)  time: 0.9169  data: 0.0002  max mem: 40622
Epoch: [0]  [2300/3215]  eta: 0:14:15  lr: 0.000020  train_loss: 0.4407 (0.6665)  train_iou: 0.6483 (0.5212)  time: 0.9175  data: 0.0002  max mem: 40622
Epoch: [0]  [2320/3215]  eta: 0:13:56  lr: 0.000020  train_loss: 0.4610 (0.6649)  train_iou: 0.6060 (0.5219)  time: 0.9177  data: 0.0002  max mem: 40622
Epoch: [0]  [2340/3215]  eta: 0:13:38  lr: 0.000020  train_loss: 0.4671 (0.6630)  train_iou: 0.5705 (0.5227)  time: 0.9186  data: 0.0002  max mem: 40622
Epoch: [0]  [2360/3215]  eta: 0:13:19  lr: 0.000020  train_loss: 0.4528 (0.6613)  train_iou: 0.5794 (0.5232)  time: 0.9169  data: 0.0002  max mem: 40622
Epoch: [0]  [2380/3215]  eta: 0:13:00  lr: 0.000020  train_loss: 0.4345 (0.6596)  train_iou: 0.5508 (0.5236)  time: 0.9173  data: 0.0002  max mem: 40622
Epoch: [0]  [2400/3215]  eta: 0:12:41  lr: 0.000020  train_loss: 0.4421 (0.6578)  train_iou: 0.5939 (0.5241)  time: 0.9166  data: 0.0002  max mem: 40622
Epoch: [0]  [2420/3215]  eta: 0:12:22  lr: 0.000020  train_loss: 0.4054 (0.6558)  train_iou: 0.6099 (0.5248)  time: 0.9159  data: 0.0002  max mem: 40622
Epoch: [0]  [2440/3215]  eta: 0:12:04  lr: 0.000020  train_loss: 0.3804 (0.6542)  train_iou: 0.5730 (0.5252)  time: 0.9166  data: 0.0002  max mem: 40622
Epoch: [0]  [2460/3215]  eta: 0:11:45  lr: 0.000020  train_loss: 0.3823 (0.6523)  train_iou: 0.6004 (0.5260)  time: 0.9169  data: 0.0002  max mem: 40622
Epoch: [0]  [2480/3215]  eta: 0:11:26  lr: 0.000020  train_loss: 0.4044 (0.6504)  train_iou: 0.5966 (0.5266)  time: 0.9175  data: 0.0002  max mem: 40622
Epoch: [0]  [2500/3215]  eta: 0:11:07  lr: 0.000020  train_loss: 0.4293 (0.6489)  train_iou: 0.5684 (0.5269)  time: 0.9168  data: 0.0002  max mem: 40622
Epoch: [0]  [2520/3215]  eta: 0:10:49  lr: 0.000020  train_loss: 0.4128 (0.6473)  train_iou: 0.5463 (0.5273)  time: 1.0379  data: 0.0002  max mem: 40622
Epoch: [0]  [2540/3215]  eta: 0:10:30  lr: 0.000020  train_loss: 0.4580 (0.6457)  train_iou: 0.5698 (0.5276)  time: 0.9161  data: 0.0002  max mem: 40622
Epoch: [0]  [2560/3215]  eta: 0:10:12  lr: 0.000020  train_loss: 0.3856 (0.6442)  train_iou: 0.6112 (0.5282)  time: 0.9168  data: 0.0002  max mem: 40622
Epoch: [0]  [2580/3215]  eta: 0:09:53  lr: 0.000020  train_loss: 0.4035 (0.6429)  train_iou: 0.5760 (0.5286)  time: 0.9151  data: 0.0002  max mem: 40622
Epoch: [0]  [2600/3215]  eta: 0:09:34  lr: 0.000020  train_loss: 0.4528 (0.6415)  train_iou: 0.5563 (0.5291)  time: 0.9161  data: 0.0002  max mem: 40622
Epoch: [0]  [2620/3215]  eta: 0:09:15  lr: 0.000020  train_loss: 0.4435 (0.6403)  train_iou: 0.5936 (0.5295)  time: 0.9137  data: 0.0002  max mem: 40622
Epoch: [0]  [2640/3215]  eta: 0:08:56  lr: 0.000020  train_loss: 0.3894 (0.6384)  train_iou: 0.5979 (0.5302)  time: 0.9141  data: 0.0002  max mem: 40622
Epoch: [0]  [2660/3215]  eta: 0:08:38  lr: 0.000020  train_loss: 0.3920 (0.6367)  train_iou: 0.6004 (0.5309)  time: 0.9140  data: 0.0002  max mem: 40622
Epoch: [0]  [2680/3215]  eta: 0:08:19  lr: 0.000020  train_loss: 0.3590 (0.6347)  train_iou: 0.6329 (0.5316)  time: 0.9154  data: 0.0002  max mem: 40622
Epoch: [0]  [2700/3215]  eta: 0:08:00  lr: 0.000020  train_loss: 0.4300 (0.6330)  train_iou: 0.5539 (0.5318)  time: 0.9160  data: 0.0002  max mem: 40622
Epoch: [0]  [2720/3215]  eta: 0:07:41  lr: 0.000020  train_loss: 0.3766 (0.6311)  train_iou: 0.5815 (0.5323)  time: 0.9167  data: 0.0002  max mem: 40622
Epoch: [0]  [2740/3215]  eta: 0:07:23  lr: 0.000020  train_loss: 0.4259 (0.6296)  train_iou: 0.5890 (0.5327)  time: 0.9165  data: 0.0002  max mem: 40622
Epoch: [0]  [2760/3215]  eta: 0:07:04  lr: 0.000020  train_loss: 0.3463 (0.6277)  train_iou: 0.5774 (0.5333)  time: 0.9168  data: 0.0002  max mem: 40622
Epoch: [0]  [2780/3215]  eta: 0:06:45  lr: 0.000020  train_loss: 0.3395 (0.6260)  train_iou: 0.6272 (0.5340)  time: 0.9165  data: 0.0002  max mem: 40622
Epoch: [0]  [2800/3215]  eta: 0:06:27  lr: 0.000020  train_loss: 0.4808 (0.6247)  train_iou: 0.5616 (0.5343)  time: 0.9178  data: 0.0002  max mem: 40622
Epoch: [0]  [2820/3215]  eta: 0:06:08  lr: 0.000020  train_loss: 0.4378 (0.6235)  train_iou: 0.5921 (0.5346)  time: 0.9165  data: 0.0002  max mem: 40622
Epoch: [0]  [2840/3215]  eta: 0:05:49  lr: 0.000020  train_loss: 0.3620 (0.6218)  train_iou: 0.5908 (0.5350)  time: 0.9148  data: 0.0002  max mem: 40622
Epoch: [0]  [2860/3215]  eta: 0:05:31  lr: 0.000020  train_loss: 0.3458 (0.6202)  train_iou: 0.6339 (0.5356)  time: 0.9169  data: 0.0002  max mem: 40622
Epoch: [0]  [2880/3215]  eta: 0:05:12  lr: 0.000020  train_loss: 0.3995 (0.6187)  train_iou: 0.5987 (0.5359)  time: 0.9171  data: 0.0002  max mem: 40622
Epoch: [0]  [2900/3215]  eta: 0:04:53  lr: 0.000020  train_loss: 0.4357 (0.6175)  train_iou: 0.5375 (0.5360)  time: 0.9170  data: 0.0002  max mem: 40622
Epoch: [0]  [2920/3215]  eta: 0:04:34  lr: 0.000020  train_loss: 0.3886 (0.6161)  train_iou: 0.5668 (0.5362)  time: 0.9159  data: 0.0002  max mem: 40622
Epoch: [0]  [2940/3215]  eta: 0:04:16  lr: 0.000020  train_loss: 0.4128 (0.6148)  train_iou: 0.5937 (0.5366)  time: 1.0360  data: 0.0002  max mem: 40622
Epoch: [0]  [2960/3215]  eta: 0:03:57  lr: 0.000020  train_loss: 0.3675 (0.6131)  train_iou: 0.5868 (0.5371)  time: 0.9167  data: 0.0002  max mem: 40622
Epoch: [0]  [2980/3215]  eta: 0:03:39  lr: 0.000020  train_loss: 0.4071 (0.6119)  train_iou: 0.6431 (0.5378)  time: 0.9158  data: 0.0002  max mem: 40622
Epoch: [0]  [3000/3215]  eta: 0:03:20  lr: 0.000020  train_loss: 0.4363 (0.6106)  train_iou: 0.6201 (0.5383)  time: 0.9161  data: 0.0002  max mem: 40622
Epoch: [0]  [3020/3215]  eta: 0:03:01  lr: 0.000020  train_loss: 0.3643 (0.6093)  train_iou: 0.6001 (0.5386)  time: 0.9164  data: 0.0002  max mem: 40622
Epoch: [0]  [3040/3215]  eta: 0:02:43  lr: 0.000020  train_loss: 0.4070 (0.6081)  train_iou: 0.5990 (0.5390)  time: 0.9166  data: 0.0002  max mem: 40622
Epoch: [0]  [3060/3215]  eta: 0:02:24  lr: 0.000020  train_loss: 0.3902 (0.6067)  train_iou: 0.6088 (0.5395)  time: 0.9158  data: 0.0002  max mem: 40622
Epoch: [0]  [3080/3215]  eta: 0:02:05  lr: 0.000020  train_loss: 0.3113 (0.6050)  train_iou: 0.5950 (0.5399)  time: 0.9165  data: 0.0002  max mem: 40622
Epoch: [0]  [3100/3215]  eta: 0:01:47  lr: 0.000020  train_loss: 0.4220 (0.6039)  train_iou: 0.5757 (0.5402)  time: 0.9174  data: 0.0002  max mem: 40622
Epoch: [0]  [3120/3215]  eta: 0:01:28  lr: 0.000020  train_loss: 0.3865 (0.6023)  train_iou: 0.5963 (0.5405)  time: 0.9165  data: 0.0002  max mem: 40622
Epoch: [0]  [3140/3215]  eta: 0:01:09  lr: 0.000020  train_loss: 0.3835 (0.6010)  train_iou: 0.6081 (0.5410)  time: 0.9158  data: 0.0002  max mem: 40622
Epoch: [0]  [3160/3215]  eta: 0:00:51  lr: 0.000020  train_loss: 0.3291 (0.5996)  train_iou: 0.6235 (0.5415)  time: 0.9172  data: 0.0002  max mem: 40622
Epoch: [0]  [3180/3215]  eta: 0:00:32  lr: 0.000020  train_loss: 0.3464 (0.5983)  train_iou: 0.5752 (0.5417)  time: 0.9165  data: 0.0002  max mem: 40622
Epoch: [0]  [3200/3215]  eta: 0:00:13  lr: 0.000020  train_loss: 0.3766 (0.5971)  train_iou: 0.5595 (0.5419)  time: 0.9161  data: 0.0003  max mem: 40622
Epoch: [0]  [3214/3215]  eta: 0:00:00  lr: 0.000020  train_loss: 0.3636 (0.5962)  train_iou: 0.5948 (0.5422)  time: 1.2018  data: 0.0002  max mem: 40622
Epoch: [0] Total time: 0:50:01 (0.9336 s / it)
Averaged stats: lr: 0.000020  train_loss: 0.3636 (0.5962)  train_iou: 0.5948 (0.5422)
huggingface/tokenizers: The current process just got forked, after parallelism has already been used. Disabling parallelism to avoid deadlocks...
To disable this warning, you can either:
	- Avoid using `tokenizers` before the fork if possible
	- Explicitly set the environment variable TOKENIZERS_PARALLELISM=(true | false)
huggingface/tokenizers: The current process just got forked, after parallelism has already been used. Disabling parallelism to avoid deadlocks...
To disable this warning, you can either:
	- Avoid using `tokenizers` before the fork if possible
	- Explicitly set the environment variable TOKENIZERS_PARALLELISM=(true | false)
huggingface/tokenizers: The current process just got forked, after parallelism has already been used. Disabling parallelism to avoid deadlocks...
To disable this warning, you can either:
	- Avoid using `tokenizers` before the fork if possible
	- Explicitly set the environment variable TOKENIZERS_PARALLELISM=(true | false)
huggingface/tokenizers: The current process just got forked, after parallelism has already been used. Disabling parallelism to avoid deadlocks...
To disable this warning, you can either:
	- Avoid using `tokenizers` before the fork if possible
	- Explicitly set the environment variable TOKENIZERS_PARALLELISM=(true | false)
huggingface/tokenizers: The current process just got forked, after parallelism has already been used. Disabling parallelism to avoid deadlocks...
To disable this warning, you can either:
	- Avoid using `tokenizers` before the fork if possible
	- Explicitly set the environment variable TOKENIZERS_PARALLELISM=(true | false)
huggingface/tokenizers: The current process just got forked, after parallelism has already been used. Disabling parallelism to avoid deadlocks...
To disable this warning, you can either:
	- Avoid using `tokenizers` before the fork if possible
	- Explicitly set the environment variable TOKENIZERS_PARALLELISM=(true | false)
huggingface/tokenizers: The current process just got forked, after parallelism has already been used. Disabling parallelism to avoid deadlocks...
To disable this warning, you can either:
	- Avoid using `tokenizers` before the fork if possible
	- Explicitly set the environment variable TOKENIZERS_PARALLELISM=(true | false)
huggingface/tokenizers: The current process just got forked, after parallelism has already been used. Disabling parallelism to avoid deadlocks...
To disable this warning, you can either:
	- Avoid using `tokenizers` before the fork if possible
	- Explicitly set the environment variable TOKENIZERS_PARALLELISM=(true | false)
Test:  [   0/4000]  eta: 4:35:21  inter: 33003.0000 (33003.0000)  union: 36903.0000 (36903.0000)  iou: 0.8943 (0.8943)  time: 4.1304  data: 0.9354  max mem: 40622
Test:  [  50/4000]  eta: 0:19:55  inter: 24632.0000 (24737.2344)  union: 51691.0000 (45404.5938)  iou: 0.3604 (0.5230)  time: 0.1447  data: 0.0002  max mem: 40622
Test:  [ 100/4000]  eta: 0:16:08  inter: 27810.0000 (26610.1544)  union: 47986.0000 (43751.5956)  iou: 0.6883 (0.5792)  time: 0.1470  data: 0.0001  max mem: 40622
Test:  [ 150/4000]  eta: 0:13:48  inter: 19083.0000 (26179.0000)  union: 30026.0000 (41412.7990)  iou: 0.8207 (0.6099)  time: 0.1495  data: 0.0002  max mem: 40622
Test:  [ 200/4000]  eta: 0:12:32  inter: 33855.0000 (26881.5788)  union: 38395.0000 (41293.4212)  iou: 0.8693 (0.6200)  time: 0.1453  data: 0.0001  max mem: 40622
Test:  [ 250/4000]  eta: 0:11:43  inter: 15256.0000 (28790.1084)  union: 33375.0000 (42858.4699)  iou: 0.5193 (0.6184)  time: 0.1443  data: 0.0002  max mem: 40622
Test:  [ 300/4000]  eta: 0:11:09  inter: 20551.0000 (28144.2283)  union: 24736.0000 (42573.6129)  iou: 0.7933 (0.6119)  time: 0.1483  data: 0.0001  max mem: 40622
Test:  [ 350/4000]  eta: 0:10:44  inter: 11646.0000 (27089.8554)  union: 32542.0000 (42460.0868)  iou: 0.4571 (0.5988)  time: 0.1502  data: 0.0002  max mem: 40622
Test:  [ 400/4000]  eta: 0:10:47  inter: 29972.0000 (26278.8571)  union: 36342.0000 (41597.1411)  iou: 0.6848 (0.5932)  time: 0.1496  data: 0.0001  max mem: 40622
Test:  [ 450/4000]  eta: 0:10:26  inter: 17611.0000 (25990.4841)  union: 29573.0000 (41427.3825)  iou: 0.5505 (0.5920)  time: 0.1540  data: 0.0001  max mem: 40622
Test:  [ 500/4000]  eta: 0:10:08  inter: 16981.0000 (26563.9599)  union: 29102.0000 (42325.6418)  iou: 0.7221 (0.5914)  time: 0.1492  data: 0.0001  max mem: 40622
Test:  [ 550/4000]  eta: 0:09:53  inter: 23660.0000 (26396.7442)  union: 28560.0000 (41963.8740)  iou: 0.8426 (0.5977)  time: 0.1526  data: 0.0001  max mem: 40622
Test:  [ 600/4000]  eta: 0:09:39  inter: 9927.0000 (26407.8438)  union: 31459.0000 (42030.8379)  iou: 0.6915 (0.5957)  time: 0.1524  data: 0.0001  max mem: 40622
Test:  [ 650/4000]  eta: 0:09:25  inter: 25125.0000 (26935.5669)  union: 41719.0000 (42411.3867)  iou: 0.7156 (0.5970)  time: 0.1488  data: 0.0001  max mem: 40622
Test:  [ 700/4000]  eta: 0:09:12  inter: 13261.0000 (26509.6971)  union: 28779.0000 (42138.8984)  iou: 0.3893 (0.5902)  time: 0.1499  data: 0.0001  max mem: 40622
Test:  [ 750/4000]  eta: 0:09:00  inter: 27291.0000 (26569.3616)  union: 30038.0000 (42066.8506)  iou: 0.8506 (0.5957)  time: 0.1550  data: 0.0001  max mem: 40622
Test:  [ 800/4000]  eta: 0:08:49  inter: 17254.0000 (26328.6482)  union: 47541.0000 (41657.1429)  iou: 0.7886 (0.5939)  time: 0.1537  data: 0.0001  max mem: 40622
Test:  [ 850/4000]  eta: 0:08:38  inter: 22029.0000 (26344.9013)  union: 40596.0000 (41640.5799)  iou: 0.8322 (0.5941)  time: 0.1479  data: 0.0002  max mem: 40622
Test:  [ 900/4000]  eta: 0:08:28  inter: 12561.0000 (26426.3281)  union: 26916.0000 (41932.8925)  iou: 0.7827 (0.5908)  time: 0.1486  data: 0.0001  max mem: 40622
Test:  [ 950/4000]  eta: 0:08:17  inter: 24947.0000 (26611.8837)  union: 31514.0000 (42031.3631)  iou: 0.8629 (0.5905)  time: 0.1512  data: 0.0001  max mem: 40622
Test:  [1000/4000]  eta: 0:08:07  inter: 22757.0000 (26783.7705)  union: 36680.0000 (42190.1946)  iou: 0.7864 (0.5909)  time: 0.1489  data: 0.0001  max mem: 40622
Test:  [1050/4000]  eta: 0:07:58  inter: 20976.0000 (26784.1211)  union: 38625.0000 (42186.1871)  iou: 0.6529 (0.5899)  time: 0.1510  data: 0.0001  max mem: 40622
Test:  [1100/4000]  eta: 0:07:48  inter: 21137.0000 (26560.0306)  union: 31268.0000 (41956.4460)  iou: 0.5805 (0.5873)  time: 0.1503  data: 0.0001  max mem: 40622
Test:  [1150/4000]  eta: 0:07:39  inter: 10544.0000 (26653.1191)  union: 23724.0000 (41811.7723)  iou: 0.5148 (0.5902)  time: 0.1530  data: 0.0001  max mem: 40622
Test:  [1200/4000]  eta: 0:07:29  inter: 15787.0000 (26727.1926)  union: 29075.0000 (42055.2105)  iou: 0.7829 (0.5888)  time: 0.1514  data: 0.0001  max mem: 40622
Test:  [1250/4000]  eta: 0:07:21  inter: 1674.0000 (26440.4049)  union: 34652.0000 (41790.9233)  iou: 0.0567 (0.5865)  time: 0.1536  data: 0.0001  max mem: 40622
Test:  [1300/4000]  eta: 0:07:11  inter: 21517.0000 (26230.6346)  union: 36011.0000 (41583.3960)  iou: 0.5632 (0.5874)  time: 0.1512  data: 0.0001  max mem: 40622
Test:  [1350/4000]  eta: 0:07:03  inter: 26100.0000 (26293.2963)  union: 35307.0000 (41683.5726)  iou: 0.7699 (0.5875)  time: 0.1515  data: 0.0001  max mem: 40622
Test:  [1400/4000]  eta: 0:06:54  inter: 9523.0000 (26368.4033)  union: 12185.0000 (41839.2804)  iou: 0.7561 (0.5849)  time: 0.1515  data: 0.0002  max mem: 40622
Test:  [1450/4000]  eta: 0:06:45  inter: 12937.0000 (26239.2347)  union: 34091.0000 (41722.3213)  iou: 0.6013 (0.5833)  time: 0.1498  data: 0.0001  max mem: 40622
Test:  [1500/4000]  eta: 0:06:37  inter: 16530.0000 (26244.4063)  union: 37943.0000 (41851.0478)  iou: 0.4882 (0.5813)  time: 0.1498  data: 0.0001  max mem: 40622
Test:  [1550/4000]  eta: 0:06:28  inter: 16867.0000 (26157.9640)  union: 30331.0000 (41806.5566)  iou: 0.4811 (0.5819)  time: 0.1547  data: 0.0002  max mem: 40622
Test:  [1600/4000]  eta: 0:06:24  inter: 12205.0000 (26042.7660)  union: 26305.0000 (41750.9149)  iou: 0.5101 (0.5791)  time: 0.2987  data: 0.0002  max mem: 40622
Test:  [1650/4000]  eta: 0:06:16  inter: 16816.0000 (26051.2989)  union: 33288.0000 (41781.3688)  iou: 0.3945 (0.5784)  time: 0.1534  data: 0.0001  max mem: 40622
Test:  [1700/4000]  eta: 0:06:07  inter: 16798.0000 (25980.1456)  union: 37981.0000 (41792.0259)  iou: 0.6991 (0.5767)  time: 0.1530  data: 0.0001  max mem: 40622
Test:  [1750/4000]  eta: 0:05:59  inter: 25886.0000 (25960.2464)  union: 32395.0000 (41702.3286)  iou: 0.5976 (0.5766)  time: 0.1576  data: 0.0001  max mem: 40622
Test:  [1800/4000]  eta: 0:05:51  inter: 15305.0000 (25819.4609)  union: 42954.0000 (41620.5324)  iou: 0.5914 (0.5757)  time: 0.1573  data: 0.0001  max mem: 40622
Test:  [1850/4000]  eta: 0:05:42  inter: 11183.0000 (25784.3176)  union: 34396.0000 (41722.2080)  iou: 0.3841 (0.5739)  time: 0.1545  data: 0.0001  max mem: 40622
Test:  [1900/4000]  eta: 0:05:34  inter: 26329.0000 (25704.9892)  union: 50490.0000 (41601.6858)  iou: 0.5793 (0.5748)  time: 0.1551  data: 0.0001  max mem: 40622
Test:  [1950/4000]  eta: 0:05:26  inter: 11119.0000 (25683.2231)  union: 17089.0000 (41569.0692)  iou: 0.6751 (0.5751)  time: 0.1540  data: 0.0001  max mem: 40622
Test:  [2000/4000]  eta: 0:05:18  inter: 14020.0000 (25673.6590)  union: 23243.0000 (41512.7355)  iou: 0.7198 (0.5753)  time: 0.1517  data: 0.0001  max mem: 40622
Test:  [2050/4000]  eta: 0:05:09  inter: 13061.0000 (25601.4462)  union: 56122.0000 (41692.7271)  iou: 0.2369 (0.5736)  time: 0.1589  data: 0.0001  max mem: 40622
Test:  [2100/4000]  eta: 0:05:01  inter: 20197.0000 (25577.1672)  union: 33133.0000 (41635.6548)  iou: 0.8361 (0.5742)  time: 0.1514  data: 0.0001  max mem: 40622
Test:  [2150/4000]  eta: 0:04:53  inter: 23889.0000 (25588.5906)  union: 32932.0000 (41674.2473)  iou: 0.6187 (0.5736)  time: 0.1526  data: 0.0001  max mem: 40622
Test:  [2200/4000]  eta: 0:04:45  inter: 10251.0000 (25554.9542)  union: 27174.0000 (41601.2044)  iou: 0.4960 (0.5734)  time: 0.1557  data: 0.0001  max mem: 40622
Test:  [2250/4000]  eta: 0:04:37  inter: 20843.0000 (25430.9632)  union: 38718.0000 (41460.5085)  iou: 0.7261 (0.5722)  time: 0.1517  data: 0.0001  max mem: 40622
Test:  [2300/4000]  eta: 0:04:29  inter: 23868.0000 (25512.8302)  union: 37089.0000 (41455.0305)  iou: 0.5607 (0.5736)  time: 0.1546  data: 0.0001  max mem: 40622
Test:  [2350/4000]  eta: 0:04:21  inter: 20907.0000 (25460.1921)  union: 51468.0000 (41424.0397)  iou: 0.7043 (0.5739)  time: 0.1564  data: 0.0001  max mem: 40622
Test:  [2400/4000]  eta: 0:04:13  inter: 15330.0000 (25502.1989)  union: 34899.0000 (41371.3347)  iou: 0.4924 (0.5747)  time: 0.1573  data: 0.0002  max mem: 40622
Test:  [2450/4000]  eta: 0:04:05  inter: 29261.0000 (25596.1688)  union: 33389.0000 (41415.9986)  iou: 0.8480 (0.5762)  time: 0.1505  data: 0.0001  max mem: 40622
Test:  [2500/4000]  eta: 0:03:57  inter: 24522.0000 (25571.7179)  union: 38627.0000 (41418.8868)  iou: 0.8224 (0.5762)  time: 0.1508  data: 0.0001  max mem: 40622
Test:  [2550/4000]  eta: 0:03:49  inter: 29621.0000 (25676.5355)  union: 34756.0000 (41561.1172)  iou: 0.8242 (0.5770)  time: 0.1573  data: 0.0001  max mem: 40622
Test:  [2600/4000]  eta: 0:03:41  inter: 10705.0000 (25591.5068)  union: 30370.0000 (41536.3866)  iou: 0.4356 (0.5755)  time: 0.1555  data: 0.0001  max mem: 40622
Test:  [2650/4000]  eta: 0:03:33  inter: 15584.0000 (25628.0602)  union: 34392.0000 (41768.9412)  iou: 0.8022 (0.5745)  time: 0.1548  data: 0.0001  max mem: 40622
Test:  [2700/4000]  eta: 0:03:25  inter: 22997.0000 (25713.6561)  union: 31792.0000 (41858.5972)  iou: 0.8515 (0.5754)  time: 0.1529  data: 0.0001  max mem: 40622
Test:  [2750/4000]  eta: 0:03:17  inter: 22482.0000 (25789.5256)  union: 28917.0000 (41980.1167)  iou: 0.8770 (0.5749)  time: 0.1525  data: 0.0001  max mem: 40622
Test:  [2800/4000]  eta: 0:03:09  inter: 14633.0000 (25766.0457)  union: 27501.0000 (41864.6751)  iou: 0.6306 (0.5754)  time: 0.1544  data: 0.0001  max mem: 40622
Test:  [2850/4000]  eta: 0:03:01  inter: 12352.0000 (25877.0623)  union: 38340.0000 (41977.5329)  iou: 0.4407 (0.5749)  time: 0.1526  data: 0.0002  max mem: 40622
Test:  [2900/4000]  eta: 0:02:53  inter: 19845.0000 (25898.8738)  union: 26069.0000 (42027.8677)  iou: 0.7752 (0.5740)  time: 0.1517  data: 0.0001  max mem: 40622
Test:  [2950/4000]  eta: 0:02:45  inter: 20320.0000 (25928.4144)  union: 26497.0000 (42019.2406)  iou: 0.4682 (0.5743)  time: 0.1523  data: 0.0001  max mem: 40622
Test:  [3000/4000]  eta: 0:02:37  inter: 14905.0000 (25871.6308)  union: 33898.0000 (41981.4382)  iou: 0.4976 (0.5733)  time: 0.1575  data: 0.0001  max mem: 40622
Test:  [3050/4000]  eta: 0:02:29  inter: 14037.0000 (25843.5873)  union: 29994.0000 (42041.5244)  iou: 0.4668 (0.5733)  time: 0.1537  data: 0.0001  max mem: 40622
Test:  [3100/4000]  eta: 0:02:21  inter: 17398.0000 (25819.0631)  union: 42734.0000 (42003.6151)  iou: 0.4607 (0.5734)  time: 0.1541  data: 0.0001  max mem: 40622
Test:  [3150/4000]  eta: 0:02:13  inter: 14245.0000 (25708.5082)  union: 21946.0000 (41891.9407)  iou: 0.4816 (0.5727)  time: 0.1548  data: 0.0001  max mem: 40622
Test:  [3200/4000]  eta: 0:02:05  inter: 15245.0000 (25746.2162)  union: 39241.0000 (41919.4171)  iou: 0.5856 (0.5733)  time: 0.1544  data: 0.0001  max mem: 40622
Test:  [3250/4000]  eta: 0:01:57  inter: 11621.0000 (25673.0643)  union: 33604.0000 (41850.5253)  iou: 0.6022 (0.5717)  time: 0.1543  data: 0.0001  max mem: 40622
slurmstepd: error: *** JOB 133146 ON d4044 CANCELLED AT 2025-04-19T20:09:53 DUE TO TIME LIMIT ***
