Architecture:                       x86_64
CPU op-mode(s):                     32-bit, 64-bit
Address sizes:                      52 bits physical, 57 bits virtual
Byte Order:                         Little Endian
CPU(s):                             36
On-line CPU(s) list:                0-35
Vendor ID:                          GenuineIntel
Model name:                         Intel(R) Xeon(R) Gold 6354 CPU @ 3.00GHz
CPU family:                         6
Model:                              106
Thread(s) per core:                 1
Core(s) per socket:                 18
Socket(s):                          2
Stepping:                           6
CPU max MHz:                        3600.0000
CPU min MHz:                        800.0000
BogoMIPS:                           6000.00
Flags:                              fpu vme de pse tsc msr pae mce cx8 apic sep mtrr pge mca cmov pat pse36 clflush dts acpi mmx fxsr sse sse2 ss ht tm pbe syscall nx pdpe1gb rdtscp lm constant_tsc art arch_perfmon pebs bts rep_good nopl xtopology nonstop_tsc cpuid aperfmperf pni pclmulqdq dtes64 monitor ds_cpl vmx smx est tm2 ssse3 sdbg fma cx16 xtpr pdcm pcid dca sse4_1 sse4_2 x2apic movbe popcnt tsc_deadline_timer aes xsave avx f16c rdrand lahf_lm abm 3dnowprefetch cpuid_fault epb cat_l3 invpcid_single ssbd mba ibrs ibpb stibp ibrs_enhanced tpr_shadow flexpriority ept vpid ept_ad fsgsbase tsc_adjust bmi1 avx2 smep bmi2 erms invpcid cqm rdt_a avx512f avx512dq rdseed adx smap avx512ifma clflushopt clwb intel_pt avx512cd sha_ni avx512bw avx512vl xsaveopt xsavec xgetbv1 xsaves cqm_llc cqm_occup_llc cqm_mbm_total cqm_mbm_local split_lock_detect wbnoinvd dtherm ida arat pln pts vnmi avx512vbmi umip pku ospke avx512_vbmi2 gfni vaes vpclmulqdq avx512_vnni avx512_bitalg tme avx512_vpopcntdq la57 rdpid fsrm md_clear pconfig flush_l1d arch_capabilities
Virtualization:                     VT-x
L1d cache:                          1.7 MiB (36 instances)
L1i cache:                          1.1 MiB (36 instances)
L2 cache:                           45 MiB (36 instances)
L3 cache:                           78 MiB (2 instances)
NUMA node(s):                       2
NUMA node0 CPU(s):                  0-17
NUMA node1 CPU(s):                  18-35
Vulnerability Gather data sampling: Mitigation; Microcode
Vulnerability Itlb multihit:        Not affected
Vulnerability L1tf:                 Not affected
Vulnerability Mds:                  Not affected
Vulnerability Meltdown:             Not affected
Vulnerability Mmio stale data:      Mitigation; Clear CPU buffers; SMT disabled
Vulnerability Retbleed:             Not affected
Vulnerability Spec rstack overflow: Not affected
Vulnerability Spec store bypass:    Mitigation; Speculative Store Bypass disabled via prctl
Vulnerability Spectre v1:           Mitigation; usercopy/swapgs barriers and __user pointer sanitization
Vulnerability Spectre v2:           Mitigation; Enhanced / Automatic IBRS, IBPB conditional, RSB filling, PBRSB-eIBRS SW sequence
Vulnerability Srbds:                Not affected
Vulnerability Tsx async abort:      Not affected
Sun Apr 20 17:45:44 2025       
+---------------------------------------------------------------------------------------+
| NVIDIA-SMI 545.23.08              Driver Version: 545.23.08    CUDA Version: 12.3     |
|-----------------------------------------+----------------------+----------------------+
| GPU  Name                 Persistence-M | Bus-Id        Disp.A | Volatile Uncorr. ECC |
| Fan  Temp   Perf          Pwr:Usage/Cap |         Memory-Usage | GPU-Util  Compute M. |
|                                         |                      |               MIG M. |
|=========================================+======================+======================|
|   0  NVIDIA L40                     On  | 00000000:CE:00.0 Off |                    0 |
| N/A   35C    P0              37W / 300W |      4MiB / 46068MiB |      0%      Default |
|                                         |                      |                  N/A |
+-----------------------------------------+----------------------+----------------------+
|   1  NVIDIA L40                     On  | 00000000:D1:00.0 Off |                    0 |
| N/A   37C    P0              37W / 300W |      4MiB / 46068MiB |      0%      Default |
|                                         |                      |                  N/A |
+-----------------------------------------+----------------------+----------------------+
                                                                                         
+---------------------------------------------------------------------------------------+
| Processes:                                                                            |
|  GPU   GI   CI        PID   Type   Process name                            GPU Memory |
|        ID   ID                                                             Usage      |
|=======================================================================================|
|  No running processes found                                                           |
+---------------------------------------------------------------------------------------+
/home/akula.ha/.conda/envs/refseg/lib/python3.10/site-packages/torch/distributed/launch.py:181: FutureWarning: The module torch.distributed.launch is deprecated
and will be removed in future. Use torchrun.
Note that --use-env is set by default in torchrun.
If your script expects `--local-rank` argument to be set, please
change it to read from `os.environ['LOCAL_RANK']` instead. See 
https://pytorch.org/docs/stable/distributed.html#launch-utility for 
further instructions

  warnings.warn(
[2025-04-20 17:45:47,437] torch.distributed.run: [WARNING] 
[2025-04-20 17:45:47,437] torch.distributed.run: [WARNING] *****************************************
[2025-04-20 17:45:47,437] torch.distributed.run: [WARNING] Setting OMP_NUM_THREADS environment variable for each process to be 1 in default, to avoid your system being overloaded, please further tune the variable for optimal performance in your application as needed. 
[2025-04-20 17:45:47,437] torch.distributed.run: [WARNING] *****************************************
| distributed init (rank 1): env://
| distributed init (rank 0): env://
Namespace(batch_size=14, epochs=50, model='ReMamber_Conv_PEFT', pretrain_path='./pretrain', input_size=480, drop=0.0, drop_path=0.1, model_ema=False, model_ema_decay=0.9999, model_ema_force_cpu=False, opt='adamw', opt_eps=1e-08, opt_betas=None, clip_grad=None, momentum=0.9, weight_decay=0.0001, sched='cosine', lr=3.3e-05, lr_decoder=3.3e-05, lr_backbone=1.65e-05, lr_vssm=1.65e-05, warmup_lr=1e-06, min_lr=3e-07, decay_epochs=13.0, warmup_epochs=2, cooldown_epochs=10, patience_epochs=10, decay_rate=0.1, train_mode=True, finetune='pretrain/ReMamber_Conv.pth', data_path='./ref_dataset/data', data_set='refzom', output_dir='./l_outputs', device='cuda', seed=0, resume='l_outputs/ReMamber_Conv_PEFT_dadapter/checkpoint_model:e260be6e.pth', start_epoch=0, eval=False, dist_eval=False, num_workers=8, pin_mem=True, distributed=True, world_size=2, dist_url='env://', if_amp=True, debug_mode=False, local_rank=0, model_title='model', logging='model', decoder_adapter=True, continue_lr=None, partial_freeze=False, single_epoch=True, rank=0, gpu=0, dist_backend='nccl')
True val
./ref_dataset/data refzom zom
loading dataset refzom into memory...
creating index...
index created.
DONE (t=14.72s)
Preparing dataset ......
False val
./ref_dataset/data refzom zom
loading dataset refzom into memory...
creating index...
index created.
DONE (t=14.60s)
Preparing dataset ......
length of train set: 57624
length of val set: 15406
/home/akula.ha/.conda/envs/refseg/lib/python3.10/site-packages/torch/utils/data/dataloader.py:557: UserWarning: This DataLoader will create 8 worker processes in total. Our suggested max number of worker in current system is 1, which is smaller than what this DataLoader is going to create. Please be aware that excessive worker creation might get DataLoader running slow or even freeze, lower the worker number to avoid potential slowness/freeze if necessary.
  warnings.warn(_create_warning_msg(
/home/akula.ha/.conda/envs/refseg/lib/python3.10/site-packages/torch/utils/data/dataloader.py:557: UserWarning: This DataLoader will create 8 worker processes in total. Our suggested max number of worker in current system is 1, which is smaller than what this DataLoader is going to create. Please be aware that excessive worker creation might get DataLoader running slow or even freeze, lower the worker number to avoid potential slowness/freeze if necessary.
  warnings.warn(_create_warning_msg(
Creating model: ReMamber_Conv_PEFT
kwargs {'use_adapters': True}
Finetuning half decoder with adapters
True
number of params: 16548707
Loaded checkpoint from 'l_outputs/ReMamber_Conv_PEFT_dadapter/checkpoint_model:e260be6e.pth'
Continuing training from epoch 2...
Model id is - model:b81199bf
length of train set: 57624
length of val set: 5000
Start training for 50 epochs
Learning rate: 3.3e-05
/home/akula.ha/.conda/envs/refseg/lib/python3.10/site-packages/torch/autograd/__init__.py:251: UserWarning: Grad strides do not match bucket view strides. This may indicate grad was not created according to the gradient layout contract, or that the param's strides changed since DDP was constructed.  This is not an error, but may impair performance.
grad.sizes() = [512, 192, 1, 1], strides() = [192, 1, 192, 192]
bucket_view.sizes() = [512, 192, 1, 1], strides() = [192, 1, 1, 1] (Triggered internally at ../torch/csrc/distributed/c10d/reducer.cpp:320.)
  Variable._execution_engine.run_backward(  # Calls into the C++ engine to run the backward pass
/home/akula.ha/.conda/envs/refseg/lib/python3.10/site-packages/torch/autograd/__init__.py:251: UserWarning: Grad strides do not match bucket view strides. This may indicate grad was not created according to the gradient layout contract, or that the param's strides changed since DDP was constructed.  This is not an error, but may impair performance.
grad.sizes() = [512, 192, 1, 1], strides() = [192, 1, 192, 192]
bucket_view.sizes() = [512, 192, 1, 1], strides() = [192, 1, 1, 1] (Triggered internally at ../torch/csrc/distributed/c10d/reducer.cpp:320.)
  Variable._execution_engine.run_backward(  # Calls into the C++ engine to run the backward pass
Epoch: [2]  [   0/2058]  eta: 18:26:16  lr: 0.000033  train_loss: 0.5204 (0.5204)  train_iou: 0.5735 (0.5735)  time: 32.2531  data: 9.8090  max mem: 39728
Epoch: [2]  [  20/2058]  eta: 1:34:10  lr: 0.000033  train_loss: 0.5487 (0.5647)  train_iou: 0.5571 (0.5568)  time: 1.2988  data: 0.0070  max mem: 39728
Epoch: [2]  [  40/2058]  eta: 1:08:52  lr: 0.000033  train_loss: 0.5332 (0.5590)  train_iou: 0.5574 (0.5556)  time: 1.2867  data: 0.0083  max mem: 39728
Epoch: [2]  [  60/2058]  eta: 1:00:01  lr: 0.000033  train_loss: 0.5126 (0.5456)  train_iou: 0.5898 (0.5604)  time: 1.3003  data: 0.0052  max mem: 39728
Epoch: [2]  [  80/2058]  eta: 0:55:23  lr: 0.000033  train_loss: 0.5521 (0.5442)  train_iou: 0.5333 (0.5611)  time: 1.3057  data: 0.0082  max mem: 39728
Epoch: [2]  [ 100/2058]  eta: 0:52:19  lr: 0.000033  train_loss: 0.5078 (0.5407)  train_iou: 0.5847 (0.5651)  time: 1.2940  data: 0.0084  max mem: 39728
Epoch: [2]  [ 120/2058]  eta: 0:50:06  lr: 0.000033  train_loss: 0.5652 (0.5422)  train_iou: 0.5593 (0.5647)  time: 1.2884  data: 0.0075  max mem: 39728
Epoch: [2]  [ 140/2058]  eta: 0:48:24  lr: 0.000033  train_loss: 0.5562 (0.5464)  train_iou: 0.5277 (0.5617)  time: 1.2890  data: 0.0087  max mem: 39728
Epoch: [2]  [ 160/2058]  eta: 0:47:01  lr: 0.000033  train_loss: 0.5634 (0.5461)  train_iou: 0.5223 (0.5601)  time: 1.2914  data: 0.0061  max mem: 39728
Epoch: [2]  [ 180/2058]  eta: 0:45:52  lr: 0.000033  train_loss: 0.5259 (0.5454)  train_iou: 0.5633 (0.5614)  time: 1.2952  data: 0.0083  max mem: 39728
Epoch: [2]  [ 200/2058]  eta: 0:44:49  lr: 0.000033  train_loss: 0.5001 (0.5430)  train_iou: 0.5677 (0.5626)  time: 1.2847  data: 0.0073  max mem: 39728
Epoch: [2]  [ 220/2058]  eta: 0:43:54  lr: 0.000033  train_loss: 0.4523 (0.5387)  train_iou: 0.5927 (0.5647)  time: 1.2894  data: 0.0092  max mem: 39728
Epoch: [2]  [ 240/2058]  eta: 0:43:03  lr: 0.000033  train_loss: 0.5612 (0.5416)  train_iou: 0.5351 (0.5656)  time: 1.2852  data: 0.0069  max mem: 39728
Epoch: [2]  [ 260/2058]  eta: 0:42:16  lr: 0.000033  train_loss: 0.5167 (0.5431)  train_iou: 0.5540 (0.5633)  time: 1.2862  data: 0.0098  max mem: 39728
Epoch: [2]  [ 280/2058]  eta: 0:41:32  lr: 0.000033  train_loss: 0.5125 (0.5406)  train_iou: 0.5795 (0.5649)  time: 1.2892  data: 0.0046  max mem: 39728
Epoch: [2]  [ 300/2058]  eta: 0:40:50  lr: 0.000033  train_loss: 0.5196 (0.5407)  train_iou: 0.5620 (0.5657)  time: 1.2842  data: 0.0056  max mem: 39728
Epoch: [2]  [ 320/2058]  eta: 0:40:11  lr: 0.000033  train_loss: 0.4871 (0.5383)  train_iou: 0.5990 (0.5674)  time: 1.2915  data: 0.0122  max mem: 39728
Epoch: [2]  [ 340/2058]  eta: 0:39:33  lr: 0.000033  train_loss: 0.5214 (0.5373)  train_iou: 0.5774 (0.5688)  time: 1.2855  data: 0.0065  max mem: 39728
Epoch: [2]  [ 360/2058]  eta: 0:38:57  lr: 0.000033  train_loss: 0.5403 (0.5361)  train_iou: 0.5682 (0.5695)  time: 1.2900  data: 0.0042  max mem: 39728
Epoch: [2]  [ 380/2058]  eta: 0:38:21  lr: 0.000033  train_loss: 0.4788 (0.5339)  train_iou: 0.5961 (0.5710)  time: 1.2824  data: 0.0076  max mem: 39728
Epoch: [2]  [ 400/2058]  eta: 0:37:47  lr: 0.000033  train_loss: 0.5152 (0.5326)  train_iou: 0.5819 (0.5717)  time: 1.2848  data: 0.0056  max mem: 39728
Epoch: [2]  [ 420/2058]  eta: 0:37:12  lr: 0.000033  train_loss: 0.5005 (0.5317)  train_iou: 0.5811 (0.5719)  time: 1.2744  data: 0.0070  max mem: 39728
Epoch: [2]  [ 440/2058]  eta: 0:36:38  lr: 0.000033  train_loss: 0.5188 (0.5328)  train_iou: 0.5312 (0.5711)  time: 1.2777  data: 0.0053  max mem: 39728
slurmstepd: error: *** JOB 133591 ON d3230 CANCELLED AT 2025-04-20T17:56:46 ***
