Architecture:                       x86_64
CPU op-mode(s):                     32-bit, 64-bit
Address sizes:                      52 bits physical, 57 bits virtual
Byte Order:                         Little Endian
CPU(s):                             36
On-line CPU(s) list:                0-35
Vendor ID:                          GenuineIntel
Model name:                         Intel(R) Xeon(R) Gold 6354 CPU @ 3.00GHz
CPU family:                         6
Model:                              106
Thread(s) per core:                 1
Core(s) per socket:                 18
Socket(s):                          2
Stepping:                           6
CPU max MHz:                        3600.0000
CPU min MHz:                        800.0000
BogoMIPS:                           6000.00
Flags:                              fpu vme de pse tsc msr pae mce cx8 apic sep mtrr pge mca cmov pat pse36 clflush dts acpi mmx fxsr sse sse2 ss ht tm pbe syscall nx pdpe1gb rdtscp lm constant_tsc art arch_perfmon pebs bts rep_good nopl xtopology nonstop_tsc cpuid aperfmperf pni pclmulqdq dtes64 monitor ds_cpl vmx smx est tm2 ssse3 sdbg fma cx16 xtpr pdcm pcid dca sse4_1 sse4_2 x2apic movbe popcnt tsc_deadline_timer aes xsave avx f16c rdrand lahf_lm abm 3dnowprefetch cpuid_fault epb cat_l3 invpcid_single ssbd mba ibrs ibpb stibp ibrs_enhanced tpr_shadow flexpriority ept vpid ept_ad fsgsbase tsc_adjust bmi1 avx2 smep bmi2 erms invpcid cqm rdt_a avx512f avx512dq rdseed adx smap avx512ifma clflushopt clwb intel_pt avx512cd sha_ni avx512bw avx512vl xsaveopt xsavec xgetbv1 xsaves cqm_llc cqm_occup_llc cqm_mbm_total cqm_mbm_local split_lock_detect wbnoinvd dtherm ida arat pln pts vnmi avx512vbmi umip pku ospke avx512_vbmi2 gfni vaes vpclmulqdq avx512_vnni avx512_bitalg tme avx512_vpopcntdq la57 rdpid fsrm md_clear pconfig flush_l1d arch_capabilities
Virtualization:                     VT-x
L1d cache:                          1.7 MiB (36 instances)
L1i cache:                          1.1 MiB (36 instances)
L2 cache:                           45 MiB (36 instances)
L3 cache:                           78 MiB (2 instances)
NUMA node(s):                       2
NUMA node0 CPU(s):                  0-17
NUMA node1 CPU(s):                  18-35
Vulnerability Gather data sampling: Mitigation; Microcode
Vulnerability Itlb multihit:        Not affected
Vulnerability L1tf:                 Not affected
Vulnerability Mds:                  Not affected
Vulnerability Meltdown:             Not affected
Vulnerability Mmio stale data:      Mitigation; Clear CPU buffers; SMT disabled
Vulnerability Retbleed:             Not affected
Vulnerability Spec rstack overflow: Not affected
Vulnerability Spec store bypass:    Mitigation; Speculative Store Bypass disabled via prctl
Vulnerability Spectre v1:           Mitigation; usercopy/swapgs barriers and __user pointer sanitization
Vulnerability Spectre v2:           Mitigation; Enhanced / Automatic IBRS, IBPB conditional, RSB filling, PBRSB-eIBRS SW sequence
Vulnerability Srbds:                Not affected
Vulnerability Tsx async abort:      Not affected
Mon Apr 21 14:27:03 2025       
+---------------------------------------------------------------------------------------+
| NVIDIA-SMI 545.23.08              Driver Version: 545.23.08    CUDA Version: 12.3     |
|-----------------------------------------+----------------------+----------------------+
| GPU  Name                 Persistence-M | Bus-Id        Disp.A | Volatile Uncorr. ECC |
| Fan  Temp   Perf          Pwr:Usage/Cap |         Memory-Usage | GPU-Util  Compute M. |
|                                         |                      |               MIG M. |
|=========================================+======================+======================|
|   0  NVIDIA L40                     On  | 00000000:56:00.0 Off |                    0 |
| N/A   35C    P8              38W / 300W |      4MiB / 46068MiB |      0%      Default |
|                                         |                      |                  N/A |
+-----------------------------------------+----------------------+----------------------+
|   1  NVIDIA L40                     On  | 00000000:57:00.0 Off |                    0 |
| N/A   36C    P8              40W / 300W |      4MiB / 46068MiB |      0%      Default |
|                                         |                      |                  N/A |
+-----------------------------------------+----------------------+----------------------+
                                                                                         
+---------------------------------------------------------------------------------------+
| Processes:                                                                            |
|  GPU   GI   CI        PID   Type   Process name                            GPU Memory |
|        ID   ID                                                             Usage      |
|=======================================================================================|
|  No running processes found                                                           |
+---------------------------------------------------------------------------------------+
/home/akula.ha/.conda/envs/refseg/lib/python3.10/site-packages/torch/distributed/launch.py:181: FutureWarning: The module torch.distributed.launch is deprecated
and will be removed in future. Use torchrun.
Note that --use-env is set by default in torchrun.
If your script expects `--local-rank` argument to be set, please
change it to read from `os.environ['LOCAL_RANK']` instead. See 
https://pytorch.org/docs/stable/distributed.html#launch-utility for 
further instructions

  warnings.warn(
[2025-04-21 14:27:05,364] torch.distributed.run: [WARNING] 
[2025-04-21 14:27:05,364] torch.distributed.run: [WARNING] *****************************************
[2025-04-21 14:27:05,364] torch.distributed.run: [WARNING] Setting OMP_NUM_THREADS environment variable for each process to be 1 in default, to avoid your system being overloaded, please further tune the variable for optimal performance in your application as needed. 
[2025-04-21 14:27:05,364] torch.distributed.run: [WARNING] *****************************************
| distributed init (rank 0): env://
| distributed init (rank 1): env://
Namespace(batch_size=14, epochs=50, model='ReMamber_Conv_PEFT', pretrain_path='./pretrain', input_size=480, drop=0.0, drop_path=0.1, model_ema=False, model_ema_decay=0.9999, model_ema_force_cpu=False, opt='adamw', opt_eps=1e-08, opt_betas=None, clip_grad=None, momentum=0.9, weight_decay=0.0001, sched='cosine', lr=1.86e-05, lr_decoder=1.86e-05, lr_backbone=9.38e-06, lr_vssm=9.38e-06, warmup_lr=1e-06, min_lr=3e-07, decay_epochs=13.0, warmup_epochs=2, cooldown_epochs=10, patience_epochs=10, decay_rate=0.1, train_mode=True, finetune='pretrain/ReMamber_Conv.pth', data_path='./ref_dataset/data', data_set='refzom', output_dir='./l_outputs', device='cuda', seed=0, resume='l_outputs/ReMamber_Conv_PEFT_dadapter/checkpoint_model:71ce0db5.pth', start_epoch=0, eval=False, dist_eval=False, num_workers=8, pin_mem=True, distributed=True, world_size=2, dist_url='env://', if_amp=True, debug_mode=False, local_rank=0, model_title='model', logging='model', decoder_adapter=True, continue_lr=None, partial_freeze=False, single_epoch=True, lite_baseline=False, dec_only=False, rank=0, gpu=0, dist_backend='nccl')
True val
./ref_dataset/data refzom zom
loading dataset refzom into memory...
creating index...
index created.
DONE (t=15.17s)
Preparing dataset ......
False val
./ref_dataset/data refzom zom
loading dataset refzom into memory...
creating index...
index created.
DONE (t=15.20s)
Preparing dataset ......
length of train set: 57624
length of val set: 15406
/home/akula.ha/.conda/envs/refseg/lib/python3.10/site-packages/torch/utils/data/dataloader.py:557: UserWarning: This DataLoader will create 8 worker processes in total. Our suggested max number of worker in current system is 1, which is smaller than what this DataLoader is going to create. Please be aware that excessive worker creation might get DataLoader running slow or even freeze, lower the worker number to avoid potential slowness/freeze if necessary.
  warnings.warn(_create_warning_msg(
Creating model: ReMamber_Conv_PEFT
/home/akula.ha/.conda/envs/refseg/lib/python3.10/site-packages/torch/utils/data/dataloader.py:557: UserWarning: This DataLoader will create 8 worker processes in total. Our suggested max number of worker in current system is 1, which is smaller than what this DataLoader is going to create. Please be aware that excessive worker creation might get DataLoader running slow or even freeze, lower the worker number to avoid potential slowness/freeze if necessary.
  warnings.warn(_create_warning_msg(
kwargs {'use_adapters': True}
Finetuning half decoder with adapters
True
number of params: 16548707
Loaded checkpoint from 'l_outputs/ReMamber_Conv_PEFT_dadapter/checkpoint_model:71ce0db5.pth'
Continuing training from epoch 12...
Model id is - model:94983239
length of train set: 50000
length of val set: 3800
Start training for 50 epochs
Learning rate: 1.86e-05
{'optimizer': AdamW (
Parameter Group 0
    amsgrad: False
    betas: (0.9, 0.999)
    capturable: False
    differentiable: False
    eps: 1e-08
    foreach: None
    fused: None
    initial_lr: 3.3e-05
    lr: 2.9247891519384158e-05
    maximize: False
    weight_decay: 0.0001

Parameter Group 1
    amsgrad: False
    betas: (0.9, 0.999)
    capturable: False
    differentiable: False
    eps: 1e-08
    foreach: None
    fused: None
    initial_lr: 3.3e-05
    lr: 2.9247891519384158e-05
    maximize: False
    weight_decay: 0.0001

Parameter Group 2
    amsgrad: False
    betas: (0.9, 0.999)
    capturable: False
    differentiable: False
    eps: 1e-08
    foreach: None
    fused: None
    initial_lr: 1.65e-05
    lr: 1.4641157266483894e-05
    maximize: False
    weight_decay: 0.0001

Parameter Group 3
    amsgrad: False
    betas: (0.9, 0.999)
    capturable: False
    differentiable: False
    eps: 1e-08
    foreach: None
    fused: None
    initial_lr: 1.65e-05
    lr: 1.4641157266483894e-05
    maximize: False
    weight_decay: 0.0001
), 'param_group_field': 'lr', '_initial_param_group_field': 'initial_lr', 'base_values': [1.86e-05, 1.86e-05, 9.38e-06, 9.38e-06], 'metric': None, 'noise_range_t': None, 'noise_pct': 0.67, 'noise_type': 'normal', 'noise_std': 1.0, 'noise_seed': 0, 't_initial': 50, 't_mul': 1.0, 'lr_min': 3e-07, 'decay_rate': 0.1, 'cycle_limit': 1, 'warmup_t': 2, 'warmup_lr_init': 1e-06, 'warmup_prefix': False, 't_in_epochs': True, 'warmup_steps': [8.8e-06, 8.8e-06, 4.19e-06, 4.19e-06]}
/home/akula.ha/.conda/envs/refseg/lib/python3.10/site-packages/torch/autograd/__init__.py:251: UserWarning: Grad strides do not match bucket view strides. This may indicate grad was not created according to the gradient layout contract, or that the param's strides changed since DDP was constructed.  This is not an error, but may impair performance.
grad.sizes() = [512, 192, 1, 1], strides() = [192, 1, 192, 192]
bucket_view.sizes() = [512, 192, 1, 1], strides() = [192, 1, 1, 1] (Triggered internally at ../torch/csrc/distributed/c10d/reducer.cpp:320.)
  Variable._execution_engine.run_backward(  # Calls into the C++ engine to run the backward pass
/home/akula.ha/.conda/envs/refseg/lib/python3.10/site-packages/torch/autograd/__init__.py:251: UserWarning: Grad strides do not match bucket view strides. This may indicate grad was not created according to the gradient layout contract, or that the param's strides changed since DDP was constructed.  This is not an error, but may impair performance.
grad.sizes() = [512, 192, 1, 1], strides() = [192, 1, 192, 192]
bucket_view.sizes() = [512, 192, 1, 1], strides() = [192, 1, 1, 1] (Triggered internally at ../torch/csrc/distributed/c10d/reducer.cpp:320.)
  Variable._execution_engine.run_backward(  # Calls into the C++ engine to run the backward pass
Epoch: [12]  [   0/1786]  eta: 16:40:48  lr: 0.000029  train_loss: 0.2801 (0.2801)  train_iou: 0.6672 (0.6672)  time: 33.6215  data: 13.0893  max mem: 39732
Epoch: [12]  [  20/1786]  eta: 1:25:10  lr: 0.000029  train_loss: 0.1704 (0.1852)  train_iou: 0.6812 (0.6684)  time: 1.3573  data: 0.0154  max mem: 39732
Epoch: [12]  [  40/1786]  eta: 1:02:21  lr: 0.000029  train_loss: 0.1055 (0.1819)  train_iou: 0.6284 (0.6577)  time: 1.3541  data: 0.0082  max mem: 39732
Epoch: [12]  [  60/1786]  eta: 0:54:13  lr: 0.000029  train_loss: 0.1389 (0.1861)  train_iou: 0.6825 (0.6673)  time: 1.3567  data: 0.0100  max mem: 39732
Epoch: [12]  [  80/1786]  eta: 0:49:53  lr: 0.000029  train_loss: 0.1039 (0.1771)  train_iou: 0.7421 (0.6752)  time: 1.3570  data: 0.0084  max mem: 39732
Epoch: [12]  [ 100/1786]  eta: 0:47:05  lr: 0.000029  train_loss: 0.2139 (0.1854)  train_iou: 0.6416 (0.6673)  time: 1.3569  data: 0.0059  max mem: 39732
Epoch: [12]  [ 120/1786]  eta: 0:45:02  lr: 0.000029  train_loss: 0.1236 (0.1834)  train_iou: 0.6948 (0.6689)  time: 1.3501  data: 0.0097  max mem: 39732
Epoch: [12]  [ 140/1786]  eta: 0:43:27  lr: 0.000029  train_loss: 0.1717 (0.1881)  train_iou: 0.6678 (0.6677)  time: 1.3540  data: 0.0106  max mem: 39732
Epoch: [12]  [ 160/1786]  eta: 0:42:09  lr: 0.000029  train_loss: 0.1654 (0.1857)  train_iou: 0.6884 (0.6706)  time: 1.3565  data: 0.0099  max mem: 39732
Epoch: [12]  [ 180/1786]  eta: 0:41:01  lr: 0.000029  train_loss: 0.1627 (0.1865)  train_iou: 0.6899 (0.6716)  time: 1.3485  data: 0.0078  max mem: 39732
Epoch: [12]  [ 200/1786]  eta: 0:40:01  lr: 0.000029  train_loss: 0.1101 (0.1814)  train_iou: 0.6599 (0.6722)  time: 1.3451  data: 0.0131  max mem: 39732
Epoch: [12]  [ 220/1786]  eta: 0:39:06  lr: 0.000029  train_loss: 0.1575 (0.1829)  train_iou: 0.6611 (0.6724)  time: 1.3424  data: 0.0088  max mem: 39732
Epoch: [12]  [ 240/1786]  eta: 0:38:18  lr: 0.000029  train_loss: 0.1329 (0.1824)  train_iou: 0.6597 (0.6698)  time: 1.3520  data: 0.0072  max mem: 39732
Epoch: [12]  [ 260/1786]  eta: 0:37:32  lr: 0.000029  train_loss: 0.1739 (0.1838)  train_iou: 0.6160 (0.6679)  time: 1.3475  data: 0.0127  max mem: 39732
Epoch: [12]  [ 280/1786]  eta: 0:36:48  lr: 0.000029  train_loss: 0.1460 (0.1823)  train_iou: 0.6960 (0.6691)  time: 1.3484  data: 0.0060  max mem: 39732
Epoch: [12]  [ 300/1786]  eta: 0:36:07  lr: 0.000029  train_loss: 0.1265 (0.1811)  train_iou: 0.6561 (0.6694)  time: 1.3458  data: 0.0059  max mem: 39732
Epoch: [12]  [ 320/1786]  eta: 0:35:28  lr: 0.000029  train_loss: 0.1447 (0.1800)  train_iou: 0.7050 (0.6709)  time: 1.3544  data: 0.0098  max mem: 39732
Epoch: [12]  [ 340/1786]  eta: 0:34:50  lr: 0.000029  train_loss: 0.1486 (0.1788)  train_iou: 0.6432 (0.6702)  time: 1.3441  data: 0.0084  max mem: 39732
Epoch: [12]  [ 360/1786]  eta: 0:34:14  lr: 0.000029  train_loss: 0.1823 (0.1798)  train_iou: 0.6717 (0.6706)  time: 1.3576  data: 0.0097  max mem: 39732
Epoch: [12]  [ 380/1786]  eta: 0:33:39  lr: 0.000029  train_loss: 0.1496 (0.1802)  train_iou: 0.6773 (0.6711)  time: 1.3498  data: 0.0085  max mem: 39732
Epoch: [12]  [ 400/1786]  eta: 0:33:04  lr: 0.000029  train_loss: 0.1467 (0.1792)  train_iou: 0.6486 (0.6716)  time: 1.3475  data: 0.0062  max mem: 39732
Epoch: [12]  [ 420/1786]  eta: 0:32:30  lr: 0.000029  train_loss: 0.1056 (0.1772)  train_iou: 0.6887 (0.6712)  time: 1.3426  data: 0.0085  max mem: 39732
Epoch: [12]  [ 440/1786]  eta: 0:31:56  lr: 0.000029  train_loss: 0.1809 (0.1792)  train_iou: 0.6485 (0.6717)  time: 1.3495  data: 0.0087  max mem: 39732
Epoch: [12]  [ 460/1786]  eta: 0:31:24  lr: 0.000029  train_loss: 0.1437 (0.1800)  train_iou: 0.6773 (0.6714)  time: 1.3516  data: 0.0091  max mem: 39732
Epoch: [12]  [ 480/1786]  eta: 0:30:52  lr: 0.000029  train_loss: 0.1417 (0.1799)  train_iou: 0.6789 (0.6718)  time: 1.3572  data: 0.0065  max mem: 39732
Epoch: [12]  [ 500/1786]  eta: 0:30:20  lr: 0.000029  train_loss: 0.1210 (0.1790)  train_iou: 0.6851 (0.6725)  time: 1.3472  data: 0.0112  max mem: 39732
Epoch: [12]  [ 520/1786]  eta: 0:29:48  lr: 0.000029  train_loss: 0.1537 (0.1791)  train_iou: 0.6847 (0.6725)  time: 1.3447  data: 0.0090  max mem: 39732
Epoch: [12]  [ 540/1786]  eta: 0:29:17  lr: 0.000029  train_loss: 0.1377 (0.1791)  train_iou: 0.6673 (0.6717)  time: 1.3475  data: 0.0111  max mem: 39732
Epoch: [12]  [ 560/1786]  eta: 0:28:45  lr: 0.000029  train_loss: 0.1619 (0.1785)  train_iou: 0.6678 (0.6715)  time: 1.3395  data: 0.0066  max mem: 39732
Epoch: [12]  [ 580/1786]  eta: 0:28:15  lr: 0.000029  train_loss: 0.1356 (0.1779)  train_iou: 0.6732 (0.6714)  time: 1.3470  data: 0.0118  max mem: 39732
Epoch: [12]  [ 600/1786]  eta: 0:27:44  lr: 0.000029  train_loss: 0.1492 (0.1776)  train_iou: 0.6894 (0.6716)  time: 1.3523  data: 0.0064  max mem: 39732
Epoch: [12]  [ 620/1786]  eta: 0:27:14  lr: 0.000029  train_loss: 0.1749 (0.1779)  train_iou: 0.7023 (0.6722)  time: 1.3503  data: 0.0077  max mem: 39732
Epoch: [12]  [ 640/1786]  eta: 0:26:44  lr: 0.000029  train_loss: 0.1340 (0.1775)  train_iou: 0.6695 (0.6714)  time: 1.3457  data: 0.0061  max mem: 39732
Epoch: [12]  [ 660/1786]  eta: 0:26:15  lr: 0.000029  train_loss: 0.1782 (0.1780)  train_iou: 0.6316 (0.6704)  time: 1.3506  data: 0.0056  max mem: 39732
Epoch: [12]  [ 680/1786]  eta: 0:25:45  lr: 0.000029  train_loss: 0.1577 (0.1777)  train_iou: 0.6831 (0.6710)  time: 1.3462  data: 0.0079  max mem: 39732
Epoch: [12]  [ 700/1786]  eta: 0:25:16  lr: 0.000029  train_loss: 0.1708 (0.1777)  train_iou: 0.7059 (0.6719)  time: 1.3540  data: 0.0065  max mem: 39732
Epoch: [12]  [ 720/1786]  eta: 0:24:46  lr: 0.000029  train_loss: 0.1541 (0.1779)  train_iou: 0.6546 (0.6718)  time: 1.3457  data: 0.0063  max mem: 39732
Epoch: [12]  [ 740/1786]  eta: 0:24:17  lr: 0.000029  train_loss: 0.1770 (0.1778)  train_iou: 0.6236 (0.6717)  time: 1.3402  data: 0.0069  max mem: 39732
Epoch: [12]  [ 760/1786]  eta: 0:23:48  lr: 0.000029  train_loss: 0.1668 (0.1780)  train_iou: 0.6944 (0.6720)  time: 1.3467  data: 0.0078  max mem: 39732
Epoch: [12]  [ 780/1786]  eta: 0:23:19  lr: 0.000029  train_loss: 0.1144 (0.1771)  train_iou: 0.6808 (0.6722)  time: 1.3465  data: 0.0095  max mem: 39732
slurmstepd: error: *** JOB 134140 ON d3230 CANCELLED AT 2025-04-21T14:46:21 ***
