Architecture:                       x86_64
CPU op-mode(s):                     32-bit, 64-bit
Address sizes:                      46 bits physical, 57 bits virtual
Byte Order:                         Little Endian
CPU(s):                             96
On-line CPU(s) list:                0-95
Vendor ID:                          GenuineIntel
Model name:                         Intel(R) Xeon(R) Gold 6442Y
CPU family:                         6
Model:                              143
Thread(s) per core:                 2
Core(s) per socket:                 24
Socket(s):                          2
Stepping:                           8
BogoMIPS:                           5200.00
Flags:                              fpu vme de pse tsc msr pae mce cx8 apic sep mtrr pge mca cmov pat pse36 clflush dts acpi mmx fxsr sse sse2 ss ht tm pbe syscall nx pdpe1gb rdtscp lm constant_tsc art arch_perfmon pebs bts rep_good nopl xtopology nonstop_tsc cpuid aperfmperf tsc_known_freq pni pclmulqdq dtes64 monitor ds_cpl vmx smx est tm2 ssse3 sdbg fma cx16 xtpr pdcm pcid dca sse4_1 sse4_2 x2apic movbe popcnt tsc_deadline_timer aes xsave avx f16c rdrand lahf_lm abm 3dnowprefetch cpuid_fault epb cat_l3 cat_l2 cdp_l3 invpcid_single cdp_l2 ssbd mba ibrs ibpb stibp ibrs_enhanced tpr_shadow flexpriority ept vpid ept_ad fsgsbase tsc_adjust bmi1 avx2 smep bmi2 erms invpcid cqm rdt_a avx512f avx512dq rdseed adx smap avx512ifma clflushopt clwb intel_pt avx512cd sha_ni avx512bw avx512vl xsaveopt xsavec xgetbv1 xsaves cqm_llc cqm_occup_llc cqm_mbm_total cqm_mbm_local split_lock_detect avx_vnni avx512_bf16 wbnoinvd dtherm ida arat pln pts hfi vnmi avx512vbmi umip pku ospke waitpkg avx512_vbmi2 gfni vaes vpclmulqdq avx512_vnni avx512_bitalg tme avx512_vpopcntdq la57 rdpid bus_lock_detect cldemote movdiri movdir64b enqcmd fsrm md_clear serialize tsxldtrk pconfig arch_lbr ibt amx_bf16 avx512_fp16 amx_tile amx_int8 flush_l1d arch_capabilities
Virtualization:                     VT-x
L1d cache:                          2.3 MiB (48 instances)
L1i cache:                          1.5 MiB (48 instances)
L2 cache:                           96 MiB (48 instances)
L3 cache:                           120 MiB (2 instances)
NUMA node(s):                       2
NUMA node0 CPU(s):                  0,2,4,6,8,10,12,14,16,18,20,22,24,26,28,30,32,34,36,38,40,42,44,46,48,50,52,54,56,58,60,62,64,66,68,70,72,74,76,78,80,82,84,86,88,90,92,94
NUMA node1 CPU(s):                  1,3,5,7,9,11,13,15,17,19,21,23,25,27,29,31,33,35,37,39,41,43,45,47,49,51,53,55,57,59,61,63,65,67,69,71,73,75,77,79,81,83,85,87,89,91,93,95
Vulnerability Gather data sampling: Not affected
Vulnerability Itlb multihit:        Not affected
Vulnerability L1tf:                 Not affected
Vulnerability Mds:                  Not affected
Vulnerability Meltdown:             Not affected
Vulnerability Mmio stale data:      Not affected
Vulnerability Retbleed:             Not affected
Vulnerability Spec rstack overflow: Not affected
Vulnerability Spec store bypass:    Mitigation; Speculative Store Bypass disabled via prctl
Vulnerability Spectre v1:           Mitigation; usercopy/swapgs barriers and __user pointer sanitization
Vulnerability Spectre v2:           Mitigation; Enhanced / Automatic IBRS, IBPB conditional, RSB filling, PBRSB-eIBRS SW sequence
Vulnerability Srbds:                Not affected
Vulnerability Tsx async abort:      Not affected
Sun Apr 20 15:13:48 2025       
+---------------------------------------------------------------------------------------+
| NVIDIA-SMI 545.23.08              Driver Version: 545.23.08    CUDA Version: 12.3     |
|-----------------------------------------+----------------------+----------------------+
| GPU  Name                 Persistence-M | Bus-Id        Disp.A | Volatile Uncorr. ECC |
| Fan  Temp   Perf          Pwr:Usage/Cap |         Memory-Usage | GPU-Util  Compute M. |
|                                         |                      |               MIG M. |
|=========================================+======================+======================|
|   0  NVIDIA L40S                    On  | 00000000:CA:00.0 Off |                    0 |
| N/A   30C    P8              33W / 350W |      3MiB / 46068MiB |      0%      Default |
|                                         |                      |                  N/A |
+-----------------------------------------+----------------------+----------------------+
|   1  NVIDIA L40S                    On  | 00000000:E1:00.0 Off |                    0 |
| N/A   31C    P8              32W / 350W |      3MiB / 46068MiB |      0%      Default |
|                                         |                      |                  N/A |
+-----------------------------------------+----------------------+----------------------+
                                                                                         
+---------------------------------------------------------------------------------------+
| Processes:                                                                            |
|  GPU   GI   CI        PID   Type   Process name                            GPU Memory |
|        ID   ID                                                             Usage      |
|=======================================================================================|
|  No running processes found                                                           |
+---------------------------------------------------------------------------------------+
/home/akula.ha/.conda/envs/refseg/lib/python3.10/site-packages/torch/distributed/launch.py:181: FutureWarning: The module torch.distributed.launch is deprecated
and will be removed in future. Use torchrun.
Note that --use-env is set by default in torchrun.
If your script expects `--local-rank` argument to be set, please
change it to read from `os.environ['LOCAL_RANK']` instead. See 
https://pytorch.org/docs/stable/distributed.html#launch-utility for 
further instructions

  warnings.warn(
[2025-04-20 15:13:55,677] torch.distributed.run: [WARNING] 
[2025-04-20 15:13:55,677] torch.distributed.run: [WARNING] *****************************************
[2025-04-20 15:13:55,677] torch.distributed.run: [WARNING] Setting OMP_NUM_THREADS environment variable for each process to be 1 in default, to avoid your system being overloaded, please further tune the variable for optimal performance in your application as needed. 
[2025-04-20 15:13:55,677] torch.distributed.run: [WARNING] *****************************************
| distributed init (rank 0): env://
| distributed init (rank 1): env://
Namespace(batch_size=14, epochs=50, model='ReMamber_Conv_PEFT', pretrain_path='./pretrain', input_size=480, drop=0.0, drop_path=0.1, model_ema=False, model_ema_decay=0.9999, model_ema_force_cpu=False, opt='adamw', opt_eps=1e-08, opt_betas=None, clip_grad=None, momentum=0.9, weight_decay=0.0001, sched='cosine', lr=3.3e-05, lr_decoder=3.3e-05, lr_backbone=1.65e-05, lr_vssm=1.65e-05, warmup_lr=1e-06, min_lr=3e-07, decay_epochs=13.0, warmup_epochs=2, cooldown_epochs=10, patience_epochs=10, decay_rate=0.1, train_mode=True, finetune='pretrain/ReMamber_Conv.pth', data_path='./ref_dataset/data', data_set='refzom', output_dir='./l_outputs', device='cuda', seed=0, resume='', start_epoch=0, eval=False, dist_eval=False, num_workers=8, pin_mem=True, distributed=True, world_size=2, dist_url='env://', if_amp=True, debug_mode=False, local_rank=0, model_title='model', logging='model', decoder_adapter=True, continue_lr=None, partial_freeze=False, single_epoch=True, rank=0, gpu=0, dist_backend='nccl')
True val
./ref_dataset/data refzom zom
loading dataset refzom into memory...
creating index...
index created.
DONE (t=10.74s)
Preparing dataset ......
False val
./ref_dataset/data refzom zom
loading dataset refzom into memory...
creating index...
index created.
DONE (t=10.11s)
Preparing dataset ......
length of train set: 57624
length of val set: 15406
/home/akula.ha/.conda/envs/refseg/lib/python3.10/site-packages/torch/utils/data/dataloader.py:557: UserWarning: This DataLoader will create 8 worker processes in total. Our suggested max number of worker in current system is 2, which is smaller than what this DataLoader is going to create. Please be aware that excessive worker creation might get DataLoader running slow or even freeze, lower the worker number to avoid potential slowness/freeze if necessary.
  warnings.warn(_create_warning_msg(
/home/akula.ha/.conda/envs/refseg/lib/python3.10/site-packages/torch/utils/data/dataloader.py:557: UserWarning: This DataLoader will create 8 worker processes in total. Our suggested max number of worker in current system is 2, which is smaller than what this DataLoader is going to create. Please be aware that excessive worker creation might get DataLoader running slow or even freeze, lower the worker number to avoid potential slowness/freeze if necessary.
  warnings.warn(_create_warning_msg(
Creating model: ReMamber_Conv_PEFT
kwargs {'use_adapters': True}
Finetuning half decoder with adapters
True
number of params: 16548707
Model id is - model:48ec0bd6
length of train set: 57624
length of val set: 5000
Start training for 50 epochs
Learning rate: 3.3e-05
/home/akula.ha/.conda/envs/refseg/lib/python3.10/site-packages/torch/autograd/__init__.py:251: UserWarning: Grad strides do not match bucket view strides. This may indicate grad was not created according to the gradient layout contract, or that the param's strides changed since DDP was constructed.  This is not an error, but may impair performance.
grad.sizes() = [512, 192, 1, 1], strides() = [192, 1, 192, 192]
bucket_view.sizes() = [512, 192, 1, 1], strides() = [192, 1, 1, 1] (Triggered internally at ../torch/csrc/distributed/c10d/reducer.cpp:320.)
  Variable._execution_engine.run_backward(  # Calls into the C++ engine to run the backward pass
/home/akula.ha/.conda/envs/refseg/lib/python3.10/site-packages/torch/autograd/__init__.py:251: UserWarning: Grad strides do not match bucket view strides. This may indicate grad was not created according to the gradient layout contract, or that the param's strides changed since DDP was constructed.  This is not an error, but may impair performance.
grad.sizes() = [512, 192, 1, 1], strides() = [192, 1, 192, 192]
bucket_view.sizes() = [512, 192, 1, 1], strides() = [192, 1, 1, 1] (Triggered internally at ../torch/csrc/distributed/c10d/reducer.cpp:320.)
  Variable._execution_engine.run_backward(  # Calls into the C++ engine to run the backward pass
Epoch: [0]  [   0/2058]  eta: 12:44:27  lr: 0.000001  train_loss: 6.7965 (6.7965)  train_iou: 0.4638 (0.4638)  time: 22.2874  data: 10.0245  max mem: 39605
Epoch: [0]  [  20/2058]  eta: 1:04:13  lr: 0.000001  train_loss: 6.1045 (6.9397)  train_iou: 0.4365 (0.4325)  time: 0.8711  data: 0.0003  max mem: 39605
Epoch: [0]  [  40/2058]  eta: 0:46:52  lr: 0.000001  train_loss: 6.0036 (6.8293)  train_iou: 0.4222 (0.4259)  time: 0.8715  data: 0.0004  max mem: 39605
Epoch: [0]  [  60/2058]  eta: 0:40:42  lr: 0.000001  train_loss: 6.2048 (6.8164)  train_iou: 0.3671 (0.4187)  time: 0.8716  data: 0.0004  max mem: 39605
Epoch: [0]  [  80/2058]  eta: 0:37:28  lr: 0.000001  train_loss: 5.3286 (6.5588)  train_iou: 0.4363 (0.4211)  time: 0.8760  data: 0.0004  max mem: 39605
Epoch: [0]  [ 100/2058]  eta: 0:35:22  lr: 0.000001  train_loss: 4.9558 (6.2669)  train_iou: 0.3475 (0.4105)  time: 0.8707  data: 0.0004  max mem: 39605
Epoch: [0]  [ 120/2058]  eta: 0:33:52  lr: 0.000001  train_loss: 4.3495 (6.0254)  train_iou: 0.4090 (0.4077)  time: 0.8686  data: 0.0005  max mem: 39605
Epoch: [0]  [ 140/2058]  eta: 0:32:41  lr: 0.000001  train_loss: 3.2978 (5.7648)  train_iou: 0.3710 (0.4053)  time: 0.8677  data: 0.0004  max mem: 39605
Epoch: [0]  [ 160/2058]  eta: 0:31:45  lr: 0.000001  train_loss: 4.1718 (5.5621)  train_iou: 0.3436 (0.3993)  time: 0.8694  data: 0.0005  max mem: 39605
Epoch: [0]  [ 180/2058]  eta: 0:30:57  lr: 0.000001  train_loss: 3.2735 (5.3232)  train_iou: 0.3660 (0.3969)  time: 0.8691  data: 0.0004  max mem: 39605
Epoch: [0]  [ 200/2058]  eta: 0:30:16  lr: 0.000001  train_loss: 3.5665 (5.1391)  train_iou: 0.3738 (0.3951)  time: 0.8737  data: 0.0004  max mem: 39605
Epoch: [0]  [ 220/2058]  eta: 0:29:40  lr: 0.000001  train_loss: 2.8454 (4.9507)  train_iou: 0.3400 (0.3915)  time: 0.8791  data: 0.0004  max mem: 39605
Epoch: [0]  [ 240/2058]  eta: 0:29:07  lr: 0.000001  train_loss: 2.8482 (4.7804)  train_iou: 0.3727 (0.3895)  time: 0.8783  data: 0.0003  max mem: 39605
Epoch: [0]  [ 260/2058]  eta: 0:28:35  lr: 0.000001  train_loss: 2.6710 (4.6477)  train_iou: 0.3312 (0.3857)  time: 0.8733  data: 0.0010  max mem: 39605
Epoch: [0]  [ 280/2058]  eta: 0:28:07  lr: 0.000001  train_loss: 2.5204 (4.5163)  train_iou: 0.3291 (0.3820)  time: 0.8770  data: 0.0004  max mem: 39605
Epoch: [0]  [ 300/2058]  eta: 0:27:40  lr: 0.000001  train_loss: 2.8600 (4.4158)  train_iou: 0.3146 (0.3782)  time: 0.8805  data: 0.0004  max mem: 39605
Epoch: [0]  [ 320/2058]  eta: 0:27:12  lr: 0.000001  train_loss: 2.4876 (4.3189)  train_iou: 0.2955 (0.3739)  time: 0.8678  data: 0.0004  max mem: 39605
Epoch: [0]  [ 340/2058]  eta: 0:26:47  lr: 0.000001  train_loss: 2.4830 (4.2313)  train_iou: 0.3602 (0.3721)  time: 0.8722  data: 0.0004  max mem: 39605
Epoch: [0]  [ 360/2058]  eta: 0:26:22  lr: 0.000001  train_loss: 2.5594 (4.1531)  train_iou: 0.2928 (0.3686)  time: 0.8702  data: 0.0004  max mem: 39605
Epoch: [0]  [ 380/2058]  eta: 0:25:58  lr: 0.000001  train_loss: 2.3320 (4.0644)  train_iou: 0.3443 (0.3675)  time: 0.8716  data: 0.0004  max mem: 39605
Epoch: [0]  [ 400/2058]  eta: 0:25:35  lr: 0.000001  train_loss: 2.1617 (3.9838)  train_iou: 0.3242 (0.3653)  time: 0.8795  data: 0.0003  max mem: 39605
Epoch: [0]  [ 420/2058]  eta: 0:25:13  lr: 0.000001  train_loss: 2.5009 (3.9270)  train_iou: 0.3387 (0.3636)  time: 0.8714  data: 0.0004  max mem: 39605
Epoch: [0]  [ 440/2058]  eta: 0:24:51  lr: 0.000001  train_loss: 2.3352 (3.8575)  train_iou: 0.2786 (0.3600)  time: 0.8767  data: 0.0004  max mem: 39605
Epoch: [0]  [ 460/2058]  eta: 0:24:29  lr: 0.000001  train_loss: 1.9082 (3.7815)  train_iou: 0.3284 (0.3590)  time: 0.8787  data: 0.0003  max mem: 39605
Epoch: [0]  [ 480/2058]  eta: 0:24:08  lr: 0.000001  train_loss: 2.2864 (3.7259)  train_iou: 0.3540 (0.3580)  time: 0.8734  data: 0.0004  max mem: 39605
Epoch: [0]  [ 500/2058]  eta: 0:23:47  lr: 0.000001  train_loss: 2.0830 (3.6640)  train_iou: 0.3265 (0.3562)  time: 0.8777  data: 0.0005  max mem: 39605
Epoch: [0]  [ 520/2058]  eta: 0:23:27  lr: 0.000001  train_loss: 2.3444 (3.6192)  train_iou: 0.2849 (0.3542)  time: 0.8807  data: 0.0003  max mem: 39605
Epoch: [0]  [ 540/2058]  eta: 0:23:06  lr: 0.000001  train_loss: 2.3154 (3.5813)  train_iou: 0.3111 (0.3528)  time: 0.8816  data: 0.0004  max mem: 39605
Epoch: [0]  [ 560/2058]  eta: 0:22:46  lr: 0.000001  train_loss: 2.0029 (3.5293)  train_iou: 0.2889 (0.3513)  time: 0.8756  data: 0.0004  max mem: 39605
Epoch: [0]  [ 580/2058]  eta: 0:22:26  lr: 0.000001  train_loss: 2.1224 (3.4846)  train_iou: 0.3206 (0.3506)  time: 0.8732  data: 0.0004  max mem: 39605
Epoch: [0]  [ 600/2058]  eta: 0:22:06  lr: 0.000001  train_loss: 2.2238 (3.4439)  train_iou: 0.3125 (0.3489)  time: 0.8723  data: 0.0004  max mem: 39605
Epoch: [0]  [ 620/2058]  eta: 0:21:46  lr: 0.000001  train_loss: 1.7564 (3.3911)  train_iou: 0.3385 (0.3484)  time: 0.8770  data: 0.0003  max mem: 39605
Epoch: [0]  [ 640/2058]  eta: 0:21:27  lr: 0.000001  train_loss: 1.9041 (3.3513)  train_iou: 0.3176 (0.3471)  time: 0.8778  data: 0.0004  max mem: 39605
Epoch: [0]  [ 660/2058]  eta: 0:21:07  lr: 0.000001  train_loss: 1.6306 (3.3026)  train_iou: 0.3506 (0.3471)  time: 0.8711  data: 0.0004  max mem: 39605
Epoch: [0]  [ 680/2058]  eta: 0:20:47  lr: 0.000001  train_loss: 1.8350 (3.2652)  train_iou: 0.3154 (0.3462)  time: 0.8747  data: 0.0004  max mem: 39605
Epoch: [0]  [ 700/2058]  eta: 0:20:28  lr: 0.000001  train_loss: 1.6525 (3.2274)  train_iou: 0.3166 (0.3458)  time: 0.8724  data: 0.0004  max mem: 39605
Epoch: [0]  [ 720/2058]  eta: 0:20:09  lr: 0.000001  train_loss: 1.8163 (3.1942)  train_iou: 0.2926 (0.3448)  time: 0.8711  data: 0.0005  max mem: 39605
Epoch: [0]  [ 740/2058]  eta: 0:19:49  lr: 0.000001  train_loss: 1.8889 (3.1608)  train_iou: 0.3025 (0.3437)  time: 0.8717  data: 0.0004  max mem: 39605
Epoch: [0]  [ 760/2058]  eta: 0:19:30  lr: 0.000001  train_loss: 1.8473 (3.1289)  train_iou: 0.2990 (0.3428)  time: 0.8700  data: 0.0004  max mem: 39605
Epoch: [0]  [ 780/2058]  eta: 0:19:11  lr: 0.000001  train_loss: 1.6650 (3.0926)  train_iou: 0.3312 (0.3424)  time: 0.8732  data: 0.0006  max mem: 39605
Epoch: [0]  [ 800/2058]  eta: 0:18:52  lr: 0.000001  train_loss: 1.6942 (3.0611)  train_iou: 0.3186 (0.3418)  time: 0.8736  data: 0.0004  max mem: 39605
Epoch: [0]  [ 820/2058]  eta: 0:18:33  lr: 0.000001  train_loss: 1.7934 (3.0365)  train_iou: 0.3269 (0.3411)  time: 0.8701  data: 0.0004  max mem: 39605
Epoch: [0]  [ 840/2058]  eta: 0:18:15  lr: 0.000001  train_loss: 1.5690 (3.0083)  train_iou: 0.3130 (0.3407)  time: 0.8677  data: 0.0004  max mem: 39605
Epoch: [0]  [ 860/2058]  eta: 0:17:56  lr: 0.000001  train_loss: 1.6410 (2.9796)  train_iou: 0.3064 (0.3401)  time: 0.8717  data: 0.0004  max mem: 39605
Epoch: [0]  [ 880/2058]  eta: 0:17:37  lr: 0.000001  train_loss: 1.6538 (2.9563)  train_iou: 0.3287 (0.3401)  time: 0.8675  data: 0.0005  max mem: 39605
Epoch: [0]  [ 900/2058]  eta: 0:17:18  lr: 0.000001  train_loss: 1.4477 (2.9255)  train_iou: 0.3558 (0.3404)  time: 0.8757  data: 0.0005  max mem: 39605
Epoch: [0]  [ 920/2058]  eta: 0:17:00  lr: 0.000001  train_loss: 1.4987 (2.8958)  train_iou: 0.3572 (0.3407)  time: 0.8706  data: 0.0004  max mem: 39605
Epoch: [0]  [ 940/2058]  eta: 0:16:41  lr: 0.000001  train_loss: 1.4934 (2.8693)  train_iou: 0.3129 (0.3403)  time: 0.8737  data: 0.0004  max mem: 39605
Epoch: [0]  [ 960/2058]  eta: 0:16:23  lr: 0.000001  train_loss: 1.4296 (2.8418)  train_iou: 0.3537 (0.3409)  time: 0.8739  data: 0.0004  max mem: 39605
Epoch: [0]  [ 980/2058]  eta: 0:16:04  lr: 0.000001  train_loss: 1.5747 (2.8152)  train_iou: 0.3192 (0.3406)  time: 0.8693  data: 0.0014  max mem: 39605
Epoch: [0]  [1000/2058]  eta: 0:15:46  lr: 0.000001  train_loss: 1.4914 (2.7908)  train_iou: 0.3315 (0.3401)  time: 0.8721  data: 0.0004  max mem: 39605
Epoch: [0]  [1020/2058]  eta: 0:15:28  lr: 0.000001  train_loss: 1.5636 (2.7692)  train_iou: 0.3028 (0.3397)  time: 0.8681  data: 0.0004  max mem: 39605
Epoch: [0]  [1040/2058]  eta: 0:15:09  lr: 0.000001  train_loss: 1.4182 (2.7457)  train_iou: 0.3273 (0.3396)  time: 0.8703  data: 0.0004  max mem: 39605
Epoch: [0]  [1060/2058]  eta: 0:14:51  lr: 0.000001  train_loss: 1.6143 (2.7239)  train_iou: 0.3329 (0.3396)  time: 0.8888  data: 0.0003  max mem: 39605
Epoch: [0]  [1080/2058]  eta: 0:14:33  lr: 0.000001  train_loss: 1.4623 (2.7020)  train_iou: 0.3131 (0.3390)  time: 0.8759  data: 0.0003  max mem: 39605
Epoch: [0]  [1100/2058]  eta: 0:14:15  lr: 0.000001  train_loss: 1.4467 (2.6813)  train_iou: 0.3353 (0.3391)  time: 0.8748  data: 0.0004  max mem: 39605
Epoch: [0]  [1120/2058]  eta: 0:13:57  lr: 0.000001  train_loss: 1.3105 (2.6596)  train_iou: 0.3207 (0.3389)  time: 0.8753  data: 0.0004  max mem: 39605
Epoch: [0]  [1140/2058]  eta: 0:13:39  lr: 0.000001  train_loss: 1.5104 (2.6426)  train_iou: 0.3261 (0.3388)  time: 0.8693  data: 0.0004  max mem: 39605
Epoch: [0]  [1160/2058]  eta: 0:13:20  lr: 0.000001  train_loss: 1.3961 (2.6225)  train_iou: 0.3348 (0.3387)  time: 0.8673  data: 0.0004  max mem: 39605
Epoch: [0]  [1180/2058]  eta: 0:13:02  lr: 0.000001  train_loss: 1.3938 (2.6035)  train_iou: 0.3058 (0.3381)  time: 0.8684  data: 0.0004  max mem: 39605
Epoch: [0]  [1200/2058]  eta: 0:12:44  lr: 0.000001  train_loss: 1.3031 (2.5828)  train_iou: 0.3306 (0.3381)  time: 0.8708  data: 0.0005  max mem: 39605
Epoch: [0]  [1220/2058]  eta: 0:12:26  lr: 0.000001  train_loss: 1.3748 (2.5647)  train_iou: 0.3196 (0.3381)  time: 0.8719  data: 0.0003  max mem: 39605
Epoch: [0]  [1240/2058]  eta: 0:12:08  lr: 0.000001  train_loss: 1.1824 (2.5437)  train_iou: 0.3753 (0.3386)  time: 0.8667  data: 0.0004  max mem: 39605
Epoch: [0]  [1260/2058]  eta: 0:11:50  lr: 0.000001  train_loss: 1.3603 (2.5243)  train_iou: 0.3387 (0.3387)  time: 0.8682  data: 0.0004  max mem: 39605
Epoch: [0]  [1280/2058]  eta: 0:11:32  lr: 0.000001  train_loss: 1.2392 (2.5057)  train_iou: 0.3578 (0.3390)  time: 0.8711  data: 0.0004  max mem: 39605
Epoch: [0]  [1300/2058]  eta: 0:11:14  lr: 0.000001  train_loss: 1.1932 (2.4876)  train_iou: 0.3143 (0.3389)  time: 0.8684  data: 0.0004  max mem: 39605
Epoch: [0]  [1320/2058]  eta: 0:10:56  lr: 0.000001  train_loss: 1.3410 (2.4745)  train_iou: 0.3131 (0.3388)  time: 0.8695  data: 0.0004  max mem: 39605
Epoch: [0]  [1340/2058]  eta: 0:10:38  lr: 0.000001  train_loss: 1.4005 (2.4605)  train_iou: 0.3641 (0.3390)  time: 0.8726  data: 0.0004  max mem: 39605
Epoch: [0]  [1360/2058]  eta: 0:10:20  lr: 0.000001  train_loss: 1.2790 (2.4437)  train_iou: 0.3506 (0.3392)  time: 0.8699  data: 0.0004  max mem: 39605
Epoch: [0]  [1380/2058]  eta: 0:10:02  lr: 0.000001  train_loss: 1.2737 (2.4286)  train_iou: 0.3601 (0.3397)  time: 0.8737  data: 0.0014  max mem: 39605
Epoch: [0]  [1400/2058]  eta: 0:09:44  lr: 0.000001  train_loss: 1.1739 (2.4121)  train_iou: 0.3506 (0.3397)  time: 0.8791  data: 0.0004  max mem: 39605
Epoch: [0]  [1420/2058]  eta: 0:09:26  lr: 0.000001  train_loss: 1.2223 (2.3986)  train_iou: 0.3376 (0.3398)  time: 0.8693  data: 0.0004  max mem: 39605
Epoch: [0]  [1440/2058]  eta: 0:09:08  lr: 0.000001  train_loss: 1.2547 (2.3832)  train_iou: 0.3479 (0.3400)  time: 0.8721  data: 0.0004  max mem: 39605
Epoch: [0]  [1460/2058]  eta: 0:08:51  lr: 0.000001  train_loss: 1.2318 (2.3678)  train_iou: 0.3415 (0.3402)  time: 1.0123  data: 0.0004  max mem: 39605
Epoch: [0]  [1480/2058]  eta: 0:08:33  lr: 0.000001  train_loss: 1.1625 (2.3549)  train_iou: 0.3266 (0.3402)  time: 0.8697  data: 0.0004  max mem: 39605
Epoch: [0]  [1500/2058]  eta: 0:08:16  lr: 0.000001  train_loss: 1.1195 (2.3406)  train_iou: 0.3913 (0.3406)  time: 0.8722  data: 0.0004  max mem: 39605
Epoch: [0]  [1520/2058]  eta: 0:07:58  lr: 0.000001  train_loss: 1.1247 (2.3265)  train_iou: 0.3769 (0.3412)  time: 0.8768  data: 0.0004  max mem: 39605
Epoch: [0]  [1540/2058]  eta: 0:07:40  lr: 0.000001  train_loss: 1.2895 (2.3134)  train_iou: 0.3381 (0.3411)  time: 0.8724  data: 0.0004  max mem: 39605
Epoch: [0]  [1560/2058]  eta: 0:07:22  lr: 0.000001  train_loss: 1.1345 (2.2994)  train_iou: 0.3741 (0.3413)  time: 0.8749  data: 0.0004  max mem: 39605
Epoch: [0]  [1580/2058]  eta: 0:07:04  lr: 0.000001  train_loss: 1.2613 (2.2880)  train_iou: 0.3139 (0.3411)  time: 0.8753  data: 0.0004  max mem: 39605
Epoch: [0]  [1600/2058]  eta: 0:06:46  lr: 0.000001  train_loss: 1.2668 (2.2766)  train_iou: 0.3396 (0.3411)  time: 0.8700  data: 0.0004  max mem: 39605
Epoch: [0]  [1620/2058]  eta: 0:06:28  lr: 0.000001  train_loss: 0.9848 (2.2624)  train_iou: 0.3691 (0.3414)  time: 0.8749  data: 0.0004  max mem: 39605
Epoch: [0]  [1640/2058]  eta: 0:06:11  lr: 0.000001  train_loss: 1.2493 (2.2506)  train_iou: 0.3634 (0.3418)  time: 0.8865  data: 0.0003  max mem: 39605
Epoch: [0]  [1660/2058]  eta: 0:05:53  lr: 0.000001  train_loss: 1.1208 (2.2379)  train_iou: 0.3097 (0.3418)  time: 0.8700  data: 0.0004  max mem: 39605
Epoch: [0]  [1680/2058]  eta: 0:05:35  lr: 0.000001  train_loss: 1.0749 (2.2257)  train_iou: 0.3414 (0.3419)  time: 0.8705  data: 0.0005  max mem: 39605
Epoch: [0]  [1700/2058]  eta: 0:05:17  lr: 0.000001  train_loss: 1.2085 (2.2138)  train_iou: 0.3975 (0.3425)  time: 0.8779  data: 0.0004  max mem: 39605
Epoch: [0]  [1720/2058]  eta: 0:04:59  lr: 0.000001  train_loss: 1.1081 (2.2014)  train_iou: 0.3648 (0.3429)  time: 0.8720  data: 0.0004  max mem: 39605
Epoch: [0]  [1740/2058]  eta: 0:04:42  lr: 0.000001  train_loss: 1.2220 (2.1907)  train_iou: 0.3251 (0.3428)  time: 0.8765  data: 0.0004  max mem: 39605
Epoch: [0]  [1760/2058]  eta: 0:04:24  lr: 0.000001  train_loss: 0.9831 (2.1782)  train_iou: 0.3479 (0.3429)  time: 0.8788  data: 0.0003  max mem: 39605
Epoch: [0]  [1780/2058]  eta: 0:04:06  lr: 0.000001  train_loss: 1.0954 (2.1668)  train_iou: 0.3305 (0.3429)  time: 0.8754  data: 0.0004  max mem: 39605
Epoch: [0]  [1800/2058]  eta: 0:03:48  lr: 0.000001  train_loss: 1.0846 (2.1553)  train_iou: 0.3275 (0.3428)  time: 0.8734  data: 0.0004  max mem: 39605
Epoch: [0]  [1820/2058]  eta: 0:03:30  lr: 0.000001  train_loss: 1.0830 (2.1442)  train_iou: 0.3406 (0.3428)  time: 0.8688  data: 0.0004  max mem: 39605
Epoch: [0]  [1840/2058]  eta: 0:03:13  lr: 0.000001  train_loss: 1.1753 (2.1344)  train_iou: 0.3488 (0.3430)  time: 0.8757  data: 0.0004  max mem: 39605
Epoch: [0]  [1860/2058]  eta: 0:02:55  lr: 0.000001  train_loss: 1.1223 (2.1240)  train_iou: 0.3693 (0.3433)  time: 0.8738  data: 0.0004  max mem: 39605
Epoch: [0]  [1880/2058]  eta: 0:02:37  lr: 0.000001  train_loss: 1.0252 (2.1132)  train_iou: 0.3469 (0.3434)  time: 0.8705  data: 0.0004  max mem: 39605
Epoch: [0]  [1900/2058]  eta: 0:02:19  lr: 0.000001  train_loss: 1.0969 (2.1026)  train_iou: 0.3656 (0.3436)  time: 0.8668  data: 0.0004  max mem: 39605
Epoch: [0]  [1920/2058]  eta: 0:02:02  lr: 0.000001  train_loss: 0.9725 (2.0923)  train_iou: 0.3665 (0.3439)  time: 0.8758  data: 0.0004  max mem: 39605
Epoch: [0]  [1940/2058]  eta: 0:01:44  lr: 0.000001  train_loss: 1.0032 (2.0812)  train_iou: 0.3891 (0.3443)  time: 0.8716  data: 0.0003  max mem: 39605
Epoch: [0]  [1960/2058]  eta: 0:01:26  lr: 0.000001  train_loss: 1.0336 (2.0712)  train_iou: 0.3401 (0.3445)  time: 0.8695  data: 0.0004  max mem: 39605
Epoch: [0]  [1980/2058]  eta: 0:01:09  lr: 0.000001  train_loss: 1.0338 (2.0615)  train_iou: 0.3696 (0.3447)  time: 0.8793  data: 0.0004  max mem: 39605
Epoch: [0]  [2000/2058]  eta: 0:00:51  lr: 0.000001  train_loss: 1.1124 (2.0526)  train_iou: 0.3692 (0.3449)  time: 0.8738  data: 0.0003  max mem: 39605
Epoch: [0]  [2020/2058]  eta: 0:00:33  lr: 0.000001  train_loss: 0.9735 (2.0424)  train_iou: 0.3589 (0.3453)  time: 0.8819  data: 0.0003  max mem: 39605
Epoch: [0]  [2040/2058]  eta: 0:00:15  lr: 0.000001  train_loss: 1.0384 (2.0327)  train_iou: 0.3537 (0.3455)  time: 0.8790  data: 0.0003  max mem: 39605
Epoch: [0]  [2057/2058]  eta: 0:00:00  lr: 0.000001  train_loss: 0.9829 (2.0245)  train_iou: 0.3898 (0.3458)  time: 0.8310  data: 0.0002  max mem: 39605
Epoch: [0] Total time: 0:30:21 (0.8849 s / it)
Averaged stats: lr: 0.000001  train_loss: 0.9829 (2.0284)  train_iou: 0.3898 (0.3469)
huggingface/tokenizers: The current process just got forked, after parallelism has already been used. Disabling parallelism to avoid deadlocks...
To disable this warning, you can either:
	- Avoid using `tokenizers` before the fork if possible
	- Explicitly set the environment variable TOKENIZERS_PARALLELISM=(true | false)
huggingface/tokenizers: The current process just got forked, after parallelism has already been used. Disabling parallelism to avoid deadlocks...
To disable this warning, you can either:
	- Avoid using `tokenizers` before the fork if possible
	- Explicitly set the environment variable TOKENIZERS_PARALLELISM=(true | false)
huggingface/tokenizers: The current process just got forked, after parallelism has already been used. Disabling parallelism to avoid deadlocks...
To disable this warning, you can either:
	- Avoid using `tokenizers` before the fork if possible
	- Explicitly set the environment variable TOKENIZERS_PARALLELISM=(true | false)
huggingface/tokenizers: The current process just got forked, after parallelism has already been used. Disabling parallelism to avoid deadlocks...
To disable this warning, you can either:
	- Avoid using `tokenizers` before the fork if possible
	- Explicitly set the environment variable TOKENIZERS_PARALLELISM=(true | false)
huggingface/tokenizers: The current process just got forked, after parallelism has already been used. Disabling parallelism to avoid deadlocks...
To disable this warning, you can either:
	- Avoid using `tokenizers` before the fork if possible
	- Explicitly set the environment variable TOKENIZERS_PARALLELISM=(true | false)
huggingface/tokenizers: The current process just got forked, after parallelism has already been used. Disabling parallelism to avoid deadlocks...
To disable this warning, you can either:
	- Avoid using `tokenizers` before the fork if possible
	- Explicitly set the environment variable TOKENIZERS_PARALLELISM=(true | false)
huggingface/tokenizers: The current process just got forked, after parallelism has already been used. Disabling parallelism to avoid deadlocks...
To disable this warning, you can either:
	- Avoid using `tokenizers` before the fork if possible
	- Explicitly set the environment variable TOKENIZERS_PARALLELISM=(true | false)
huggingface/tokenizers: The current process just got forked, after parallelism has already been used. Disabling parallelism to avoid deadlocks...
To disable this warning, you can either:
	- Avoid using `tokenizers` before the fork if possible
	- Explicitly set the environment variable TOKENIZERS_PARALLELISM=(true | false)
huggingface/tokenizers: The current process just got forked, after parallelism has already been used. Disabling parallelism to avoid deadlocks...
To disable this warning, you can either:
	- Avoid using `tokenizers` before the fork if possible
	- Explicitly set the environment variable TOKENIZERS_PARALLELISM=(true | false)
huggingface/tokenizers: The current process just got forked, after parallelism has already been used. Disabling parallelism to avoid deadlocks...
To disable this warning, you can either:
	- Avoid using `tokenizers` before the fork if possible
	- Explicitly set the environment variable TOKENIZERS_PARALLELISM=(true | false)
huggingface/tokenizers: The current process just got forked, after parallelism has already been used. Disabling parallelism to avoid deadlocks...
To disable this warning, you can either:
	- Avoid using `tokenizers` before the fork if possible
	- Explicitly set the environment variable TOKENIZERS_PARALLELISM=(true | false)
huggingface/tokenizers: The current process just got forked, after parallelism has already been used. Disabling parallelism to avoid deadlocks...
To disable this warning, you can either:
	- Avoid using `tokenizers` before the fork if possible
	- Explicitly set the environment variable TOKENIZERS_PARALLELISM=(true | false)
huggingface/tokenizers: The current process just got forked, after parallelism has already been used. Disabling parallelism to avoid deadlocks...
To disable this warning, you can either:
	- Avoid using `tokenizers` before the fork if possible
	- Explicitly set the environment variable TOKENIZERS_PARALLELISM=(true | false)
huggingface/tokenizers: The current process just got forked, after parallelism has already been used. Disabling parallelism to avoid deadlocks...
To disable this warning, you can either:
	- Avoid using `tokenizers` before the fork if possible
	- Explicitly set the environment variable TOKENIZERS_PARALLELISM=(true | false)
huggingface/tokenizers: The current process just got forked, after parallelism has already been used. Disabling parallelism to avoid deadlocks...
To disable this warning, you can either:
	- Avoid using `tokenizers` before the fork if possible
	- Explicitly set the environment variable TOKENIZERS_PARALLELISM=(true | false)
huggingface/tokenizers: The current process just got forked, after parallelism has already been used. Disabling parallelism to avoid deadlocks...
To disable this warning, you can either:
	- Avoid using `tokenizers` before the fork if possible
	- Explicitly set the environment variable TOKENIZERS_PARALLELISM=(true | false)
Test:  [   0/5000]  eta: 3:59:06  inter: 31721.0000 (31721.0000)  union: 37561.0000 (37561.0000)  iou: 0.8445 (0.8445)  time: 2.8693  data: 0.5982  max mem: 39605
Test:  [  50/5000]  eta: 0:20:46  inter: 19299.0000 (20008.0625)  union: 55357.0000 (45874.2969)  iou: 0.3968 (0.4221)  time: 0.1287  data: 0.0004  max mem: 39605
Test:  [ 100/5000]  eta: 0:17:19  inter: 19318.0000 (20718.5956)  union: 49113.0000 (46922.4632)  iou: 0.4079 (0.4203)  time: 0.1301  data: 0.0009  max mem: 39605
Test:  [ 150/5000]  eta: 0:14:59  inter: 11702.0000 (20302.6507)  union: 37628.0000 (44618.8852)  iou: 0.4559 (0.4356)  time: 0.1345  data: 0.0006  max mem: 39605
Test:  [ 200/5000]  eta: 0:13:43  inter: 27271.0000 (20697.5238)  union: 40089.0000 (44653.3883)  iou: 0.5708 (0.4403)  time: 0.1301  data: 0.0005  max mem: 39605
Test:  [ 250/5000]  eta: 0:12:55  inter: 13865.0000 (21686.6958)  union: 34919.0000 (47170.6265)  iou: 0.2682 (0.4310)  time: 0.1289  data: 0.0008  max mem: 39605
Test:  [ 300/5000]  eta: 0:12:21  inter: 16568.0000 (21265.9181)  union: 30691.0000 (46588.9007)  iou: 0.4574 (0.4294)  time: 0.1266  data: 0.0004  max mem: 39605
Test:  [ 350/5000]  eta: 0:11:55  inter: 9560.0000 (20646.4421)  union: 36370.0000 (46439.6612)  iou: 0.2806 (0.4259)  time: 0.1318  data: 0.0004  max mem: 39605
Test:  [ 400/5000]  eta: 0:12:02  inter: 26503.0000 (20258.0125)  union: 38935.0000 (45781.0089)  iou: 0.5335 (0.4231)  time: 0.1321  data: 0.0006  max mem: 39605
Test:  [ 450/5000]  eta: 0:11:42  inter: 11744.0000 (19929.4349)  union: 31909.0000 (45303.7921)  iou: 0.3064 (0.4210)  time: 0.1372  data: 0.0004  max mem: 39605
Test:  [ 500/5000]  eta: 0:11:26  inter: 14538.0000 (20421.0387)  union: 38023.0000 (46407.1361)  iou: 0.2858 (0.4201)  time: 0.1351  data: 0.0004  max mem: 39605
Test:  [ 550/5000]  eta: 0:11:12  inter: 14504.0000 (20438.7108)  union: 33126.0000 (46121.1915)  iou: 0.4311 (0.4244)  time: 0.1362  data: 0.0005  max mem: 39605
Test:  [ 600/5000]  eta: 0:10:57  inter: 7657.0000 (20376.7266)  union: 38940.0000 (46615.6367)  iou: 0.2110 (0.4219)  time: 0.1286  data: 0.0003  max mem: 39605
Test:  [ 650/5000]  eta: 0:10:43  inter: 18587.0000 (20704.5580)  union: 40838.0000 (46852.0243)  iou: 0.3523 (0.4228)  time: 0.1292  data: 0.0005  max mem: 39605
Test:  [ 700/5000]  eta: 0:10:31  inter: 13354.0000 (20393.9805)  union: 33477.0000 (46554.1119)  iou: 0.2946 (0.4171)  time: 0.1341  data: 0.0004  max mem: 39605
Test:  [ 750/5000]  eta: 0:10:21  inter: 14900.0000 (20344.5128)  union: 45190.0000 (46566.8126)  iou: 0.4135 (0.4200)  time: 0.1361  data: 0.0005  max mem: 39605
Test:  [ 800/5000]  eta: 0:10:10  inter: 18891.0000 (20103.8312)  union: 49104.0000 (46168.3562)  iou: 0.4578 (0.4177)  time: 0.1347  data: 0.0004  max mem: 39605
Test:  [ 850/5000]  eta: 0:10:00  inter: 19472.0000 (20233.6745)  union: 40035.0000 (46170.8218)  iou: 0.5258 (0.4195)  time: 0.1351  data: 0.0012  max mem: 39605
Test:  [ 900/5000]  eta: 0:09:51  inter: 12089.0000 (20175.6040)  union: 28247.0000 (46269.9518)  iou: 0.4262 (0.4167)  time: 0.1349  data: 0.0006  max mem: 39605
Test:  [ 950/5000]  eta: 0:09:41  inter: 21227.0000 (20184.6609)  union: 38823.0000 (46310.9452)  iou: 0.4727 (0.4162)  time: 0.1344  data: 0.0008  max mem: 39605
Test:  [1000/5000]  eta: 0:09:32  inter: 21217.0000 (20400.8489)  union: 54820.0000 (46476.1026)  iou: 0.4365 (0.4162)  time: 0.1332  data: 0.0011  max mem: 39605
Test:  [1050/5000]  eta: 0:09:23  inter: 17690.0000 (20370.5469)  union: 38673.0000 (46572.9027)  iou: 0.4095 (0.4152)  time: 0.1345  data: 0.0004  max mem: 39605
Test:  [1100/5000]  eta: 0:09:14  inter: 11096.0000 (20234.7077)  union: 40571.0000 (46441.1087)  iou: 0.3170 (0.4128)  time: 0.1386  data: 0.0004  max mem: 39605
Test:  [1150/5000]  eta: 0:09:06  inter: 11587.0000 (20364.2407)  union: 25326.0000 (46310.8412)  iou: 0.4338 (0.4171)  time: 0.1357  data: 0.0006  max mem: 39605
Test:  [1200/5000]  eta: 0:08:58  inter: 9458.0000 (20415.1712)  union: 35165.0000 (46600.9275)  iou: 0.4042 (0.4162)  time: 0.1335  data: 0.0004  max mem: 39605
Test:  [1250/5000]  eta: 0:08:50  inter: 6843.0000 (20151.8433)  union: 36981.0000 (46439.2862)  iou: 0.1599 (0.4133)  time: 0.1329  data: 0.0004  max mem: 39605
Test:  [1300/5000]  eta: 0:08:41  inter: 15961.0000 (19956.7963)  union: 41169.0000 (46249.2299)  iou: 0.3021 (0.4124)  time: 0.1353  data: 0.0004  max mem: 39605
Test:  [1350/5000]  eta: 0:08:34  inter: 20492.0000 (19939.6505)  union: 44990.0000 (46401.0011)  iou: 0.4982 (0.4109)  time: 0.1383  data: 0.0003  max mem: 39605
Test:  [1400/5000]  eta: 0:08:26  inter: 3293.0000 (19898.0172)  union: 36686.0000 (46615.1108)  iou: 0.0880 (0.4067)  time: 0.1344  data: 0.0012  max mem: 39605
Test:  [1450/5000]  eta: 0:08:18  inter: 10873.0000 (19821.8269)  union: 37841.0000 (46539.1178)  iou: 0.3115 (0.4054)  time: 0.1332  data: 0.0004  max mem: 39605
Test:  [1500/5000]  eta: 0:08:10  inter: 11997.0000 (19828.7980)  union: 47766.0000 (46630.9598)  iou: 0.1888 (0.4044)  time: 0.1302  data: 0.0008  max mem: 39605
Test:  [1550/5000]  eta: 0:08:03  inter: 8992.0000 (19708.7313)  union: 26471.0000 (46413.9877)  iou: 0.2974 (0.4036)  time: 0.1341  data: 0.0004  max mem: 39605
Test:  [1600/5000]  eta: 0:08:00  inter: 10974.0000 (19664.9097)  union: 42191.0000 (46371.4478)  iou: 0.3432 (0.4027)  time: 0.2563  data: 0.0003  max mem: 39605
Test:  [1650/5000]  eta: 0:07:52  inter: 15975.0000 (19631.2783)  union: 34902.0000 (46366.1522)  iou: 0.2845 (0.4019)  time: 0.1340  data: 0.0004  max mem: 39605
Test:  [1700/5000]  eta: 0:07:44  inter: 13932.0000 (19578.3554)  union: 44174.0000 (46390.0647)  iou: 0.4139 (0.4005)  time: 0.1322  data: 0.0006  max mem: 39605
Test:  [1750/5000]  eta: 0:07:37  inter: 17894.0000 (19556.8614)  union: 41455.0000 (46275.4554)  iou: 0.3158 (0.4007)  time: 0.1377  data: 0.0005  max mem: 39605
Test:  [1800/5000]  eta: 0:07:30  inter: 12552.0000 (19471.5505)  union: 47446.0000 (46255.4861)  iou: 0.4202 (0.3999)  time: 0.1405  data: 0.0004  max mem: 39605
Test:  [1850/5000]  eta: 0:07:22  inter: 12173.0000 (19429.6743)  union: 36195.0000 (46353.2257)  iou: 0.3704 (0.3988)  time: 0.1345  data: 0.0004  max mem: 39605
Test:  [1900/5000]  eta: 0:07:15  inter: 24220.0000 (19391.6947)  union: 59572.0000 (46330.0444)  iou: 0.4137 (0.3986)  time: 0.1380  data: 0.0004  max mem: 39605
Test:  [1950/5000]  eta: 0:07:07  inter: 7517.0000 (19412.6784)  union: 26313.0000 (46304.0695)  iou: 0.3274 (0.3988)  time: 0.1302  data: 0.0005  max mem: 39605
Test:  [2000/5000]  eta: 0:07:00  inter: 8649.0000 (19420.0142)  union: 32631.0000 (46264.2585)  iou: 0.3603 (0.3993)  time: 0.1368  data: 0.0006  max mem: 39605
Test:  [2050/5000]  eta: 0:06:53  inter: 10997.0000 (19377.6265)  union: 62128.0000 (46381.8280)  iou: 0.2217 (0.3988)  time: 0.1418  data: 0.0004  max mem: 39605
Test:  [2100/5000]  eta: 0:06:45  inter: 13656.0000 (19375.5539)  union: 43576.0000 (46355.6045)  iou: 0.5063 (0.3993)  time: 0.1331  data: 0.0004  max mem: 39605
Test:  [2150/5000]  eta: 0:06:38  inter: 15904.0000 (19377.7940)  union: 34096.0000 (46372.4110)  iou: 0.4217 (0.3992)  time: 0.1357  data: 0.0012  max mem: 39605
Test:  [2200/5000]  eta: 0:06:31  inter: 5317.0000 (19391.8063)  union: 32065.0000 (46275.9974)  iou: 0.1305 (0.4005)  time: 0.1335  data: 0.0003  max mem: 39605
Test:  [2250/5000]  eta: 0:06:23  inter: 14501.0000 (19267.0437)  union: 43392.0000 (46152.8688)  iou: 0.3668 (0.3992)  time: 0.1343  data: 0.0006  max mem: 39605
Test:  [2300/5000]  eta: 0:06:16  inter: 19036.0000 (19316.7738)  union: 39738.0000 (46108.3713)  iou: 0.4170 (0.4005)  time: 0.1381  data: 0.0003  max mem: 39605
Test:  [2350/5000]  eta: 0:06:09  inter: 9974.0000 (19254.5610)  union: 55566.0000 (46090.2301)  iou: 0.2012 (0.3997)  time: 0.1365  data: 0.0006  max mem: 39605
Test:  [2400/5000]  eta: 0:06:02  inter: 5824.0000 (19277.3220)  union: 41522.0000 (46089.7254)  iou: 0.1095 (0.3999)  time: 0.1445  data: 0.0006  max mem: 39605
Test:  [2450/5000]  eta: 0:05:55  inter: 20745.0000 (19362.2599)  union: 34708.0000 (46090.6924)  iou: 0.5143 (0.4013)  time: 0.1341  data: 0.0004  max mem: 39605
Test:  [2500/5000]  eta: 0:05:48  inter: 17679.0000 (19333.3711)  union: 41799.0000 (46089.7131)  iou: 0.4149 (0.4010)  time: 0.1341  data: 0.0004  max mem: 39605
Test:  [2550/5000]  eta: 0:05:41  inter: 22197.0000 (19436.3521)  union: 43724.0000 (46243.3343)  iou: 0.5691 (0.4018)  time: 0.1395  data: 0.0006  max mem: 39605
Test:  [2600/5000]  eta: 0:05:34  inter: 12316.0000 (19349.8150)  union: 39599.0000 (46211.5391)  iou: 0.2514 (0.4004)  time: 0.1347  data: 0.0007  max mem: 39605
Test:  [2650/5000]  eta: 0:05:26  inter: 6681.0000 (19363.0838)  union: 36204.0000 (46373.3120)  iou: 0.2512 (0.3996)  time: 0.1366  data: 0.0005  max mem: 39605
Test:  [2700/5000]  eta: 0:05:19  inter: 21371.0000 (19429.5772)  union: 35380.0000 (46472.4049)  iou: 0.6319 (0.3998)  time: 0.1332  data: 0.0005  max mem: 39605
Test:  [2750/5000]  eta: 0:05:12  inter: 20834.0000 (19461.3588)  union: 29040.0000 (46559.8776)  iou: 0.4450 (0.3997)  time: 0.1348  data: 0.0006  max mem: 39605
Test:  [2800/5000]  eta: 0:05:05  inter: 9242.0000 (19448.1008)  union: 48244.0000 (46459.5010)  iou: 0.4519 (0.4004)  time: 0.1308  data: 0.0003  max mem: 39605
Test:  [2850/5000]  eta: 0:04:58  inter: 10825.0000 (19583.3213)  union: 39318.0000 (46530.8627)  iou: 0.2742 (0.4010)  time: 0.1300  data: 0.0004  max mem: 39605
Test:  [2900/5000]  eta: 0:04:51  inter: 12548.0000 (19559.2571)  union: 34536.0000 (46581.5640)  iou: 0.3420 (0.3994)  time: 0.1341  data: 0.0004  max mem: 39605
Test:  [2950/5000]  eta: 0:04:44  inter: 16357.0000 (19589.6849)  union: 34066.0000 (46596.9615)  iou: 0.3566 (0.3998)  time: 0.1367  data: 0.0004  max mem: 39605
Test:  [3000/5000]  eta: 0:04:37  inter: 9233.0000 (19545.5134)  union: 37988.0000 (46552.1243)  iou: 0.2071 (0.3991)  time: 0.1357  data: 0.0004  max mem: 39605
Test:  [3050/5000]  eta: 0:04:30  inter: 13557.0000 (19494.1568)  union: 35732.0000 (46626.6853)  iou: 0.3046 (0.3983)  time: 0.1339  data: 0.0004  max mem: 39605
Test:  [3100/5000]  eta: 0:04:23  inter: 9889.0000 (19466.6560)  union: 48415.0000 (46583.8279)  iou: 0.2228 (0.3984)  time: 0.1321  data: 0.0003  max mem: 39605
Test:  [3150/5000]  eta: 0:04:16  inter: 11646.0000 (19413.0458)  union: 26032.0000 (46444.5084)  iou: 0.3812 (0.3988)  time: 0.1414  data: 0.0011  max mem: 39605
Test:  [3200/5000]  eta: 0:04:09  inter: 11683.0000 (19450.8821)  union: 46100.0000 (46490.5092)  iou: 0.3477 (0.3994)  time: 0.1354  data: 0.0004  max mem: 39605
Test:  [3250/5000]  eta: 0:04:02  inter: 10538.0000 (19380.0630)  union: 34604.0000 (46439.6849)  iou: 0.4417 (0.3980)  time: 0.1355  data: 0.0004  max mem: 39605
Test:  [3300/5000]  eta: 0:03:55  inter: 19433.0000 (19389.9897)  union: 50271.0000 (46594.7100)  iou: 0.3020 (0.3966)  time: 0.1407  data: 0.0004  max mem: 39605
Test:  [3350/5000]  eta: 0:03:48  inter: 6208.0000 (19380.8188)  union: 24583.0000 (46573.3465)  iou: 0.3500 (0.3967)  time: 0.1319  data: 0.0003  max mem: 39605
Test:  [3400/5000]  eta: 0:03:41  inter: 14696.0000 (19465.3468)  union: 43710.0000 (46659.5164)  iou: 0.4292 (0.3976)  time: 0.1404  data: 0.0004  max mem: 39605
Test:  [3450/5000]  eta: 0:03:34  inter: 17072.0000 (19451.1524)  union: 31227.0000 (46753.4812)  iou: 0.4322 (0.3970)  time: 0.1390  data: 0.0010  max mem: 39605
Test:  [3500/5000]  eta: 0:03:27  inter: 7986.0000 (19418.0527)  union: 25352.0000 (46691.9300)  iou: 0.3360 (0.3968)  time: 0.1334  data: 0.0006  max mem: 39605
Test:  [3550/5000]  eta: 0:03:20  inter: 20925.0000 (19417.5398)  union: 39903.0000 (46671.9776)  iou: 0.5046 (0.3966)  time: 0.1356  data: 0.0004  max mem: 39605
Test:  [3600/5000]  eta: 0:03:13  inter: 20410.0000 (19386.4180)  union: 38856.0000 (46604.4939)  iou: 0.4792 (0.3965)  time: 0.1302  data: 0.0004  max mem: 39605
Test:  [3650/5000]  eta: 0:03:06  inter: 13934.0000 (19340.8843)  union: 42420.0000 (46665.9629)  iou: 0.3441 (0.3956)  time: 0.1389  data: 0.0003  max mem: 39605
Test:  [3700/5000]  eta: 0:02:59  inter: 20524.0000 (19405.2220)  union: 40946.0000 (46723.8874)  iou: 0.5198 (0.3959)  time: 0.1354  data: 0.0005  max mem: 39605
Test:  [3750/5000]  eta: 0:02:52  inter: 19038.0000 (19421.4015)  union: 47688.0000 (46766.0852)  iou: 0.4321 (0.3961)  time: 0.1323  data: 0.0006  max mem: 39605
Test:  [3800/5000]  eta: 0:02:45  inter: 19041.0000 (19433.3358)  union: 31006.0000 (46754.9834)  iou: 0.3778 (0.3964)  time: 0.1352  data: 0.0009  max mem: 39605
Test:  [3850/5000]  eta: 0:02:38  inter: 15487.0000 (19427.5898)  union: 38310.0000 (46773.4359)  iou: 0.4280 (0.3963)  time: 0.1368  data: 0.0004  max mem: 39605
Test:  [3900/5000]  eta: 0:02:31  inter: 14946.0000 (19452.1579)  union: 43317.0000 (46840.7203)  iou: 0.3326 (0.3961)  time: 0.1378  data: 0.0009  max mem: 39605
Test:  [3950/5000]  eta: 0:02:24  inter: 6832.0000 (19432.9964)  union: 46166.0000 (46799.8911)  iou: 0.2431 (0.3963)  time: 0.1283  data: 0.0004  max mem: 39605
Test:  [4000/5000]  eta: 0:02:18  inter: 13762.0000 (19399.2475)  union: 37771.0000 (46705.7100)  iou: 0.4792 (0.3971)  time: 0.1359  data: 0.0009  max mem: 39605
Test:  [4050/5000]  eta: 0:02:11  inter: 17080.0000 (19423.8902)  union: 50227.0000 (46772.2599)  iou: 0.4717 (0.3973)  time: 0.1342  data: 0.0004  max mem: 39605
Test:  [4100/5000]  eta: 0:02:04  inter: 15894.0000 (19452.1092)  union: 39925.0000 (46764.1547)  iou: 0.3866 (0.3974)  time: 0.1318  data: 0.0004  max mem: 39605
Test:  [4150/5000]  eta: 0:01:57  inter: 2439.0000 (19402.8591)  union: 28211.0000 (46670.0631)  iou: 0.0315 (0.3971)  time: 0.1342  data: 0.0003  max mem: 39605
Test:  [4200/5000]  eta: 0:01:50  inter: 10352.0000 (19403.0943)  union: 23506.0000 (46676.6100)  iou: 0.4241 (0.3968)  time: 0.1377  data: 0.0004  max mem: 39605
Test:  [4250/5000]  eta: 0:01:43  inter: 16811.0000 (19415.4632)  union: 51818.0000 (46695.0105)  iou: 0.3803 (0.3966)  time: 0.1328  data: 0.0004  max mem: 39605
Test:  [4300/5000]  eta: 0:01:36  inter: 13511.0000 (19441.9985)  union: 33553.0000 (46707.8963)  iou: 0.4827 (0.3970)  time: 0.1360  data: 0.0006  max mem: 39605
Test:  [4350/5000]  eta: 0:01:29  inter: 9619.0000 (19440.1785)  union: 31108.0000 (46693.3060)  iou: 0.3545 (0.3968)  time: 0.1396  data: 0.0004  max mem: 39605
Test:  [4400/5000]  eta: 0:01:22  inter: 17880.0000 (19471.3346)  union: 52922.0000 (46728.3836)  iou: 0.3194 (0.3966)  time: 0.1326  data: 0.0003  max mem: 39605
Test:  [4450/5000]  eta: 0:01:15  inter: 13722.0000 (19507.9258)  union: 63335.0000 (46850.1623)  iou: 0.3273 (0.3962)  time: 0.1413  data: 0.0004  max mem: 39605
Test:  [4500/5000]  eta: 0:01:08  inter: 11639.0000 (19484.2444)  union: 44104.0000 (46876.5452)  iou: 0.3814 (0.3959)  time: 0.1376  data: 0.0004  max mem: 39605
Test:  [4550/5000]  eta: 0:01:02  inter: 17071.0000 (19525.2095)  union: 36782.0000 (46917.5685)  iou: 0.5501 (0.3965)  time: 0.1395  data: 0.0004  max mem: 39605
Test:  [4600/5000]  eta: 0:00:55  inter: 8413.0000 (19522.5535)  union: 36144.0000 (46911.6638)  iou: 0.3144 (0.3967)  time: 0.1354  data: 0.0006  max mem: 39605
Test:  [4650/5000]  eta: 0:00:48  inter: 8663.0000 (19526.3099)  union: 39560.0000 (46973.2524)  iou: 0.1191 (0.3963)  time: 0.1346  data: 0.0004  max mem: 39605
Test:  [4700/5000]  eta: 0:00:41  inter: 5544.0000 (19532.3564)  union: 50559.0000 (46987.6999)  iou: 0.1026 (0.3963)  time: 0.1366  data: 0.0006  max mem: 39605
Test:  [4750/5000]  eta: 0:00:34  inter: 7556.0000 (19523.8838)  union: 35845.0000 (46926.4035)  iou: 0.3794 (0.3962)  time: 0.1332  data: 0.0003  max mem: 39605
Test:  [4800/5000]  eta: 0:00:27  inter: 11572.0000 (19495.3588)  union: 34725.0000 (46941.4687)  iou: 0.4185 (0.3958)  time: 0.1436  data: 0.0022  max mem: 39605
Test:  [4850/5000]  eta: 0:00:20  inter: 17259.0000 (19505.9123)  union: 35752.0000 (46925.4861)  iou: 0.4949 (0.3964)  time: 0.1275  data: 0.0005  max mem: 39605
Test:  [4900/5000]  eta: 0:00:13  inter: 29678.0000 (19526.7345)  union: 40938.0000 (46953.2989)  iou: 0.5465 (0.3965)  time: 0.1390  data: 0.0004  max mem: 39605
Test:  [4950/5000]  eta: 0:00:06  inter: 17986.0000 (19594.4370)  union: 45215.0000 (47034.5960)  iou: 0.3572 (0.3968)  time: 0.1368  data: 0.0004  max mem: 39605
Test:  [4999/5000]  eta: 0:00:00  inter: 3343.0000 (19547.5751)  union: 29549.0000 (47015.7750)  iou: 0.1853 (0.3958)  time: 0.1069  data: 0.0001  max mem: 39605
Test: Total time: 0:11:27 (0.1376 s / it)
* IoU 0.396 oIoU 0.416
IoU of the network on the 5000 test images: 0.4%
Max IoU: 0.40%
Training time 0:41:54
