Architecture:                       x86_64
CPU op-mode(s):                     32-bit, 64-bit
Address sizes:                      52 bits physical, 57 bits virtual
Byte Order:                         Little Endian
CPU(s):                             36
On-line CPU(s) list:                0-35
Vendor ID:                          GenuineIntel
Model name:                         Intel(R) Xeon(R) Gold 6354 CPU @ 3.00GHz
CPU family:                         6
Model:                              106
Thread(s) per core:                 1
Core(s) per socket:                 18
Socket(s):                          2
Stepping:                           6
CPU max MHz:                        3600.0000
CPU min MHz:                        800.0000
BogoMIPS:                           6000.00
Flags:                              fpu vme de pse tsc msr pae mce cx8 apic sep mtrr pge mca cmov pat pse36 clflush dts acpi mmx fxsr sse sse2 ss ht tm pbe syscall nx pdpe1gb rdtscp lm constant_tsc art arch_perfmon pebs bts rep_good nopl xtopology nonstop_tsc cpuid aperfmperf pni pclmulqdq dtes64 monitor ds_cpl vmx smx est tm2 ssse3 sdbg fma cx16 xtpr pdcm pcid dca sse4_1 sse4_2 x2apic movbe popcnt tsc_deadline_timer aes xsave avx f16c rdrand lahf_lm abm 3dnowprefetch cpuid_fault epb cat_l3 invpcid_single ssbd mba ibrs ibpb stibp ibrs_enhanced tpr_shadow flexpriority ept vpid ept_ad fsgsbase tsc_adjust bmi1 avx2 smep bmi2 erms invpcid cqm rdt_a avx512f avx512dq rdseed adx smap avx512ifma clflushopt clwb intel_pt avx512cd sha_ni avx512bw avx512vl xsaveopt xsavec xgetbv1 xsaves cqm_llc cqm_occup_llc cqm_mbm_total cqm_mbm_local split_lock_detect wbnoinvd dtherm ida arat pln pts vnmi avx512vbmi umip pku ospke avx512_vbmi2 gfni vaes vpclmulqdq avx512_vnni avx512_bitalg tme avx512_vpopcntdq la57 rdpid fsrm md_clear pconfig flush_l1d arch_capabilities
Virtualization:                     VT-x
L1d cache:                          1.7 MiB (36 instances)
L1i cache:                          1.1 MiB (36 instances)
L2 cache:                           45 MiB (36 instances)
L3 cache:                           78 MiB (2 instances)
NUMA node(s):                       2
NUMA node0 CPU(s):                  0-17
NUMA node1 CPU(s):                  18-35
Vulnerability Gather data sampling: Mitigation; Microcode
Vulnerability Itlb multihit:        Not affected
Vulnerability L1tf:                 Not affected
Vulnerability Mds:                  Not affected
Vulnerability Meltdown:             Not affected
Vulnerability Mmio stale data:      Mitigation; Clear CPU buffers; SMT disabled
Vulnerability Retbleed:             Not affected
Vulnerability Spec rstack overflow: Not affected
Vulnerability Spec store bypass:    Mitigation; Speculative Store Bypass disabled via prctl
Vulnerability Spectre v1:           Mitigation; usercopy/swapgs barriers and __user pointer sanitization
Vulnerability Spectre v2:           Mitigation; Enhanced / Automatic IBRS, IBPB conditional, RSB filling, PBRSB-eIBRS SW sequence
Vulnerability Srbds:                Not affected
Vulnerability Tsx async abort:      Not affected
Sun Apr 20 20:54:04 2025       
+---------------------------------------------------------------------------------------+
| NVIDIA-SMI 545.23.08              Driver Version: 545.23.08    CUDA Version: 12.3     |
|-----------------------------------------+----------------------+----------------------+
| GPU  Name                 Persistence-M | Bus-Id        Disp.A | Volatile Uncorr. ECC |
| Fan  Temp   Perf          Pwr:Usage/Cap |         Memory-Usage | GPU-Util  Compute M. |
|                                         |                      |               MIG M. |
|=========================================+======================+======================|
|   0  NVIDIA L40                     On  | 00000000:56:00.0 Off |                    0 |
| N/A   35C    P8              55W / 300W |      4MiB / 46068MiB |      0%      Default |
|                                         |                      |                  N/A |
+-----------------------------------------+----------------------+----------------------+
|   1  NVIDIA L40                     On  | 00000000:57:00.0 Off |                    0 |
| N/A   36C    P8              57W / 300W |      4MiB / 46068MiB |      0%      Default |
|                                         |                      |                  N/A |
+-----------------------------------------+----------------------+----------------------+
                                                                                         
+---------------------------------------------------------------------------------------+
| Processes:                                                                            |
|  GPU   GI   CI        PID   Type   Process name                            GPU Memory |
|        ID   ID                                                             Usage      |
|=======================================================================================|
|  No running processes found                                                           |
+---------------------------------------------------------------------------------------+
/home/akula.ha/.conda/envs/refseg/lib/python3.10/site-packages/torch/distributed/launch.py:181: FutureWarning: The module torch.distributed.launch is deprecated
and will be removed in future. Use torchrun.
Note that --use-env is set by default in torchrun.
If your script expects `--local-rank` argument to be set, please
change it to read from `os.environ['LOCAL_RANK']` instead. See 
https://pytorch.org/docs/stable/distributed.html#launch-utility for 
further instructions

  warnings.warn(
[2025-04-20 20:54:07,859] torch.distributed.run: [WARNING] 
[2025-04-20 20:54:07,859] torch.distributed.run: [WARNING] *****************************************
[2025-04-20 20:54:07,859] torch.distributed.run: [WARNING] Setting OMP_NUM_THREADS environment variable for each process to be 1 in default, to avoid your system being overloaded, please further tune the variable for optimal performance in your application as needed. 
[2025-04-20 20:54:07,859] torch.distributed.run: [WARNING] *****************************************
| distributed init (rank 0): env://
| distributed init (rank 1): env://
Namespace(batch_size=14, epochs=50, model='ReMamber_Conv_PEFT', pretrain_path='./pretrain', input_size=480, drop=0.0, drop_path=0.1, model_ema=False, model_ema_decay=0.9999, model_ema_force_cpu=False, opt='adamw', opt_eps=1e-08, opt_betas=None, clip_grad=None, momentum=0.9, weight_decay=0.0001, sched='cosine', lr=3.3e-05, lr_decoder=3.3e-05, lr_backbone=1.65e-05, lr_vssm=1.65e-05, warmup_lr=1e-06, min_lr=3e-07, decay_epochs=13.0, warmup_epochs=2, cooldown_epochs=10, patience_epochs=10, decay_rate=0.1, train_mode=True, finetune='pretrain/ReMamber_Conv.pth', data_path='./ref_dataset/data', data_set='refzom', output_dir='./l_outputs', device='cuda', seed=0, resume='l_outputs/ReMamber_Conv_PEFT_dadapter/checkpoint_model:034dc933.pth', start_epoch=0, eval=False, dist_eval=False, num_workers=8, pin_mem=True, distributed=True, world_size=2, dist_url='env://', if_amp=True, debug_mode=False, local_rank=0, model_title='model', logging='model', decoder_adapter=True, continue_lr=None, partial_freeze=False, single_epoch=True, lite_baseline=False, rank=0, gpu=0, dist_backend='nccl')
True val
./ref_dataset/data refzom zom
loading dataset refzom into memory...
creating index...
index created.
DONE (t=15.03s)
Preparing dataset ......
False val
./ref_dataset/data refzom zom
loading dataset refzom into memory...
creating index...
index created.
DONE (t=14.92s)
Preparing dataset ......
/home/akula.ha/.conda/envs/refseg/lib/python3.10/site-packages/torch/utils/data/dataloader.py:557: UserWarning: This DataLoader will create 8 worker processes in total. Our suggested max number of worker in current system is 1, which is smaller than what this DataLoader is going to create. Please be aware that excessive worker creation might get DataLoader running slow or even freeze, lower the worker number to avoid potential slowness/freeze if necessary.
  warnings.warn(_create_warning_msg(
length of train set: 57624
length of val set: 15406
/home/akula.ha/.conda/envs/refseg/lib/python3.10/site-packages/torch/utils/data/dataloader.py:557: UserWarning: This DataLoader will create 8 worker processes in total. Our suggested max number of worker in current system is 1, which is smaller than what this DataLoader is going to create. Please be aware that excessive worker creation might get DataLoader running slow or even freeze, lower the worker number to avoid potential slowness/freeze if necessary.
  warnings.warn(_create_warning_msg(
Creating model: ReMamber_Conv_PEFT
kwargs {'use_adapters': True}
Finetuning half decoder with adapters
True
number of params: 16548707
Loaded checkpoint from 'l_outputs/ReMamber_Conv_PEFT_dadapter/checkpoint_model:034dc933.pth'
Continuing training from epoch 4...
Model id is - model:a7cf98f0
length of train set: 50000
length of val set: 4000
Start training for 50 epochs
Learning rate: 3.3e-05
/home/akula.ha/.conda/envs/refseg/lib/python3.10/site-packages/torch/autograd/__init__.py:251: UserWarning: Grad strides do not match bucket view strides. This may indicate grad was not created according to the gradient layout contract, or that the param's strides changed since DDP was constructed.  This is not an error, but may impair performance.
grad.sizes() = [512, 192, 1, 1], strides() = [192, 1, 192, 192]
bucket_view.sizes() = [512, 192, 1, 1], strides() = [192, 1, 1, 1] (Triggered internally at ../torch/csrc/distributed/c10d/reducer.cpp:320.)
  Variable._execution_engine.run_backward(  # Calls into the C++ engine to run the backward pass
/home/akula.ha/.conda/envs/refseg/lib/python3.10/site-packages/torch/autograd/__init__.py:251: UserWarning: Grad strides do not match bucket view strides. This may indicate grad was not created according to the gradient layout contract, or that the param's strides changed since DDP was constructed.  This is not an error, but may impair performance.
grad.sizes() = [512, 192, 1, 1], strides() = [192, 1, 192, 192]
bucket_view.sizes() = [512, 192, 1, 1], strides() = [192, 1, 1, 1] (Triggered internally at ../torch/csrc/distributed/c10d/reducer.cpp:320.)
  Variable._execution_engine.run_backward(  # Calls into the C++ engine to run the backward pass
Epoch: [4]  [   0/1786]  eta: 16:07:05  lr: 0.000032  train_loss: 0.1399 (0.1399)  train_iou: 0.7269 (0.7269)  time: 32.4889  data: 12.0047  max mem: 39728
Epoch: [4]  [  20/1786]  eta: 1:22:31  lr: 0.000032  train_loss: 0.2159 (0.2136)  train_iou: 0.6108 (0.6278)  time: 1.3194  data: 0.0089  max mem: 39728
Epoch: [4]  [  40/1786]  eta: 1:00:20  lr: 0.000032  train_loss: 0.3007 (0.2557)  train_iou: 0.6384 (0.6305)  time: 1.3065  data: 0.0070  max mem: 39728
Epoch: [4]  [  60/1786]  eta: 0:52:31  lr: 0.000032  train_loss: 0.2421 (0.2575)  train_iou: 0.6531 (0.6350)  time: 1.3185  data: 0.0092  max mem: 39728
Epoch: [4]  [  80/1786]  eta: 0:48:21  lr: 0.000032  train_loss: 0.2776 (0.2685)  train_iou: 0.6494 (0.6394)  time: 1.3183  data: 0.0070  max mem: 39728
Epoch: [4]  [ 100/1786]  eta: 0:45:37  lr: 0.000032  train_loss: 0.2238 (0.2685)  train_iou: 0.6053 (0.6346)  time: 1.3129  data: 0.0111  max mem: 39728
Epoch: [4]  [ 120/1786]  eta: 0:43:41  lr: 0.000032  train_loss: 0.2181 (0.2653)  train_iou: 0.6415 (0.6372)  time: 1.3209  data: 0.0090  max mem: 39728
Epoch: [4]  [ 140/1786]  eta: 0:42:09  lr: 0.000032  train_loss: 0.2306 (0.2635)  train_iou: 0.6364 (0.6380)  time: 1.3135  data: 0.0093  max mem: 39728
Epoch: [4]  [ 160/1786]  eta: 0:40:53  lr: 0.000032  train_loss: 0.1798 (0.2576)  train_iou: 0.6236 (0.6355)  time: 1.3137  data: 0.0065  max mem: 39728
Epoch: [4]  [ 180/1786]  eta: 0:39:49  lr: 0.000032  train_loss: 0.2125 (0.2518)  train_iou: 0.5741 (0.6318)  time: 1.3171  data: 0.0101  max mem: 39728
Epoch: [4]  [ 200/1786]  eta: 0:38:52  lr: 0.000032  train_loss: 0.2377 (0.2508)  train_iou: 0.6678 (0.6364)  time: 1.3161  data: 0.0101  max mem: 39728
Epoch: [4]  [ 220/1786]  eta: 0:38:02  lr: 0.000032  train_loss: 0.1978 (0.2510)  train_iou: 0.6517 (0.6359)  time: 1.3260  data: 0.0091  max mem: 39728
Epoch: [4]  [ 240/1786]  eta: 0:37:15  lr: 0.000032  train_loss: 0.2700 (0.2534)  train_iou: 0.6232 (0.6359)  time: 1.3174  data: 0.0080  max mem: 39728
Epoch: [4]  [ 260/1786]  eta: 0:36:31  lr: 0.000032  train_loss: 0.2039 (0.2525)  train_iou: 0.6312 (0.6362)  time: 1.3127  data: 0.0096  max mem: 39728
Epoch: [4]  [ 280/1786]  eta: 0:35:49  lr: 0.000032  train_loss: 0.2773 (0.2544)  train_iou: 0.6270 (0.6358)  time: 1.3184  data: 0.0076  max mem: 39728
Epoch: [4]  [ 300/1786]  eta: 0:35:10  lr: 0.000032  train_loss: 0.2745 (0.2573)  train_iou: 0.6112 (0.6346)  time: 1.3221  data: 0.0076  max mem: 39728
Epoch: [4]  [ 320/1786]  eta: 0:34:33  lr: 0.000032  train_loss: 0.2208 (0.2588)  train_iou: 0.6413 (0.6344)  time: 1.3188  data: 0.0106  max mem: 39728
Epoch: [4]  [ 340/1786]  eta: 0:33:56  lr: 0.000032  train_loss: 0.2205 (0.2565)  train_iou: 0.6634 (0.6360)  time: 1.3189  data: 0.0064  max mem: 39728
Epoch: [4]  [ 360/1786]  eta: 0:33:21  lr: 0.000032  train_loss: 0.2323 (0.2569)  train_iou: 0.6450 (0.6366)  time: 1.3177  data: 0.0133  max mem: 39728
Epoch: [4]  [ 380/1786]  eta: 0:32:46  lr: 0.000032  train_loss: 0.1869 (0.2557)  train_iou: 0.6573 (0.6370)  time: 1.3129  data: 0.0109  max mem: 39728
Epoch: [4]  [ 400/1786]  eta: 0:32:12  lr: 0.000032  train_loss: 0.2826 (0.2582)  train_iou: 0.6197 (0.6364)  time: 1.3102  data: 0.0091  max mem: 39728
Epoch: [4]  [ 420/1786]  eta: 0:31:39  lr: 0.000032  train_loss: 0.2381 (0.2575)  train_iou: 0.6488 (0.6368)  time: 1.3206  data: 0.0093  max mem: 39728
Epoch: [4]  [ 440/1786]  eta: 0:31:08  lr: 0.000032  train_loss: 0.2336 (0.2573)  train_iou: 0.6450 (0.6378)  time: 1.3307  data: 0.0079  max mem: 39728
Epoch: [4]  [ 460/1786]  eta: 0:30:38  lr: 0.000032  train_loss: 0.2679 (0.2578)  train_iou: 0.6523 (0.6397)  time: 1.3470  data: 0.0116  max mem: 39728
Epoch: [4]  [ 480/1786]  eta: 0:30:06  lr: 0.000032  train_loss: 0.2691 (0.2583)  train_iou: 0.6135 (0.6394)  time: 1.3189  data: 0.0101  max mem: 39728
Epoch: [4]  [ 500/1786]  eta: 0:29:36  lr: 0.000032  train_loss: 0.2657 (0.2590)  train_iou: 0.5841 (0.6387)  time: 1.3366  data: 0.0100  max mem: 39728
Epoch: [4]  [ 520/1786]  eta: 0:29:07  lr: 0.000032  train_loss: 0.2482 (0.2594)  train_iou: 0.6335 (0.6381)  time: 1.3400  data: 0.0109  max mem: 39728
Epoch: [4]  [ 540/1786]  eta: 0:28:37  lr: 0.000032  train_loss: 0.2116 (0.2583)  train_iou: 0.6620 (0.6392)  time: 1.3359  data: 0.0106  max mem: 39728
Epoch: [4]  [ 560/1786]  eta: 0:28:08  lr: 0.000032  train_loss: 0.2989 (0.2587)  train_iou: 0.6271 (0.6393)  time: 1.3380  data: 0.0081  max mem: 39728
Epoch: [4]  [ 580/1786]  eta: 0:27:39  lr: 0.000032  train_loss: 0.2614 (0.2585)  train_iou: 0.5976 (0.6386)  time: 1.3397  data: 0.0104  max mem: 39728
Epoch: [4]  [ 600/1786]  eta: 0:27:10  lr: 0.000032  train_loss: 0.2533 (0.2600)  train_iou: 0.6498 (0.6389)  time: 1.3412  data: 0.0074  max mem: 39728
Epoch: [4]  [ 620/1786]  eta: 0:26:41  lr: 0.000032  train_loss: 0.2054 (0.2597)  train_iou: 0.6125 (0.6383)  time: 1.3311  data: 0.0098  max mem: 39728
Epoch: [4]  [ 640/1786]  eta: 0:26:12  lr: 0.000032  train_loss: 0.2019 (0.2593)  train_iou: 0.6195 (0.6382)  time: 1.3319  data: 0.0119  max mem: 39728
Epoch: [4]  [ 660/1786]  eta: 0:25:44  lr: 0.000032  train_loss: 0.1829 (0.2606)  train_iou: 0.6395 (0.6379)  time: 1.3549  data: 0.0090  max mem: 39728
Epoch: [4]  [ 680/1786]  eta: 0:25:15  lr: 0.000032  train_loss: 0.1916 (0.2595)  train_iou: 0.6587 (0.6379)  time: 1.3333  data: 0.0113  max mem: 39728
Epoch: [4]  [ 700/1786]  eta: 0:24:46  lr: 0.000032  train_loss: 0.1926 (0.2585)  train_iou: 0.6095 (0.6380)  time: 1.3251  data: 0.0113  max mem: 39728
Epoch: [4]  [ 720/1786]  eta: 0:24:18  lr: 0.000032  train_loss: 0.1982 (0.2570)  train_iou: 0.6787 (0.6389)  time: 1.3252  data: 0.0076  max mem: 39728
Epoch: [4]  [ 740/1786]  eta: 0:23:49  lr: 0.000032  train_loss: 0.2675 (0.2572)  train_iou: 0.6168 (0.6381)  time: 1.3315  data: 0.0055  max mem: 39728
Epoch: [4]  [ 760/1786]  eta: 0:23:21  lr: 0.000032  train_loss: 0.2276 (0.2570)  train_iou: 0.5997 (0.6373)  time: 1.3397  data: 0.0093  max mem: 39728
Epoch: [4]  [ 780/1786]  eta: 0:22:53  lr: 0.000032  train_loss: 0.1843 (0.2563)  train_iou: 0.6585 (0.6378)  time: 1.3547  data: 0.0107  max mem: 39728
Epoch: [4]  [ 800/1786]  eta: 0:22:26  lr: 0.000032  train_loss: 0.2391 (0.2569)  train_iou: 0.5835 (0.6370)  time: 1.3500  data: 0.0079  max mem: 39728
Epoch: [4]  [ 820/1786]  eta: 0:21:58  lr: 0.000032  train_loss: 0.2376 (0.2565)  train_iou: 0.6492 (0.6374)  time: 1.3342  data: 0.0078  max mem: 39728
Epoch: [4]  [ 840/1786]  eta: 0:21:30  lr: 0.000032  train_loss: 0.2593 (0.2566)  train_iou: 0.6794 (0.6378)  time: 1.3260  data: 0.0110  max mem: 39728
Epoch: [4]  [ 860/1786]  eta: 0:21:01  lr: 0.000032  train_loss: 0.2563 (0.2576)  train_iou: 0.6279 (0.6377)  time: 1.3229  data: 0.0109  max mem: 39728
Epoch: [4]  [ 880/1786]  eta: 0:20:33  lr: 0.000032  train_loss: 0.2143 (0.2571)  train_iou: 0.6588 (0.6381)  time: 1.3300  data: 0.0107  max mem: 39728
Epoch: [4]  [ 900/1786]  eta: 0:20:05  lr: 0.000032  train_loss: 0.1958 (0.2573)  train_iou: 0.6398 (0.6384)  time: 1.3212  data: 0.0106  max mem: 39728
Epoch: [4]  [ 920/1786]  eta: 0:19:38  lr: 0.000032  train_loss: 0.2381 (0.2579)  train_iou: 0.5788 (0.6376)  time: 1.3265  data: 0.0102  max mem: 39728
Epoch: [4]  [ 940/1786]  eta: 0:19:10  lr: 0.000032  train_loss: 0.2290 (0.2577)  train_iou: 0.6229 (0.6375)  time: 1.3248  data: 0.0124  max mem: 39728
Epoch: [4]  [ 960/1786]  eta: 0:18:42  lr: 0.000032  train_loss: 0.1854 (0.2565)  train_iou: 0.6602 (0.6381)  time: 1.3263  data: 0.0119  max mem: 39728
Epoch: [4]  [ 980/1786]  eta: 0:18:14  lr: 0.000032  train_loss: 0.2822 (0.2573)  train_iou: 0.6528 (0.6380)  time: 1.3295  data: 0.0093  max mem: 39728
Epoch: [4]  [1000/1786]  eta: 0:17:47  lr: 0.000032  train_loss: 0.3019 (0.2584)  train_iou: 0.6129 (0.6377)  time: 1.3246  data: 0.0139  max mem: 39728
Epoch: [4]  [1020/1786]  eta: 0:17:19  lr: 0.000032  train_loss: 0.2600 (0.2585)  train_iou: 0.6541 (0.6383)  time: 1.3117  data: 0.0083  max mem: 39728
Epoch: [4]  [1040/1786]  eta: 0:16:51  lr: 0.000032  train_loss: 0.2403 (0.2589)  train_iou: 0.6223 (0.6383)  time: 1.3140  data: 0.0074  max mem: 39728
Epoch: [4]  [1060/1786]  eta: 0:16:23  lr: 0.000032  train_loss: 0.2046 (0.2584)  train_iou: 0.6657 (0.6384)  time: 1.3214  data: 0.0071  max mem: 39728
Epoch: [4]  [1080/1786]  eta: 0:15:56  lr: 0.000032  train_loss: 0.2043 (0.2583)  train_iou: 0.5936 (0.6379)  time: 1.3161  data: 0.0107  max mem: 39728
Epoch: [4]  [1100/1786]  eta: 0:15:28  lr: 0.000032  train_loss: 0.2365 (0.2580)  train_iou: 0.5850 (0.6369)  time: 1.3127  data: 0.0054  max mem: 39728
Epoch: [4]  [1120/1786]  eta: 0:15:01  lr: 0.000032  train_loss: 0.2384 (0.2580)  train_iou: 0.6476 (0.6375)  time: 1.3215  data: 0.0114  max mem: 39728
Epoch: [4]  [1140/1786]  eta: 0:14:33  lr: 0.000032  train_loss: 0.1567 (0.2565)  train_iou: 0.6734 (0.6381)  time: 1.3224  data: 0.0069  max mem: 39728
Epoch: [4]  [1160/1786]  eta: 0:14:06  lr: 0.000032  train_loss: 0.2385 (0.2568)  train_iou: 0.6793 (0.6387)  time: 1.3177  data: 0.0100  max mem: 39728
Epoch: [4]  [1180/1786]  eta: 0:13:38  lr: 0.000032  train_loss: 0.3303 (0.2577)  train_iou: 0.6000 (0.6382)  time: 1.3163  data: 0.0078  max mem: 39728
Epoch: [4]  [1200/1786]  eta: 0:13:11  lr: 0.000032  train_loss: 0.2010 (0.2575)  train_iou: 0.6739 (0.6388)  time: 1.3089  data: 0.0126  max mem: 39728
Epoch: [4]  [1220/1786]  eta: 0:12:44  lr: 0.000032  train_loss: 0.2198 (0.2576)  train_iou: 0.6434 (0.6391)  time: 1.3123  data: 0.0108  max mem: 39728
Epoch: [4]  [1240/1786]  eta: 0:12:16  lr: 0.000032  train_loss: 0.1978 (0.2572)  train_iou: 0.6088 (0.6393)  time: 1.3121  data: 0.0126  max mem: 39728
Epoch: [4]  [1260/1786]  eta: 0:11:49  lr: 0.000032  train_loss: 0.1814 (0.2562)  train_iou: 0.6878 (0.6402)  time: 1.3203  data: 0.0112  max mem: 39728
Epoch: [4]  [1280/1786]  eta: 0:11:22  lr: 0.000032  train_loss: 0.2128 (0.2562)  train_iou: 0.6843 (0.6408)  time: 1.3081  data: 0.0117  max mem: 39728
Epoch: [4]  [1300/1786]  eta: 0:10:55  lr: 0.000032  train_loss: 0.2172 (0.2560)  train_iou: 0.6332 (0.6406)  time: 1.3131  data: 0.0129  max mem: 39728
Epoch: [4]  [1320/1786]  eta: 0:10:27  lr: 0.000032  train_loss: 0.1582 (0.2548)  train_iou: 0.6500 (0.6408)  time: 1.3133  data: 0.0103  max mem: 39728
Epoch: [4]  [1340/1786]  eta: 0:10:00  lr: 0.000032  train_loss: 0.2445 (0.2552)  train_iou: 0.6257 (0.6404)  time: 1.3131  data: 0.0072  max mem: 39728
Epoch: [4]  [1360/1786]  eta: 0:09:33  lr: 0.000032  train_loss: 0.2149 (0.2553)  train_iou: 0.6114 (0.6402)  time: 1.3079  data: 0.0112  max mem: 39728
Epoch: [4]  [1380/1786]  eta: 0:09:06  lr: 0.000032  train_loss: 0.2327 (0.2556)  train_iou: 0.6195 (0.6399)  time: 1.3184  data: 0.0089  max mem: 39728
Epoch: [4]  [1400/1786]  eta: 0:08:39  lr: 0.000032  train_loss: 0.2287 (0.2558)  train_iou: 0.6372 (0.6396)  time: 1.3127  data: 0.0099  max mem: 39728
Epoch: [4]  [1420/1786]  eta: 0:08:13  lr: 0.000032  train_loss: 0.2081 (0.2555)  train_iou: 0.6279 (0.6399)  time: 1.5111  data: 0.0086  max mem: 39728
Epoch: [4]  [1440/1786]  eta: 0:07:46  lr: 0.000032  train_loss: 0.2212 (0.2558)  train_iou: 0.7131 (0.6405)  time: 1.3192  data: 0.0076  max mem: 39728
Epoch: [4]  [1460/1786]  eta: 0:07:19  lr: 0.000032  train_loss: 0.2587 (0.2558)  train_iou: 0.6235 (0.6404)  time: 1.3082  data: 0.0088  max mem: 39728
Epoch: [4]  [1480/1786]  eta: 0:06:51  lr: 0.000032  train_loss: 0.1793 (0.2557)  train_iou: 0.6357 (0.6402)  time: 1.3081  data: 0.0083  max mem: 39728
Epoch: [4]  [1500/1786]  eta: 0:06:24  lr: 0.000032  train_loss: 0.2141 (0.2557)  train_iou: 0.6531 (0.6402)  time: 1.3057  data: 0.0088  max mem: 39728
Epoch: [4]  [1520/1786]  eta: 0:05:57  lr: 0.000032  train_loss: 0.2370 (0.2559)  train_iou: 0.6434 (0.6404)  time: 1.3066  data: 0.0094  max mem: 39728
Epoch: [4]  [1540/1786]  eta: 0:05:30  lr: 0.000032  train_loss: 0.1589 (0.2554)  train_iou: 0.6644 (0.6409)  time: 1.2992  data: 0.0062  max mem: 39728
Epoch: [4]  [1560/1786]  eta: 0:05:03  lr: 0.000032  train_loss: 0.2745 (0.2556)  train_iou: 0.6157 (0.6409)  time: 1.2974  data: 0.0057  max mem: 39728
Epoch: [4]  [1580/1786]  eta: 0:04:36  lr: 0.000032  train_loss: 0.2294 (0.2556)  train_iou: 0.6552 (0.6411)  time: 1.2993  data: 0.0065  max mem: 39728
Epoch: [4]  [1600/1786]  eta: 0:04:09  lr: 0.000032  train_loss: 0.2092 (0.2552)  train_iou: 0.6198 (0.6408)  time: 1.3066  data: 0.0082  max mem: 39728
Epoch: [4]  [1620/1786]  eta: 0:03:42  lr: 0.000032  train_loss: 0.1866 (0.2550)  train_iou: 0.6302 (0.6407)  time: 1.3007  data: 0.0075  max mem: 39728
Epoch: [4]  [1640/1786]  eta: 0:03:15  lr: 0.000032  train_loss: 0.2104 (0.2548)  train_iou: 0.6312 (0.6409)  time: 1.3029  data: 0.0091  max mem: 39728
Epoch: [4]  [1660/1786]  eta: 0:02:49  lr: 0.000032  train_loss: 0.2426 (0.2551)  train_iou: 0.6512 (0.6406)  time: 1.3011  data: 0.0061  max mem: 39728
Epoch: [4]  [1680/1786]  eta: 0:02:22  lr: 0.000032  train_loss: 0.2056 (0.2547)  train_iou: 0.6644 (0.6410)  time: 1.3076  data: 0.0083  max mem: 39728
Epoch: [4]  [1700/1786]  eta: 0:01:55  lr: 0.000032  train_loss: 0.2075 (0.2544)  train_iou: 0.6266 (0.6408)  time: 1.2980  data: 0.0085  max mem: 39728
Epoch: [4]  [1720/1786]  eta: 0:01:28  lr: 0.000032  train_loss: 0.2446 (0.2544)  train_iou: 0.6354 (0.6409)  time: 1.3003  data: 0.0066  max mem: 39728
Epoch: [4]  [1740/1786]  eta: 0:01:01  lr: 0.000032  train_loss: 0.1829 (0.2541)  train_iou: 0.6546 (0.6412)  time: 1.3038  data: 0.0048  max mem: 39728
Epoch: [4]  [1760/1786]  eta: 0:00:34  lr: 0.000032  train_loss: 0.2065 (0.2537)  train_iou: 0.6673 (0.6415)  time: 1.2940  data: 0.0102  max mem: 39728
Epoch: [4]  [1780/1786]  eta: 0:00:08  lr: 0.000032  train_loss: 0.1988 (0.2537)  train_iou: 0.6450 (0.6417)  time: 1.1155  data: 0.0040  max mem: 39728
Epoch: [4]  [1785/1786]  eta: 0:00:01  lr: 0.000032  train_loss: 0.1977 (0.2536)  train_iou: 0.6370 (0.6417)  time: 1.6797  data: 0.0019  max mem: 39728
Epoch: [4] Total time: 0:39:59 (1.3436 s / it)
Averaged stats: lr: 0.000032  train_loss: 0.1977 (0.2506)  train_iou: 0.6370 (0.6426)
huggingface/tokenizers: The current process just got forked, after parallelism has already been used. Disabling parallelism to avoid deadlocks...
To disable this warning, you can either:
	- Avoid using `tokenizers` before the fork if possible
	- Explicitly set the environment variable TOKENIZERS_PARALLELISM=(true | false)
huggingface/tokenizers: The current process just got forked, after parallelism has already been used. Disabling parallelism to avoid deadlocks...
To disable this warning, you can either:
	- Avoid using `tokenizers` before the fork if possible
	- Explicitly set the environment variable TOKENIZERS_PARALLELISM=(true | false)
huggingface/tokenizers: The current process just got forked, after parallelism has already been used. Disabling parallelism to avoid deadlocks...
To disable this warning, you can either:
	- Avoid using `tokenizers` before the fork if possible
	- Explicitly set the environment variable TOKENIZERS_PARALLELISM=(true | false)
huggingface/tokenizers: The current process just got forked, after parallelism has already been used. Disabling parallelism to avoid deadlocks...
To disable this warning, you can either:
	- Avoid using `tokenizers` before the fork if possible
	- Explicitly set the environment variable TOKENIZERS_PARALLELISM=(true | false)
huggingface/tokenizers: The current process just got forked, after parallelism has already been used. Disabling parallelism to avoid deadlocks...
To disable this warning, you can either:
	- Avoid using `tokenizers` before the fork if possible
	- Explicitly set the environment variable TOKENIZERS_PARALLELISM=(true | false)
huggingface/tokenizers: The current process just got forked, after parallelism has already been used. Disabling parallelism to avoid deadlocks...
To disable this warning, you can either:
	- Avoid using `tokenizers` before the fork if possible
	- Explicitly set the environment variable TOKENIZERS_PARALLELISM=(true | false)
huggingface/tokenizers: The current process just got forked, after parallelism has already been used. Disabling parallelism to avoid deadlocks...
To disable this warning, you can either:
	- Avoid using `tokenizers` before the fork if possible
	- Explicitly set the environment variable TOKENIZERS_PARALLELISM=(true | false)
huggingface/tokenizers: The current process just got forked, after parallelism has already been used. Disabling parallelism to avoid deadlocks...
To disable this warning, you can either:
	- Avoid using `tokenizers` before the fork if possible
	- Explicitly set the environment variable TOKENIZERS_PARALLELISM=(true | false)
huggingface/tokenizers: The current process just got forked, after parallelism has already been used. Disabling parallelism to avoid deadlocks...
To disable this warning, you can either:
	- Avoid using `tokenizers` before the fork if possible
	- Explicitly set the environment variable TOKENIZERS_PARALLELISM=(true | false)
huggingface/tokenizers: The current process just got forked, after parallelism has already been used. Disabling parallelism to avoid deadlocks...
To disable this warning, you can either:
	- Avoid using `tokenizers` before the fork if possible
	- Explicitly set the environment variable TOKENIZERS_PARALLELISM=(true | false)
huggingface/tokenizers: The current process just got forked, after parallelism has already been used. Disabling parallelism to avoid deadlocks...
To disable this warning, you can either:
	- Avoid using `tokenizers` before the fork if possible
	- Explicitly set the environment variable TOKENIZERS_PARALLELISM=(true | false)
huggingface/tokenizers: The current process just got forked, after parallelism has already been used. Disabling parallelism to avoid deadlocks...
To disable this warning, you can either:
	- Avoid using `tokenizers` before the fork if possible
	- Explicitly set the environment variable TOKENIZERS_PARALLELISM=(true | false)
huggingface/tokenizers: The current process just got forked, after parallelism has already been used. Disabling parallelism to avoid deadlocks...
To disable this warning, you can either:
	- Avoid using `tokenizers` before the fork if possible
	- Explicitly set the environment variable TOKENIZERS_PARALLELISM=(true | false)
huggingface/tokenizers: The current process just got forked, after parallelism has already been used. Disabling parallelism to avoid deadlocks...
To disable this warning, you can either:
	- Avoid using `tokenizers` before the fork if possible
	- Explicitly set the environment variable TOKENIZERS_PARALLELISM=(true | false)
huggingface/tokenizers: The current process just got forked, after parallelism has already been used. Disabling parallelism to avoid deadlocks...
To disable this warning, you can either:
	- Avoid using `tokenizers` before the fork if possible
	- Explicitly set the environment variable TOKENIZERS_PARALLELISM=(true | false)
huggingface/tokenizers: The current process just got forked, after parallelism has already been used. Disabling parallelism to avoid deadlocks...
To disable this warning, you can either:
	- Avoid using `tokenizers` before the fork if possible
	- Explicitly set the environment variable TOKENIZERS_PARALLELISM=(true | false)
Test:  [   0/4000]  eta: 5:30:33  inter: 32807.0000 (32807.0000)  union: 35267.0000 (35267.0000)  iou: 0.9302 (0.9302)  time: 4.9585  data: 1.1514  max mem: 39728
Test:  [  50/4000]  eta: 0:30:54  inter: 22380.0000 (23118.0000)  union: 45117.0000 (40628.7656)  iou: 0.6125 (0.5459)  time: 0.2486  data: 0.0051  max mem: 39728
Test:  [ 100/4000]  eta: 0:25:54  inter: 20247.0000 (24351.0000)  union: 46123.0000 (41600.7206)  iou: 0.6128 (0.5766)  time: 0.2509  data: 0.0023  max mem: 39728
Test:  [ 150/4000]  eta: 0:22:31  inter: 17889.0000 (24129.6986)  union: 29853.0000 (39401.2871)  iou: 0.8301 (0.6037)  time: 0.2567  data: 0.0015  max mem: 39728
Test:  [ 200/4000]  eta: 0:20:37  inter: 33461.0000 (24766.4029)  union: 36562.0000 (39094.5385)  iou: 0.8683 (0.6123)  time: 0.2500  data: 0.0044  max mem: 39728
Test:  [ 250/4000]  eta: 0:19:24  inter: 14784.0000 (26667.9247)  union: 33225.0000 (40793.4518)  iou: 0.4421 (0.6089)  time: 0.2540  data: 0.0030  max mem: 39728
Test:  [ 300/4000]  eta: 0:18:33  inter: 17419.0000 (26186.6873)  union: 24192.0000 (40421.0620)  iou: 0.5361 (0.6031)  time: 0.2538  data: 0.0074  max mem: 39728
Test:  [ 350/4000]  eta: 0:17:52  inter: 9054.0000 (25137.3719)  union: 31066.0000 (40224.1736)  iou: 0.4669 (0.5899)  time: 0.2514  data: 0.0036  max mem: 39728
Test:  [ 400/4000]  eta: 0:17:58  inter: 30521.0000 (24683.5607)  union: 35770.0000 (39492.4554)  iou: 0.7344 (0.5901)  time: 0.2524  data: 0.0012  max mem: 39728
Test:  [ 450/4000]  eta: 0:17:25  inter: 13463.0000 (24428.0905)  union: 28810.0000 (39317.4540)  iou: 0.5016 (0.5886)  time: 0.2561  data: 0.0038  max mem: 39728
Test:  [ 500/4000]  eta: 0:16:57  inter: 17092.0000 (24814.7206)  union: 31941.0000 (40236.9355)  iou: 0.5362 (0.5841)  time: 0.2501  data: 0.0012  max mem: 39728
Test:  [ 550/4000]  eta: 0:16:32  inter: 15361.0000 (24806.3008)  union: 27629.0000 (39966.4396)  iou: 0.8263 (0.5909)  time: 0.2555  data: 0.0021  max mem: 39728
Test:  [ 600/4000]  eta: 0:16:09  inter: 10242.0000 (24693.2509)  union: 31220.0000 (39973.7195)  iou: 0.8327 (0.5881)  time: 0.2585  data: 0.0019  max mem: 39728
Test:  [ 650/4000]  eta: 0:15:46  inter: 21883.0000 (25257.0851)  union: 39199.0000 (40310.3448)  iou: 0.6094 (0.5879)  time: 0.2517  data: 0.0060  max mem: 39728
Test:  [ 700/4000]  eta: 0:15:25  inter: 13183.0000 (24898.0123)  union: 28839.0000 (40043.3789)  iou: 0.3444 (0.5813)  time: 0.2563  data: 0.0033  max mem: 39728
Test:  [ 750/4000]  eta: 0:15:07  inter: 26826.0000 (24720.7707)  union: 29615.0000 (39910.5366)  iou: 0.8395 (0.5837)  time: 0.2610  data: 0.0035  max mem: 39728
Test:  [ 800/4000]  eta: 0:14:48  inter: 18875.0000 (24500.6902)  union: 46206.0000 (39476.0402)  iou: 0.5546 (0.5835)  time: 0.2552  data: 0.0029  max mem: 39728
Test:  [ 850/4000]  eta: 0:14:30  inter: 21406.0000 (24601.7808)  union: 33951.0000 (39486.3406)  iou: 0.7596 (0.5843)  time: 0.2502  data: 0.0026  max mem: 39728
Test:  [ 900/4000]  eta: 0:14:12  inter: 11063.0000 (24637.3123)  union: 27028.0000 (39782.5897)  iou: 0.4902 (0.5794)  time: 0.2514  data: 0.0088  max mem: 39728
Test:  [ 950/4000]  eta: 0:13:55  inter: 24213.0000 (24925.4171)  union: 31015.0000 (39912.1523)  iou: 0.8032 (0.5804)  time: 0.2519  data: 0.0042  max mem: 39728
Test:  [1000/4000]  eta: 0:13:39  inter: 21525.0000 (25110.0784)  union: 36630.0000 (40103.1290)  iou: 0.7761 (0.5808)  time: 0.2528  data: 0.0007  max mem: 39728
Test:  [1050/4000]  eta: 0:13:22  inter: 19980.0000 (25041.8109)  union: 36954.0000 (40098.8116)  iou: 0.5297 (0.5796)  time: 0.2555  data: 0.0024  max mem: 39728
Test:  [1100/4000]  eta: 0:13:06  inter: 22248.0000 (24838.6009)  union: 28069.0000 (39878.0781)  iou: 0.7018 (0.5787)  time: 0.2561  data: 0.0027  max mem: 39728
Test:  [1150/4000]  eta: 0:12:51  inter: 9875.0000 (25018.4063)  union: 23661.0000 (39796.1904)  iou: 0.4177 (0.5825)  time: 0.2564  data: 0.0013  max mem: 39728
Test:  [1200/4000]  eta: 0:12:35  inter: 16151.0000 (25020.3989)  union: 28987.0000 (40020.5767)  iou: 0.7972 (0.5802)  time: 0.2537  data: 0.0023  max mem: 39728
Test:  [1250/4000]  eta: 0:12:20  inter: 946.0000 (24786.9563)  union: 35254.0000 (39798.0784)  iou: 0.0208 (0.5787)  time: 0.2559  data: 0.0029  max mem: 39728
Test:  [1300/4000]  eta: 0:12:05  inter: 15802.0000 (24574.5423)  union: 35394.0000 (39607.8580)  iou: 0.5198 (0.5794)  time: 0.2515  data: 0.0023  max mem: 39728
Test:  [1350/4000]  eta: 0:11:50  inter: 23974.0000 (24512.8521)  union: 34053.0000 (39575.7537)  iou: 0.7625 (0.5789)  time: 0.2570  data: 0.0055  max mem: 39728
Test:  [1400/4000]  eta: 0:11:35  inter: 9851.0000 (24622.9944)  union: 11875.0000 (39740.7034)  iou: 0.6158 (0.5770)  time: 0.2537  data: 0.0071  max mem: 39728
Test:  [1450/4000]  eta: 0:11:21  inter: 16062.0000 (24559.2822)  union: 36193.0000 (39634.0122)  iou: 0.4660 (0.5764)  time: 0.2544  data: 0.0028  max mem: 39728
Test:  [1500/4000]  eta: 0:11:06  inter: 13776.0000 (24544.7904)  union: 39887.0000 (39769.1902)  iou: 0.4440 (0.5741)  time: 0.2536  data: 0.0062  max mem: 39728
Test:  [1550/4000]  eta: 0:10:52  inter: 16209.0000 (24499.8467)  union: 28574.0000 (39692.5091)  iou: 0.8229 (0.5758)  time: 0.2566  data: 0.0034  max mem: 39728
Test:  [1600/4000]  eta: 0:10:45  inter: 10998.0000 (24397.1424)  union: 23806.0000 (39642.0432)  iou: 0.4242 (0.5729)  time: 0.4935  data: 0.0050  max mem: 39728
Test:  [1650/4000]  eta: 0:10:31  inter: 16064.0000 (24360.0540)  union: 32386.0000 (39649.5416)  iou: 0.4905 (0.5720)  time: 0.2636  data: 0.0038  max mem: 39728
Test:  [1700/4000]  eta: 0:10:17  inter: 16917.0000 (24364.8448)  union: 35998.0000 (39727.8919)  iou: 0.7952 (0.5708)  time: 0.2576  data: 0.0022  max mem: 39728
Test:  [1750/4000]  eta: 0:10:03  inter: 17158.0000 (24346.0093)  union: 32470.0000 (39646.0798)  iou: 0.7340 (0.5708)  time: 0.2605  data: 0.0090  max mem: 39728
Test:  [1800/4000]  eta: 0:09:49  inter: 14485.0000 (24215.8049)  union: 36145.0000 (39546.5952)  iou: 0.3507 (0.5700)  time: 0.2640  data: 0.0063  max mem: 39728
Test:  [1850/4000]  eta: 0:09:35  inter: 11020.0000 (24191.9736)  union: 34122.0000 (39607.1318)  iou: 0.3364 (0.5688)  time: 0.2588  data: 0.0074  max mem: 39728
Test:  [1900/4000]  eta: 0:09:21  inter: 34976.0000 (24150.8032)  union: 54439.0000 (39527.7246)  iou: 0.6371 (0.5696)  time: 0.2623  data: 0.0042  max mem: 39728
Test:  [1950/4000]  eta: 0:09:07  inter: 11484.0000 (24143.0257)  union: 16842.0000 (39516.6806)  iou: 0.6897 (0.5705)  time: 0.2573  data: 0.0016  max mem: 39728
Test:  [2000/4000]  eta: 0:08:54  inter: 12588.0000 (24132.6133)  union: 23070.0000 (39468.3495)  iou: 0.6606 (0.5711)  time: 0.2606  data: 0.0019  max mem: 39728
Test:  [2050/4000]  eta: 0:08:40  inter: 9956.0000 (24028.1116)  union: 49600.0000 (39560.4783)  iou: 0.2667 (0.5687)  time: 0.2631  data: 0.0031  max mem: 39728
Test:  [2100/4000]  eta: 0:08:26  inter: 15196.0000 (23991.3614)  union: 31752.0000 (39523.2879)  iou: 0.7432 (0.5691)  time: 0.2555  data: 0.0030  max mem: 39728
Test:  [2150/4000]  eta: 0:08:13  inter: 15257.0000 (23994.4543)  union: 30119.0000 (39548.5005)  iou: 0.6246 (0.5686)  time: 0.2594  data: 0.0029  max mem: 39728
Test:  [2200/4000]  eta: 0:07:59  inter: 12289.0000 (23981.5435)  union: 20081.0000 (39471.4188)  iou: 0.6385 (0.5691)  time: 0.2594  data: 0.0027  max mem: 39728
Test:  [2250/4000]  eta: 0:07:45  inter: 18838.0000 (23853.7369)  union: 37480.0000 (39306.5151)  iou: 0.7546 (0.5682)  time: 0.2537  data: 0.0031  max mem: 39728
Test:  [2300/4000]  eta: 0:07:32  inter: 18668.0000 (23936.5901)  union: 36650.0000 (39301.4918)  iou: 0.5573 (0.5701)  time: 0.2601  data: 0.0047  max mem: 39728
Test:  [2350/4000]  eta: 0:07:18  inter: 15143.0000 (23873.9584)  union: 37550.0000 (39275.5402)  iou: 0.6832 (0.5698)  time: 0.2659  data: 0.0017  max mem: 39728
Test:  [2400/4000]  eta: 0:07:05  inter: 10611.0000 (23926.0887)  union: 33048.0000 (39246.2843)  iou: 0.4444 (0.5707)  time: 0.2633  data: 0.0032  max mem: 39728
Test:  [2450/4000]  eta: 0:06:51  inter: 28414.0000 (24009.6736)  union: 32698.0000 (39310.7086)  iou: 0.7833 (0.5722)  time: 0.2547  data: 0.0033  max mem: 39728
Test:  [2500/4000]  eta: 0:06:38  inter: 23253.0000 (23948.5243)  union: 39827.0000 (39321.7216)  iou: 0.8009 (0.5717)  time: 0.2596  data: 0.0059  max mem: 39728
Test:  [2550/4000]  eta: 0:06:24  inter: 27271.0000 (24044.6738)  union: 33221.0000 (39435.7779)  iou: 0.7810 (0.5721)  time: 0.2665  data: 0.0034  max mem: 39728
Test:  [2600/4000]  eta: 0:06:11  inter: 12917.0000 (23991.1642)  union: 28703.0000 (39365.9910)  iou: 0.4870 (0.5712)  time: 0.2611  data: 0.0034  max mem: 39728
Test:  [2650/4000]  eta: 0:05:58  inter: 15862.0000 (24014.1638)  union: 34011.0000 (39547.6402)  iou: 0.8083 (0.5702)  time: 0.2652  data: 0.0019  max mem: 39728
Test:  [2700/4000]  eta: 0:05:44  inter: 21922.0000 (24078.8007)  union: 30371.0000 (39617.0055)  iou: 0.8453 (0.5706)  time: 0.2622  data: 0.0048  max mem: 39728
Test:  [2750/4000]  eta: 0:05:31  inter: 22680.0000 (24112.3570)  union: 28985.0000 (39710.5294)  iou: 0.8148 (0.5697)  time: 0.2549  data: 0.0037  max mem: 39728
Test:  [2800/4000]  eta: 0:05:18  inter: 14683.0000 (24116.2457)  union: 30382.0000 (39637.8576)  iou: 0.5828 (0.5704)  time: 0.2584  data: 0.0037  max mem: 39728
Test:  [2850/4000]  eta: 0:05:04  inter: 11903.0000 (24235.5389)  union: 32688.0000 (39724.3829)  iou: 0.3184 (0.5701)  time: 0.2588  data: 0.0017  max mem: 39728
Test:  [2900/4000]  eta: 0:04:51  inter: 17672.0000 (24253.3970)  union: 26099.0000 (39773.3198)  iou: 0.7135 (0.5691)  time: 0.2562  data: 0.0062  max mem: 39728
Test:  [2950/4000]  eta: 0:04:38  inter: 18817.0000 (24265.4512)  union: 26447.0000 (39791.4673)  iou: 0.5025 (0.5691)  time: 0.2555  data: 0.0066  max mem: 39728
Test:  [3000/4000]  eta: 0:04:24  inter: 10712.0000 (24187.9329)  union: 32543.0000 (39747.8714)  iou: 0.4082 (0.5681)  time: 0.2659  data: 0.0032  max mem: 39728
Test:  [3050/4000]  eta: 0:04:11  inter: 13252.0000 (24182.6143)  union: 29495.0000 (39821.1742)  iou: 0.4567 (0.5680)  time: 0.2607  data: 0.0026  max mem: 39728
Test:  [3100/4000]  eta: 0:03:58  inter: 16860.0000 (24183.3330)  union: 39023.0000 (39791.4037)  iou: 0.4702 (0.5685)  time: 0.2580  data: 0.0036  max mem: 39728
Test:  [3150/4000]  eta: 0:03:44  inter: 14859.0000 (24091.4862)  union: 22032.0000 (39664.3586)  iou: 0.5056 (0.5685)  time: 0.2593  data: 0.0009  max mem: 39728
Test:  [3200/4000]  eta: 0:03:31  inter: 10066.0000 (24104.4795)  union: 38080.0000 (39716.3485)  iou: 0.6123 (0.5688)  time: 0.2621  data: 0.0038  max mem: 39728
Test:  [3250/4000]  eta: 0:03:18  inter: 11546.0000 (24042.4043)  union: 24966.0000 (39643.0890)  iou: 0.7737 (0.5675)  time: 0.2586  data: 0.0026  max mem: 39728
Test:  [3300/4000]  eta: 0:03:05  inter: 24624.0000 (24152.9605)  union: 44289.0000 (39757.4364)  iou: 0.8092 (0.5669)  time: 0.2601  data: 0.0023  max mem: 39728
Test:  [3350/4000]  eta: 0:02:51  inter: 9670.0000 (24153.4960)  union: 13052.0000 (39758.7765)  iou: 0.7659 (0.5677)  time: 0.2547  data: 0.0047  max mem: 39728
Test:  [3400/4000]  eta: 0:02:38  inter: 24031.0000 (24265.4459)  union: 38078.0000 (39833.1642)  iou: 0.8509 (0.5690)  time: 0.2625  data: 0.0069  max mem: 39728
Test:  [3450/4000]  eta: 0:02:25  inter: 19317.0000 (24298.9846)  union: 29451.0000 (39837.5824)  iou: 0.7435 (0.5692)  time: 0.2582  data: 0.0053  max mem: 39728
Test:  [3500/4000]  eta: 0:02:12  inter: 15188.0000 (24278.2301)  union: 20842.0000 (39760.4118)  iou: 0.7800 (0.5697)  time: 0.2541  data: 0.0040  max mem: 39728
Test:  [3550/4000]  eta: 0:01:58  inter: 26621.0000 (24283.6674)  union: 37210.0000 (39763.3476)  iou: 0.8307 (0.5691)  time: 0.2574  data: 0.0046  max mem: 39728
Test:  [3600/4000]  eta: 0:01:45  inter: 21135.0000 (24207.0859)  union: 31497.0000 (39724.8709)  iou: 0.3843 (0.5677)  time: 0.2583  data: 0.0014  max mem: 39728
Test:  [3650/4000]  eta: 0:01:32  inter: 14035.0000 (24154.4458)  union: 38728.0000 (39706.4430)  iou: 0.4592 (0.5671)  time: 0.2628  data: 0.0077  max mem: 39728
Test:  [3700/4000]  eta: 0:01:19  inter: 20623.0000 (24248.5369)  union: 37940.0000 (39742.3697)  iou: 0.6613 (0.5678)  time: 0.2591  data: 0.0032  max mem: 39728
Test:  [3750/4000]  eta: 0:01:05  inter: 23257.0000 (24309.3778)  union: 44098.0000 (39797.1948)  iou: 0.5705 (0.5687)  time: 0.2610  data: 0.0022  max mem: 39728
Test:  [3800/4000]  eta: 0:00:52  inter: 18829.0000 (24336.0015)  union: 29527.0000 (39781.0891)  iou: 0.5358 (0.5689)  time: 0.2571  data: 0.0008  max mem: 39728
Test:  [3850/4000]  eta: 0:00:39  inter: 18472.0000 (24342.1591)  union: 33048.0000 (39789.8187)  iou: 0.8210 (0.5690)  time: 0.2625  data: 0.0042  max mem: 39728
Test:  [3900/4000]  eta: 0:00:26  inter: 18054.0000 (24410.3209)  union: 27079.0000 (39858.9244)  iou: 0.6771 (0.5693)  time: 0.2576  data: 0.0014  max mem: 39728
Test:  [3950/4000]  eta: 0:00:13  inter: 17549.0000 (24381.0541)  union: 35327.0000 (39813.0223)  iou: 0.6153 (0.5698)  time: 0.2553  data: 0.0022  max mem: 39728
Test:  [3999/4000]  eta: 0:00:00  inter: 14639.0000 (24350.3229)  union: 30771.0000 (39735.2096)  iou: 0.5389 (0.5706)  time: 0.2439  data: 0.0001  max mem: 39728
Test: Total time: 0:17:34 (0.2636 s / it)
* IoU 0.571 oIoU 0.613
IoU of the network on the 4000 test images: 0.6%
Max IoU: 0.57%
Training time 0:57:41
