Architecture:                       x86_64
CPU op-mode(s):                     32-bit, 64-bit
Address sizes:                      52 bits physical, 57 bits virtual
Byte Order:                         Little Endian
CPU(s):                             36
On-line CPU(s) list:                0-35
Vendor ID:                          GenuineIntel
Model name:                         Intel(R) Xeon(R) Gold 6354 CPU @ 3.00GHz
CPU family:                         6
Model:                              106
Thread(s) per core:                 1
Core(s) per socket:                 18
Socket(s):                          2
Stepping:                           6
CPU max MHz:                        3600.0000
CPU min MHz:                        800.0000
BogoMIPS:                           6000.00
Flags:                              fpu vme de pse tsc msr pae mce cx8 apic sep mtrr pge mca cmov pat pse36 clflush dts acpi mmx fxsr sse sse2 ss ht tm pbe syscall nx pdpe1gb rdtscp lm constant_tsc art arch_perfmon pebs bts rep_good nopl xtopology nonstop_tsc cpuid aperfmperf pni pclmulqdq dtes64 monitor ds_cpl vmx smx est tm2 ssse3 sdbg fma cx16 xtpr pdcm pcid dca sse4_1 sse4_2 x2apic movbe popcnt tsc_deadline_timer aes xsave avx f16c rdrand lahf_lm abm 3dnowprefetch cpuid_fault epb cat_l3 invpcid_single ssbd mba ibrs ibpb stibp ibrs_enhanced tpr_shadow flexpriority ept vpid ept_ad fsgsbase tsc_adjust bmi1 avx2 smep bmi2 erms invpcid cqm rdt_a avx512f avx512dq rdseed adx smap avx512ifma clflushopt clwb intel_pt avx512cd sha_ni avx512bw avx512vl xsaveopt xsavec xgetbv1 xsaves cqm_llc cqm_occup_llc cqm_mbm_total cqm_mbm_local split_lock_detect wbnoinvd dtherm ida arat pln pts vnmi avx512vbmi umip pku ospke avx512_vbmi2 gfni vaes vpclmulqdq avx512_vnni avx512_bitalg tme avx512_vpopcntdq la57 rdpid fsrm md_clear pconfig flush_l1d arch_capabilities
Virtualization:                     VT-x
L1d cache:                          1.7 MiB (36 instances)
L1i cache:                          1.1 MiB (36 instances)
L2 cache:                           45 MiB (36 instances)
L3 cache:                           78 MiB (2 instances)
NUMA node(s):                       2
NUMA node0 CPU(s):                  0-17
NUMA node1 CPU(s):                  18-35
Vulnerability Gather data sampling: Mitigation; Microcode
Vulnerability Itlb multihit:        Not affected
Vulnerability L1tf:                 Not affected
Vulnerability Mds:                  Not affected
Vulnerability Meltdown:             Not affected
Vulnerability Mmio stale data:      Mitigation; Clear CPU buffers; SMT disabled
Vulnerability Retbleed:             Not affected
Vulnerability Spec rstack overflow: Not affected
Vulnerability Spec store bypass:    Mitigation; Speculative Store Bypass disabled via prctl
Vulnerability Spectre v1:           Mitigation; usercopy/swapgs barriers and __user pointer sanitization
Vulnerability Spectre v2:           Mitigation; Enhanced / Automatic IBRS, IBPB conditional, RSB filling, PBRSB-eIBRS SW sequence
Vulnerability Srbds:                Not affected
Vulnerability Tsx async abort:      Not affected
Mon Apr 21 11:11:46 2025       
+---------------------------------------------------------------------------------------+
| NVIDIA-SMI 545.23.08              Driver Version: 545.23.08    CUDA Version: 12.3     |
|-----------------------------------------+----------------------+----------------------+
| GPU  Name                 Persistence-M | Bus-Id        Disp.A | Volatile Uncorr. ECC |
| Fan  Temp   Perf          Pwr:Usage/Cap |         Memory-Usage | GPU-Util  Compute M. |
|                                         |                      |               MIG M. |
|=========================================+======================+======================|
|   0  NVIDIA L40                     On  | 00000000:56:00.0 Off |                    0 |
| N/A   34C    P8              55W / 300W |      4MiB / 46068MiB |      0%      Default |
|                                         |                      |                  N/A |
+-----------------------------------------+----------------------+----------------------+
|   1  NVIDIA L40                     On  | 00000000:57:00.0 Off |                    0 |
| N/A   35C    P8              58W / 300W |      4MiB / 46068MiB |      0%      Default |
|                                         |                      |                  N/A |
+-----------------------------------------+----------------------+----------------------+
                                                                                         
+---------------------------------------------------------------------------------------+
| Processes:                                                                            |
|  GPU   GI   CI        PID   Type   Process name                            GPU Memory |
|        ID   ID                                                             Usage      |
|=======================================================================================|
|  No running processes found                                                           |
+---------------------------------------------------------------------------------------+
/home/akula.ha/.conda/envs/refseg/lib/python3.10/site-packages/torch/distributed/launch.py:181: FutureWarning: The module torch.distributed.launch is deprecated
and will be removed in future. Use torchrun.
Note that --use-env is set by default in torchrun.
If your script expects `--local-rank` argument to be set, please
change it to read from `os.environ['LOCAL_RANK']` instead. See 
https://pytorch.org/docs/stable/distributed.html#launch-utility for 
further instructions

  warnings.warn(
[2025-04-21 11:11:49,693] torch.distributed.run: [WARNING] 
[2025-04-21 11:11:49,693] torch.distributed.run: [WARNING] *****************************************
[2025-04-21 11:11:49,693] torch.distributed.run: [WARNING] Setting OMP_NUM_THREADS environment variable for each process to be 1 in default, to avoid your system being overloaded, please further tune the variable for optimal performance in your application as needed. 
[2025-04-21 11:11:49,693] torch.distributed.run: [WARNING] *****************************************
| distributed init (rank 0): env://
| distributed init (rank 1): env://
Namespace(batch_size=14, epochs=50, model='ReMamber_Conv_PEFT', pretrain_path='./pretrain', input_size=480, drop=0.0, drop_path=0.1, model_ema=False, model_ema_decay=0.9999, model_ema_force_cpu=False, opt='adamw', opt_eps=1e-08, opt_betas=None, clip_grad=None, momentum=0.9, weight_decay=0.0001, sched='cosine', lr=3.3e-05, lr_decoder=3.3e-05, lr_backbone=1.65e-05, lr_vssm=1.65e-05, warmup_lr=1e-06, min_lr=3e-07, decay_epochs=13.0, warmup_epochs=2, cooldown_epochs=10, patience_epochs=10, decay_rate=0.1, train_mode=True, finetune='pretrain/ReMamber_Conv.pth', data_path='./ref_dataset/data', data_set='refzom', output_dir='./l_outputs', device='cuda', seed=0, resume='l_outputs/ReMamber_Conv_PEFT_dadapter/checkpoint_model:5763305c.pth', start_epoch=0, eval=False, dist_eval=False, num_workers=8, pin_mem=True, distributed=True, world_size=2, dist_url='env://', if_amp=True, debug_mode=False, local_rank=0, model_title='model', logging='model', decoder_adapter=True, continue_lr=None, partial_freeze=False, single_epoch=True, lite_baseline=False, dec_only=False, rank=0, gpu=0, dist_backend='nccl')
True val
./ref_dataset/data refzom zom
loading dataset refzom into memory...
creating index...
index created.
DONE (t=15.21s)
Preparing dataset ......
False val
./ref_dataset/data refzom zom
loading dataset refzom into memory...
creating index...
index created.
DONE (t=15.17s)
Preparing dataset ......
length of train set: 57624
length of val set: 15406
/home/akula.ha/.conda/envs/refseg/lib/python3.10/site-packages/torch/utils/data/dataloader.py:557: UserWarning: This DataLoader will create 8 worker processes in total. Our suggested max number of worker in current system is 1, which is smaller than what this DataLoader is going to create. Please be aware that excessive worker creation might get DataLoader running slow or even freeze, lower the worker number to avoid potential slowness/freeze if necessary.
  warnings.warn(_create_warning_msg(
Creating model: ReMamber_Conv_PEFT
/home/akula.ha/.conda/envs/refseg/lib/python3.10/site-packages/torch/utils/data/dataloader.py:557: UserWarning: This DataLoader will create 8 worker processes in total. Our suggested max number of worker in current system is 1, which is smaller than what this DataLoader is going to create. Please be aware that excessive worker creation might get DataLoader running slow or even freeze, lower the worker number to avoid potential slowness/freeze if necessary.
  warnings.warn(_create_warning_msg(
kwargs {'use_adapters': True}
Finetuning half decoder with adapters
True
number of params: 16548707
Loaded checkpoint from 'l_outputs/ReMamber_Conv_PEFT_dadapter/checkpoint_model:5763305c.pth'
Continuing training from epoch 10...
Model id is - model:f372ac8a
length of train set: 50000
length of val set: 4000
Start training for 50 epochs
Learning rate: 3.3e-05
/home/akula.ha/.conda/envs/refseg/lib/python3.10/site-packages/torch/autograd/__init__.py:251: UserWarning: Grad strides do not match bucket view strides. This may indicate grad was not created according to the gradient layout contract, or that the param's strides changed since DDP was constructed.  This is not an error, but may impair performance.
grad.sizes() = [512, 192, 1, 1], strides() = [192, 1, 192, 192]
bucket_view.sizes() = [512, 192, 1, 1], strides() = [192, 1, 1, 1] (Triggered internally at ../torch/csrc/distributed/c10d/reducer.cpp:320.)
  Variable._execution_engine.run_backward(  # Calls into the C++ engine to run the backward pass
/home/akula.ha/.conda/envs/refseg/lib/python3.10/site-packages/torch/autograd/__init__.py:251: UserWarning: Grad strides do not match bucket view strides. This may indicate grad was not created according to the gradient layout contract, or that the param's strides changed since DDP was constructed.  This is not an error, but may impair performance.
grad.sizes() = [512, 192, 1, 1], strides() = [192, 1, 192, 192]
bucket_view.sizes() = [512, 192, 1, 1], strides() = [192, 1, 1, 1] (Triggered internally at ../torch/csrc/distributed/c10d/reducer.cpp:320.)
  Variable._execution_engine.run_backward(  # Calls into the C++ engine to run the backward pass
Epoch: [10]  [   0/1786]  eta: 16:43:13  lr: 0.000030  train_loss: 0.3486 (0.3486)  train_iou: 0.6087 (0.6087)  time: 33.7032  data: 12.9630  max mem: 39732
Epoch: [10]  [  20/1786]  eta: 1:25:09  lr: 0.000030  train_loss: 0.1861 (0.2156)  train_iou: 0.6694 (0.6639)  time: 1.3529  data: 0.0097  max mem: 39732
Epoch: [10]  [  40/1786]  eta: 1:02:03  lr: 0.000030  train_loss: 0.1379 (0.2100)  train_iou: 0.7018 (0.6778)  time: 1.3342  data: 0.0116  max mem: 39732
Epoch: [10]  [  60/1786]  eta: 0:53:54  lr: 0.000030  train_loss: 0.1884 (0.2051)  train_iou: 0.6445 (0.6730)  time: 1.3433  data: 0.0108  max mem: 39732
Epoch: [10]  [  80/1786]  eta: 0:49:33  lr: 0.000030  train_loss: 0.1687 (0.2015)  train_iou: 0.6530 (0.6673)  time: 1.3429  data: 0.0130  max mem: 39732
Epoch: [10]  [ 100/1786]  eta: 0:46:42  lr: 0.000030  train_loss: 0.1844 (0.1994)  train_iou: 0.6388 (0.6638)  time: 1.3364  data: 0.0080  max mem: 39732
Epoch: [10]  [ 120/1786]  eta: 0:44:39  lr: 0.000030  train_loss: 0.1518 (0.1975)  train_iou: 0.6809 (0.6603)  time: 1.3347  data: 0.0134  max mem: 39732
Epoch: [10]  [ 140/1786]  eta: 0:43:03  lr: 0.000030  train_loss: 0.1420 (0.1923)  train_iou: 0.6289 (0.6607)  time: 1.3364  data: 0.0089  max mem: 39732
Epoch: [10]  [ 160/1786]  eta: 0:41:48  lr: 0.000030  train_loss: 0.1720 (0.1928)  train_iou: 0.6878 (0.6647)  time: 1.3549  data: 0.0108  max mem: 39732
Epoch: [10]  [ 180/1786]  eta: 0:40:41  lr: 0.000030  train_loss: 0.1707 (0.1932)  train_iou: 0.7255 (0.6700)  time: 1.3401  data: 0.0077  max mem: 39732
Epoch: [10]  [ 200/1786]  eta: 0:39:42  lr: 0.000030  train_loss: 0.1429 (0.1917)  train_iou: 0.7219 (0.6725)  time: 1.3357  data: 0.0101  max mem: 39732
Epoch: [10]  [ 220/1786]  eta: 0:38:50  lr: 0.000030  train_loss: 0.1995 (0.1949)  train_iou: 0.6477 (0.6705)  time: 1.3457  data: 0.0126  max mem: 39732
Epoch: [10]  [ 240/1786]  eta: 0:38:01  lr: 0.000030  train_loss: 0.1840 (0.1950)  train_iou: 0.6744 (0.6702)  time: 1.3375  data: 0.0082  max mem: 39732
Epoch: [10]  [ 260/1786]  eta: 0:37:15  lr: 0.000030  train_loss: 0.1500 (0.1938)  train_iou: 0.6871 (0.6706)  time: 1.3400  data: 0.0088  max mem: 39732
Epoch: [10]  [ 280/1786]  eta: 0:36:33  lr: 0.000030  train_loss: 0.1542 (0.1936)  train_iou: 0.6848 (0.6705)  time: 1.3401  data: 0.0073  max mem: 39732
Epoch: [10]  [ 300/1786]  eta: 0:35:51  lr: 0.000030  train_loss: 0.1720 (0.1926)  train_iou: 0.6917 (0.6719)  time: 1.3344  data: 0.0078  max mem: 39732
Epoch: [10]  [ 320/1786]  eta: 0:35:13  lr: 0.000030  train_loss: 0.2238 (0.1930)  train_iou: 0.6589 (0.6712)  time: 1.3462  data: 0.0114  max mem: 39732
Epoch: [10]  [ 340/1786]  eta: 0:34:35  lr: 0.000030  train_loss: 0.1699 (0.1916)  train_iou: 0.7148 (0.6742)  time: 1.3303  data: 0.0090  max mem: 39732
Epoch: [10]  [ 360/1786]  eta: 0:33:58  lr: 0.000030  train_loss: 0.1373 (0.1895)  train_iou: 0.6846 (0.6748)  time: 1.3307  data: 0.0159  max mem: 39732
Epoch: [10]  [ 380/1786]  eta: 0:33:23  lr: 0.000030  train_loss: 0.1827 (0.1914)  train_iou: 0.6712 (0.6737)  time: 1.3436  data: 0.0076  max mem: 39732
Epoch: [10]  [ 400/1786]  eta: 0:32:48  lr: 0.000030  train_loss: 0.1591 (0.1916)  train_iou: 0.6695 (0.6742)  time: 1.3355  data: 0.0100  max mem: 39732
Epoch: [10]  [ 420/1786]  eta: 0:32:14  lr: 0.000030  train_loss: 0.1532 (0.1915)  train_iou: 0.6471 (0.6746)  time: 1.3373  data: 0.0103  max mem: 39732
Epoch: [10]  [ 440/1786]  eta: 0:31:41  lr: 0.000030  train_loss: 0.1487 (0.1911)  train_iou: 0.7215 (0.6758)  time: 1.3369  data: 0.0141  max mem: 39732
Epoch: [10]  [ 460/1786]  eta: 0:31:09  lr: 0.000030  train_loss: 0.1898 (0.1920)  train_iou: 0.6360 (0.6744)  time: 1.3373  data: 0.0100  max mem: 39732
Epoch: [10]  [ 480/1786]  eta: 0:30:36  lr: 0.000030  train_loss: 0.2026 (0.1927)  train_iou: 0.6872 (0.6749)  time: 1.3343  data: 0.0108  max mem: 39732
Epoch: [10]  [ 500/1786]  eta: 0:30:04  lr: 0.000030  train_loss: 0.1684 (0.1920)  train_iou: 0.6364 (0.6738)  time: 1.3324  data: 0.0100  max mem: 39732
Epoch: [10]  [ 520/1786]  eta: 0:29:33  lr: 0.000030  train_loss: 0.1404 (0.1913)  train_iou: 0.6628 (0.6739)  time: 1.3313  data: 0.0114  max mem: 39732
Epoch: [10]  [ 540/1786]  eta: 0:29:02  lr: 0.000030  train_loss: 0.1616 (0.1910)  train_iou: 0.6275 (0.6722)  time: 1.3302  data: 0.0118  max mem: 39732
Epoch: [10]  [ 560/1786]  eta: 0:28:31  lr: 0.000030  train_loss: 0.1512 (0.1908)  train_iou: 0.7055 (0.6732)  time: 1.3429  data: 0.0114  max mem: 39732
Epoch: [10]  [ 580/1786]  eta: 0:28:00  lr: 0.000030  train_loss: 0.1551 (0.1911)  train_iou: 0.6893 (0.6733)  time: 1.3282  data: 0.0045  max mem: 39732
Epoch: [10]  [ 600/1786]  eta: 0:27:30  lr: 0.000030  train_loss: 0.1695 (0.1907)  train_iou: 0.6953 (0.6740)  time: 1.3320  data: 0.0147  max mem: 39732
Epoch: [10]  [ 620/1786]  eta: 0:27:01  lr: 0.000030  train_loss: 0.1434 (0.1898)  train_iou: 0.7188 (0.6750)  time: 1.3445  data: 0.0093  max mem: 39732
Epoch: [10]  [ 640/1786]  eta: 0:26:31  lr: 0.000030  train_loss: 0.1860 (0.1897)  train_iou: 0.6888 (0.6753)  time: 1.3299  data: 0.0089  max mem: 39732
Epoch: [10]  [ 660/1786]  eta: 0:26:01  lr: 0.000030  train_loss: 0.2161 (0.1906)  train_iou: 0.6757 (0.6741)  time: 1.3437  data: 0.0073  max mem: 39732
Epoch: [10]  [ 680/1786]  eta: 0:25:32  lr: 0.000030  train_loss: 0.2169 (0.1920)  train_iou: 0.6853 (0.6750)  time: 1.3413  data: 0.0112  max mem: 39732
Epoch: [10]  [ 700/1786]  eta: 0:25:03  lr: 0.000030  train_loss: 0.1823 (0.1918)  train_iou: 0.6648 (0.6743)  time: 1.3409  data: 0.0091  max mem: 39732
Epoch: [10]  [ 720/1786]  eta: 0:24:34  lr: 0.000030  train_loss: 0.1445 (0.1910)  train_iou: 0.6997 (0.6746)  time: 1.3337  data: 0.0086  max mem: 39732
Epoch: [10]  [ 740/1786]  eta: 0:24:05  lr: 0.000030  train_loss: 0.1351 (0.1899)  train_iou: 0.7035 (0.6753)  time: 1.3406  data: 0.0080  max mem: 39732
Epoch: [10]  [ 760/1786]  eta: 0:23:36  lr: 0.000030  train_loss: 0.1614 (0.1898)  train_iou: 0.7110 (0.6757)  time: 1.3316  data: 0.0091  max mem: 39732
Epoch: [10]  [ 780/1786]  eta: 0:23:07  lr: 0.000030  train_loss: 0.1826 (0.1899)  train_iou: 0.6613 (0.6756)  time: 1.3358  data: 0.0097  max mem: 39732
Epoch: [10]  [ 800/1786]  eta: 0:22:38  lr: 0.000030  train_loss: 0.1253 (0.1892)  train_iou: 0.6735 (0.6754)  time: 1.3345  data: 0.0093  max mem: 39732
Epoch: [10]  [ 820/1786]  eta: 0:22:10  lr: 0.000030  train_loss: 0.1396 (0.1890)  train_iou: 0.6528 (0.6750)  time: 1.3293  data: 0.0095  max mem: 39732
Epoch: [10]  [ 840/1786]  eta: 0:21:41  lr: 0.000030  train_loss: 0.1959 (0.1891)  train_iou: 0.7050 (0.6756)  time: 1.3282  data: 0.0128  max mem: 39732
Epoch: [10]  [ 860/1786]  eta: 0:21:13  lr: 0.000030  train_loss: 0.1889 (0.1891)  train_iou: 0.6677 (0.6758)  time: 1.3396  data: 0.0061  max mem: 39732
Epoch: [10]  [ 880/1786]  eta: 0:20:44  lr: 0.000030  train_loss: 0.1802 (0.1893)  train_iou: 0.6234 (0.6755)  time: 1.3298  data: 0.0113  max mem: 39732
Epoch: [10]  [ 900/1786]  eta: 0:20:16  lr: 0.000030  train_loss: 0.1973 (0.1896)  train_iou: 0.6106 (0.6743)  time: 1.3316  data: 0.0069  max mem: 39732
Epoch: [10]  [ 920/1786]  eta: 0:19:48  lr: 0.000030  train_loss: 0.1761 (0.1900)  train_iou: 0.6462 (0.6742)  time: 1.3268  data: 0.0110  max mem: 39732
Epoch: [10]  [ 940/1786]  eta: 0:19:19  lr: 0.000030  train_loss: 0.1908 (0.1900)  train_iou: 0.6888 (0.6743)  time: 1.3270  data: 0.0074  max mem: 39732
Epoch: [10]  [ 960/1786]  eta: 0:18:52  lr: 0.000030  train_loss: 0.1477 (0.1901)  train_iou: 0.6862 (0.6742)  time: 1.3394  data: 0.0100  max mem: 39732
Epoch: [10]  [ 980/1786]  eta: 0:18:23  lr: 0.000030  train_loss: 0.2304 (0.1913)  train_iou: 0.6093 (0.6726)  time: 1.3246  data: 0.0080  max mem: 39732
Epoch: [10]  [1000/1786]  eta: 0:17:55  lr: 0.000030  train_loss: 0.1277 (0.1906)  train_iou: 0.6519 (0.6726)  time: 1.3351  data: 0.0090  max mem: 39732
Epoch: [10]  [1020/1786]  eta: 0:17:28  lr: 0.000030  train_loss: 0.1343 (0.1903)  train_iou: 0.6509 (0.6724)  time: 1.3351  data: 0.0105  max mem: 39732
Epoch: [10]  [1040/1786]  eta: 0:17:00  lr: 0.000030  train_loss: 0.1727 (0.1905)  train_iou: 0.6259 (0.6713)  time: 1.3381  data: 0.0082  max mem: 39732
Epoch: [10]  [1060/1786]  eta: 0:16:32  lr: 0.000030  train_loss: 0.1883 (0.1903)  train_iou: 0.6922 (0.6717)  time: 1.3280  data: 0.0071  max mem: 39732
Epoch: [10]  [1080/1786]  eta: 0:16:04  lr: 0.000030  train_loss: 0.1602 (0.1903)  train_iou: 0.6841 (0.6722)  time: 1.3343  data: 0.0115  max mem: 39732
Epoch: [10]  [1100/1786]  eta: 0:15:36  lr: 0.000030  train_loss: 0.2105 (0.1909)  train_iou: 0.6283 (0.6716)  time: 1.3180  data: 0.0120  max mem: 39732
Epoch: [10]  [1120/1786]  eta: 0:15:08  lr: 0.000030  train_loss: 0.1962 (0.1912)  train_iou: 0.6797 (0.6720)  time: 1.3156  data: 0.0053  max mem: 39732
Epoch: [10]  [1140/1786]  eta: 0:14:40  lr: 0.000030  train_loss: 0.1384 (0.1907)  train_iou: 0.6719 (0.6719)  time: 1.3017  data: 0.0069  max mem: 39732
Epoch: [10]  [1160/1786]  eta: 0:14:12  lr: 0.000030  train_loss: 0.1487 (0.1905)  train_iou: 0.6875 (0.6722)  time: 1.3022  data: 0.0094  max mem: 39732
Epoch: [10]  [1180/1786]  eta: 0:13:45  lr: 0.000030  train_loss: 0.1611 (0.1902)  train_iou: 0.6949 (0.6723)  time: 1.3087  data: 0.0060  max mem: 39732
Epoch: [10]  [1200/1786]  eta: 0:13:17  lr: 0.000030  train_loss: 0.1822 (0.1907)  train_iou: 0.6671 (0.6725)  time: 1.3076  data: 0.0066  max mem: 39732
Epoch: [10]  [1220/1786]  eta: 0:12:49  lr: 0.000030  train_loss: 0.1290 (0.1906)  train_iou: 0.6894 (0.6731)  time: 1.3075  data: 0.0055  max mem: 39732
Epoch: [10]  [1240/1786]  eta: 0:12:21  lr: 0.000030  train_loss: 0.1987 (0.1910)  train_iou: 0.6873 (0.6729)  time: 1.3045  data: 0.0067  max mem: 39732
Epoch: [10]  [1260/1786]  eta: 0:11:54  lr: 0.000030  train_loss: 0.1155 (0.1904)  train_iou: 0.6975 (0.6732)  time: 1.3168  data: 0.0076  max mem: 39732
Epoch: [10]  [1280/1786]  eta: 0:11:26  lr: 0.000030  train_loss: 0.1967 (0.1907)  train_iou: 0.6825 (0.6735)  time: 1.3082  data: 0.0064  max mem: 39732
Epoch: [10]  [1300/1786]  eta: 0:10:59  lr: 0.000030  train_loss: 0.2012 (0.1913)  train_iou: 0.6932 (0.6735)  time: 1.3163  data: 0.0065  max mem: 39732
Epoch: [10]  [1320/1786]  eta: 0:10:31  lr: 0.000030  train_loss: 0.2259 (0.1917)  train_iou: 0.6102 (0.6727)  time: 1.3059  data: 0.0090  max mem: 39732
Epoch: [10]  [1340/1786]  eta: 0:10:04  lr: 0.000030  train_loss: 0.2652 (0.1927)  train_iou: 0.6101 (0.6721)  time: 1.3231  data: 0.0087  max mem: 39732
Epoch: [10]  [1360/1786]  eta: 0:09:37  lr: 0.000030  train_loss: 0.1617 (0.1927)  train_iou: 0.6766 (0.6719)  time: 1.3085  data: 0.0056  max mem: 39732
Epoch: [10]  [1380/1786]  eta: 0:09:09  lr: 0.000030  train_loss: 0.1693 (0.1925)  train_iou: 0.7032 (0.6721)  time: 1.3003  data: 0.0084  max mem: 39732
Epoch: [10]  [1400/1786]  eta: 0:08:42  lr: 0.000030  train_loss: 0.2079 (0.1929)  train_iou: 0.6661 (0.6719)  time: 1.3167  data: 0.0110  max mem: 39732
Epoch: [10]  [1420/1786]  eta: 0:08:16  lr: 0.000030  train_loss: 0.1527 (0.1936)  train_iou: 0.5819 (0.6715)  time: 1.5668  data: 0.0099  max mem: 39732
Epoch: [10]  [1440/1786]  eta: 0:07:49  lr: 0.000030  train_loss: 0.1741 (0.1935)  train_iou: 0.6970 (0.6718)  time: 1.3038  data: 0.0055  max mem: 39732
Epoch: [10]  [1460/1786]  eta: 0:07:21  lr: 0.000030  train_loss: 0.1936 (0.1937)  train_iou: 0.6402 (0.6716)  time: 1.3022  data: 0.0076  max mem: 39732
Epoch: [10]  [1480/1786]  eta: 0:06:54  lr: 0.000030  train_loss: 0.2088 (0.1941)  train_iou: 0.7026 (0.6717)  time: 1.3111  data: 0.0039  max mem: 39732
Epoch: [10]  [1500/1786]  eta: 0:06:27  lr: 0.000030  train_loss: 0.2380 (0.1947)  train_iou: 0.6987 (0.6716)  time: 1.3207  data: 0.0056  max mem: 39732
Epoch: [10]  [1520/1786]  eta: 0:05:59  lr: 0.000030  train_loss: 0.1688 (0.1945)  train_iou: 0.6689 (0.6714)  time: 1.3066  data: 0.0089  max mem: 39732
Epoch: [10]  [1540/1786]  eta: 0:05:32  lr: 0.000030  train_loss: 0.1726 (0.1945)  train_iou: 0.6769 (0.6713)  time: 1.2951  data: 0.0087  max mem: 39732
Epoch: [10]  [1560/1786]  eta: 0:05:05  lr: 0.000030  train_loss: 0.1327 (0.1942)  train_iou: 0.6486 (0.6712)  time: 1.2989  data: 0.0069  max mem: 39732
Epoch: [10]  [1580/1786]  eta: 0:04:38  lr: 0.000030  train_loss: 0.1840 (0.1945)  train_iou: 0.6301 (0.6709)  time: 1.2946  data: 0.0113  max mem: 39732
Epoch: [10]  [1600/1786]  eta: 0:04:11  lr: 0.000030  train_loss: 0.1649 (0.1945)  train_iou: 0.6677 (0.6709)  time: 1.2883  data: 0.0081  max mem: 39732
Epoch: [10]  [1620/1786]  eta: 0:03:44  lr: 0.000030  train_loss: 0.1674 (0.1942)  train_iou: 0.6585 (0.6711)  time: 1.2849  data: 0.0053  max mem: 39732
Epoch: [10]  [1640/1786]  eta: 0:03:16  lr: 0.000030  train_loss: 0.1442 (0.1938)  train_iou: 0.7408 (0.6719)  time: 1.2870  data: 0.0082  max mem: 39732
Epoch: [10]  [1660/1786]  eta: 0:02:49  lr: 0.000030  train_loss: 0.1689 (0.1937)  train_iou: 0.6412 (0.6718)  time: 1.2982  data: 0.0080  max mem: 39732
Epoch: [10]  [1680/1786]  eta: 0:02:22  lr: 0.000030  train_loss: 0.1378 (0.1934)  train_iou: 0.7017 (0.6720)  time: 1.3030  data: 0.0077  max mem: 39732
Epoch: [10]  [1700/1786]  eta: 0:01:55  lr: 0.000030  train_loss: 0.1182 (0.1931)  train_iou: 0.6755 (0.6719)  time: 1.3023  data: 0.0052  max mem: 39732
Epoch: [10]  [1720/1786]  eta: 0:01:28  lr: 0.000030  train_loss: 0.1318 (0.1929)  train_iou: 0.6897 (0.6717)  time: 1.3173  data: 0.0087  max mem: 39732
Epoch: [10]  [1740/1786]  eta: 0:01:01  lr: 0.000030  train_loss: 0.1471 (0.1932)  train_iou: 0.6646 (0.6718)  time: 1.3224  data: 0.0064  max mem: 39732
Epoch: [10]  [1760/1786]  eta: 0:00:35  lr: 0.000030  train_loss: 0.1345 (0.1928)  train_iou: 0.6976 (0.6721)  time: 1.3347  data: 0.0052  max mem: 39732
Epoch: [10]  [1780/1786]  eta: 0:00:08  lr: 0.000030  train_loss: 0.1870 (0.1932)  train_iou: 0.6251 (0.6717)  time: 1.1221  data: 0.0033  max mem: 39732
Epoch: [10]  [1785/1786]  eta: 0:00:01  lr: 0.000030  train_loss: 0.1967 (0.1932)  train_iou: 0.6251 (0.6716)  time: 1.7301  data: 0.0024  max mem: 39732
Epoch: [10] Total time: 0:40:13 (1.3515 s / it)
Averaged stats: lr: 0.000030  train_loss: 0.1967 (0.1906)  train_iou: 0.6251 (0.6719)
huggingface/tokenizers: The current process just got forked, after parallelism has already been used. Disabling parallelism to avoid deadlocks...
To disable this warning, you can either:
	- Avoid using `tokenizers` before the fork if possible
	- Explicitly set the environment variable TOKENIZERS_PARALLELISM=(true | false)
huggingface/tokenizers: The current process just got forked, after parallelism has already been used. Disabling parallelism to avoid deadlocks...
To disable this warning, you can either:
	- Avoid using `tokenizers` before the fork if possible
	- Explicitly set the environment variable TOKENIZERS_PARALLELISM=(true | false)
huggingface/tokenizers: The current process just got forked, after parallelism has already been used. Disabling parallelism to avoid deadlocks...
To disable this warning, you can either:
	- Avoid using `tokenizers` before the fork if possible
	- Explicitly set the environment variable TOKENIZERS_PARALLELISM=(true | false)
huggingface/tokenizers: The current process just got forked, after parallelism has already been used. Disabling parallelism to avoid deadlocks...
To disable this warning, you can either:
	- Avoid using `tokenizers` before the fork if possible
	- Explicitly set the environment variable TOKENIZERS_PARALLELISM=(true | false)
huggingface/tokenizers: The current process just got forked, after parallelism has already been used. Disabling parallelism to avoid deadlocks...
To disable this warning, you can either:
	- Avoid using `tokenizers` before the fork if possible
	- Explicitly set the environment variable TOKENIZERS_PARALLELISM=(true | false)
huggingface/tokenizers: The current process just got forked, after parallelism has already been used. Disabling parallelism to avoid deadlocks...
To disable this warning, you can either:
	- Avoid using `tokenizers` before the fork if possible
	- Explicitly set the environment variable TOKENIZERS_PARALLELISM=(true | false)
huggingface/tokenizers: The current process just got forked, after parallelism has already been used. Disabling parallelism to avoid deadlocks...
To disable this warning, you can either:
	- Avoid using `tokenizers` before the fork if possible
	- Explicitly set the environment variable TOKENIZERS_PARALLELISM=(true | false)
huggingface/tokenizers: The current process just got forked, after parallelism has already been used. Disabling parallelism to avoid deadlocks...
To disable this warning, you can either:
	- Avoid using `tokenizers` before the fork if possible
	- Explicitly set the environment variable TOKENIZERS_PARALLELISM=(true | false)
huggingface/tokenizers: The current process just got forked, after parallelism has already been used. Disabling parallelism to avoid deadlocks...
To disable this warning, you can either:
	- Avoid using `tokenizers` before the fork if possible
	- Explicitly set the environment variable TOKENIZERS_PARALLELISM=(true | false)
huggingface/tokenizers: The current process just got forked, after parallelism has already been used. Disabling parallelism to avoid deadlocks...
To disable this warning, you can either:
	- Avoid using `tokenizers` before the fork if possible
	- Explicitly set the environment variable TOKENIZERS_PARALLELISM=(true | false)
huggingface/tokenizers: The current process just got forked, after parallelism has already been used. Disabling parallelism to avoid deadlocks...
To disable this warning, you can either:
	- Avoid using `tokenizers` before the fork if possible
	- Explicitly set the environment variable TOKENIZERS_PARALLELISM=(true | false)
huggingface/tokenizers: The current process just got forked, after parallelism has already been used. Disabling parallelism to avoid deadlocks...
To disable this warning, you can either:
	- Avoid using `tokenizers` before the fork if possible
	- Explicitly set the environment variable TOKENIZERS_PARALLELISM=(true | false)
huggingface/tokenizers: The current process just got forked, after parallelism has already been used. Disabling parallelism to avoid deadlocks...
To disable this warning, you can either:
	- Avoid using `tokenizers` before the fork if possible
	- Explicitly set the environment variable TOKENIZERS_PARALLELISM=(true | false)
huggingface/tokenizers: The current process just got forked, after parallelism has already been used. Disabling parallelism to avoid deadlocks...
To disable this warning, you can either:
	- Avoid using `tokenizers` before the fork if possible
	- Explicitly set the environment variable TOKENIZERS_PARALLELISM=(true | false)
huggingface/tokenizers: The current process just got forked, after parallelism has already been used. Disabling parallelism to avoid deadlocks...
To disable this warning, you can either:
	- Avoid using `tokenizers` before the fork if possible
	- Explicitly set the environment variable TOKENIZERS_PARALLELISM=(true | false)
huggingface/tokenizers: The current process just got forked, after parallelism has already been used. Disabling parallelism to avoid deadlocks...
To disable this warning, you can either:
	- Avoid using `tokenizers` before the fork if possible
	- Explicitly set the environment variable TOKENIZERS_PARALLELISM=(true | false)
Test:  [   0/4000]  eta: 6:09:11  inter: 33217.0000 (33217.0000)  union: 36004.0000 (36004.0000)  iou: 0.9226 (0.9226)  time: 5.5378  data: 1.3914  max mem: 39732
Test:  [  50/4000]  eta: 0:32:36  inter: 15555.0000 (22751.0000)  union: 45103.0000 (40595.6250)  iou: 0.5137 (0.5400)  time: 0.2585  data: 0.0025  max mem: 39732
Test:  [ 100/4000]  eta: 0:27:10  inter: 23698.0000 (24617.6471)  union: 46688.0000 (41557.2206)  iou: 0.6145 (0.5810)  time: 0.2593  data: 0.0028  max mem: 39732
Test:  [ 150/4000]  eta: 0:23:32  inter: 18408.0000 (24927.5167)  union: 32821.0000 (39515.8756)  iou: 0.8222 (0.6146)  time: 0.2655  data: 0.0013  max mem: 39732
Test:  [ 200/4000]  eta: 0:21:31  inter: 33744.0000 (25504.1245)  union: 37603.0000 (39341.8535)  iou: 0.8868 (0.6200)  time: 0.2574  data: 0.0021  max mem: 39732
Test:  [ 250/4000]  eta: 0:20:11  inter: 15045.0000 (27318.2139)  union: 33449.0000 (41288.5301)  iou: 0.4474 (0.6147)  time: 0.2573  data: 0.0012  max mem: 39732
Test:  [ 300/4000]  eta: 0:19:17  inter: 17613.0000 (26657.3821)  union: 24312.0000 (40817.1960)  iou: 0.5366 (0.6079)  time: 0.2627  data: 0.0021  max mem: 39732
Test:  [ 350/4000]  eta: 0:18:34  inter: 11320.0000 (25634.8244)  union: 30404.0000 (40401.2107)  iou: 0.4445 (0.5962)  time: 0.2626  data: 0.0031  max mem: 39732
Test:  [ 400/4000]  eta: 0:18:42  inter: 30853.0000 (25148.2643)  union: 36025.0000 (39665.0232)  iou: 0.7740 (0.5950)  time: 0.2642  data: 0.0030  max mem: 39732
Test:  [ 450/4000]  eta: 0:18:08  inter: 13524.0000 (24931.3508)  union: 29038.0000 (39522.6937)  iou: 0.5800 (0.5956)  time: 0.2691  data: 0.0027  max mem: 39732
Test:  [ 500/4000]  eta: 0:17:40  inter: 17149.0000 (25259.7421)  union: 31351.0000 (40473.3582)  iou: 0.5336 (0.5903)  time: 0.2748  data: 0.0009  max mem: 39732
Test:  [ 550/4000]  eta: 0:17:16  inter: 23731.0000 (25336.3111)  union: 28011.0000 (40222.1195)  iou: 0.8392 (0.5984)  time: 0.2686  data: 0.0081  max mem: 39732
Test:  [ 600/4000]  eta: 0:16:51  inter: 10572.0000 (25122.7077)  union: 34777.0000 (40228.3905)  iou: 0.7607 (0.5945)  time: 0.2642  data: 0.0046  max mem: 39732
Test:  [ 650/4000]  eta: 0:16:29  inter: 25356.0000 (25638.4320)  union: 40852.0000 (40742.7989)  iou: 0.6770 (0.5930)  time: 0.2631  data: 0.0035  max mem: 39732
Test:  [ 700/4000]  eta: 0:16:07  inter: 13583.0000 (25340.1725)  union: 29065.0000 (40456.1006)  iou: 0.3699 (0.5874)  time: 0.2645  data: 0.0017  max mem: 39732
Test:  [ 750/4000]  eta: 0:15:48  inter: 27028.0000 (25114.8592)  union: 29821.0000 (40257.3597)  iou: 0.8903 (0.5894)  time: 0.2777  data: 0.0020  max mem: 39732
Test:  [ 800/4000]  eta: 0:15:29  inter: 19695.0000 (24903.9500)  union: 44063.0000 (39815.1687)  iou: 0.5742 (0.5898)  time: 0.2685  data: 0.0011  max mem: 39732
Test:  [ 850/4000]  eta: 0:15:10  inter: 21884.0000 (25027.5305)  union: 35682.0000 (39785.7197)  iou: 0.7594 (0.5920)  time: 0.2642  data: 0.0017  max mem: 39732
Test:  [ 900/4000]  eta: 0:14:53  inter: 10392.0000 (25042.2451)  union: 27488.0000 (40024.6522)  iou: 0.7137 (0.5883)  time: 0.2679  data: 0.0063  max mem: 39732
Test:  [ 950/4000]  eta: 0:14:34  inter: 24711.0000 (25388.0458)  union: 30576.0000 (40157.2866)  iou: 0.8277 (0.5902)  time: 0.2699  data: 0.0055  max mem: 39732
Test:  [1000/4000]  eta: 0:14:18  inter: 22303.0000 (25607.1155)  union: 37765.0000 (40345.7705)  iou: 0.7811 (0.5911)  time: 0.2710  data: 0.0020  max mem: 39732
Test:  [1050/4000]  eta: 0:14:00  inter: 18310.0000 (25566.4367)  union: 37184.0000 (40358.3619)  iou: 0.4652 (0.5902)  time: 0.2653  data: 0.0056  max mem: 39732
Test:  [1100/4000]  eta: 0:13:44  inter: 22555.0000 (25348.3496)  union: 28019.0000 (40117.4857)  iou: 0.7006 (0.5897)  time: 0.2672  data: 0.0017  max mem: 39732
Test:  [1150/4000]  eta: 0:13:28  inter: 9945.0000 (25522.1371)  union: 23780.0000 (39974.7270)  iou: 0.4180 (0.5930)  time: 0.2697  data: 0.0027  max mem: 39732
Test:  [1200/4000]  eta: 0:13:12  inter: 15117.0000 (25494.8466)  union: 33132.0000 (40209.6011)  iou: 0.7152 (0.5894)  time: 0.2718  data: 0.0032  max mem: 39732
Test:  [1250/4000]  eta: 0:12:57  inter: 2971.0000 (25261.9517)  union: 34427.0000 (39972.8620)  iou: 0.0765 (0.5882)  time: 0.2776  data: 0.0017  max mem: 39732
Test:  [1300/4000]  eta: 0:12:41  inter: 15649.0000 (25065.6013)  union: 34900.0000 (39804.5156)  iou: 0.4745 (0.5892)  time: 0.2662  data: 0.0039  max mem: 39732
Test:  [1350/4000]  eta: 0:12:25  inter: 23757.0000 (25051.4147)  union: 35257.0000 (39787.7374)  iou: 0.7956 (0.5889)  time: 0.2695  data: 0.0027  max mem: 39732
Test:  [1400/4000]  eta: 0:12:10  inter: 9956.0000 (25148.6650)  union: 11772.0000 (39975.8031)  iou: 0.7458 (0.5865)  time: 0.2646  data: 0.0037  max mem: 39732
Test:  [1450/4000]  eta: 0:11:55  inter: 16408.0000 (25058.0944)  union: 37576.0000 (39892.6856)  iou: 0.4683 (0.5855)  time: 0.2613  data: 0.0014  max mem: 39732
Test:  [1500/4000]  eta: 0:11:40  inter: 16627.0000 (25087.3458)  union: 40395.0000 (40025.6708)  iou: 0.5036 (0.5837)  time: 0.2716  data: 0.0048  max mem: 39732
Test:  [1550/4000]  eta: 0:11:25  inter: 12018.0000 (25015.5315)  union: 25427.0000 (39953.7546)  iou: 0.8644 (0.5855)  time: 0.2690  data: 0.0013  max mem: 39732
Test:  [1600/4000]  eta: 0:11:17  inter: 11158.0000 (24902.9965)  union: 23862.0000 (39922.0128)  iou: 0.4369 (0.5822)  time: 0.5159  data: 0.0051  max mem: 39732
Test:  [1650/4000]  eta: 0:11:03  inter: 16299.0000 (24845.6531)  union: 34626.0000 (39900.6458)  iou: 0.4968 (0.5808)  time: 0.2725  data: 0.0023  max mem: 39732
Test:  [1700/4000]  eta: 0:10:48  inter: 17044.0000 (24874.4159)  union: 36030.0000 (39959.6421)  iou: 0.7329 (0.5802)  time: 0.2733  data: 0.0041  max mem: 39732
Test:  [1750/4000]  eta: 0:10:34  inter: 17659.0000 (24837.5417)  union: 33079.0000 (39924.1754)  iou: 0.7859 (0.5791)  time: 0.2796  data: 0.0037  max mem: 39732
Test:  [1800/4000]  eta: 0:10:19  inter: 15400.0000 (24704.2705)  union: 34514.0000 (39792.1955)  iou: 0.3923 (0.5784)  time: 0.2768  data: 0.0055  max mem: 39732
Test:  [1850/4000]  eta: 0:10:05  inter: 11154.0000 (24667.1203)  union: 35059.0000 (39876.2272)  iou: 0.3412 (0.5765)  time: 0.2707  data: 0.0020  max mem: 39732
Test:  [1900/4000]  eta: 0:09:50  inter: 31730.0000 (24621.2885)  union: 56336.0000 (39785.3213)  iou: 0.5843 (0.5774)  time: 0.2753  data: 0.0029  max mem: 39732
Test:  [1950/4000]  eta: 0:09:36  inter: 11700.0000 (24592.5295)  union: 16883.0000 (39778.2792)  iou: 0.6937 (0.5777)  time: 0.2832  data: 0.0073  max mem: 39732
Test:  [2000/4000]  eta: 0:09:22  inter: 13489.0000 (24576.1604)  union: 23181.0000 (39730.3003)  iou: 0.7377 (0.5781)  time: 0.2709  data: 0.0035  max mem: 39732
Test:  [2050/4000]  eta: 0:09:07  inter: 11908.0000 (24463.5331)  union: 49386.0000 (39782.0424)  iou: 0.2836 (0.5756)  time: 0.2789  data: 0.0050  max mem: 39732
Test:  [2100/4000]  eta: 0:08:53  inter: 15381.0000 (24395.8574)  union: 32316.0000 (39744.4929)  iou: 0.7449 (0.5752)  time: 0.2695  data: 0.0043  max mem: 39732
Test:  [2150/4000]  eta: 0:08:38  inter: 23780.0000 (24431.3387)  union: 30179.0000 (39771.7372)  iou: 0.8410 (0.5753)  time: 0.2695  data: 0.0026  max mem: 39732
Test:  [2200/4000]  eta: 0:08:24  inter: 13676.0000 (24413.4642)  union: 21175.0000 (39720.7811)  iou: 0.5773 (0.5755)  time: 0.2772  data: 0.0007  max mem: 39732
Test:  [2250/4000]  eta: 0:08:10  inter: 4605.0000 (24271.8159)  union: 37549.0000 (39545.3282)  iou: 0.7540 (0.5742)  time: 0.2679  data: 0.0037  max mem: 39732
Test:  [2300/4000]  eta: 0:07:55  inter: 18922.0000 (24363.2672)  union: 36803.0000 (39528.9624)  iou: 0.6235 (0.5763)  time: 0.2715  data: 0.0042  max mem: 39732
Test:  [2350/4000]  eta: 0:07:42  inter: 15575.0000 (24286.5917)  union: 38189.0000 (39497.3234)  iou: 0.7366 (0.5757)  time: 0.2792  data: 0.0030  max mem: 39732
Test:  [2400/4000]  eta: 0:07:28  inter: 10611.0000 (24330.4667)  union: 32398.0000 (39462.3763)  iou: 0.4480 (0.5760)  time: 0.2784  data: 0.0031  max mem: 39732
Test:  [2450/4000]  eta: 0:07:13  inter: 29184.0000 (24405.5617)  union: 32603.0000 (39530.1148)  iou: 0.8446 (0.5772)  time: 0.2778  data: 0.0017  max mem: 39732
Test:  [2500/4000]  eta: 0:06:59  inter: 25112.0000 (24362.1009)  union: 39837.0000 (39547.2875)  iou: 0.7895 (0.5769)  time: 0.2691  data: 0.0022  max mem: 39732
Test:  [2550/4000]  eta: 0:06:45  inter: 28533.0000 (24460.2516)  union: 33688.0000 (39679.3752)  iou: 0.8281 (0.5773)  time: 0.2781  data: 0.0035  max mem: 39732
Test:  [2600/4000]  eta: 0:06:31  inter: 13498.0000 (24402.0683)  union: 28526.0000 (39619.1579)  iou: 0.4700 (0.5763)  time: 0.2744  data: 0.0035  max mem: 39732
Test:  [2650/4000]  eta: 0:06:17  inter: 16359.0000 (24467.8977)  union: 34477.0000 (39807.4683)  iou: 0.8283 (0.5756)  time: 0.2755  data: 0.0050  max mem: 39732
Test:  [2700/4000]  eta: 0:06:03  inter: 22615.0000 (24532.5004)  union: 30496.0000 (39883.3119)  iou: 0.8341 (0.5759)  time: 0.2765  data: 0.0040  max mem: 39732
Test:  [2750/4000]  eta: 0:05:49  inter: 22740.0000 (24584.3247)  union: 29045.0000 (39977.0803)  iou: 0.8725 (0.5754)  time: 0.2688  data: 0.0023  max mem: 39732
Test:  [2800/4000]  eta: 0:05:35  inter: 14862.0000 (24565.3868)  union: 26415.0000 (39882.0426)  iou: 0.6850 (0.5757)  time: 0.2807  data: 0.0014  max mem: 39732
Test:  [2850/4000]  eta: 0:05:21  inter: 11892.0000 (24676.9646)  union: 38003.0000 (39950.3106)  iou: 0.3227 (0.5752)  time: 0.2725  data: 0.0025  max mem: 39732
Test:  [2900/4000]  eta: 0:05:07  inter: 17725.0000 (24718.7905)  union: 26181.0000 (40025.6477)  iou: 0.7566 (0.5748)  time: 0.2701  data: 0.0012  max mem: 39732
Test:  [2950/4000]  eta: 0:04:53  inter: 18334.0000 (24742.1695)  union: 26493.0000 (40033.9945)  iou: 0.4087 (0.5749)  time: 0.2725  data: 0.0020  max mem: 39732
Test:  [3000/4000]  eta: 0:04:39  inter: 10724.0000 (24659.4524)  union: 32735.0000 (39993.5093)  iou: 0.1793 (0.5736)  time: 0.2792  data: 0.0026  max mem: 39732
Test:  [3050/4000]  eta: 0:04:25  inter: 13441.0000 (24644.3860)  union: 29883.0000 (40074.4738)  iou: 0.4630 (0.5733)  time: 0.2772  data: 0.0053  max mem: 39732
Test:  [3100/4000]  eta: 0:04:11  inter: 16456.0000 (24637.5525)  union: 42131.0000 (40037.9086)  iou: 0.4504 (0.5735)  time: 0.2758  data: 0.0054  max mem: 39732
Test:  [3150/4000]  eta: 0:03:56  inter: 14908.0000 (24553.5017)  union: 21598.0000 (39887.4806)  iou: 0.5837 (0.5739)  time: 0.2732  data: 0.0058  max mem: 39732
Test:  [3200/4000]  eta: 0:03:42  inter: 10828.0000 (24555.1454)  union: 38396.0000 (39940.7803)  iou: 0.6602 (0.5740)  time: 0.2697  data: 0.0038  max mem: 39732
Test:  [3250/4000]  eta: 0:03:28  inter: 15082.0000 (24488.3487)  union: 26222.0000 (39874.6206)  iou: 0.7272 (0.5726)  time: 0.2758  data: 0.0030  max mem: 39732
Test:  [3300/4000]  eta: 0:03:14  inter: 24763.0000 (24594.3780)  union: 43760.0000 (39996.5933)  iou: 0.8148 (0.5718)  time: 0.2703  data: 0.0027  max mem: 39732
Test:  [3350/4000]  eta: 0:03:00  inter: 9732.0000 (24577.8605)  union: 12651.0000 (40002.5140)  iou: 0.7879 (0.5722)  time: 0.2668  data: 0.0027  max mem: 39732
Test:  [3400/4000]  eta: 0:02:47  inter: 26018.0000 (24668.8287)  union: 37649.0000 (40064.2691)  iou: 0.8608 (0.5734)  time: 0.2836  data: 0.0028  max mem: 39732
Test:  [3450/4000]  eta: 0:02:33  inter: 15867.0000 (24694.2178)  union: 28924.0000 (40073.3675)  iou: 0.5552 (0.5735)  time: 0.2710  data: 0.0014  max mem: 39732
Test:  [3500/4000]  eta: 0:02:19  inter: 15280.0000 (24666.0959)  union: 20817.0000 (39989.2599)  iou: 0.8176 (0.5737)  time: 0.2671  data: 0.0065  max mem: 39732
Test:  [3550/4000]  eta: 0:02:05  inter: 27511.0000 (24670.7980)  union: 37066.0000 (40014.5832)  iou: 0.7088 (0.5730)  time: 0.2759  data: 0.0029  max mem: 39732
Test:  [3600/4000]  eta: 0:01:51  inter: 21297.0000 (24590.9233)  union: 31962.0000 (39979.3469)  iou: 0.6224 (0.5716)  time: 0.2743  data: 0.0041  max mem: 39732
Test:  [3650/4000]  eta: 0:01:37  inter: 13571.0000 (24530.5717)  union: 38976.0000 (39974.3128)  iou: 0.4431 (0.5707)  time: 0.2810  data: 0.0041  max mem: 39732
Test:  [3700/4000]  eta: 0:01:23  inter: 20650.0000 (24627.3948)  union: 39665.0000 (40016.3450)  iou: 0.6511 (0.5714)  time: 0.2715  data: 0.0068  max mem: 39732
Test:  [3750/4000]  eta: 0:01:09  inter: 22607.0000 (24682.2953)  union: 42233.0000 (40070.1624)  iou: 0.5865 (0.5722)  time: 0.2716  data: 0.0063  max mem: 39732
Test:  [3800/4000]  eta: 0:00:55  inter: 19589.0000 (24715.4182)  union: 29391.0000 (40048.5002)  iou: 0.5713 (0.5725)  time: 0.2735  data: 0.0027  max mem: 39732
Test:  [3850/4000]  eta: 0:00:41  inter: 18216.0000 (24713.8252)  union: 33324.0000 (40058.1931)  iou: 0.7948 (0.5725)  time: 0.2747  data: 0.0027  max mem: 39732
Test:  [3900/4000]  eta: 0:00:27  inter: 18714.0000 (24770.5977)  union: 27101.0000 (40148.6197)  iou: 0.6698 (0.5725)  time: 0.2703  data: 0.0020  max mem: 39732
Test:  [3950/4000]  eta: 0:00:13  inter: 17725.0000 (24747.0780)  union: 33296.0000 (40105.0185)  iou: 0.7029 (0.5730)  time: 0.2772  data: 0.0052  max mem: 39732
Test:  [3999/4000]  eta: 0:00:00  inter: 15170.0000 (24702.7516)  union: 30917.0000 (40022.7399)  iou: 0.5438 (0.5738)  time: 0.2665  data: 0.0013  max mem: 39732
Test: Total time: 0:18:32 (0.2780 s / it)
* IoU 0.574 oIoU 0.617
IoU of the network on the 4000 test images: 0.6%
Max IoU: 0.57%
Training time 0:58:53
