Architecture:                       x86_64
CPU op-mode(s):                     32-bit, 64-bit
Address sizes:                      46 bits physical, 57 bits virtual
Byte Order:                         Little Endian
CPU(s):                             96
On-line CPU(s) list:                0-95
Vendor ID:                          GenuineIntel
Model name:                         Intel(R) Xeon(R) Gold 6442Y
CPU family:                         6
Model:                              143
Thread(s) per core:                 2
Core(s) per socket:                 24
Socket(s):                          2
Stepping:                           8
BogoMIPS:                           5200.00
Flags:                              fpu vme de pse tsc msr pae mce cx8 apic sep mtrr pge mca cmov pat pse36 clflush dts acpi mmx fxsr sse sse2 ss ht tm pbe syscall nx pdpe1gb rdtscp lm constant_tsc art arch_perfmon pebs bts rep_good nopl xtopology nonstop_tsc cpuid aperfmperf tsc_known_freq pni pclmulqdq dtes64 monitor ds_cpl vmx smx est tm2 ssse3 sdbg fma cx16 xtpr pdcm pcid dca sse4_1 sse4_2 x2apic movbe popcnt tsc_deadline_timer aes xsave avx f16c rdrand lahf_lm abm 3dnowprefetch cpuid_fault epb cat_l3 cat_l2 cdp_l3 invpcid_single cdp_l2 ssbd mba ibrs ibpb stibp ibrs_enhanced tpr_shadow flexpriority ept vpid ept_ad fsgsbase tsc_adjust bmi1 avx2 smep bmi2 erms invpcid cqm rdt_a avx512f avx512dq rdseed adx smap avx512ifma clflushopt clwb intel_pt avx512cd sha_ni avx512bw avx512vl xsaveopt xsavec xgetbv1 xsaves cqm_llc cqm_occup_llc cqm_mbm_total cqm_mbm_local split_lock_detect avx_vnni avx512_bf16 wbnoinvd dtherm ida arat pln pts hfi vnmi avx512vbmi umip pku ospke waitpkg avx512_vbmi2 gfni vaes vpclmulqdq avx512_vnni avx512_bitalg tme avx512_vpopcntdq la57 rdpid bus_lock_detect cldemote movdiri movdir64b enqcmd fsrm md_clear serialize tsxldtrk pconfig arch_lbr ibt amx_bf16 avx512_fp16 amx_tile amx_int8 flush_l1d arch_capabilities
Virtualization:                     VT-x
L1d cache:                          2.3 MiB (48 instances)
L1i cache:                          1.5 MiB (48 instances)
L2 cache:                           96 MiB (48 instances)
L3 cache:                           120 MiB (2 instances)
NUMA node(s):                       2
NUMA node0 CPU(s):                  0,2,4,6,8,10,12,14,16,18,20,22,24,26,28,30,32,34,36,38,40,42,44,46,48,50,52,54,56,58,60,62,64,66,68,70,72,74,76,78,80,82,84,86,88,90,92,94
NUMA node1 CPU(s):                  1,3,5,7,9,11,13,15,17,19,21,23,25,27,29,31,33,35,37,39,41,43,45,47,49,51,53,55,57,59,61,63,65,67,69,71,73,75,77,79,81,83,85,87,89,91,93,95
Vulnerability Gather data sampling: Not affected
Vulnerability Itlb multihit:        Not affected
Vulnerability L1tf:                 Not affected
Vulnerability Mds:                  Not affected
Vulnerability Meltdown:             Not affected
Vulnerability Mmio stale data:      Not affected
Vulnerability Retbleed:             Not affected
Vulnerability Spec rstack overflow: Not affected
Vulnerability Spec store bypass:    Mitigation; Speculative Store Bypass disabled via prctl
Vulnerability Spectre v1:           Mitigation; usercopy/swapgs barriers and __user pointer sanitization
Vulnerability Spectre v2:           Mitigation; Enhanced / Automatic IBRS, IBPB conditional, RSB filling, PBRSB-eIBRS SW sequence
Vulnerability Srbds:                Not affected
Vulnerability Tsx async abort:      Not affected
Mon Apr 21 16:16:55 2025       
+---------------------------------------------------------------------------------------+
| NVIDIA-SMI 545.23.08              Driver Version: 545.23.08    CUDA Version: 12.3     |
|-----------------------------------------+----------------------+----------------------+
| GPU  Name                 Persistence-M | Bus-Id        Disp.A | Volatile Uncorr. ECC |
| Fan  Temp   Perf          Pwr:Usage/Cap |         Memory-Usage | GPU-Util  Compute M. |
|                                         |                      |               MIG M. |
|=========================================+======================+======================|
|   0  NVIDIA L40S                    On  | 00000000:4A:00.0 Off |                    0 |
| N/A   30C    P8              33W / 350W |      3MiB / 46068MiB |      0%      Default |
|                                         |                      |                  N/A |
+-----------------------------------------+----------------------+----------------------+
|   1  NVIDIA L40S                    On  | 00000000:61:00.0 Off |                    0 |
| N/A   32C    P8              34W / 350W |      3MiB / 46068MiB |      0%      Default |
|                                         |                      |                  N/A |
+-----------------------------------------+----------------------+----------------------+
                                                                                         
+---------------------------------------------------------------------------------------+
| Processes:                                                                            |
|  GPU   GI   CI        PID   Type   Process name                            GPU Memory |
|        ID   ID                                                             Usage      |
|=======================================================================================|
|  No running processes found                                                           |
+---------------------------------------------------------------------------------------+
/home/akula.ha/.conda/envs/refseg/lib/python3.10/site-packages/torch/distributed/launch.py:181: FutureWarning: The module torch.distributed.launch is deprecated
and will be removed in future. Use torchrun.
Note that --use-env is set by default in torchrun.
If your script expects `--local-rank` argument to be set, please
change it to read from `os.environ['LOCAL_RANK']` instead. See 
https://pytorch.org/docs/stable/distributed.html#launch-utility for 
further instructions

  warnings.warn(
[2025-04-21 16:17:02,401] torch.distributed.run: [WARNING] 
[2025-04-21 16:17:02,401] torch.distributed.run: [WARNING] *****************************************
[2025-04-21 16:17:02,401] torch.distributed.run: [WARNING] Setting OMP_NUM_THREADS environment variable for each process to be 1 in default, to avoid your system being overloaded, please further tune the variable for optimal performance in your application as needed. 
[2025-04-21 16:17:02,401] torch.distributed.run: [WARNING] *****************************************
| distributed init (rank 0): env://| distributed init (rank 1): env://

Namespace(batch_size=14, epochs=50, model='ReMamber_Conv_PEFT', pretrain_path='./pretrain', input_size=480, drop=0.0, drop_path=0.1, model_ema=False, model_ema_decay=0.9999, model_ema_force_cpu=False, opt='adamw', opt_eps=1e-08, opt_betas=None, clip_grad=None, momentum=0.9, weight_decay=0.0001, sched='cosine', lr=7.36e-06, lr_decoder=7.36e-06, lr_backbone=3.8e-06, lr_vssm=3.8e-06, warmup_lr=1e-06, min_lr=3e-07, decay_epochs=13.0, warmup_epochs=2, cooldown_epochs=10, patience_epochs=10, decay_rate=0.1, train_mode=True, finetune='pretrain/ReMamber_Conv.pth', data_path='./ref_dataset/data', data_set='refzom', output_dir='./l_outputs', device='cuda', seed=0, resume='l_outputs/ReMamber_Conv_PEFT_dadapter/checkpoint_model:cb841cfe.pth', start_epoch=0, eval=False, dist_eval=False, num_workers=8, pin_mem=True, distributed=True, world_size=2, dist_url='env://', if_amp=True, debug_mode=False, local_rank=0, model_title='model', logging='model', decoder_adapter=True, continue_lr=None, partial_freeze=False, single_epoch=True, lite_baseline=False, dec_only=False, rank=0, gpu=0, dist_backend='nccl')
True val
./ref_dataset/data refzom zom
loading dataset refzom into memory...
creating index...
index created.
DONE (t=10.92s)
Preparing dataset ......
False val
./ref_dataset/data refzom zom
loading dataset refzom into memory...
creating index...
index created.
DONE (t=10.26s)
Preparing dataset ......
length of train set: 57624
length of val set: 15406
/home/akula.ha/.conda/envs/refseg/lib/python3.10/site-packages/torch/utils/data/dataloader.py:557: UserWarning: This DataLoader will create 8 worker processes in total. Our suggested max number of worker in current system is 2, which is smaller than what this DataLoader is going to create. Please be aware that excessive worker creation might get DataLoader running slow or even freeze, lower the worker number to avoid potential slowness/freeze if necessary.
  warnings.warn(_create_warning_msg(
Creating model: ReMamber_Conv_PEFT
/home/akula.ha/.conda/envs/refseg/lib/python3.10/site-packages/torch/utils/data/dataloader.py:557: UserWarning: This DataLoader will create 8 worker processes in total. Our suggested max number of worker in current system is 2, which is smaller than what this DataLoader is going to create. Please be aware that excessive worker creation might get DataLoader running slow or even freeze, lower the worker number to avoid potential slowness/freeze if necessary.
  warnings.warn(_create_warning_msg(
kwargs {'use_adapters': True}
Finetuning half decoder with adapters
True
number of params: 16548707
Loaded checkpoint from 'l_outputs/ReMamber_Conv_PEFT_dadapter/checkpoint_model:cb841cfe.pth'
Continuing training from epoch 13...
Model id is - model:d149b81a
length of train set: 50000
length of val set: 3800
Start training for 50 epochs
Learning rate: 7.36e-06
{'optimizer': AdamW (
Parameter Group 0
    amsgrad: False
    betas: (0.9, 0.999)
    capturable: False
    differentiable: False
    eps: 1e-08
    foreach: None
    fused: None
    initial_lr: 3.3e-05
    lr: 7.36e-06
    maximize: False
    weight_decay: 0.0001

Parameter Group 1
    amsgrad: False
    betas: (0.9, 0.999)
    capturable: False
    differentiable: False
    eps: 1e-08
    foreach: None
    fused: None
    initial_lr: 3.3e-05
    lr: 7.36e-06
    maximize: False
    weight_decay: 0.0001

Parameter Group 2
    amsgrad: False
    betas: (0.9, 0.999)
    capturable: False
    differentiable: False
    eps: 1e-08
    foreach: None
    fused: None
    initial_lr: 1.65e-05
    lr: 3.8e-06
    maximize: False
    weight_decay: 0.0001

Parameter Group 3
    amsgrad: False
    betas: (0.9, 0.999)
    capturable: False
    differentiable: False
    eps: 1e-08
    foreach: None
    fused: None
    initial_lr: 1.65e-05
    lr: 3.8e-06
    maximize: False
    weight_decay: 0.0001
), 'param_group_field': 'lr', '_initial_param_group_field': 'initial_lr', 'base_values': [7.36e-06, 7.36e-06, 3.8e-06, 3.8e-06], 'metric': None, 'noise_range_t': None, 'noise_pct': 0.67, 'noise_type': 'normal', 'noise_std': 1.0, 'noise_seed': 0, 't_initial': 50, 't_mul': 1.0, 'lr_min': 3e-07, 'decay_rate': 0.1, 'cycle_limit': 1, 'warmup_t': 2, 'warmup_lr_init': 1e-06, 'warmup_prefix': False, 't_in_epochs': True, 'warmup_steps': [3.18e-06, 3.18e-06, 1.4000000000000001e-06, 1.4000000000000001e-06]}
/home/akula.ha/.conda/envs/refseg/lib/python3.10/site-packages/torch/autograd/__init__.py:251: UserWarning: Grad strides do not match bucket view strides. This may indicate grad was not created according to the gradient layout contract, or that the param's strides changed since DDP was constructed.  This is not an error, but may impair performance.
grad.sizes() = [512, 192, 1, 1], strides() = [192, 1, 192, 192]
bucket_view.sizes() = [512, 192, 1, 1], strides() = [192, 1, 1, 1] (Triggered internally at ../torch/csrc/distributed/c10d/reducer.cpp:320.)
  Variable._execution_engine.run_backward(  # Calls into the C++ engine to run the backward pass
/home/akula.ha/.conda/envs/refseg/lib/python3.10/site-packages/torch/autograd/__init__.py:251: UserWarning: Grad strides do not match bucket view strides. This may indicate grad was not created according to the gradient layout contract, or that the param's strides changed since DDP was constructed.  This is not an error, but may impair performance.
grad.sizes() = [512, 192, 1, 1], strides() = [192, 1, 192, 192]
bucket_view.sizes() = [512, 192, 1, 1], strides() = [192, 1, 1, 1] (Triggered internally at ../torch/csrc/distributed/c10d/reducer.cpp:320.)
  Variable._execution_engine.run_backward(  # Calls into the C++ engine to run the backward pass
Epoch: [13]  [   0/1786]  eta: 11:12:51  lr: 0.000007  train_loss: 0.1172 (0.1172)  train_iou: 0.6629 (0.6629)  time: 22.6046  data: 9.4970  max mem: 39740
Epoch: [13]  [  20/1786]  eta: 0:56:15  lr: 0.000007  train_loss: 0.1456 (0.1655)  train_iou: 0.6761 (0.6832)  time: 0.8770  data: 0.0003  max mem: 39740
Epoch: [13]  [  40/1786]  eta: 0:40:44  lr: 0.000007  train_loss: 0.1474 (0.1677)  train_iou: 0.6887 (0.6783)  time: 0.8633  data: 0.0009  max mem: 39740
Epoch: [13]  [  60/1786]  eta: 0:35:14  lr: 0.000007  train_loss: 0.1199 (0.1610)  train_iou: 0.6972 (0.6832)  time: 0.8659  data: 0.0004  max mem: 39740
Epoch: [13]  [  80/1786]  eta: 0:32:20  lr: 0.000007  train_loss: 0.1342 (0.1656)  train_iou: 0.6347 (0.6699)  time: 0.8708  data: 0.0004  max mem: 39740
Epoch: [13]  [ 100/1786]  eta: 0:30:28  lr: 0.000007  train_loss: 0.1583 (0.1618)  train_iou: 0.6790 (0.6661)  time: 0.8687  data: 0.0004  max mem: 39740
Epoch: [13]  [ 120/1786]  eta: 0:29:08  lr: 0.000007  train_loss: 0.1227 (0.1621)  train_iou: 0.7269 (0.6693)  time: 0.8727  data: 0.0004  max mem: 39740
Epoch: [13]  [ 140/1786]  eta: 0:28:08  lr: 0.000007  train_loss: 0.1348 (0.1586)  train_iou: 0.7042 (0.6751)  time: 0.8827  data: 0.0003  max mem: 39740
Epoch: [13]  [ 160/1786]  eta: 0:27:19  lr: 0.000007  train_loss: 0.1324 (0.1568)  train_iou: 0.7300 (0.6829)  time: 0.8872  data: 0.0003  max mem: 39740
Epoch: [13]  [ 180/1786]  eta: 0:26:34  lr: 0.000007  train_loss: 0.1419 (0.1565)  train_iou: 0.6893 (0.6807)  time: 0.8688  data: 0.0003  max mem: 39740
Epoch: [13]  [ 200/1786]  eta: 0:25:55  lr: 0.000007  train_loss: 0.1128 (0.1541)  train_iou: 0.6462 (0.6793)  time: 0.8719  data: 0.0004  max mem: 39740
Epoch: [13]  [ 220/1786]  eta: 0:25:21  lr: 0.000007  train_loss: 0.1619 (0.1562)  train_iou: 0.7157 (0.6815)  time: 0.8770  data: 0.0003  max mem: 39740
Epoch: [13]  [ 240/1786]  eta: 0:24:48  lr: 0.000007  train_loss: 0.1581 (0.1572)  train_iou: 0.7067 (0.6843)  time: 0.8684  data: 0.0004  max mem: 39740
Epoch: [13]  [ 260/1786]  eta: 0:24:18  lr: 0.000007  train_loss: 0.1366 (0.1565)  train_iou: 0.6579 (0.6838)  time: 0.8655  data: 0.0005  max mem: 39740
Epoch: [13]  [ 280/1786]  eta: 0:23:49  lr: 0.000007  train_loss: 0.1205 (0.1565)  train_iou: 0.6865 (0.6846)  time: 0.8680  data: 0.0004  max mem: 39740
Epoch: [13]  [ 300/1786]  eta: 0:23:23  lr: 0.000007  train_loss: 0.1234 (0.1555)  train_iou: 0.6218 (0.6814)  time: 0.8773  data: 0.0004  max mem: 39740
Epoch: [13]  [ 320/1786]  eta: 0:22:58  lr: 0.000007  train_loss: 0.1466 (0.1564)  train_iou: 0.6509 (0.6811)  time: 0.8713  data: 0.0004  max mem: 39740
Epoch: [13]  [ 340/1786]  eta: 0:22:33  lr: 0.000007  train_loss: 0.1226 (0.1592)  train_iou: 0.6978 (0.6816)  time: 0.8716  data: 0.0004  max mem: 39740
Epoch: [13]  [ 360/1786]  eta: 0:22:09  lr: 0.000007  train_loss: 0.1350 (0.1597)  train_iou: 0.6962 (0.6816)  time: 0.8700  data: 0.0004  max mem: 39740
Epoch: [13]  [ 380/1786]  eta: 0:21:46  lr: 0.000007  train_loss: 0.1675 (0.1616)  train_iou: 0.6720 (0.6816)  time: 0.8691  data: 0.0004  max mem: 39740
Epoch: [13]  [ 400/1786]  eta: 0:21:23  lr: 0.000007  train_loss: 0.1533 (0.1633)  train_iou: 0.7065 (0.6827)  time: 0.8689  data: 0.0004  max mem: 39740
Epoch: [13]  [ 420/1786]  eta: 0:21:01  lr: 0.000007  train_loss: 0.1067 (0.1617)  train_iou: 0.7247 (0.6841)  time: 0.8765  data: 0.0003  max mem: 39740
Epoch: [13]  [ 440/1786]  eta: 0:20:40  lr: 0.000007  train_loss: 0.1553 (0.1620)  train_iou: 0.6403 (0.6830)  time: 0.8793  data: 0.0004  max mem: 39740
Epoch: [13]  [ 460/1786]  eta: 0:20:18  lr: 0.000007  train_loss: 0.1386 (0.1627)  train_iou: 0.6278 (0.6826)  time: 0.8649  data: 0.0004  max mem: 39740
Epoch: [13]  [ 480/1786]  eta: 0:19:57  lr: 0.000007  train_loss: 0.1072 (0.1616)  train_iou: 0.7029 (0.6835)  time: 0.8689  data: 0.0004  max mem: 39740
Epoch: [13]  [ 500/1786]  eta: 0:19:37  lr: 0.000007  train_loss: 0.1810 (0.1631)  train_iou: 0.6703 (0.6838)  time: 0.8746  data: 0.0004  max mem: 39740
Epoch: [13]  [ 520/1786]  eta: 0:19:17  lr: 0.000007  train_loss: 0.1075 (0.1614)  train_iou: 0.7129 (0.6841)  time: 0.8795  data: 0.0004  max mem: 39740
Epoch: [13]  [ 540/1786]  eta: 0:18:57  lr: 0.000007  train_loss: 0.1602 (0.1624)  train_iou: 0.6970 (0.6842)  time: 0.8821  data: 0.0003  max mem: 39740
Epoch: [13]  [ 560/1786]  eta: 0:18:37  lr: 0.000007  train_loss: 0.1451 (0.1630)  train_iou: 0.6840 (0.6839)  time: 0.8726  data: 0.0003  max mem: 39740
Epoch: [13]  [ 580/1786]  eta: 0:18:17  lr: 0.000007  train_loss: 0.1307 (0.1633)  train_iou: 0.6786 (0.6837)  time: 0.8718  data: 0.0004  max mem: 39740
Epoch: [13]  [ 600/1786]  eta: 0:17:57  lr: 0.000007  train_loss: 0.1459 (0.1629)  train_iou: 0.6515 (0.6827)  time: 0.8703  data: 0.0004  max mem: 39740
Epoch: [13]  [ 620/1786]  eta: 0:17:38  lr: 0.000007  train_loss: 0.1500 (0.1630)  train_iou: 0.6353 (0.6828)  time: 0.8823  data: 0.0003  max mem: 39740
Epoch: [13]  [ 640/1786]  eta: 0:17:19  lr: 0.000007  train_loss: 0.1279 (0.1635)  train_iou: 0.6699 (0.6828)  time: 0.8768  data: 0.0003  max mem: 39740
Epoch: [13]  [ 660/1786]  eta: 0:17:00  lr: 0.000007  train_loss: 0.1495 (0.1637)  train_iou: 0.6668 (0.6822)  time: 0.8811  data: 0.0003  max mem: 39740
Epoch: [13]  [ 680/1786]  eta: 0:16:41  lr: 0.000007  train_loss: 0.1461 (0.1637)  train_iou: 0.7057 (0.6824)  time: 0.8703  data: 0.0004  max mem: 39740
Epoch: [13]  [ 700/1786]  eta: 0:16:21  lr: 0.000007  train_loss: 0.1435 (0.1641)  train_iou: 0.6679 (0.6815)  time: 0.8687  data: 0.0004  max mem: 39740
Epoch: [13]  [ 720/1786]  eta: 0:16:02  lr: 0.000007  train_loss: 0.1277 (0.1645)  train_iou: 0.6949 (0.6822)  time: 0.8753  data: 0.0004  max mem: 39740
Epoch: [13]  [ 740/1786]  eta: 0:15:43  lr: 0.000007  train_loss: 0.1182 (0.1637)  train_iou: 0.7090 (0.6825)  time: 0.8756  data: 0.0004  max mem: 39740
Epoch: [13]  [ 760/1786]  eta: 0:15:25  lr: 0.000007  train_loss: 0.2533 (0.1663)  train_iou: 0.6737 (0.6819)  time: 0.8730  data: 0.0004  max mem: 39740
Epoch: [13]  [ 780/1786]  eta: 0:15:06  lr: 0.000007  train_loss: 0.1487 (0.1666)  train_iou: 0.7199 (0.6821)  time: 0.8687  data: 0.0004  max mem: 39740
Epoch: [13]  [ 800/1786]  eta: 0:14:47  lr: 0.000007  train_loss: 0.1676 (0.1669)  train_iou: 0.6696 (0.6817)  time: 0.8729  data: 0.0005  max mem: 39740
Epoch: [13]  [ 820/1786]  eta: 0:14:28  lr: 0.000007  train_loss: 0.1226 (0.1667)  train_iou: 0.6058 (0.6807)  time: 0.8705  data: 0.0004  max mem: 39740
Epoch: [13]  [ 840/1786]  eta: 0:14:10  lr: 0.000007  train_loss: 0.1334 (0.1665)  train_iou: 0.6875 (0.6811)  time: 0.8772  data: 0.0003  max mem: 39740
Epoch: [13]  [ 860/1786]  eta: 0:13:51  lr: 0.000007  train_loss: 0.1264 (0.1660)  train_iou: 0.6881 (0.6813)  time: 0.8753  data: 0.0004  max mem: 39740
Epoch: [13]  [ 880/1786]  eta: 0:13:33  lr: 0.000007  train_loss: 0.1145 (0.1654)  train_iou: 0.6835 (0.6815)  time: 0.8717  data: 0.0004  max mem: 39740
Epoch: [13]  [ 900/1786]  eta: 0:13:14  lr: 0.000007  train_loss: 0.1831 (0.1660)  train_iou: 0.6466 (0.6810)  time: 0.8702  data: 0.0005  max mem: 39740
Epoch: [13]  [ 920/1786]  eta: 0:12:56  lr: 0.000007  train_loss: 0.1669 (0.1663)  train_iou: 0.6933 (0.6812)  time: 0.8704  data: 0.0004  max mem: 39740
Epoch: [13]  [ 940/1786]  eta: 0:12:38  lr: 0.000007  train_loss: 0.1354 (0.1665)  train_iou: 0.6804 (0.6814)  time: 0.8737  data: 0.0004  max mem: 39740
Epoch: [13]  [ 960/1786]  eta: 0:12:19  lr: 0.000007  train_loss: 0.1661 (0.1672)  train_iou: 0.6569 (0.6809)  time: 0.8726  data: 0.0004  max mem: 39740
Epoch: [13]  [ 980/1786]  eta: 0:12:01  lr: 0.000007  train_loss: 0.1766 (0.1676)  train_iou: 0.6956 (0.6812)  time: 0.8717  data: 0.0004  max mem: 39740
Epoch: [13]  [1000/1786]  eta: 0:11:43  lr: 0.000007  train_loss: 0.1379 (0.1672)  train_iou: 0.7021 (0.6814)  time: 0.8690  data: 0.0004  max mem: 39740
Epoch: [13]  [1020/1786]  eta: 0:11:24  lr: 0.000007  train_loss: 0.1369 (0.1675)  train_iou: 0.6689 (0.6812)  time: 0.8732  data: 0.0004  max mem: 39740
Epoch: [13]  [1040/1786]  eta: 0:11:06  lr: 0.000007  train_loss: 0.1550 (0.1675)  train_iou: 0.7093 (0.6815)  time: 0.8736  data: 0.0004  max mem: 39740
Epoch: [13]  [1060/1786]  eta: 0:10:48  lr: 0.000007  train_loss: 0.1310 (0.1673)  train_iou: 0.6965 (0.6818)  time: 0.8685  data: 0.0004  max mem: 39740
Epoch: [13]  [1080/1786]  eta: 0:10:30  lr: 0.000007  train_loss: 0.1518 (0.1671)  train_iou: 0.6945 (0.6818)  time: 0.8705  data: 0.0004  max mem: 39740
Epoch: [13]  [1100/1786]  eta: 0:10:12  lr: 0.000007  train_loss: 0.1667 (0.1674)  train_iou: 0.7070 (0.6823)  time: 0.8718  data: 0.0004  max mem: 39740
Epoch: [13]  [1120/1786]  eta: 0:09:54  lr: 0.000007  train_loss: 0.1941 (0.1678)  train_iou: 0.6391 (0.6817)  time: 0.8726  data: 0.0004  max mem: 39740
Epoch: [13]  [1140/1786]  eta: 0:09:36  lr: 0.000007  train_loss: 0.1334 (0.1674)  train_iou: 0.6988 (0.6818)  time: 0.8737  data: 0.0004  max mem: 39740
Epoch: [13]  [1160/1786]  eta: 0:09:18  lr: 0.000007  train_loss: 0.1539 (0.1679)  train_iou: 0.6779 (0.6819)  time: 0.8710  data: 0.0004  max mem: 39740
Epoch: [13]  [1180/1786]  eta: 0:08:59  lr: 0.000007  train_loss: 0.1743 (0.1681)  train_iou: 0.7037 (0.6821)  time: 0.8678  data: 0.0004  max mem: 39740
Epoch: [13]  [1200/1786]  eta: 0:08:41  lr: 0.000007  train_loss: 0.1309 (0.1679)  train_iou: 0.7066 (0.6820)  time: 0.8667  data: 0.0004  max mem: 39740
Epoch: [13]  [1220/1786]  eta: 0:08:23  lr: 0.000007  train_loss: 0.1279 (0.1680)  train_iou: 0.7030 (0.6824)  time: 0.8682  data: 0.0004  max mem: 39740
Epoch: [13]  [1240/1786]  eta: 0:08:05  lr: 0.000007  train_loss: 0.1960 (0.1683)  train_iou: 0.7045 (0.6824)  time: 0.8734  data: 0.0004  max mem: 39740
Epoch: [13]  [1260/1786]  eta: 0:07:48  lr: 0.000007  train_loss: 0.1217 (0.1683)  train_iou: 0.6526 (0.6821)  time: 0.8807  data: 0.0004  max mem: 39740
Epoch: [13]  [1280/1786]  eta: 0:07:30  lr: 0.000007  train_loss: 0.1142 (0.1679)  train_iou: 0.6381 (0.6820)  time: 0.8785  data: 0.0003  max mem: 39740
Epoch: [13]  [1300/1786]  eta: 0:07:12  lr: 0.000007  train_loss: 0.1710 (0.1682)  train_iou: 0.7309 (0.6824)  time: 0.8740  data: 0.0004  max mem: 39740
Epoch: [13]  [1320/1786]  eta: 0:06:54  lr: 0.000007  train_loss: 0.1019 (0.1679)  train_iou: 0.7137 (0.6828)  time: 0.8691  data: 0.0004  max mem: 39740
Epoch: [13]  [1340/1786]  eta: 0:06:36  lr: 0.000007  train_loss: 0.1660 (0.1678)  train_iou: 0.7269 (0.6831)  time: 0.8695  data: 0.0004  max mem: 39740
Epoch: [13]  [1360/1786]  eta: 0:06:18  lr: 0.000007  train_loss: 0.1731 (0.1678)  train_iou: 0.6498 (0.6825)  time: 0.8668  data: 0.0009  max mem: 39740
Epoch: [13]  [1380/1786]  eta: 0:06:00  lr: 0.000007  train_loss: 0.1163 (0.1676)  train_iou: 0.6251 (0.6823)  time: 0.8687  data: 0.0004  max mem: 39740
Epoch: [13]  [1400/1786]  eta: 0:05:42  lr: 0.000007  train_loss: 0.1313 (0.1675)  train_iou: 0.6654 (0.6818)  time: 0.8638  data: 0.0004  max mem: 39740
Epoch: [13]  [1420/1786]  eta: 0:05:25  lr: 0.000007  train_loss: 0.2003 (0.1679)  train_iou: 0.6783 (0.6816)  time: 1.0080  data: 0.0004  max mem: 39740
Epoch: [13]  [1440/1786]  eta: 0:05:07  lr: 0.000007  train_loss: 0.1562 (0.1677)  train_iou: 0.7237 (0.6821)  time: 0.8762  data: 0.0003  max mem: 39740
Epoch: [13]  [1460/1786]  eta: 0:04:49  lr: 0.000007  train_loss: 0.1710 (0.1680)  train_iou: 0.6513 (0.6819)  time: 0.8827  data: 0.0003  max mem: 39740
Epoch: [13]  [1480/1786]  eta: 0:04:32  lr: 0.000007  train_loss: 0.1446 (0.1679)  train_iou: 0.6029 (0.6814)  time: 0.8631  data: 0.0004  max mem: 39740
Epoch: [13]  [1500/1786]  eta: 0:04:14  lr: 0.000007  train_loss: 0.1523 (0.1679)  train_iou: 0.6562 (0.6810)  time: 0.8642  data: 0.0004  max mem: 39740
Epoch: [13]  [1520/1786]  eta: 0:03:56  lr: 0.000007  train_loss: 0.1523 (0.1681)  train_iou: 0.6762 (0.6808)  time: 0.8650  data: 0.0004  max mem: 39740
Epoch: [13]  [1540/1786]  eta: 0:03:38  lr: 0.000007  train_loss: 0.1327 (0.1682)  train_iou: 0.6865 (0.6810)  time: 0.8691  data: 0.0004  max mem: 39740
Epoch: [13]  [1560/1786]  eta: 0:03:20  lr: 0.000007  train_loss: 0.1483 (0.1683)  train_iou: 0.6505 (0.6810)  time: 0.8668  data: 0.0004  max mem: 39740
Epoch: [13]  [1580/1786]  eta: 0:03:02  lr: 0.000007  train_loss: 0.1597 (0.1685)  train_iou: 0.7295 (0.6813)  time: 0.8717  data: 0.0004  max mem: 39740
Epoch: [13]  [1600/1786]  eta: 0:02:45  lr: 0.000007  train_loss: 0.1263 (0.1684)  train_iou: 0.6327 (0.6809)  time: 0.8692  data: 0.0004  max mem: 39740
Epoch: [13]  [1620/1786]  eta: 0:02:27  lr: 0.000007  train_loss: 0.1183 (0.1681)  train_iou: 0.6727 (0.6811)  time: 0.8699  data: 0.0004  max mem: 39740
Epoch: [13]  [1640/1786]  eta: 0:02:09  lr: 0.000007  train_loss: 0.1261 (0.1679)  train_iou: 0.6800 (0.6809)  time: 0.8724  data: 0.0003  max mem: 39740
Epoch: [13]  [1660/1786]  eta: 0:01:51  lr: 0.000007  train_loss: 0.1482 (0.1681)  train_iou: 0.7055 (0.6812)  time: 0.8716  data: 0.0015  max mem: 39740
Epoch: [13]  [1680/1786]  eta: 0:01:33  lr: 0.000007  train_loss: 0.1556 (0.1685)  train_iou: 0.7353 (0.6815)  time: 0.8691  data: 0.0003  max mem: 39740
Epoch: [13]  [1700/1786]  eta: 0:01:16  lr: 0.000007  train_loss: 0.1616 (0.1686)  train_iou: 0.7053 (0.6815)  time: 0.8790  data: 0.0003  max mem: 39740
Epoch: [13]  [1720/1786]  eta: 0:00:58  lr: 0.000007  train_loss: 0.1246 (0.1687)  train_iou: 0.7444 (0.6821)  time: 0.8706  data: 0.0004  max mem: 39740
Epoch: [13]  [1740/1786]  eta: 0:00:40  lr: 0.000007  train_loss: 0.1356 (0.1686)  train_iou: 0.6760 (0.6820)  time: 0.8760  data: 0.0004  max mem: 39740
Epoch: [13]  [1760/1786]  eta: 0:00:23  lr: 0.000007  train_loss: 0.1234 (0.1684)  train_iou: 0.6727 (0.6821)  time: 0.8721  data: 0.0003  max mem: 39740
Epoch: [13]  [1780/1786]  eta: 0:00:05  lr: 0.000007  train_loss: 0.1091 (0.1680)  train_iou: 0.7122 (0.6825)  time: 0.8411  data: 0.0002  max mem: 39740
Epoch: [13]  [1785/1786]  eta: 0:00:00  lr: 0.000007  train_loss: 0.1208 (0.1681)  train_iou: 0.7122 (0.6823)  time: 1.1755  data: 0.0002  max mem: 39740
Epoch: [13] Total time: 0:26:28 (0.8896 s / it)
Averaged stats: lr: 0.000007  train_loss: 0.1208 (0.1684)  train_iou: 0.7122 (0.6820)
huggingface/tokenizers: The current process just got forked, after parallelism has already been used. Disabling parallelism to avoid deadlocks...
To disable this warning, you can either:
	- Avoid using `tokenizers` before the fork if possible
	- Explicitly set the environment variable TOKENIZERS_PARALLELISM=(true | false)
huggingface/tokenizers: The current process just got forked, after parallelism has already been used. Disabling parallelism to avoid deadlocks...
To disable this warning, you can either:
	- Avoid using `tokenizers` before the fork if possible
	- Explicitly set the environment variable TOKENIZERS_PARALLELISM=(true | false)
huggingface/tokenizers: The current process just got forked, after parallelism has already been used. Disabling parallelism to avoid deadlocks...
To disable this warning, you can either:
	- Avoid using `tokenizers` before the fork if possible
	- Explicitly set the environment variable TOKENIZERS_PARALLELISM=(true | false)
huggingface/tokenizers: The current process just got forked, after parallelism has already been used. Disabling parallelism to avoid deadlocks...
To disable this warning, you can either:
	- Avoid using `tokenizers` before the fork if possible
	- Explicitly set the environment variable TOKENIZERS_PARALLELISM=(true | false)
huggingface/tokenizers: The current process just got forked, after parallelism has already been used. Disabling parallelism to avoid deadlocks...
To disable this warning, you can either:
	- Avoid using `tokenizers` before the fork if possible
	- Explicitly set the environment variable TOKENIZERS_PARALLELISM=(true | false)
huggingface/tokenizers: The current process just got forked, after parallelism has already been used. Disabling parallelism to avoid deadlocks...
To disable this warning, you can either:
	- Avoid using `tokenizers` before the fork if possible
	- Explicitly set the environment variable TOKENIZERS_PARALLELISM=(true | false)
huggingface/tokenizers: The current process just got forked, after parallelism has already been used. Disabling parallelism to avoid deadlocks...
To disable this warning, you can either:
	- Avoid using `tokenizers` before the fork if possible
	- Explicitly set the environment variable TOKENIZERS_PARALLELISM=(true | false)
huggingface/tokenizers: The current process just got forked, after parallelism has already been used. Disabling parallelism to avoid deadlocks...
To disable this warning, you can either:
	- Avoid using `tokenizers` before the fork if possible
	- Explicitly set the environment variable TOKENIZERS_PARALLELISM=(true | false)
huggingface/tokenizers: The current process just got forked, after parallelism has already been used. Disabling parallelism to avoid deadlocks...
To disable this warning, you can either:
	- Avoid using `tokenizers` before the fork if possible
	- Explicitly set the environment variable TOKENIZERS_PARALLELISM=(true | false)
huggingface/tokenizers: The current process just got forked, after parallelism has already been used. Disabling parallelism to avoid deadlocks...
To disable this warning, you can either:
	- Avoid using `tokenizers` before the fork if possible
	- Explicitly set the environment variable TOKENIZERS_PARALLELISM=(true | false)
huggingface/tokenizers: The current process just got forked, after parallelism has already been used. Disabling parallelism to avoid deadlocks...
To disable this warning, you can either:
	- Avoid using `tokenizers` before the fork if possible
	- Explicitly set the environment variable TOKENIZERS_PARALLELISM=(true | false)
huggingface/tokenizers: The current process just got forked, after parallelism has already been used. Disabling parallelism to avoid deadlocks...
To disable this warning, you can either:
	- Avoid using `tokenizers` before the fork if possible
	- Explicitly set the environment variable TOKENIZERS_PARALLELISM=(true | false)
huggingface/tokenizers: The current process just got forked, after parallelism has already been used. Disabling parallelism to avoid deadlocks...
To disable this warning, you can either:
	- Avoid using `tokenizers` before the fork if possible
	- Explicitly set the environment variable TOKENIZERS_PARALLELISM=(true | false)
huggingface/tokenizers: The current process just got forked, after parallelism has already been used. Disabling parallelism to avoid deadlocks...
To disable this warning, you can either:
	- Avoid using `tokenizers` before the fork if possible
	- Explicitly set the environment variable TOKENIZERS_PARALLELISM=(true | false)
huggingface/tokenizers: The current process just got forked, after parallelism has already been used. Disabling parallelism to avoid deadlocks...
To disable this warning, you can either:
	- Avoid using `tokenizers` before the fork if possible
	- Explicitly set the environment variable TOKENIZERS_PARALLELISM=(true | false)
huggingface/tokenizers: The current process just got forked, after parallelism has already been used. Disabling parallelism to avoid deadlocks...
To disable this warning, you can either:
	- Avoid using `tokenizers` before the fork if possible
	- Explicitly set the environment variable TOKENIZERS_PARALLELISM=(true | false)
Test:  [   0/3800]  eta: 3:01:22  inter: 33252.0000 (33252.0000)  union: 35418.0000 (35418.0000)  iou: 0.9388 (0.9388)  time: 2.8638  data: 0.8663  max mem: 39740
Test:  [  50/3800]  eta: 0:15:56  inter: 15341.0000 (22441.0469)  union: 44761.0000 (40403.0469)  iou: 0.5154 (0.5363)  time: 0.1329  data: 0.0004  max mem: 39740
Test:  [ 100/3800]  eta: 0:13:21  inter: 20539.0000 (24221.8603)  union: 46088.0000 (41459.6471)  iou: 0.6145 (0.5743)  time: 0.1362  data: 0.0003  max mem: 39740
Test:  [ 150/3800]  eta: 0:11:35  inter: 18054.0000 (24077.1196)  union: 29997.0000 (39383.0766)  iou: 0.8490 (0.6070)  time: 0.1377  data: 0.0003  max mem: 39740
Test:  [ 200/3800]  eta: 0:10:34  inter: 33775.0000 (24717.6154)  union: 36808.0000 (39193.6081)  iou: 0.9151 (0.6123)  time: 0.1297  data: 0.0003  max mem: 39740
Test:  [ 250/3800]  eta: 0:09:54  inter: 14793.0000 (26651.0602)  union: 33462.0000 (40945.2861)  iou: 0.4401 (0.6078)  time: 0.1348  data: 0.0005  max mem: 39740
Test:  [ 300/3800]  eta: 0:09:26  inter: 17363.0000 (26031.7940)  union: 24307.0000 (40495.0074)  iou: 0.5338 (0.6009)  time: 0.1350  data: 0.0004  max mem: 39740
Test:  [ 350/3800]  eta: 0:09:07  inter: 9204.0000 (24995.8864)  union: 29544.0000 (40162.2562)  iou: 0.5073 (0.5873)  time: 0.1411  data: 0.0006  max mem: 39740
Test:  [ 400/3800]  eta: 0:09:11  inter: 31008.0000 (24611.5179)  union: 36089.0000 (39432.9304)  iou: 0.7859 (0.5901)  time: 0.1352  data: 0.0003  max mem: 39740
Test:  [ 450/3800]  eta: 0:08:52  inter: 13187.0000 (24454.8381)  union: 28907.0000 (39271.7683)  iou: 0.6355 (0.5920)  time: 0.1358  data: 0.0005  max mem: 39740
Test:  [ 500/3800]  eta: 0:08:35  inter: 17190.0000 (24839.4914)  union: 30956.0000 (40234.7149)  iou: 0.5339 (0.5863)  time: 0.1329  data: 0.0004  max mem: 39740
Test:  [ 550/3800]  eta: 0:08:22  inter: 23766.0000 (24958.4640)  union: 27909.0000 (39996.7314)  iou: 0.8651 (0.5949)  time: 0.1334  data: 0.0004  max mem: 39740
Test:  [ 600/3800]  eta: 0:08:08  inter: 10296.0000 (24793.9657)  union: 34639.0000 (39946.0781)  iou: 0.8023 (0.5916)  time: 0.1343  data: 0.0004  max mem: 39740
Test:  [ 650/3800]  eta: 0:07:56  inter: 25823.0000 (25343.5171)  union: 39253.0000 (40334.6077)  iou: 0.7444 (0.5906)  time: 0.1331  data: 0.0004  max mem: 39740
Test:  [ 700/3800]  eta: 0:07:45  inter: 13475.0000 (25002.7166)  union: 29040.0000 (40057.7752)  iou: 0.3616 (0.5845)  time: 0.1355  data: 0.0003  max mem: 39740
Test:  [ 750/3800]  eta: 0:07:35  inter: 27193.0000 (24848.3520)  union: 29760.0000 (39884.8497)  iou: 0.8908 (0.5877)  time: 0.1408  data: 0.0007  max mem: 39740
Test:  [ 800/3800]  eta: 0:07:26  inter: 18511.0000 (24619.1125)  union: 46467.0000 (39469.5268)  iou: 0.5427 (0.5880)  time: 0.1409  data: 0.0004  max mem: 39740
Test:  [ 850/3800]  eta: 0:07:17  inter: 21677.0000 (24756.4209)  union: 38285.0000 (39534.7004)  iou: 0.7568 (0.5899)  time: 0.1340  data: 0.0004  max mem: 39740
Test:  [ 900/3800]  eta: 0:07:07  inter: 10375.0000 (24764.8095)  union: 27476.0000 (39771.3043)  iou: 0.7337 (0.5860)  time: 0.1366  data: 0.0004  max mem: 39740
Test:  [ 950/3800]  eta: 0:06:58  inter: 24460.0000 (25090.2753)  union: 30988.0000 (39882.0653)  iou: 0.8340 (0.5875)  time: 0.1364  data: 0.0005  max mem: 39740
Test:  [1000/3800]  eta: 0:06:50  inter: 22223.0000 (25291.9138)  union: 36964.0000 (40058.2623)  iou: 0.7700 (0.5884)  time: 0.1340  data: 0.0004  max mem: 39740
Test:  [1050/3800]  eta: 0:06:41  inter: 18025.0000 (25249.5048)  union: 37014.0000 (40065.4163)  iou: 0.4605 (0.5872)  time: 0.1366  data: 0.0004  max mem: 39740
Test:  [1100/3800]  eta: 0:06:33  inter: 22386.0000 (25027.3118)  union: 27692.0000 (39827.8945)  iou: 0.6559 (0.5865)  time: 0.1362  data: 0.0004  max mem: 39740
Test:  [1150/3800]  eta: 0:06:25  inter: 10005.0000 (25231.0856)  union: 23761.0000 (39677.1241)  iou: 0.4210 (0.5909)  time: 0.1406  data: 0.0004  max mem: 39740
Test:  [1200/3800]  eta: 0:06:16  inter: 16145.0000 (25212.5279)  union: 33132.0000 (39894.9518)  iou: 0.7743 (0.5874)  time: 0.1390  data: 0.0005  max mem: 39740
Test:  [1250/3800]  eta: 0:06:09  inter: 3633.0000 (24977.8319)  union: 33827.0000 (39668.4111)  iou: 0.0943 (0.5856)  time: 0.1426  data: 0.0006  max mem: 39740
Test:  [1300/3800]  eta: 0:06:01  inter: 15257.0000 (24789.6794)  union: 33154.0000 (39510.5691)  iou: 0.5458 (0.5872)  time: 0.1354  data: 0.0004  max mem: 39740
Test:  [1350/3800]  eta: 0:05:53  inter: 23858.0000 (24774.0863)  union: 35302.0000 (39516.3679)  iou: 0.7751 (0.5867)  time: 0.1360  data: 0.0004  max mem: 39740
Test:  [1400/3800]  eta: 0:05:45  inter: 9974.0000 (24886.3527)  union: 11605.0000 (39717.1068)  iou: 0.7288 (0.5840)  time: 0.1385  data: 0.0006  max mem: 39740
Test:  [1450/3800]  eta: 0:05:37  inter: 15900.0000 (24824.0978)  union: 40605.0000 (39655.5081)  iou: 0.4692 (0.5832)  time: 0.1306  data: 0.0003  max mem: 39740
Test:  [1500/3800]  eta: 0:05:29  inter: 16635.0000 (24848.8609)  union: 39695.0000 (39789.5672)  iou: 0.4915 (0.5811)  time: 0.1370  data: 0.0004  max mem: 39740
Test:  [1550/3800]  eta: 0:05:22  inter: 11825.0000 (24793.6998)  union: 25266.0000 (39741.2641)  iou: 0.8595 (0.5828)  time: 0.1425  data: 0.0012  max mem: 39740
Test:  [1600/3800]  eta: 0:05:18  inter: 11117.0000 (24682.2561)  union: 23913.0000 (39699.6258)  iou: 0.4344 (0.5797)  time: 0.2797  data: 0.0008  max mem: 39740
Test:  [1650/3800]  eta: 0:05:10  inter: 16009.0000 (24634.8263)  union: 33622.0000 (39665.6372)  iou: 0.4381 (0.5782)  time: 0.1412  data: 0.0004  max mem: 39740
Test:  [1700/3800]  eta: 0:05:03  inter: 16949.0000 (24656.6934)  union: 36076.0000 (39715.0238)  iou: 0.7724 (0.5774)  time: 0.1440  data: 0.0006  max mem: 39740
Test:  [1750/3800]  eta: 0:04:55  inter: 17244.0000 (24618.9348)  union: 32709.0000 (39663.8043)  iou: 0.8270 (0.5767)  time: 0.1436  data: 0.0006  max mem: 39740
Test:  [1800/3800]  eta: 0:04:48  inter: 15270.0000 (24499.1971)  union: 33047.0000 (39524.7165)  iou: 0.5311 (0.5764)  time: 0.1423  data: 0.0006  max mem: 39740
Test:  [1850/3800]  eta: 0:04:40  inter: 11032.0000 (24459.2958)  union: 34049.0000 (39610.4973)  iou: 0.3375 (0.5742)  time: 0.1414  data: 0.0004  max mem: 39740
Test:  [1900/3800]  eta: 0:04:33  inter: 31573.0000 (24409.1614)  union: 54919.0000 (39520.9120)  iou: 0.5817 (0.5753)  time: 0.1424  data: 0.0004  max mem: 39740
Test:  [1950/3800]  eta: 0:04:26  inter: 11874.0000 (24380.3796)  union: 16762.0000 (39506.8682)  iou: 0.7077 (0.5761)  time: 0.1397  data: 0.0005  max mem: 39740
Test:  [2000/3800]  eta: 0:04:18  inter: 14100.0000 (24360.9536)  union: 22655.0000 (39458.3229)  iou: 0.7386 (0.5763)  time: 0.1383  data: 0.0003  max mem: 39740
Test:  [2050/3800]  eta: 0:04:11  inter: 12924.0000 (24255.7198)  union: 48735.0000 (39510.3746)  iou: 0.2852 (0.5742)  time: 0.1429  data: 0.0003  max mem: 39740
Test:  [2100/3800]  eta: 0:04:04  inter: 15265.0000 (24191.2876)  union: 32011.0000 (39474.0786)  iou: 0.7322 (0.5739)  time: 0.1360  data: 0.0005  max mem: 39740
Test:  [2150/3800]  eta: 0:03:56  inter: 16154.0000 (24209.3572)  union: 30146.0000 (39524.7042)  iou: 0.7136 (0.5734)  time: 0.1395  data: 0.0005  max mem: 39740
Test:  [2200/3800]  eta: 0:03:49  inter: 13770.0000 (24204.9213)  union: 21121.0000 (39466.7689)  iou: 0.6007 (0.5737)  time: 0.1416  data: 0.0006  max mem: 39740
Test:  [2250/3800]  eta: 0:03:42  inter: 19074.0000 (24076.0784)  union: 37525.0000 (39305.9327)  iou: 0.7285 (0.5728)  time: 0.1399  data: 0.0004  max mem: 39740
Test:  [2300/3800]  eta: 0:03:34  inter: 22468.0000 (24169.1245)  union: 36874.0000 (39293.3319)  iou: 0.6104 (0.5750)  time: 0.1422  data: 0.0005  max mem: 39740
Test:  [2350/3800]  eta: 0:03:27  inter: 15446.0000 (24106.4122)  union: 37784.0000 (39260.0217)  iou: 0.6959 (0.5746)  time: 0.1443  data: 0.0004  max mem: 39740
Test:  [2400/3800]  eta: 0:03:20  inter: 10375.0000 (24151.8038)  union: 30791.0000 (39231.0312)  iou: 0.4448 (0.5750)  time: 0.1422  data: 0.0004  max mem: 39740
Test:  [2450/3800]  eta: 0:03:13  inter: 29098.0000 (24234.4400)  union: 32961.0000 (39294.5476)  iou: 0.8523 (0.5764)  time: 0.1304  data: 0.0004  max mem: 39740
Test:  [2500/3800]  eta: 0:03:05  inter: 24919.0000 (24175.2636)  union: 39616.0000 (39316.4763)  iou: 0.8061 (0.5759)  time: 0.1402  data: 0.0005  max mem: 39740
Test:  [2550/3800]  eta: 0:02:58  inter: 27817.0000 (24273.2920)  union: 33270.0000 (39450.3732)  iou: 0.8271 (0.5763)  time: 0.1419  data: 0.0003  max mem: 39740
Test:  [2600/3800]  eta: 0:02:51  inter: 12545.0000 (24222.7740)  union: 28561.0000 (39392.7473)  iou: 0.4837 (0.5754)  time: 0.1439  data: 0.0004  max mem: 39740
Test:  [2650/3800]  eta: 0:02:44  inter: 16399.0000 (24279.0118)  union: 34348.0000 (39578.5789)  iou: 0.8941 (0.5746)  time: 0.1422  data: 0.0005  max mem: 39740
Test:  [2700/3800]  eta: 0:02:37  inter: 22717.0000 (24339.6095)  union: 30516.0000 (39655.9130)  iou: 0.8486 (0.5747)  time: 0.1413  data: 0.0005  max mem: 39740
Test:  [2750/3800]  eta: 0:02:29  inter: 22839.0000 (24385.6520)  union: 29027.0000 (39751.4615)  iou: 0.8543 (0.5740)  time: 0.1391  data: 0.0004  max mem: 39740
Test:  [2800/3800]  eta: 0:02:22  inter: 14783.0000 (24391.0401)  union: 26423.0000 (39659.9190)  iou: 0.7209 (0.5747)  time: 0.1419  data: 0.0004  max mem: 39740
Test:  [2850/3800]  eta: 0:02:15  inter: 12092.0000 (24504.9731)  union: 32797.0000 (39732.9594)  iou: 0.3199 (0.5744)  time: 0.1410  data: 0.0005  max mem: 39740
Test:  [2900/3800]  eta: 0:02:08  inter: 17724.0000 (24555.2041)  union: 26077.0000 (39793.5710)  iou: 0.7327 (0.5744)  time: 0.1388  data: 0.0006  max mem: 39740
Test:  [2950/3800]  eta: 0:02:01  inter: 17570.0000 (24579.2531)  union: 26333.0000 (39788.9313)  iou: 0.4288 (0.5746)  time: 0.1373  data: 0.0004  max mem: 39740
Test:  [3000/3800]  eta: 0:01:54  inter: 10616.0000 (24499.5259)  union: 32355.0000 (39751.6935)  iou: 0.2106 (0.5734)  time: 0.1437  data: 0.0004  max mem: 39740
Test:  [3050/3800]  eta: 0:01:46  inter: 13274.0000 (24476.2768)  union: 29741.0000 (39824.9893)  iou: 0.4620 (0.5730)  time: 0.1381  data: 0.0004  max mem: 39740
Test:  [3100/3800]  eta: 0:01:39  inter: 17502.0000 (24488.6866)  union: 42126.0000 (39793.8834)  iou: 0.4686 (0.5737)  time: 0.1405  data: 0.0004  max mem: 39740
Test:  [3150/3800]  eta: 0:01:32  inter: 14872.0000 (24397.0112)  union: 21452.0000 (39659.8227)  iou: 0.6187 (0.5737)  time: 0.1424  data: 0.0004  max mem: 39740
Test:  [3200/3800]  eta: 0:01:25  inter: 10555.0000 (24400.6862)  union: 38548.0000 (39712.7013)  iou: 0.6786 (0.5738)  time: 0.1423  data: 0.0003  max mem: 39740
Test:  [3250/3800]  eta: 0:01:18  inter: 14940.0000 (24335.7344)  union: 24797.0000 (39634.2737)  iou: 0.6788 (0.5727)  time: 0.1407  data: 0.0004  max mem: 39740
Test:  [3300/3800]  eta: 0:01:11  inter: 24788.0000 (24441.1550)  union: 43734.0000 (39734.4784)  iou: 0.8171 (0.5720)  time: 0.1432  data: 0.0004  max mem: 39740
Test:  [3350/3800]  eta: 0:01:04  inter: 9664.0000 (24426.2985)  union: 12638.0000 (39735.7028)  iou: 0.7662 (0.5725)  time: 0.1386  data: 0.0004  max mem: 39740
Test:  [3400/3800]  eta: 0:00:56  inter: 26042.0000 (24521.8133)  union: 37273.0000 (39804.5846)  iou: 0.8832 (0.5737)  time: 0.1409  data: 0.0007  max mem: 39740
Test:  [3450/3800]  eta: 0:00:49  inter: 19506.0000 (24555.2332)  union: 27960.0000 (39795.3212)  iou: 0.7477 (0.5741)  time: 0.1417  data: 0.0004  max mem: 39740
Test:  [3500/3800]  eta: 0:00:42  inter: 15188.0000 (24539.6796)  union: 20819.0000 (39714.4856)  iou: 0.7325 (0.5746)  time: 0.1385  data: 0.0006  max mem: 39740
Test:  [3550/3800]  eta: 0:00:35  inter: 20361.0000 (24533.2148)  union: 35701.0000 (39734.7236)  iou: 0.6890 (0.5736)  time: 0.1394  data: 0.0004  max mem: 39740
Test:  [3600/3800]  eta: 0:00:28  inter: 21859.0000 (24461.1094)  union: 31434.0000 (39703.2511)  iou: 0.8048 (0.5724)  time: 0.1360  data: 0.0003  max mem: 39740
Test:  [3650/3800]  eta: 0:00:21  inter: 14109.0000 (24406.7279)  union: 38913.0000 (39705.1327)  iou: 0.4448 (0.5713)  time: 0.1447  data: 0.0009  max mem: 39740
Test:  [3700/3800]  eta: 0:00:14  inter: 20618.0000 (24502.0714)  union: 36137.0000 (39734.9944)  iou: 0.8012 (0.5721)  time: 0.1393  data: 0.0003  max mem: 39740
Test:  [3750/3800]  eta: 0:00:07  inter: 22491.0000 (24563.8436)  union: 42237.0000 (39784.5938)  iou: 0.6134 (0.5731)  time: 0.1388  data: 0.0004  max mem: 39740
Test:  [3799/3800]  eta: 0:00:00  inter: 22189.0000 (24595.7792)  union: 29387.0000 (39764.0686)  iou: 0.5720 (0.5735)  time: 0.1190  data: 0.0001  max mem: 39740
Test: Total time: 0:09:00 (0.1423 s / it)
* IoU 0.573 oIoU 0.619
IoU of the network on the 3800 test images: 0.6%
Max IoU: 0.57%
Training time 0:35:38
