Architecture:                       x86_64
CPU op-mode(s):                     32-bit, 64-bit
Address sizes:                      46 bits physical, 57 bits virtual
Byte Order:                         Little Endian
CPU(s):                             96
On-line CPU(s) list:                0-95
Vendor ID:                          GenuineIntel
Model name:                         Intel(R) Xeon(R) Gold 6442Y
CPU family:                         6
Model:                              143
Thread(s) per core:                 2
Core(s) per socket:                 24
Socket(s):                          2
Stepping:                           8
BogoMIPS:                           5200.00
Flags:                              fpu vme de pse tsc msr pae mce cx8 apic sep mtrr pge mca cmov pat pse36 clflush dts acpi mmx fxsr sse sse2 ss ht tm pbe syscall nx pdpe1gb rdtscp lm constant_tsc art arch_perfmon pebs bts rep_good nopl xtopology nonstop_tsc cpuid aperfmperf tsc_known_freq pni pclmulqdq dtes64 monitor ds_cpl vmx smx est tm2 ssse3 sdbg fma cx16 xtpr pdcm pcid dca sse4_1 sse4_2 x2apic movbe popcnt tsc_deadline_timer aes xsave avx f16c rdrand lahf_lm abm 3dnowprefetch cpuid_fault epb cat_l3 cat_l2 cdp_l3 invpcid_single cdp_l2 ssbd mba ibrs ibpb stibp ibrs_enhanced tpr_shadow flexpriority ept vpid ept_ad fsgsbase tsc_adjust bmi1 avx2 smep bmi2 erms invpcid cqm rdt_a avx512f avx512dq rdseed adx smap avx512ifma clflushopt clwb intel_pt avx512cd sha_ni avx512bw avx512vl xsaveopt xsavec xgetbv1 xsaves cqm_llc cqm_occup_llc cqm_mbm_total cqm_mbm_local split_lock_detect avx_vnni avx512_bf16 wbnoinvd dtherm ida arat pln pts hfi vnmi avx512vbmi umip pku ospke waitpkg avx512_vbmi2 gfni vaes vpclmulqdq avx512_vnni avx512_bitalg tme avx512_vpopcntdq la57 rdpid bus_lock_detect cldemote movdiri movdir64b enqcmd fsrm md_clear serialize tsxldtrk pconfig arch_lbr ibt amx_bf16 avx512_fp16 amx_tile amx_int8 flush_l1d arch_capabilities
Virtualization:                     VT-x
L1d cache:                          2.3 MiB (48 instances)
L1i cache:                          1.5 MiB (48 instances)
L2 cache:                           96 MiB (48 instances)
L3 cache:                           120 MiB (2 instances)
NUMA node(s):                       2
NUMA node0 CPU(s):                  0,2,4,6,8,10,12,14,16,18,20,22,24,26,28,30,32,34,36,38,40,42,44,46,48,50,52,54,56,58,60,62,64,66,68,70,72,74,76,78,80,82,84,86,88,90,92,94
NUMA node1 CPU(s):                  1,3,5,7,9,11,13,15,17,19,21,23,25,27,29,31,33,35,37,39,41,43,45,47,49,51,53,55,57,59,61,63,65,67,69,71,73,75,77,79,81,83,85,87,89,91,93,95
Vulnerability Gather data sampling: Not affected
Vulnerability Itlb multihit:        Not affected
Vulnerability L1tf:                 Not affected
Vulnerability Mds:                  Not affected
Vulnerability Meltdown:             Not affected
Vulnerability Mmio stale data:      Not affected
Vulnerability Retbleed:             Not affected
Vulnerability Spec rstack overflow: Not affected
Vulnerability Spec store bypass:    Mitigation; Speculative Store Bypass disabled via prctl
Vulnerability Spectre v1:           Mitigation; usercopy/swapgs barriers and __user pointer sanitization
Vulnerability Spectre v2:           Mitigation; Enhanced / Automatic IBRS, IBPB conditional, RSB filling, PBRSB-eIBRS SW sequence
Vulnerability Srbds:                Not affected
Vulnerability Tsx async abort:      Not affected
Mon Apr 21 14:56:42 2025       
+---------------------------------------------------------------------------------------+
| NVIDIA-SMI 545.23.08              Driver Version: 545.23.08    CUDA Version: 12.3     |
|-----------------------------------------+----------------------+----------------------+
| GPU  Name                 Persistence-M | Bus-Id        Disp.A | Volatile Uncorr. ECC |
| Fan  Temp   Perf          Pwr:Usage/Cap |         Memory-Usage | GPU-Util  Compute M. |
|                                         |                      |               MIG M. |
|=========================================+======================+======================|
|   0  NVIDIA L40S                    On  | 00000000:61:00.0 Off |                    0 |
| N/A   32C    P8              34W / 350W |      3MiB / 46068MiB |      0%      Default |
|                                         |                      |                  N/A |
+-----------------------------------------+----------------------+----------------------+
|   1  NVIDIA L40S                    On  | 00000000:CA:00.0 Off |                    0 |
| N/A   30C    P8              32W / 350W |      3MiB / 46068MiB |      0%      Default |
|                                         |                      |                  N/A |
+-----------------------------------------+----------------------+----------------------+
                                                                                         
+---------------------------------------------------------------------------------------+
| Processes:                                                                            |
|  GPU   GI   CI        PID   Type   Process name                            GPU Memory |
|        ID   ID                                                             Usage      |
|=======================================================================================|
|  No running processes found                                                           |
+---------------------------------------------------------------------------------------+
/home/akula.ha/.conda/envs/refseg/lib/python3.10/site-packages/torch/distributed/launch.py:181: FutureWarning: The module torch.distributed.launch is deprecated
and will be removed in future. Use torchrun.
Note that --use-env is set by default in torchrun.
If your script expects `--local-rank` argument to be set, please
change it to read from `os.environ['LOCAL_RANK']` instead. See 
https://pytorch.org/docs/stable/distributed.html#launch-utility for 
further instructions

  warnings.warn(
[2025-04-21 14:56:49,880] torch.distributed.run: [WARNING] 
[2025-04-21 14:56:49,880] torch.distributed.run: [WARNING] *****************************************
[2025-04-21 14:56:49,880] torch.distributed.run: [WARNING] Setting OMP_NUM_THREADS environment variable for each process to be 1 in default, to avoid your system being overloaded, please further tune the variable for optimal performance in your application as needed. 
[2025-04-21 14:56:49,880] torch.distributed.run: [WARNING] *****************************************
| distributed init (rank 0): env://| distributed init (rank 1): env://

Namespace(batch_size=14, epochs=50, model='ReMamber_Conv_PEFT', pretrain_path='./pretrain', input_size=480, drop=0.0, drop_path=0.1, model_ema=False, model_ema_decay=0.9999, model_ema_force_cpu=False, opt='adamw', opt_eps=1e-08, opt_betas=None, clip_grad=None, momentum=0.9, weight_decay=0.0001, sched='cosine', lr=1.86e-05, lr_decoder=1.86e-05, lr_backbone=9.38e-06, lr_vssm=9.38e-06, warmup_lr=1e-06, min_lr=3e-07, decay_epochs=13.0, warmup_epochs=2, cooldown_epochs=10, patience_epochs=10, decay_rate=0.1, train_mode=True, finetune='pretrain/ReMamber_Conv.pth', data_path='./ref_dataset/data', data_set='refzom', output_dir='./l_outputs', device='cuda', seed=0, resume='l_outputs/ReMamber_Conv_PEFT_dadapter/checkpoint_model:71ce0db5.pth', start_epoch=0, eval=False, dist_eval=False, num_workers=8, pin_mem=True, distributed=True, world_size=2, dist_url='env://', if_amp=True, debug_mode=False, local_rank=0, model_title='model', logging='model', decoder_adapter=True, continue_lr=None, partial_freeze=False, single_epoch=True, lite_baseline=False, dec_only=False, rank=0, gpu=0, dist_backend='nccl')
True val
./ref_dataset/data refzom zom
loading dataset refzom into memory...
creating index...
index created.
DONE (t=10.82s)
Preparing dataset ......
False val
./ref_dataset/data refzom zom
loading dataset refzom into memory...
creating index...
index created.
DONE (t=10.14s)
Preparing dataset ......
length of train set: 57624
length of val set: 15406
/home/akula.ha/.conda/envs/refseg/lib/python3.10/site-packages/torch/utils/data/dataloader.py:557: UserWarning: This DataLoader will create 8 worker processes in total. Our suggested max number of worker in current system is 2, which is smaller than what this DataLoader is going to create. Please be aware that excessive worker creation might get DataLoader running slow or even freeze, lower the worker number to avoid potential slowness/freeze if necessary.
  warnings.warn(_create_warning_msg(
Creating model: ReMamber_Conv_PEFT
/home/akula.ha/.conda/envs/refseg/lib/python3.10/site-packages/torch/utils/data/dataloader.py:557: UserWarning: This DataLoader will create 8 worker processes in total. Our suggested max number of worker in current system is 2, which is smaller than what this DataLoader is going to create. Please be aware that excessive worker creation might get DataLoader running slow or even freeze, lower the worker number to avoid potential slowness/freeze if necessary.
  warnings.warn(_create_warning_msg(
kwargs {'use_adapters': True}
Finetuning half decoder with adapters
True
number of params: 16548707
Loaded checkpoint from 'l_outputs/ReMamber_Conv_PEFT_dadapter/checkpoint_model:71ce0db5.pth'
Continuing training from epoch 12...
Model id is - model:cb841cfe
length of train set: 50000
length of val set: 3800
Start training for 50 epochs
Learning rate: 1.86e-05
{'optimizer': AdamW (
Parameter Group 0
    amsgrad: False
    betas: (0.9, 0.999)
    capturable: False
    differentiable: False
    eps: 1e-08
    foreach: None
    fused: None
    initial_lr: 3.3e-05
    lr: 1.86e-05
    maximize: False
    weight_decay: 0.0001

Parameter Group 1
    amsgrad: False
    betas: (0.9, 0.999)
    capturable: False
    differentiable: False
    eps: 1e-08
    foreach: None
    fused: None
    initial_lr: 3.3e-05
    lr: 1.86e-05
    maximize: False
    weight_decay: 0.0001

Parameter Group 2
    amsgrad: False
    betas: (0.9, 0.999)
    capturable: False
    differentiable: False
    eps: 1e-08
    foreach: None
    fused: None
    initial_lr: 1.65e-05
    lr: 9.38e-06
    maximize: False
    weight_decay: 0.0001

Parameter Group 3
    amsgrad: False
    betas: (0.9, 0.999)
    capturable: False
    differentiable: False
    eps: 1e-08
    foreach: None
    fused: None
    initial_lr: 1.65e-05
    lr: 9.38e-06
    maximize: False
    weight_decay: 0.0001
), 'param_group_field': 'lr', '_initial_param_group_field': 'initial_lr', 'base_values': [1.86e-05, 1.86e-05, 9.38e-06, 9.38e-06], 'metric': None, 'noise_range_t': None, 'noise_pct': 0.67, 'noise_type': 'normal', 'noise_std': 1.0, 'noise_seed': 0, 't_initial': 50, 't_mul': 1.0, 'lr_min': 3e-07, 'decay_rate': 0.1, 'cycle_limit': 1, 'warmup_t': 2, 'warmup_lr_init': 1e-06, 'warmup_prefix': False, 't_in_epochs': True, 'warmup_steps': [8.8e-06, 8.8e-06, 4.19e-06, 4.19e-06]}
/home/akula.ha/.conda/envs/refseg/lib/python3.10/site-packages/torch/autograd/__init__.py:251: UserWarning: Grad strides do not match bucket view strides. This may indicate grad was not created according to the gradient layout contract, or that the param's strides changed since DDP was constructed.  This is not an error, but may impair performance.
grad.sizes() = [512, 192, 1, 1], strides() = [192, 1, 192, 192]
bucket_view.sizes() = [512, 192, 1, 1], strides() = [192, 1, 1, 1] (Triggered internally at ../torch/csrc/distributed/c10d/reducer.cpp:320.)
  Variable._execution_engine.run_backward(  # Calls into the C++ engine to run the backward pass
/home/akula.ha/.conda/envs/refseg/lib/python3.10/site-packages/torch/autograd/__init__.py:251: UserWarning: Grad strides do not match bucket view strides. This may indicate grad was not created according to the gradient layout contract, or that the param's strides changed since DDP was constructed.  This is not an error, but may impair performance.
grad.sizes() = [512, 192, 1, 1], strides() = [192, 1, 192, 192]
bucket_view.sizes() = [512, 192, 1, 1], strides() = [192, 1, 1, 1] (Triggered internally at ../torch/csrc/distributed/c10d/reducer.cpp:320.)
  Variable._execution_engine.run_backward(  # Calls into the C++ engine to run the backward pass
Epoch: [12]  [   0/1786]  eta: 10:53:44  lr: 0.000019  train_loss: 0.2802 (0.2802)  train_iou: 0.6672 (0.6672)  time: 21.9623  data: 9.6149  max mem: 39732
Epoch: [12]  [  20/1786]  eta: 0:55:13  lr: 0.000019  train_loss: 0.1691 (0.1876)  train_iou: 0.6729 (0.6673)  time: 0.8719  data: 0.0003  max mem: 39732
Epoch: [12]  [  40/1786]  eta: 0:40:12  lr: 0.000019  train_loss: 0.1004 (0.1827)  train_iou: 0.6296 (0.6576)  time: 0.8628  data: 0.0004  max mem: 39732
Epoch: [12]  [  60/1786]  eta: 0:34:52  lr: 0.000019  train_loss: 0.1364 (0.1862)  train_iou: 0.6815 (0.6675)  time: 0.8639  data: 0.0005  max mem: 39732
Epoch: [12]  [  80/1786]  eta: 0:32:02  lr: 0.000019  train_loss: 0.1041 (0.1771)  train_iou: 0.7391 (0.6754)  time: 0.8671  data: 0.0003  max mem: 39732
Epoch: [12]  [ 100/1786]  eta: 0:30:14  lr: 0.000019  train_loss: 0.2123 (0.1847)  train_iou: 0.6380 (0.6678)  time: 0.8713  data: 0.0004  max mem: 39732
Epoch: [12]  [ 120/1786]  eta: 0:28:54  lr: 0.000019  train_loss: 0.1244 (0.1820)  train_iou: 0.6980 (0.6697)  time: 0.8646  data: 0.0004  max mem: 39732
Epoch: [12]  [ 140/1786]  eta: 0:27:52  lr: 0.000019  train_loss: 0.1700 (0.1872)  train_iou: 0.6751 (0.6686)  time: 0.8649  data: 0.0004  max mem: 39732
Epoch: [12]  [ 160/1786]  eta: 0:27:02  lr: 0.000019  train_loss: 0.1630 (0.1856)  train_iou: 0.6853 (0.6716)  time: 0.8677  data: 0.0004  max mem: 39732
Epoch: [12]  [ 180/1786]  eta: 0:26:19  lr: 0.000019  train_loss: 0.1643 (0.1870)  train_iou: 0.6906 (0.6725)  time: 0.8654  data: 0.0004  max mem: 39732
Epoch: [12]  [ 200/1786]  eta: 0:25:41  lr: 0.000019  train_loss: 0.1118 (0.1826)  train_iou: 0.6585 (0.6731)  time: 0.8714  data: 0.0004  max mem: 39732
Epoch: [12]  [ 220/1786]  eta: 0:25:08  lr: 0.000019  train_loss: 0.1925 (0.1841)  train_iou: 0.6626 (0.6732)  time: 0.8781  data: 0.0004  max mem: 39732
Epoch: [12]  [ 240/1786]  eta: 0:24:37  lr: 0.000019  train_loss: 0.1335 (0.1831)  train_iou: 0.6621 (0.6705)  time: 0.8715  data: 0.0004  max mem: 39732
Epoch: [12]  [ 260/1786]  eta: 0:24:09  lr: 0.000019  train_loss: 0.1710 (0.1841)  train_iou: 0.6161 (0.6686)  time: 0.8802  data: 0.0004  max mem: 39732
Epoch: [12]  [ 280/1786]  eta: 0:23:42  lr: 0.000019  train_loss: 0.1482 (0.1826)  train_iou: 0.6961 (0.6698)  time: 0.8720  data: 0.0004  max mem: 39732
Epoch: [12]  [ 300/1786]  eta: 0:23:15  lr: 0.000019  train_loss: 0.1241 (0.1818)  train_iou: 0.6559 (0.6700)  time: 0.8672  data: 0.0004  max mem: 39732
Epoch: [12]  [ 320/1786]  eta: 0:22:51  lr: 0.000019  train_loss: 0.1515 (0.1811)  train_iou: 0.7037 (0.6715)  time: 0.8756  data: 0.0004  max mem: 39732
Epoch: [12]  [ 340/1786]  eta: 0:22:26  lr: 0.000019  train_loss: 0.1386 (0.1793)  train_iou: 0.6491 (0.6713)  time: 0.8676  data: 0.0004  max mem: 39732
Epoch: [12]  [ 360/1786]  eta: 0:22:03  lr: 0.000019  train_loss: 0.1685 (0.1804)  train_iou: 0.6710 (0.6716)  time: 0.8720  data: 0.0004  max mem: 39732
Epoch: [12]  [ 380/1786]  eta: 0:21:40  lr: 0.000019  train_loss: 0.1597 (0.1809)  train_iou: 0.6776 (0.6721)  time: 0.8653  data: 0.0004  max mem: 39732
Epoch: [12]  [ 400/1786]  eta: 0:21:17  lr: 0.000019  train_loss: 0.1466 (0.1798)  train_iou: 0.6491 (0.6726)  time: 0.8685  data: 0.0004  max mem: 39732
Epoch: [12]  [ 420/1786]  eta: 0:20:56  lr: 0.000019  train_loss: 0.1081 (0.1779)  train_iou: 0.7015 (0.6722)  time: 0.8705  data: 0.0005  max mem: 39732
Epoch: [12]  [ 440/1786]  eta: 0:20:34  lr: 0.000019  train_loss: 0.1788 (0.1791)  train_iou: 0.6711 (0.6731)  time: 0.8715  data: 0.0004  max mem: 39732
Epoch: [12]  [ 460/1786]  eta: 0:20:13  lr: 0.000019  train_loss: 0.1543 (0.1795)  train_iou: 0.6782 (0.6731)  time: 0.8736  data: 0.0004  max mem: 39732
Epoch: [12]  [ 480/1786]  eta: 0:19:53  lr: 0.000019  train_loss: 0.1301 (0.1791)  train_iou: 0.6873 (0.6736)  time: 0.8681  data: 0.0004  max mem: 39732
Epoch: [12]  [ 500/1786]  eta: 0:19:32  lr: 0.000019  train_loss: 0.1650 (0.1785)  train_iou: 0.6848 (0.6742)  time: 0.8695  data: 0.0004  max mem: 39732
Epoch: [12]  [ 520/1786]  eta: 0:19:12  lr: 0.000019  train_loss: 0.1512 (0.1780)  train_iou: 0.6903 (0.6746)  time: 0.8679  data: 0.0004  max mem: 39732
Epoch: [12]  [ 540/1786]  eta: 0:18:52  lr: 0.000019  train_loss: 0.1258 (0.1780)  train_iou: 0.6743 (0.6739)  time: 0.8676  data: 0.0005  max mem: 39732
Epoch: [12]  [ 560/1786]  eta: 0:18:32  lr: 0.000019  train_loss: 0.1353 (0.1771)  train_iou: 0.6746 (0.6740)  time: 0.8676  data: 0.0004  max mem: 39732
Epoch: [12]  [ 580/1786]  eta: 0:18:12  lr: 0.000019  train_loss: 0.1713 (0.1767)  train_iou: 0.6775 (0.6739)  time: 0.8679  data: 0.0004  max mem: 39732
Epoch: [12]  [ 600/1786]  eta: 0:17:52  lr: 0.000019  train_loss: 0.1490 (0.1764)  train_iou: 0.6872 (0.6741)  time: 0.8685  data: 0.0004  max mem: 39732
Epoch: [12]  [ 620/1786]  eta: 0:17:33  lr: 0.000019  train_loss: 0.1696 (0.1767)  train_iou: 0.7030 (0.6746)  time: 0.8726  data: 0.0004  max mem: 39732
Epoch: [12]  [ 640/1786]  eta: 0:17:14  lr: 0.000019  train_loss: 0.1268 (0.1763)  train_iou: 0.6698 (0.6739)  time: 0.8727  data: 0.0004  max mem: 39732
Epoch: [12]  [ 660/1786]  eta: 0:16:55  lr: 0.000019  train_loss: 0.1769 (0.1768)  train_iou: 0.6300 (0.6727)  time: 0.8717  data: 0.0004  max mem: 39732
Epoch: [12]  [ 680/1786]  eta: 0:16:36  lr: 0.000019  train_loss: 0.1496 (0.1763)  train_iou: 0.6855 (0.6733)  time: 0.8742  data: 0.0004  max mem: 39732
Epoch: [12]  [ 700/1786]  eta: 0:16:17  lr: 0.000019  train_loss: 0.1644 (0.1762)  train_iou: 0.7071 (0.6742)  time: 0.8728  data: 0.0004  max mem: 39732
Epoch: [12]  [ 720/1786]  eta: 0:15:58  lr: 0.000019  train_loss: 0.1480 (0.1763)  train_iou: 0.6520 (0.6741)  time: 0.8683  data: 0.0004  max mem: 39732
Epoch: [12]  [ 740/1786]  eta: 0:15:39  lr: 0.000019  train_loss: 0.1766 (0.1763)  train_iou: 0.6405 (0.6740)  time: 0.8710  data: 0.0004  max mem: 39732
Epoch: [12]  [ 760/1786]  eta: 0:15:20  lr: 0.000019  train_loss: 0.1627 (0.1765)  train_iou: 0.6916 (0.6743)  time: 0.8720  data: 0.0004  max mem: 39732
Epoch: [12]  [ 780/1786]  eta: 0:15:02  lr: 0.000019  train_loss: 0.1212 (0.1756)  train_iou: 0.6817 (0.6744)  time: 0.8685  data: 0.0004  max mem: 39732
Epoch: [12]  [ 800/1786]  eta: 0:14:43  lr: 0.000019  train_loss: 0.1332 (0.1754)  train_iou: 0.7280 (0.6755)  time: 0.8709  data: 0.0004  max mem: 39732
Epoch: [12]  [ 820/1786]  eta: 0:14:25  lr: 0.000019  train_loss: 0.2285 (0.1769)  train_iou: 0.6396 (0.6750)  time: 0.8649  data: 0.0004  max mem: 39732
Epoch: [12]  [ 840/1786]  eta: 0:14:06  lr: 0.000019  train_loss: 0.1653 (0.1776)  train_iou: 0.6326 (0.6742)  time: 0.8656  data: 0.0004  max mem: 39732
Epoch: [12]  [ 860/1786]  eta: 0:13:48  lr: 0.000019  train_loss: 0.1321 (0.1771)  train_iou: 0.6533 (0.6745)  time: 0.8797  data: 0.0004  max mem: 39732
Epoch: [12]  [ 880/1786]  eta: 0:13:29  lr: 0.000019  train_loss: 0.1276 (0.1766)  train_iou: 0.6114 (0.6735)  time: 0.8734  data: 0.0011  max mem: 39732
Epoch: [12]  [ 900/1786]  eta: 0:13:11  lr: 0.000019  train_loss: 0.1488 (0.1763)  train_iou: 0.6316 (0.6738)  time: 0.8663  data: 0.0004  max mem: 39732
Epoch: [12]  [ 920/1786]  eta: 0:12:53  lr: 0.000019  train_loss: 0.1361 (0.1766)  train_iou: 0.7148 (0.6748)  time: 0.8623  data: 0.0004  max mem: 39732
Epoch: [12]  [ 940/1786]  eta: 0:12:34  lr: 0.000019  train_loss: 0.1391 (0.1768)  train_iou: 0.6998 (0.6751)  time: 0.8791  data: 0.0003  max mem: 39732
Epoch: [12]  [ 960/1786]  eta: 0:12:16  lr: 0.000019  train_loss: 0.1422 (0.1769)  train_iou: 0.6866 (0.6751)  time: 0.8652  data: 0.0004  max mem: 39732
Epoch: [12]  [ 980/1786]  eta: 0:11:58  lr: 0.000019  train_loss: 0.1599 (0.1765)  train_iou: 0.6971 (0.6755)  time: 0.8688  data: 0.0004  max mem: 39732
Epoch: [12]  [1000/1786]  eta: 0:11:40  lr: 0.000019  train_loss: 0.1724 (0.1777)  train_iou: 0.6842 (0.6754)  time: 0.8617  data: 0.0004  max mem: 39732
Epoch: [12]  [1020/1786]  eta: 0:11:21  lr: 0.000019  train_loss: 0.1144 (0.1770)  train_iou: 0.7369 (0.6762)  time: 0.8674  data: 0.0004  max mem: 39732
Epoch: [12]  [1040/1786]  eta: 0:11:03  lr: 0.000019  train_loss: 0.1750 (0.1770)  train_iou: 0.7085 (0.6771)  time: 0.8698  data: 0.0004  max mem: 39732
Epoch: [12]  [1060/1786]  eta: 0:10:45  lr: 0.000019  train_loss: 0.1454 (0.1767)  train_iou: 0.6883 (0.6771)  time: 0.8651  data: 0.0003  max mem: 39732
Epoch: [12]  [1080/1786]  eta: 0:10:27  lr: 0.000019  train_loss: 0.1214 (0.1761)  train_iou: 0.6848 (0.6774)  time: 0.8801  data: 0.0003  max mem: 39732
Epoch: [12]  [1100/1786]  eta: 0:10:09  lr: 0.000019  train_loss: 0.1666 (0.1758)  train_iou: 0.7016 (0.6778)  time: 0.8670  data: 0.0004  max mem: 39732
Epoch: [12]  [1120/1786]  eta: 0:09:51  lr: 0.000019  train_loss: 0.1578 (0.1765)  train_iou: 0.6936 (0.6782)  time: 0.8644  data: 0.0004  max mem: 39732
Epoch: [12]  [1140/1786]  eta: 0:09:33  lr: 0.000019  train_loss: 0.1764 (0.1766)  train_iou: 0.7163 (0.6786)  time: 0.8716  data: 0.0003  max mem: 39732
Epoch: [12]  [1160/1786]  eta: 0:09:15  lr: 0.000019  train_loss: 0.1438 (0.1766)  train_iou: 0.6631 (0.6782)  time: 0.8674  data: 0.0004  max mem: 39732
Epoch: [12]  [1180/1786]  eta: 0:08:57  lr: 0.000019  train_loss: 0.1486 (0.1769)  train_iou: 0.6379 (0.6776)  time: 0.8684  data: 0.0004  max mem: 39732
Epoch: [12]  [1200/1786]  eta: 0:08:39  lr: 0.000019  train_loss: 0.1463 (0.1769)  train_iou: 0.6588 (0.6773)  time: 0.8765  data: 0.0003  max mem: 39732
Epoch: [12]  [1220/1786]  eta: 0:08:22  lr: 0.000019  train_loss: 0.1966 (0.1774)  train_iou: 0.6712 (0.6771)  time: 0.8772  data: 0.0004  max mem: 39732
Epoch: [12]  [1240/1786]  eta: 0:08:04  lr: 0.000019  train_loss: 0.0994 (0.1767)  train_iou: 0.6534 (0.6769)  time: 0.8793  data: 0.0004  max mem: 39732
Epoch: [12]  [1260/1786]  eta: 0:07:46  lr: 0.000019  train_loss: 0.1573 (0.1769)  train_iou: 0.6854 (0.6772)  time: 0.8700  data: 0.0004  max mem: 39732
Epoch: [12]  [1280/1786]  eta: 0:07:28  lr: 0.000019  train_loss: 0.1425 (0.1768)  train_iou: 0.6282 (0.6764)  time: 0.8637  data: 0.0004  max mem: 39732
Epoch: [12]  [1300/1786]  eta: 0:07:10  lr: 0.000019  train_loss: 0.1890 (0.1774)  train_iou: 0.7072 (0.6768)  time: 0.8636  data: 0.0004  max mem: 39732
Epoch: [12]  [1320/1786]  eta: 0:06:52  lr: 0.000019  train_loss: 0.1436 (0.1770)  train_iou: 0.6615 (0.6767)  time: 0.8605  data: 0.0004  max mem: 39732
Epoch: [12]  [1340/1786]  eta: 0:06:34  lr: 0.000019  train_loss: 0.1397 (0.1766)  train_iou: 0.7111 (0.6766)  time: 0.8633  data: 0.0003  max mem: 39732
Epoch: [12]  [1360/1786]  eta: 0:06:16  lr: 0.000019  train_loss: 0.1918 (0.1770)  train_iou: 0.6410 (0.6761)  time: 0.8653  data: 0.0004  max mem: 39732
Epoch: [12]  [1380/1786]  eta: 0:05:59  lr: 0.000019  train_loss: 0.1949 (0.1776)  train_iou: 0.6901 (0.6763)  time: 0.8619  data: 0.0005  max mem: 39732
Epoch: [12]  [1400/1786]  eta: 0:05:41  lr: 0.000019  train_loss: 0.1413 (0.1786)  train_iou: 0.6958 (0.6768)  time: 0.8641  data: 0.0004  max mem: 39732
Epoch: [12]  [1420/1786]  eta: 0:05:24  lr: 0.000019  train_loss: 0.2076 (0.1790)  train_iou: 0.6506 (0.6765)  time: 1.0013  data: 0.0004  max mem: 39732
Epoch: [12]  [1440/1786]  eta: 0:05:06  lr: 0.000019  train_loss: 0.1737 (0.1790)  train_iou: 0.6957 (0.6767)  time: 0.8650  data: 0.0004  max mem: 39732
Epoch: [12]  [1460/1786]  eta: 0:04:48  lr: 0.000019  train_loss: 0.1607 (0.1790)  train_iou: 0.6768 (0.6766)  time: 0.8710  data: 0.0003  max mem: 39732
Epoch: [12]  [1480/1786]  eta: 0:04:30  lr: 0.000019  train_loss: 0.1501 (0.1794)  train_iou: 0.6867 (0.6767)  time: 0.8682  data: 0.0004  max mem: 39732
Epoch: [12]  [1500/1786]  eta: 0:04:13  lr: 0.000019  train_loss: 0.1332 (0.1791)  train_iou: 0.7167 (0.6772)  time: 0.8624  data: 0.0004  max mem: 39732
Epoch: [12]  [1520/1786]  eta: 0:03:55  lr: 0.000019  train_loss: 0.1594 (0.1791)  train_iou: 0.6696 (0.6773)  time: 0.8765  data: 0.0004  max mem: 39732
Epoch: [12]  [1540/1786]  eta: 0:03:37  lr: 0.000019  train_loss: 0.1381 (0.1788)  train_iou: 0.6957 (0.6776)  time: 0.8676  data: 0.0004  max mem: 39732
Epoch: [12]  [1560/1786]  eta: 0:03:19  lr: 0.000019  train_loss: 0.1776 (0.1788)  train_iou: 0.6471 (0.6770)  time: 0.8712  data: 0.0004  max mem: 39732
Epoch: [12]  [1580/1786]  eta: 0:03:02  lr: 0.000019  train_loss: 0.1792 (0.1790)  train_iou: 0.6585 (0.6767)  time: 0.8664  data: 0.0004  max mem: 39732
Epoch: [12]  [1600/1786]  eta: 0:02:44  lr: 0.000019  train_loss: 0.1570 (0.1789)  train_iou: 0.6449 (0.6764)  time: 0.8673  data: 0.0003  max mem: 39732
Epoch: [12]  [1620/1786]  eta: 0:02:26  lr: 0.000019  train_loss: 0.1492 (0.1786)  train_iou: 0.6896 (0.6766)  time: 0.8694  data: 0.0004  max mem: 39732
Epoch: [12]  [1640/1786]  eta: 0:02:09  lr: 0.000019  train_loss: 0.1405 (0.1784)  train_iou: 0.7175 (0.6769)  time: 0.8656  data: 0.0004  max mem: 39732
Epoch: [12]  [1660/1786]  eta: 0:01:51  lr: 0.000019  train_loss: 0.1823 (0.1785)  train_iou: 0.6910 (0.6771)  time: 0.8679  data: 0.0004  max mem: 39732
Epoch: [12]  [1680/1786]  eta: 0:01:33  lr: 0.000019  train_loss: 0.1723 (0.1785)  train_iou: 0.6737 (0.6771)  time: 0.8727  data: 0.0003  max mem: 39732
Epoch: [12]  [1700/1786]  eta: 0:01:15  lr: 0.000019  train_loss: 0.1482 (0.1782)  train_iou: 0.6267 (0.6769)  time: 0.8779  data: 0.0004  max mem: 39732
Epoch: [12]  [1720/1786]  eta: 0:00:58  lr: 0.000019  train_loss: 0.1211 (0.1782)  train_iou: 0.6351 (0.6765)  time: 0.8733  data: 0.0004  max mem: 39732
Epoch: [12]  [1740/1786]  eta: 0:00:40  lr: 0.000019  train_loss: 0.1262 (0.1781)  train_iou: 0.7010 (0.6767)  time: 0.8716  data: 0.0004  max mem: 39732
Epoch: [12]  [1760/1786]  eta: 0:00:22  lr: 0.000019  train_loss: 0.1521 (0.1780)  train_iou: 0.6867 (0.6770)  time: 0.8715  data: 0.0004  max mem: 39732
Epoch: [12]  [1780/1786]  eta: 0:00:05  lr: 0.000019  train_loss: 0.1522 (0.1782)  train_iou: 0.7231 (0.6771)  time: 0.8407  data: 0.0002  max mem: 39732
Epoch: [12]  [1785/1786]  eta: 0:00:00  lr: 0.000019  train_loss: 0.1456 (0.1781)  train_iou: 0.7231 (0.6771)  time: 1.1687  data: 0.0001  max mem: 39732
Epoch: [12] Total time: 0:26:23 (0.8864 s / it)
Averaged stats: lr: 0.000019  train_loss: 0.1456 (0.1766)  train_iou: 0.7231 (0.6786)
huggingface/tokenizers: The current process just got forked, after parallelism has already been used. Disabling parallelism to avoid deadlocks...
To disable this warning, you can either:
	- Avoid using `tokenizers` before the fork if possible
	- Explicitly set the environment variable TOKENIZERS_PARALLELISM=(true | false)
huggingface/tokenizers: The current process just got forked, after parallelism has already been used. Disabling parallelism to avoid deadlocks...
To disable this warning, you can either:
	- Avoid using `tokenizers` before the fork if possible
	- Explicitly set the environment variable TOKENIZERS_PARALLELISM=(true | false)
huggingface/tokenizers: The current process just got forked, after parallelism has already been used. Disabling parallelism to avoid deadlocks...
To disable this warning, you can either:
	- Avoid using `tokenizers` before the fork if possible
	- Explicitly set the environment variable TOKENIZERS_PARALLELISM=(true | false)
huggingface/tokenizers: The current process just got forked, after parallelism has already been used. Disabling parallelism to avoid deadlocks...
To disable this warning, you can either:
	- Avoid using `tokenizers` before the fork if possible
	- Explicitly set the environment variable TOKENIZERS_PARALLELISM=(true | false)
huggingface/tokenizers: The current process just got forked, after parallelism has already been used. Disabling parallelism to avoid deadlocks...
To disable this warning, you can either:
	- Avoid using `tokenizers` before the fork if possible
	- Explicitly set the environment variable TOKENIZERS_PARALLELISM=(true | false)
huggingface/tokenizers: The current process just got forked, after parallelism has already been used. Disabling parallelism to avoid deadlocks...
To disable this warning, you can either:
	- Avoid using `tokenizers` before the fork if possible
	- Explicitly set the environment variable TOKENIZERS_PARALLELISM=(true | false)
huggingface/tokenizers: The current process just got forked, after parallelism has already been used. Disabling parallelism to avoid deadlocks...
To disable this warning, you can either:
	- Avoid using `tokenizers` before the fork if possible
	- Explicitly set the environment variable TOKENIZERS_PARALLELISM=(true | false)
huggingface/tokenizers: The current process just got forked, after parallelism has already been used. Disabling parallelism to avoid deadlocks...
To disable this warning, you can either:
	- Avoid using `tokenizers` before the fork if possible
	- Explicitly set the environment variable TOKENIZERS_PARALLELISM=(true | false)
huggingface/tokenizers: The current process just got forked, after parallelism has already been used. Disabling parallelism to avoid deadlocks...
To disable this warning, you can either:
	- Avoid using `tokenizers` before the fork if possible
	- Explicitly set the environment variable TOKENIZERS_PARALLELISM=(true | false)
huggingface/tokenizers: The current process just got forked, after parallelism has already been used. Disabling parallelism to avoid deadlocks...
To disable this warning, you can either:
	- Avoid using `tokenizers` before the fork if possible
	- Explicitly set the environment variable TOKENIZERS_PARALLELISM=(true | false)
huggingface/tokenizers: The current process just got forked, after parallelism has already been used. Disabling parallelism to avoid deadlocks...
To disable this warning, you can either:
	- Avoid using `tokenizers` before the fork if possible
	- Explicitly set the environment variable TOKENIZERS_PARALLELISM=(true | false)
huggingface/tokenizers: The current process just got forked, after parallelism has already been used. Disabling parallelism to avoid deadlocks...
To disable this warning, you can either:
	- Avoid using `tokenizers` before the fork if possible
	- Explicitly set the environment variable TOKENIZERS_PARALLELISM=(true | false)
huggingface/tokenizers: The current process just got forked, after parallelism has already been used. Disabling parallelism to avoid deadlocks...
To disable this warning, you can either:
	- Avoid using `tokenizers` before the fork if possible
	- Explicitly set the environment variable TOKENIZERS_PARALLELISM=(true | false)
huggingface/tokenizers: The current process just got forked, after parallelism has already been used. Disabling parallelism to avoid deadlocks...
To disable this warning, you can either:
	- Avoid using `tokenizers` before the fork if possible
	- Explicitly set the environment variable TOKENIZERS_PARALLELISM=(true | false)
huggingface/tokenizers: The current process just got forked, after parallelism has already been used. Disabling parallelism to avoid deadlocks...
To disable this warning, you can either:
	- Avoid using `tokenizers` before the fork if possible
	- Explicitly set the environment variable TOKENIZERS_PARALLELISM=(true | false)
huggingface/tokenizers: The current process just got forked, after parallelism has already been used. Disabling parallelism to avoid deadlocks...
To disable this warning, you can either:
	- Avoid using `tokenizers` before the fork if possible
	- Explicitly set the environment variable TOKENIZERS_PARALLELISM=(true | false)
Test:  [   0/3800]  eta: 2:53:36  inter: 33300.0000 (33300.0000)  union: 35387.0000 (35387.0000)  iou: 0.9410 (0.9410)  time: 2.7411  data: 0.8430  max mem: 39732
Test:  [  50/3800]  eta: 0:15:41  inter: 15522.0000 (22253.1719)  union: 44680.0000 (40208.1562)  iou: 0.5205 (0.5315)  time: 0.1288  data: 0.0003  max mem: 39732
Test:  [ 100/3800]  eta: 0:13:13  inter: 20578.0000 (24141.1471)  union: 46331.0000 (41322.3235)  iou: 0.6126 (0.5724)  time: 0.1376  data: 0.0004  max mem: 39732
Test:  [ 150/3800]  eta: 0:11:29  inter: 18027.0000 (24129.9282)  union: 30023.0000 (39259.5598)  iou: 0.8460 (0.6070)  time: 0.1363  data: 0.0005  max mem: 39732
Test:  [ 200/3800]  eta: 0:10:30  inter: 33789.0000 (24857.4872)  union: 36834.0000 (39058.7179)  iou: 0.9149 (0.6154)  time: 0.1353  data: 0.0004  max mem: 39732
Test:  [ 250/3800]  eta: 0:09:51  inter: 14849.0000 (26743.7831)  union: 33338.0000 (40906.4096)  iou: 0.4423 (0.6098)  time: 0.1347  data: 0.0006  max mem: 39732
Test:  [ 300/3800]  eta: 0:09:25  inter: 17258.0000 (26139.5310)  union: 24415.0000 (40443.1588)  iou: 0.5339 (0.6031)  time: 0.1384  data: 0.0013  max mem: 39732
Test:  [ 350/3800]  eta: 0:09:06  inter: 11306.0000 (25136.7479)  union: 29802.0000 (40131.1302)  iou: 0.5380 (0.5905)  time: 0.1388  data: 0.0018  max mem: 39732
Test:  [ 400/3800]  eta: 0:09:10  inter: 30944.0000 (24742.6768)  union: 36097.0000 (39444.3268)  iou: 0.7881 (0.5924)  time: 0.1383  data: 0.0004  max mem: 39732
Test:  [ 450/3800]  eta: 0:08:53  inter: 13116.0000 (24575.4841)  union: 28918.0000 (39293.9016)  iou: 0.5991 (0.5938)  time: 0.1405  data: 0.0016  max mem: 39732
Test:  [ 500/3800]  eta: 0:08:38  inter: 17240.0000 (24951.6533)  union: 30853.0000 (40221.4900)  iou: 0.5318 (0.5880)  time: 0.1340  data: 0.0003  max mem: 39732
Test:  [ 550/3800]  eta: 0:08:25  inter: 23696.0000 (25073.1517)  union: 27977.0000 (39970.6915)  iou: 0.8741 (0.5967)  time: 0.1394  data: 0.0003  max mem: 39732
Test:  [ 600/3800]  eta: 0:08:12  inter: 10632.0000 (24895.6686)  union: 33290.0000 (39956.3609)  iou: 0.8030 (0.5930)  time: 0.1393  data: 0.0003  max mem: 39732
Test:  [ 650/3800]  eta: 0:08:00  inter: 25721.0000 (25443.8961)  union: 40779.0000 (40376.3315)  iou: 0.7487 (0.5917)  time: 0.1365  data: 0.0004  max mem: 39732
Test:  [ 700/3800]  eta: 0:07:50  inter: 13625.0000 (25151.8439)  union: 29053.0000 (40093.5349)  iou: 0.3675 (0.5863)  time: 0.1393  data: 0.0004  max mem: 39732
Test:  [ 750/3800]  eta: 0:07:40  inter: 27169.0000 (24970.3977)  union: 29828.0000 (39920.0590)  iou: 0.8923 (0.5889)  time: 0.1404  data: 0.0004  max mem: 39732
Test:  [ 800/3800]  eta: 0:07:29  inter: 18617.0000 (24762.7938)  union: 46526.0000 (39526.0214)  iou: 0.6606 (0.5896)  time: 0.1363  data: 0.0003  max mem: 39732
Test:  [ 850/3800]  eta: 0:07:19  inter: 21762.0000 (24902.8552)  union: 37747.0000 (39592.3967)  iou: 0.7581 (0.5916)  time: 0.1341  data: 0.0003  max mem: 39732
Test:  [ 900/3800]  eta: 0:07:10  inter: 11192.0000 (24904.1115)  union: 27422.0000 (39830.7178)  iou: 0.5849 (0.5875)  time: 0.1372  data: 0.0004  max mem: 39732
Test:  [ 950/3800]  eta: 0:07:01  inter: 24655.0000 (25226.6519)  union: 30992.0000 (39959.9745)  iou: 0.8372 (0.5889)  time: 0.1391  data: 0.0006  max mem: 39732
Test:  [1000/3800]  eta: 0:06:53  inter: 20441.0000 (25420.6393)  union: 37076.0000 (40132.9929)  iou: 0.7977 (0.5897)  time: 0.1407  data: 0.0004  max mem: 39732
Test:  [1050/3800]  eta: 0:06:44  inter: 18713.0000 (25404.6558)  union: 37106.0000 (40141.9082)  iou: 0.4742 (0.5887)  time: 0.1391  data: 0.0003  max mem: 39732
Test:  [1100/3800]  eta: 0:06:35  inter: 22402.0000 (25177.0846)  union: 27693.0000 (39897.7259)  iou: 0.7208 (0.5880)  time: 0.1320  data: 0.0005  max mem: 39732
Test:  [1150/3800]  eta: 0:06:27  inter: 9987.0000 (25362.9926)  union: 23783.0000 (39751.1390)  iou: 0.4202 (0.5921)  time: 0.1381  data: 0.0003  max mem: 39732
Test:  [1200/3800]  eta: 0:06:19  inter: 15683.0000 (25339.6254)  union: 33132.0000 (39974.6391)  iou: 0.7521 (0.5885)  time: 0.1364  data: 0.0003  max mem: 39732
Test:  [1250/3800]  eta: 0:06:11  inter: 161.0000 (25105.4753)  union: 33808.0000 (39746.4912)  iou: 0.0017 (0.5869)  time: 0.1412  data: 0.0005  max mem: 39732
Test:  [1300/3800]  eta: 0:06:02  inter: 15409.0000 (24913.4500)  union: 33325.0000 (39578.6379)  iou: 0.5483 (0.5884)  time: 0.1377  data: 0.0004  max mem: 39732
Test:  [1350/3800]  eta: 0:05:54  inter: 23740.0000 (24902.1984)  union: 35317.0000 (39580.8647)  iou: 0.7724 (0.5880)  time: 0.1385  data: 0.0005  max mem: 39732
Test:  [1400/3800]  eta: 0:05:47  inter: 9964.0000 (25017.9954)  union: 11669.0000 (39773.8558)  iou: 0.6999 (0.5854)  time: 0.1397  data: 0.0004  max mem: 39732
Test:  [1450/3800]  eta: 0:05:39  inter: 16245.0000 (24956.3902)  union: 40803.0000 (39724.5335)  iou: 0.4689 (0.5845)  time: 0.1327  data: 0.0003  max mem: 39732
Test:  [1500/3800]  eta: 0:05:31  inter: 16642.0000 (24992.1211)  union: 39951.0000 (39865.5743)  iou: 0.4951 (0.5824)  time: 0.1361  data: 0.0003  max mem: 39732
Test:  [1550/3800]  eta: 0:05:24  inter: 11921.0000 (24929.9512)  union: 25216.0000 (39813.1870)  iou: 0.8661 (0.5840)  time: 0.1416  data: 0.0005  max mem: 39732
Test:  [1600/3800]  eta: 0:05:19  inter: 11152.0000 (24828.0079)  union: 23919.0000 (39771.8784)  iou: 0.4365 (0.5811)  time: 0.2605  data: 0.0005  max mem: 39732
Test:  [1650/3800]  eta: 0:05:12  inter: 16020.0000 (24784.6222)  union: 33184.0000 (39736.9305)  iou: 0.4375 (0.5798)  time: 0.1416  data: 0.0005  max mem: 39732
Test:  [1700/3800]  eta: 0:05:04  inter: 17027.0000 (24804.2557)  union: 36283.0000 (39795.2716)  iou: 0.7275 (0.5790)  time: 0.1396  data: 0.0004  max mem: 39732
Test:  [1750/3800]  eta: 0:04:57  inter: 17420.0000 (24770.3493)  union: 32854.0000 (39761.9250)  iou: 0.8160 (0.5786)  time: 0.1378  data: 0.0007  max mem: 39732
Test:  [1800/3800]  eta: 0:04:49  inter: 15227.0000 (24652.9376)  union: 33206.0000 (39633.6600)  iou: 0.7591 (0.5784)  time: 0.1458  data: 0.0003  max mem: 39732
Test:  [1850/3800]  eta: 0:04:42  inter: 11115.0000 (24619.2594)  union: 34073.0000 (39719.2253)  iou: 0.3398 (0.5765)  time: 0.1400  data: 0.0003  max mem: 39732
Test:  [1900/3800]  eta: 0:04:34  inter: 31648.0000 (24564.0988)  union: 55733.0000 (39640.1919)  iou: 0.5824 (0.5773)  time: 0.1431  data: 0.0004  max mem: 39732
Test:  [1950/3800]  eta: 0:04:27  inter: 11915.0000 (24534.9062)  union: 16895.0000 (39627.5896)  iou: 0.7068 (0.5779)  time: 0.1430  data: 0.0004  max mem: 39732
Test:  [2000/3800]  eta: 0:04:20  inter: 14564.0000 (24524.5011)  union: 22739.0000 (39575.2507)  iou: 0.7629 (0.5784)  time: 0.1379  data: 0.0008  max mem: 39732
Test:  [2050/3800]  eta: 0:04:12  inter: 8733.0000 (24413.3777)  union: 48843.0000 (39624.9066)  iou: 0.2716 (0.5761)  time: 0.1459  data: 0.0003  max mem: 39732
Test:  [2100/3800]  eta: 0:04:05  inter: 15315.0000 (24350.6561)  union: 31752.0000 (39588.0169)  iou: 0.7322 (0.5758)  time: 0.1395  data: 0.0004  max mem: 39732
Test:  [2150/3800]  eta: 0:03:58  inter: 16198.0000 (24365.5556)  union: 30149.0000 (39638.2691)  iou: 0.7221 (0.5753)  time: 0.1415  data: 0.0012  max mem: 39732
Test:  [2200/3800]  eta: 0:03:50  inter: 13904.0000 (24364.1322)  union: 21036.0000 (39588.7708)  iou: 0.6023 (0.5756)  time: 0.1402  data: 0.0004  max mem: 39732
Test:  [2250/3800]  eta: 0:03:43  inter: 19127.0000 (24233.8200)  union: 37532.0000 (39434.7281)  iou: 0.7175 (0.5745)  time: 0.1357  data: 0.0004  max mem: 39732
Test:  [2300/3800]  eta: 0:03:36  inter: 18946.0000 (24327.0114)  union: 36920.0000 (39418.2422)  iou: 0.6212 (0.5766)  time: 0.1437  data: 0.0004  max mem: 39732
Test:  [2350/3800]  eta: 0:03:28  inter: 15534.0000 (24265.6920)  union: 38064.0000 (39384.0888)  iou: 0.7115 (0.5762)  time: 0.1463  data: 0.0004  max mem: 39732
Test:  [2400/3800]  eta: 0:03:21  inter: 10586.0000 (24315.7227)  union: 32204.0000 (39356.0654)  iou: 0.4459 (0.5767)  time: 0.1452  data: 0.0007  max mem: 39732
Test:  [2450/3800]  eta: 0:03:14  inter: 29160.0000 (24395.2576)  union: 33277.0000 (39417.5796)  iou: 0.8586 (0.5780)  time: 0.1361  data: 0.0004  max mem: 39732
Test:  [2500/3800]  eta: 0:03:06  inter: 24946.0000 (24338.5618)  union: 39594.0000 (39436.3355)  iou: 0.7978 (0.5776)  time: 0.1384  data: 0.0004  max mem: 39732
Test:  [2550/3800]  eta: 0:02:59  inter: 28282.0000 (24434.6070)  union: 33277.0000 (39567.7172)  iou: 0.8071 (0.5780)  time: 0.1440  data: 0.0004  max mem: 39732
Test:  [2600/3800]  eta: 0:02:52  inter: 12605.0000 (24384.5150)  union: 28597.0000 (39505.8317)  iou: 0.4719 (0.5771)  time: 0.1463  data: 0.0005  max mem: 39732
Test:  [2650/3800]  eta: 0:02:45  inter: 16450.0000 (24440.6128)  union: 34340.0000 (39688.7844)  iou: 0.8937 (0.5762)  time: 0.1391  data: 0.0004  max mem: 39732
Test:  [2700/3800]  eta: 0:02:38  inter: 22898.0000 (24506.1128)  union: 30483.0000 (39769.5364)  iou: 0.8543 (0.5765)  time: 0.1438  data: 0.0006  max mem: 39732
Test:  [2750/3800]  eta: 0:02:30  inter: 22817.0000 (24548.2344)  union: 29042.0000 (39864.4840)  iou: 0.8490 (0.5756)  time: 0.1398  data: 0.0005  max mem: 39732
Test:  [2800/3800]  eta: 0:02:23  inter: 14820.0000 (24552.8396)  union: 25957.0000 (39769.7731)  iou: 0.6428 (0.5764)  time: 0.1426  data: 0.0006  max mem: 39732
Test:  [2850/3800]  eta: 0:02:16  inter: 12088.0000 (24640.0179)  union: 32862.0000 (39841.4818)  iou: 0.3201 (0.5759)  time: 0.1363  data: 0.0003  max mem: 39732
Test:  [2900/3800]  eta: 0:02:09  inter: 17737.0000 (24688.1387)  union: 26092.0000 (39904.8940)  iou: 0.7512 (0.5757)  time: 0.1416  data: 0.0004  max mem: 39732
Test:  [2950/3800]  eta: 0:02:02  inter: 17972.0000 (24707.2356)  union: 26501.0000 (39914.4142)  iou: 0.4682 (0.5758)  time: 0.1371  data: 0.0003  max mem: 39732
Test:  [3000/3800]  eta: 0:01:54  inter: 10670.0000 (24625.6121)  union: 32428.0000 (39878.6455)  iou: 0.2837 (0.5745)  time: 0.1459  data: 0.0008  max mem: 39732
Test:  [3050/3800]  eta: 0:01:47  inter: 13347.0000 (24602.6082)  union: 29767.0000 (39952.5557)  iou: 0.4632 (0.5741)  time: 0.1427  data: 0.0004  max mem: 39732
Test:  [3100/3800]  eta: 0:01:40  inter: 17483.0000 (24614.3911)  union: 42139.0000 (39918.4626)  iou: 0.4683 (0.5746)  time: 0.1417  data: 0.0004  max mem: 39732
Test:  [3150/3800]  eta: 0:01:33  inter: 14895.0000 (24523.8722)  union: 21659.0000 (39781.9328)  iou: 0.6095 (0.5747)  time: 0.1388  data: 0.0007  max mem: 39732
Test:  [3200/3800]  eta: 0:01:26  inter: 14336.0000 (24540.8312)  union: 38468.0000 (39829.3463)  iou: 0.6612 (0.5751)  time: 0.1372  data: 0.0004  max mem: 39732
Test:  [3250/3800]  eta: 0:01:18  inter: 15367.0000 (24475.0698)  union: 24792.0000 (39748.8755)  iou: 0.7024 (0.5741)  time: 0.1417  data: 0.0003  max mem: 39732
Test:  [3300/3800]  eta: 0:01:11  inter: 24816.0000 (24579.2222)  union: 43773.0000 (39850.3033)  iou: 0.8175 (0.5733)  time: 0.1401  data: 0.0003  max mem: 39732
Test:  [3350/3800]  eta: 0:01:04  inter: 9681.0000 (24561.8127)  union: 12623.0000 (39851.5711)  iou: 0.7695 (0.5737)  time: 0.1398  data: 0.0005  max mem: 39732
Test:  [3400/3800]  eta: 0:00:57  inter: 26076.0000 (24662.8976)  union: 37379.0000 (39915.4540)  iou: 0.8799 (0.5751)  time: 0.1406  data: 0.0004  max mem: 39732
Test:  [3450/3800]  eta: 0:00:50  inter: 16372.0000 (24703.2457)  union: 27998.0000 (39900.6642)  iou: 0.5430 (0.5755)  time: 0.1398  data: 0.0004  max mem: 39732
Test:  [3500/3800]  eta: 0:00:42  inter: 15205.0000 (24689.6129)  union: 20938.0000 (39824.4704)  iou: 0.7697 (0.5760)  time: 0.1413  data: 0.0004  max mem: 39732
Test:  [3550/3800]  eta: 0:00:35  inter: 27694.0000 (24686.8984)  union: 36450.0000 (39846.1334)  iou: 0.7357 (0.5752)  time: 0.1386  data: 0.0004  max mem: 39732
Test:  [3600/3800]  eta: 0:00:28  inter: 21913.0000 (24618.7676)  union: 31523.0000 (39813.2737)  iou: 0.8052 (0.5741)  time: 0.1403  data: 0.0004  max mem: 39732
Test:  [3650/3800]  eta: 0:00:21  inter: 14087.0000 (24562.7656)  union: 39038.0000 (39814.1944)  iou: 0.4480 (0.5731)  time: 0.1442  data: 0.0005  max mem: 39732
Test:  [3700/3800]  eta: 0:00:14  inter: 20646.0000 (24658.0117)  union: 36081.0000 (39842.0760)  iou: 0.7865 (0.5739)  time: 0.1394  data: 0.0008  max mem: 39732
Test:  [3750/3800]  eta: 0:00:07  inter: 22684.0000 (24709.5539)  union: 42242.0000 (39891.4217)  iou: 0.5705 (0.5748)  time: 0.1391  data: 0.0003  max mem: 39732
Test:  [3799/3800]  eta: 0:00:00  inter: 22234.0000 (24739.8012)  union: 30200.0000 (39870.4922)  iou: 0.5733 (0.5751)  time: 0.0853  data: 0.0001  max mem: 39732
Test: Total time: 0:09:03 (0.1429 s / it)
* IoU 0.575 oIoU 0.621
IoU of the network on the 3800 test images: 0.6%
Max IoU: 0.58%
Training time 0:35:32
