Architecture:          x86_64
CPU op-mode(s):        32-bit, 64-bit
Byte Order:            Little Endian
CPU(s):                28
On-line CPU(s) list:   0-27
Thread(s) per core:    1
Core(s) per socket:    14
Socket(s):             2
NUMA node(s):          2
Vendor ID:             GenuineIntel
CPU family:            6
Model:                 85
Model name:            Intel(R) Xeon(R) Gold 6132 CPU @ 2.60GHz
Stepping:              4
CPU MHz:               1000.073
CPU max MHz:           3700.0000
CPU min MHz:           1000.0000
BogoMIPS:              5200.00
Virtualization:        VT-x
L1d cache:             32K
L1i cache:             32K
L2 cache:              1024K
L3 cache:              19712K
NUMA node0 CPU(s):     0,2,4,6,8,10,12,14,16,18,20,22,24,26
NUMA node1 CPU(s):     1,3,5,7,9,11,13,15,17,19,21,23,25,27
Flags:                 fpu vme de pse tsc msr pae mce cx8 apic sep mtrr pge mca cmov pat pse36 clflush dts acpi mmx fxsr sse sse2 ss ht tm pbe syscall nx pdpe1gb rdtscp lm constant_tsc art arch_perfmon pebs bts rep_good nopl xtopology nonstop_tsc aperfmperf eagerfpu pni pclmulqdq dtes64 monitor ds_cpl vmx smx est tm2 ssse3 sdbg fma cx16 xtpr pdcm pcid dca sse4_1 sse4_2 x2apic movbe popcnt tsc_deadline_timer aes xsave avx f16c rdrand lahf_lm abm 3dnowprefetch epb cat_l3 cdp_l3 invpcid_single intel_ppin intel_pt ssbd mba ibrs ibpb stibp tpr_shadow vnmi flexpriority ept vpid fsgsbase tsc_adjust bmi1 hle avx2 smep bmi2 erms invpcid rtm cqm mpx rdt_a avx512f avx512dq rdseed adx smap clflushopt clwb avx512cd avx512bw avx512vl xsaveopt xsavec xgetbv1 cqm_llc cqm_occup_llc cqm_mbm_total cqm_mbm_local dtherm ida arat pln pts pku ospke md_clear spec_ctrl intel_stibp flush_l1d arch_capabilities
Mon Apr 21 00:39:07 2025       
+---------------------------------------------------------------------------------------+
| NVIDIA-SMI 545.23.08              Driver Version: 545.23.08    CUDA Version: 12.3     |
|-----------------------------------------+----------------------+----------------------+
| GPU  Name                 Persistence-M | Bus-Id        Disp.A | Volatile Uncorr. ECC |
| Fan  Temp   Perf          Pwr:Usage/Cap |         Memory-Usage | GPU-Util  Compute M. |
|                                         |                      |               MIG M. |
|=========================================+======================+======================|
|   0  Tesla V100-SXM2-32GB           Off | 00000000:AF:00.0 Off |                    0 |
| N/A   39C    P0              57W / 300W |      0MiB / 32768MiB |      0%      Default |
|                                         |                      |                  N/A |
+-----------------------------------------+----------------------+----------------------+
                                                                                         
+---------------------------------------------------------------------------------------+
| Processes:                                                                            |
|  GPU   GI   CI        PID   Type   Process name                            GPU Memory |
|        ID   ID                                                             Usage      |
|=======================================================================================|
|  No running processes found                                                           |
+---------------------------------------------------------------------------------------+
/home/akula.ha/.conda/envs/refseg/lib/python3.10/site-packages/torch/distributed/launch.py:181: FutureWarning: The module torch.distributed.launch is deprecated
and will be removed in future. Use torchrun.
Note that --use-env is set by default in torchrun.
If your script expects `--local-rank` argument to be set, please
change it to read from `os.environ['LOCAL_RANK']` instead. See 
https://pytorch.org/docs/stable/distributed.html#launch-utility for 
further instructions

  warnings.warn(
| distributed init (rank 0): env://
Namespace(batch_size=8, epochs=50, model='ReMamber_Conv', pretrain_path='./pretrain', input_size=480, drop=0.0, drop_path=0.1, model_ema=False, model_ema_decay=0.9999, model_ema_force_cpu=False, opt='adamw', opt_eps=1e-08, opt_betas=None, clip_grad=None, momentum=0.9, weight_decay=0.0001, sched='cosine', lr=9e-06, lr_decoder=5e-05, lr_backbone=2.5e-05, lr_vssm=2.5e-05, warmup_lr=1e-06, min_lr=1e-06, decay_epochs=30, warmup_epochs=0, cooldown_epochs=10, patience_epochs=10, decay_rate=0.1, train_mode=True, finetune='pretrain/ReMamber_Conv.pth', data_path='./ref_dataset/data', data_set='refzom', output_dir='./l_outputs', device='cuda', seed=0, resume='', start_epoch=0, eval=False, dist_eval=False, num_workers=8, pin_mem=True, distributed=True, world_size=1, dist_url='env://', if_amp=True, debug_mode=False, local_rank=0, model_title='model', logging='model', decoder_adapter=False, continue_lr=None, partial_freeze=False, single_epoch=True, lite_baseline=True, rank=0, gpu=0, dist_backend='nccl')
True val
./ref_dataset/data refzom zom
loading dataset refzom into memory...
creating index...
index created.
DONE (t=10.23s)
Preparing dataset ......
False val
./ref_dataset/data refzom zom
loading dataset refzom into memory...
creating index...
index created.
DONE (t=10.43s)
Preparing dataset ......
length of train set: 57624
length of val set: 15406
/home/akula.ha/.conda/envs/refseg/lib/python3.10/site-packages/torch/utils/data/dataloader.py:557: UserWarning: This DataLoader will create 8 worker processes in total. Our suggested max number of worker in current system is 1, which is smaller than what this DataLoader is going to create. Please be aware that excessive worker creation might get DataLoader running slow or even freeze, lower the worker number to avoid potential slowness/freeze if necessary.
  warnings.warn(_create_warning_msg(
Creating model: ReMamber_Conv
kwargs {}
number of params: 15293441
Model id is - model:e56044b3
length of train set: 50000
length of val set: 4000
Start training for 50 epochs
Learning rate: 9e-06
Epoch: [0]  [   0/6250]  eta: 1 day, 9:13:26  lr: 0.000009  train_loss: 1.8943 (1.8943)  train_iou: 0.7281 (0.7281)  time: 19.1370  data: 6.9865  max mem: 21211
Epoch: [0]  [  20/6250]  eta: 2:25:26  lr: 0.000009  train_loss: 1.3478 (1.8631)  train_iou: 0.6130 (0.6124)  time: 0.5139  data: 0.0043  max mem: 21211
Epoch: [0]  [  40/6250]  eta: 1:40:19  lr: 0.000009  train_loss: 1.0122 (1.5263)  train_iou: 0.5250 (0.5719)  time: 0.5165  data: 0.0036  max mem: 21211
Epoch: [0]  [  60/6250]  eta: 1:24:22  lr: 0.000009  train_loss: 0.8535 (1.4112)  train_iou: 0.5966 (0.5758)  time: 0.5072  data: 0.0029  max mem: 21211
Epoch: [0]  [  80/6250]  eta: 1:16:02  lr: 0.000009  train_loss: 1.0278 (1.3330)  train_iou: 0.5140 (0.5662)  time: 0.5003  data: 0.0031  max mem: 21211
Epoch: [0]  [ 100/6250]  eta: 1:11:07  lr: 0.000009  train_loss: 0.7417 (1.2291)  train_iou: 0.5522 (0.5656)  time: 0.5092  data: 0.0032  max mem: 21211
Epoch: [0]  [ 120/6250]  eta: 1:07:46  lr: 0.000009  train_loss: 0.8210 (1.1709)  train_iou: 0.5130 (0.5603)  time: 0.5097  data: 0.0069  max mem: 21211
Epoch: [0]  [ 140/6250]  eta: 1:05:23  lr: 0.000009  train_loss: 0.6975 (1.1307)  train_iou: 0.6310 (0.5676)  time: 0.5132  data: 0.0012  max mem: 21211
Epoch: [0]  [ 160/6250]  eta: 1:03:31  lr: 0.000009  train_loss: 0.7159 (1.0843)  train_iou: 0.4682 (0.5575)  time: 0.5108  data: 0.0024  max mem: 21211
Epoch: [0]  [ 180/6250]  eta: 1:02:01  lr: 0.000009  train_loss: 0.6453 (1.0531)  train_iou: 0.6241 (0.5606)  time: 0.5104  data: 0.0024  max mem: 21211
Epoch: [0]  [ 200/6250]  eta: 1:00:41  lr: 0.000009  train_loss: 0.5288 (0.9998)  train_iou: 0.6663 (0.5697)  time: 0.5014  data: 0.0024  max mem: 21211
Epoch: [0]  [ 220/6250]  eta: 0:59:39  lr: 0.000009  train_loss: 0.7240 (0.9783)  train_iou: 0.4982 (0.5650)  time: 0.5103  data: 0.0019  max mem: 21211
Epoch: [0]  [ 240/6250]  eta: 0:58:48  lr: 0.000009  train_loss: 0.6870 (0.9588)  train_iou: 0.5275 (0.5622)  time: 0.5143  data: 0.0041  max mem: 21211
Epoch: [0]  [ 260/6250]  eta: 0:57:58  lr: 0.000009  train_loss: 0.6629 (0.9354)  train_iou: 0.5232 (0.5624)  time: 0.5052  data: 0.0035  max mem: 21211
Epoch: [0]  [ 280/6250]  eta: 0:57:20  lr: 0.000009  train_loss: 0.5393 (0.9088)  train_iou: 0.6134 (0.5648)  time: 0.5184  data: 0.0030  max mem: 21211
Epoch: [0]  [ 300/6250]  eta: 0:56:40  lr: 0.000009  train_loss: 0.5509 (0.8972)  train_iou: 0.5875 (0.5667)  time: 0.5039  data: 0.0029  max mem: 21211
Epoch: [0]  [ 320/6250]  eta: 0:56:00  lr: 0.000009  train_loss: 0.6038 (0.8816)  train_iou: 0.5494 (0.5675)  time: 0.4944  data: 0.0004  max mem: 21211
Epoch: [0]  [ 340/6250]  eta: 0:55:27  lr: 0.000009  train_loss: 0.5929 (0.8674)  train_iou: 0.5851 (0.5671)  time: 0.5037  data: 0.0008  max mem: 21211
Epoch: [0]  [ 360/6250]  eta: 0:54:58  lr: 0.000009  train_loss: 0.5536 (0.8558)  train_iou: 0.5665 (0.5686)  time: 0.5076  data: 0.0011  max mem: 21211
Epoch: [0]  [ 380/6250]  eta: 0:54:31  lr: 0.000009  train_loss: 0.4010 (0.8385)  train_iou: 0.6619 (0.5704)  time: 0.5110  data: 0.0010  max mem: 21211
Epoch: [0]  [ 400/6250]  eta: 0:54:04  lr: 0.000009  train_loss: 0.4876 (0.8239)  train_iou: 0.5832 (0.5715)  time: 0.5022  data: 0.0027  max mem: 21211
Epoch: [0]  [ 420/6250]  eta: 0:53:38  lr: 0.000009  train_loss: 0.4905 (0.8110)  train_iou: 0.5901 (0.5734)  time: 0.4993  data: 0.0009  max mem: 21211
Epoch: [0]  [ 440/6250]  eta: 0:53:11  lr: 0.000009  train_loss: 0.4773 (0.7985)  train_iou: 0.6261 (0.5752)  time: 0.4942  data: 0.0007  max mem: 21211
Epoch: [0]  [ 460/6250]  eta: 0:52:51  lr: 0.000009  train_loss: 0.5350 (0.7898)  train_iou: 0.5760 (0.5746)  time: 0.5099  data: 0.0030  max mem: 21211
Epoch: [0]  [ 480/6250]  eta: 0:52:31  lr: 0.000009  train_loss: 0.4251 (0.7774)  train_iou: 0.6549 (0.5776)  time: 0.5118  data: 0.0072  max mem: 21211
Epoch: [0]  [ 500/6250]  eta: 0:52:11  lr: 0.000009  train_loss: 0.5487 (0.7711)  train_iou: 0.5940 (0.5773)  time: 0.5055  data: 0.0020  max mem: 21211
Epoch: [0]  [ 520/6250]  eta: 0:51:52  lr: 0.000009  train_loss: 0.5249 (0.7641)  train_iou: 0.5866 (0.5777)  time: 0.5071  data: 0.0028  max mem: 21211
Epoch: [0]  [ 540/6250]  eta: 0:51:32  lr: 0.000009  train_loss: 0.4108 (0.7519)  train_iou: 0.6715 (0.5817)  time: 0.5027  data: 0.0020  max mem: 21211
Epoch: [0]  [ 560/6250]  eta: 0:51:14  lr: 0.000009  train_loss: 0.4518 (0.7440)  train_iou: 0.6414 (0.5822)  time: 0.5039  data: 0.0025  max mem: 21211
Epoch: [0]  [ 580/6250]  eta: 0:50:54  lr: 0.000009  train_loss: 0.4450 (0.7356)  train_iou: 0.6287 (0.5840)  time: 0.4955  data: 0.0012  max mem: 21211
Epoch: [0]  [ 600/6250]  eta: 0:50:36  lr: 0.000009  train_loss: 0.5492 (0.7304)  train_iou: 0.5744 (0.5829)  time: 0.5013  data: 0.0007  max mem: 21211
Epoch: [0]  [ 620/6250]  eta: 0:50:19  lr: 0.000009  train_loss: 0.5658 (0.7299)  train_iou: 0.6023 (0.5825)  time: 0.4994  data: 0.0011  max mem: 21211
Epoch: [0]  [ 640/6250]  eta: 0:50:01  lr: 0.000009  train_loss: 0.4580 (0.7210)  train_iou: 0.6076 (0.5840)  time: 0.4970  data: 0.0006  max mem: 21211
Epoch: [0]  [ 660/6250]  eta: 0:49:44  lr: 0.000009  train_loss: 0.4832 (0.7156)  train_iou: 0.6374 (0.5854)  time: 0.4990  data: 0.0007  max mem: 21211
Epoch: [0]  [ 680/6250]  eta: 0:49:28  lr: 0.000009  train_loss: 0.4203 (0.7081)  train_iou: 0.6456 (0.5874)  time: 0.5025  data: 0.0034  max mem: 21211
Epoch: [0]  [ 700/6250]  eta: 0:49:13  lr: 0.000009  train_loss: 0.5869 (0.7035)  train_iou: 0.5886 (0.5870)  time: 0.5012  data: 0.0007  max mem: 21211
Epoch: [0]  [ 720/6250]  eta: 0:48:58  lr: 0.000009  train_loss: 0.4747 (0.6968)  train_iou: 0.5996 (0.5881)  time: 0.5031  data: 0.0034  max mem: 21211
Epoch: [0]  [ 740/6250]  eta: 0:48:42  lr: 0.000009  train_loss: 0.4033 (0.6893)  train_iou: 0.6523 (0.5904)  time: 0.4953  data: 0.0007  max mem: 21211
Epoch: [0]  [ 760/6250]  eta: 0:48:27  lr: 0.000009  train_loss: 0.4319 (0.6832)  train_iou: 0.6440 (0.5918)  time: 0.5015  data: 0.0011  max mem: 21211
Epoch: [0]  [ 780/6250]  eta: 0:48:12  lr: 0.000009  train_loss: 0.4620 (0.6772)  train_iou: 0.6570 (0.5936)  time: 0.5023  data: 0.0022  max mem: 21211
Epoch: [0]  [ 800/6250]  eta: 0:47:58  lr: 0.000009  train_loss: 0.4570 (0.6715)  train_iou: 0.6240 (0.5950)  time: 0.5019  data: 0.0021  max mem: 21211
Epoch: [0]  [ 820/6250]  eta: 0:47:44  lr: 0.000009  train_loss: 0.4405 (0.6673)  train_iou: 0.6711 (0.5968)  time: 0.4979  data: 0.0008  max mem: 21211
Epoch: [0]  [ 840/6250]  eta: 0:47:29  lr: 0.000009  train_loss: 0.4840 (0.6635)  train_iou: 0.5640 (0.5967)  time: 0.4985  data: 0.0014  max mem: 21211
Epoch: [0]  [ 860/6250]  eta: 0:47:16  lr: 0.000009  train_loss: 0.4233 (0.6590)  train_iou: 0.6578 (0.5979)  time: 0.5036  data: 0.0028  max mem: 21211
Epoch: [0]  [ 880/6250]  eta: 0:47:02  lr: 0.000009  train_loss: 0.4997 (0.6561)  train_iou: 0.5678 (0.5979)  time: 0.4954  data: 0.0012  max mem: 21211
Epoch: [0]  [ 900/6250]  eta: 0:46:49  lr: 0.000009  train_loss: 0.4907 (0.6532)  train_iou: 0.5986 (0.5981)  time: 0.5042  data: 0.0007  max mem: 21211
Epoch: [0]  [ 920/6250]  eta: 0:46:35  lr: 0.000009  train_loss: 0.3859 (0.6484)  train_iou: 0.6437 (0.5995)  time: 0.4988  data: 0.0020  max mem: 21211
Epoch: [0]  [ 940/6250]  eta: 0:46:21  lr: 0.000009  train_loss: 0.5661 (0.6480)  train_iou: 0.5411 (0.5991)  time: 0.4967  data: 0.0017  max mem: 21211
Epoch: [0]  [ 960/6250]  eta: 0:46:09  lr: 0.000009  train_loss: 0.4752 (0.6450)  train_iou: 0.5584 (0.5996)  time: 0.5063  data: 0.0017  max mem: 21211
Epoch: [0]  [ 980/6250]  eta: 0:45:56  lr: 0.000009  train_loss: 0.4852 (0.6416)  train_iou: 0.6515 (0.6006)  time: 0.4975  data: 0.0006  max mem: 21211
Epoch: [0]  [1000/6250]  eta: 0:45:43  lr: 0.000009  train_loss: 0.4623 (0.6413)  train_iou: 0.6277 (0.6005)  time: 0.5034  data: 0.0020  max mem: 21211
Epoch: [0]  [1020/6250]  eta: 0:45:31  lr: 0.000009  train_loss: 0.4746 (0.6385)  train_iou: 0.6298 (0.6008)  time: 0.5045  data: 0.0016  max mem: 21211
Epoch: [0]  [1040/6250]  eta: 0:45:18  lr: 0.000009  train_loss: 0.5716 (0.6365)  train_iou: 0.6190 (0.6008)  time: 0.4968  data: 0.0004  max mem: 21211
Epoch: [0]  [1060/6250]  eta: 0:45:06  lr: 0.000009  train_loss: 0.4744 (0.6339)  train_iou: 0.5920 (0.6015)  time: 0.5036  data: 0.0009  max mem: 21211
Epoch: [0]  [1080/6250]  eta: 0:44:53  lr: 0.000009  train_loss: 0.4483 (0.6311)  train_iou: 0.6456 (0.6025)  time: 0.4943  data: 0.0007  max mem: 21211
Epoch: [0]  [1100/6250]  eta: 0:44:42  lr: 0.000009  train_loss: 0.3674 (0.6277)  train_iou: 0.6661 (0.6037)  time: 0.5156  data: 0.0036  max mem: 21211
Epoch: [0]  [1120/6250]  eta: 0:44:30  lr: 0.000009  train_loss: 0.5069 (0.6261)  train_iou: 0.6522 (0.6044)  time: 0.5069  data: 0.0027  max mem: 21211
Epoch: [0]  [1140/6250]  eta: 0:44:18  lr: 0.000009  train_loss: 0.4464 (0.6248)  train_iou: 0.5954 (0.6043)  time: 0.5054  data: 0.0008  max mem: 21211
Epoch: [0]  [1160/6250]  eta: 0:44:06  lr: 0.000009  train_loss: 0.4516 (0.6229)  train_iou: 0.6300 (0.6047)  time: 0.5026  data: 0.0012  max mem: 21211
Epoch: [0]  [1180/6250]  eta: 0:43:54  lr: 0.000009  train_loss: 0.5275 (0.6217)  train_iou: 0.5998 (0.6044)  time: 0.5015  data: 0.0031  max mem: 21211
Epoch: [0]  [1200/6250]  eta: 0:43:42  lr: 0.000009  train_loss: 0.5997 (0.6214)  train_iou: 0.5539 (0.6037)  time: 0.5014  data: 0.0009  max mem: 21211
Epoch: [0]  [1220/6250]  eta: 0:43:31  lr: 0.000009  train_loss: 0.4087 (0.6203)  train_iou: 0.6698 (0.6048)  time: 0.5085  data: 0.0019  max mem: 21211
Epoch: [0]  [1240/6250]  eta: 0:43:20  lr: 0.000009  train_loss: 0.5333 (0.6192)  train_iou: 0.6108 (0.6051)  time: 0.5103  data: 0.0028  max mem: 21211
Epoch: [0]  [1260/6250]  eta: 0:43:09  lr: 0.000009  train_loss: 0.4299 (0.6173)  train_iou: 0.6373 (0.6057)  time: 0.5079  data: 0.0021  max mem: 21211
Epoch: [0]  [1280/6250]  eta: 0:42:58  lr: 0.000009  train_loss: 0.4474 (0.6148)  train_iou: 0.6408 (0.6062)  time: 0.5087  data: 0.0025  max mem: 21211
Epoch: [0]  [1300/6250]  eta: 0:42:47  lr: 0.000009  train_loss: 0.4322 (0.6128)  train_iou: 0.6544 (0.6064)  time: 0.5106  data: 0.0022  max mem: 21211
Epoch: [0]  [1320/6250]  eta: 0:42:35  lr: 0.000009  train_loss: 0.4479 (0.6103)  train_iou: 0.6089 (0.6068)  time: 0.5047  data: 0.0004  max mem: 21211
Epoch: [0]  [1340/6250]  eta: 0:42:24  lr: 0.000009  train_loss: 0.4863 (0.6083)  train_iou: 0.6422 (0.6076)  time: 0.5108  data: 0.0019  max mem: 21211
Epoch: [0]  [1360/6250]  eta: 0:42:13  lr: 0.000009  train_loss: 0.4792 (0.6061)  train_iou: 0.6097 (0.6079)  time: 0.5048  data: 0.0016  max mem: 21211
Epoch: [0]  [1380/6250]  eta: 0:42:02  lr: 0.000009  train_loss: 0.4542 (0.6046)  train_iou: 0.5914 (0.6080)  time: 0.5088  data: 0.0022  max mem: 21211
Epoch: [0]  [1400/6250]  eta: 0:41:51  lr: 0.000009  train_loss: 0.5182 (0.6030)  train_iou: 0.6170 (0.6085)  time: 0.5083  data: 0.0011  max mem: 21211
Epoch: [0]  [1420/6250]  eta: 0:41:40  lr: 0.000009  train_loss: 0.4778 (0.6014)  train_iou: 0.5979 (0.6084)  time: 0.5065  data: 0.0030  max mem: 21211
Epoch: [0]  [1440/6250]  eta: 0:41:28  lr: 0.000009  train_loss: 0.3760 (0.5999)  train_iou: 0.6667 (0.6090)  time: 0.5026  data: 0.0022  max mem: 21211
Epoch: [0]  [1460/6250]  eta: 0:41:18  lr: 0.000009  train_loss: 0.4298 (0.5979)  train_iou: 0.6160 (0.6091)  time: 0.5087  data: 0.0008  max mem: 21211
Epoch: [0]  [1480/6250]  eta: 0:41:06  lr: 0.000009  train_loss: 0.4694 (0.5964)  train_iou: 0.6364 (0.6095)  time: 0.5045  data: 0.0015  max mem: 21211
Epoch: [0]  [1500/6250]  eta: 0:40:55  lr: 0.000009  train_loss: 0.4175 (0.5945)  train_iou: 0.6522 (0.6102)  time: 0.5063  data: 0.0004  max mem: 21211
Epoch: [0]  [1520/6250]  eta: 0:40:44  lr: 0.000009  train_loss: 0.3843 (0.5923)  train_iou: 0.6402 (0.6108)  time: 0.5040  data: 0.0033  max mem: 21211
Epoch: [0]  [1540/6250]  eta: 0:40:33  lr: 0.000009  train_loss: 0.4280 (0.5911)  train_iou: 0.6481 (0.6113)  time: 0.5025  data: 0.0007  max mem: 21211
Epoch: [0]  [1560/6250]  eta: 0:40:22  lr: 0.000009  train_loss: 0.3612 (0.5894)  train_iou: 0.6973 (0.6120)  time: 0.5045  data: 0.0020  max mem: 21211
Epoch: [0]  [1580/6250]  eta: 0:40:11  lr: 0.000009  train_loss: 0.4444 (0.5881)  train_iou: 0.6258 (0.6123)  time: 0.5038  data: 0.0011  max mem: 21211
Epoch: [0]  [1600/6250]  eta: 0:40:00  lr: 0.000009  train_loss: 0.3893 (0.5862)  train_iou: 0.6174 (0.6127)  time: 0.5027  data: 0.0004  max mem: 21211
Epoch: [0]  [1620/6250]  eta: 0:39:49  lr: 0.000009  train_loss: 0.3642 (0.5842)  train_iou: 0.6853 (0.6133)  time: 0.5051  data: 0.0006  max mem: 21211
Epoch: [0]  [1640/6250]  eta: 0:39:38  lr: 0.000009  train_loss: 0.4154 (0.5826)  train_iou: 0.6414 (0.6134)  time: 0.5043  data: 0.0027  max mem: 21211
Epoch: [0]  [1660/6250]  eta: 0:39:26  lr: 0.000009  train_loss: 0.4829 (0.5824)  train_iou: 0.6440 (0.6132)  time: 0.4962  data: 0.0004  max mem: 21211
Epoch: [0]  [1680/6250]  eta: 0:39:15  lr: 0.000009  train_loss: 0.4526 (0.5810)  train_iou: 0.6000 (0.6136)  time: 0.5058  data: 0.0004  max mem: 21211
Epoch: [0]  [1700/6250]  eta: 0:39:04  lr: 0.000009  train_loss: 0.4436 (0.5799)  train_iou: 0.6612 (0.6139)  time: 0.4995  data: 0.0013  max mem: 21211
Epoch: [0]  [1720/6250]  eta: 0:38:53  lr: 0.000009  train_loss: 0.3943 (0.5783)  train_iou: 0.6581 (0.6145)  time: 0.5055  data: 0.0006  max mem: 21211
Epoch: [0]  [1740/6250]  eta: 0:38:42  lr: 0.000009  train_loss: 0.3725 (0.5763)  train_iou: 0.6726 (0.6153)  time: 0.5006  data: 0.0006  max mem: 21211
Epoch: [0]  [1760/6250]  eta: 0:38:32  lr: 0.000009  train_loss: 0.4278 (0.5748)  train_iou: 0.6547 (0.6157)  time: 0.5033  data: 0.0004  max mem: 21211
Epoch: [0]  [1780/6250]  eta: 0:38:20  lr: 0.000009  train_loss: 0.4246 (0.5734)  train_iou: 0.6537 (0.6158)  time: 0.5000  data: 0.0015  max mem: 21211
Epoch: [0]  [1800/6250]  eta: 0:38:10  lr: 0.000009  train_loss: 0.3731 (0.5719)  train_iou: 0.6893 (0.6160)  time: 0.5038  data: 0.0007  max mem: 21211
Epoch: [0]  [1820/6250]  eta: 0:37:59  lr: 0.000009  train_loss: 0.5294 (0.5711)  train_iou: 0.5494 (0.6158)  time: 0.5137  data: 0.0024  max mem: 21211
Epoch: [0]  [1840/6250]  eta: 0:37:49  lr: 0.000009  train_loss: 0.4705 (0.5705)  train_iou: 0.6401 (0.6159)  time: 0.5105  data: 0.0015  max mem: 21211
Epoch: [0]  [1860/6250]  eta: 0:37:39  lr: 0.000009  train_loss: 0.5704 (0.5701)  train_iou: 0.5381 (0.6157)  time: 0.5159  data: 0.0008  max mem: 21211
Epoch: [0]  [1880/6250]  eta: 0:37:28  lr: 0.000009  train_loss: 0.3510 (0.5686)  train_iou: 0.7011 (0.6165)  time: 0.5043  data: 0.0010  max mem: 21211
Epoch: [0]  [1900/6250]  eta: 0:37:17  lr: 0.000009  train_loss: 0.5336 (0.5683)  train_iou: 0.5429 (0.6161)  time: 0.4988  data: 0.0005  max mem: 21211
Epoch: [0]  [1920/6250]  eta: 0:37:06  lr: 0.000009  train_loss: 0.4748 (0.5675)  train_iou: 0.5907 (0.6160)  time: 0.5039  data: 0.0007  max mem: 21211
Epoch: [0]  [1940/6250]  eta: 0:36:55  lr: 0.000009  train_loss: 0.4396 (0.5669)  train_iou: 0.6191 (0.6158)  time: 0.5036  data: 0.0016  max mem: 21211
Epoch: [0]  [1960/6250]  eta: 0:36:45  lr: 0.000009  train_loss: 0.3246 (0.5649)  train_iou: 0.7104 (0.6167)  time: 0.5042  data: 0.0009  max mem: 21211
Epoch: [0]  [1980/6250]  eta: 0:36:34  lr: 0.000009  train_loss: 0.3613 (0.5634)  train_iou: 0.6904 (0.6173)  time: 0.4976  data: 0.0016  max mem: 21211
Epoch: [0]  [2000/6250]  eta: 0:36:23  lr: 0.000009  train_loss: 0.4321 (0.5620)  train_iou: 0.6570 (0.6177)  time: 0.4959  data: 0.0004  max mem: 21211
Epoch: [0]  [2020/6250]  eta: 0:36:12  lr: 0.000009  train_loss: 0.4926 (0.5616)  train_iou: 0.6129 (0.6175)  time: 0.5079  data: 0.0007  max mem: 21211
Epoch: [0]  [2040/6250]  eta: 0:36:01  lr: 0.000009  train_loss: 0.4590 (0.5614)  train_iou: 0.6104 (0.6175)  time: 0.5066  data: 0.0005  max mem: 21211
Epoch: [0]  [2060/6250]  eta: 0:35:51  lr: 0.000009  train_loss: 0.4227 (0.5602)  train_iou: 0.6488 (0.6177)  time: 0.5005  data: 0.0008  max mem: 21211
Epoch: [0]  [2080/6250]  eta: 0:35:40  lr: 0.000009  train_loss: 0.4774 (0.5597)  train_iou: 0.6080 (0.6179)  time: 0.4993  data: 0.0009  max mem: 21211
Epoch: [0]  [2100/6250]  eta: 0:35:29  lr: 0.000009  train_loss: 0.4163 (0.5589)  train_iou: 0.6187 (0.6180)  time: 0.5000  data: 0.0005  max mem: 21211
Epoch: [0]  [2120/6250]  eta: 0:35:18  lr: 0.000009  train_loss: 0.4713 (0.5584)  train_iou: 0.5863 (0.6178)  time: 0.4973  data: 0.0007  max mem: 21211
Epoch: [0]  [2140/6250]  eta: 0:35:07  lr: 0.000009  train_loss: 0.4185 (0.5572)  train_iou: 0.6476 (0.6180)  time: 0.5019  data: 0.0007  max mem: 21211
Epoch: [0]  [2160/6250]  eta: 0:34:57  lr: 0.000009  train_loss: 0.3763 (0.5559)  train_iou: 0.6906 (0.6185)  time: 0.5059  data: 0.0004  max mem: 21211
Epoch: [0]  [2180/6250]  eta: 0:34:46  lr: 0.000009  train_loss: 0.4115 (0.5548)  train_iou: 0.6548 (0.6188)  time: 0.5059  data: 0.0019  max mem: 21211
Epoch: [0]  [2200/6250]  eta: 0:34:36  lr: 0.000009  train_loss: 0.3718 (0.5547)  train_iou: 0.6461 (0.6190)  time: 0.5029  data: 0.0004  max mem: 21211
Epoch: [0]  [2220/6250]  eta: 0:34:25  lr: 0.000009  train_loss: 0.4443 (0.5538)  train_iou: 0.6173 (0.6191)  time: 0.5003  data: 0.0018  max mem: 21211
Epoch: [0]  [2240/6250]  eta: 0:34:14  lr: 0.000009  train_loss: 0.4429 (0.5529)  train_iou: 0.6086 (0.6193)  time: 0.4934  data: 0.0006  max mem: 21211
Epoch: [0]  [2260/6250]  eta: 0:34:04  lr: 0.000009  train_loss: 0.5273 (0.5523)  train_iou: 0.6380 (0.6195)  time: 0.5037  data: 0.0009  max mem: 21211
Epoch: [0]  [2280/6250]  eta: 0:33:53  lr: 0.000009  train_loss: 0.4259 (0.5529)  train_iou: 0.6655 (0.6196)  time: 0.5002  data: 0.0005  max mem: 21211
Epoch: [0]  [2300/6250]  eta: 0:33:43  lr: 0.000009  train_loss: 0.4665 (0.5525)  train_iou: 0.6253 (0.6195)  time: 0.5063  data: 0.0012  max mem: 21211
Epoch: [0]  [2320/6250]  eta: 0:33:32  lr: 0.000009  train_loss: 0.3826 (0.5517)  train_iou: 0.6462 (0.6195)  time: 0.4985  data: 0.0004  max mem: 21211
Epoch: [0]  [2340/6250]  eta: 0:33:21  lr: 0.000009  train_loss: 0.5748 (0.5515)  train_iou: 0.5543 (0.6193)  time: 0.4982  data: 0.0004  max mem: 21211
Epoch: [0]  [2360/6250]  eta: 0:33:10  lr: 0.000009  train_loss: 0.4356 (0.5507)  train_iou: 0.6102 (0.6194)  time: 0.4984  data: 0.0024  max mem: 21211
Epoch: [0]  [2380/6250]  eta: 0:33:00  lr: 0.000009  train_loss: 0.4209 (0.5499)  train_iou: 0.6409 (0.6197)  time: 0.4938  data: 0.0014  max mem: 21211
Epoch: [0]  [2400/6250]  eta: 0:32:49  lr: 0.000009  train_loss: 0.4544 (0.5493)  train_iou: 0.6410 (0.6197)  time: 0.4984  data: 0.0004  max mem: 21211
Epoch: [0]  [2420/6250]  eta: 0:32:38  lr: 0.000009  train_loss: 0.4384 (0.5484)  train_iou: 0.6419 (0.6200)  time: 0.5012  data: 0.0004  max mem: 21211
Epoch: [0]  [2440/6250]  eta: 0:32:28  lr: 0.000009  train_loss: 0.4335 (0.5476)  train_iou: 0.6469 (0.6203)  time: 0.5011  data: 0.0006  max mem: 21211
Epoch: [0]  [2460/6250]  eta: 0:32:17  lr: 0.000009  train_loss: 0.3694 (0.5462)  train_iou: 0.6973 (0.6210)  time: 0.4993  data: 0.0006  max mem: 21211
Epoch: [0]  [2480/6250]  eta: 0:32:07  lr: 0.000009  train_loss: 0.3985 (0.5456)  train_iou: 0.6620 (0.6212)  time: 0.4958  data: 0.0005  max mem: 21211
Epoch: [0]  [2500/6250]  eta: 0:31:56  lr: 0.000009  train_loss: 0.3944 (0.5448)  train_iou: 0.6421 (0.6214)  time: 0.4976  data: 0.0015  max mem: 21211
Epoch: [0]  [2520/6250]  eta: 0:31:45  lr: 0.000009  train_loss: 0.3599 (0.5436)  train_iou: 0.6798 (0.6219)  time: 0.4975  data: 0.0016  max mem: 21211
Epoch: [0]  [2540/6250]  eta: 0:31:35  lr: 0.000009  train_loss: 0.3684 (0.5425)  train_iou: 0.6756 (0.6222)  time: 0.4971  data: 0.0024  max mem: 21211
Epoch: [0]  [2560/6250]  eta: 0:31:24  lr: 0.000009  train_loss: 0.3407 (0.5416)  train_iou: 0.6775 (0.6225)  time: 0.5000  data: 0.0004  max mem: 21211
Epoch: [0]  [2580/6250]  eta: 0:31:14  lr: 0.000009  train_loss: 0.4745 (0.5413)  train_iou: 0.6019 (0.6223)  time: 0.5002  data: 0.0004  max mem: 21211
Epoch: [0]  [2600/6250]  eta: 0:31:03  lr: 0.000009  train_loss: 0.3678 (0.5403)  train_iou: 0.6505 (0.6226)  time: 0.4999  data: 0.0007  max mem: 21211
Epoch: [0]  [2620/6250]  eta: 0:30:53  lr: 0.000009  train_loss: 0.4186 (0.5400)  train_iou: 0.6442 (0.6225)  time: 0.4975  data: 0.0006  max mem: 21211
Epoch: [0]  [2640/6250]  eta: 0:30:42  lr: 0.000009  train_loss: 0.3998 (0.5394)  train_iou: 0.6484 (0.6225)  time: 0.5001  data: 0.0006  max mem: 21211
Epoch: [0]  [2660/6250]  eta: 0:30:32  lr: 0.000009  train_loss: 0.3780 (0.5390)  train_iou: 0.6849 (0.6228)  time: 0.4992  data: 0.0016  max mem: 21211
Epoch: [0]  [2680/6250]  eta: 0:30:21  lr: 0.000009  train_loss: 0.4421 (0.5385)  train_iou: 0.6223 (0.6228)  time: 0.5000  data: 0.0005  max mem: 21211
Epoch: [0]  [2700/6250]  eta: 0:30:11  lr: 0.000009  train_loss: 0.3402 (0.5374)  train_iou: 0.6840 (0.6233)  time: 0.5003  data: 0.0004  max mem: 21211
Epoch: [0]  [2720/6250]  eta: 0:30:00  lr: 0.000009  train_loss: 0.5115 (0.5372)  train_iou: 0.5745 (0.6232)  time: 0.4989  data: 0.0004  max mem: 21211
Epoch: [0]  [2740/6250]  eta: 0:29:50  lr: 0.000009  train_loss: 0.4443 (0.5369)  train_iou: 0.6138 (0.6232)  time: 0.4980  data: 0.0004  max mem: 21211
Epoch: [0]  [2760/6250]  eta: 0:29:39  lr: 0.000009  train_loss: 0.3156 (0.5356)  train_iou: 0.7427 (0.6239)  time: 0.5019  data: 0.0017  max mem: 21211
Epoch: [0]  [2780/6250]  eta: 0:29:29  lr: 0.000009  train_loss: 0.5370 (0.5358)  train_iou: 0.5782 (0.6235)  time: 0.4978  data: 0.0007  max mem: 21211
Epoch: [0]  [2800/6250]  eta: 0:29:18  lr: 0.000009  train_loss: 0.4561 (0.5354)  train_iou: 0.6199 (0.6234)  time: 0.5039  data: 0.0004  max mem: 21211
Epoch: [0]  [2820/6250]  eta: 0:29:08  lr: 0.000009  train_loss: 0.3680 (0.5346)  train_iou: 0.7047 (0.6239)  time: 0.5022  data: 0.0004  max mem: 21211
Epoch: [0]  [2840/6250]  eta: 0:28:58  lr: 0.000009  train_loss: 0.4078 (0.5339)  train_iou: 0.6748 (0.6243)  time: 0.5052  data: 0.0004  max mem: 21211
Epoch: [0]  [2860/6250]  eta: 0:28:47  lr: 0.000009  train_loss: 0.4243 (0.5332)  train_iou: 0.6512 (0.6246)  time: 0.5042  data: 0.0004  max mem: 21211
Epoch: [0]  [2880/6250]  eta: 0:28:37  lr: 0.000009  train_loss: 0.3647 (0.5322)  train_iou: 0.6702 (0.6249)  time: 0.4993  data: 0.0028  max mem: 21211
Epoch: [0]  [2900/6250]  eta: 0:28:26  lr: 0.000009  train_loss: 0.4515 (0.5316)  train_iou: 0.6339 (0.6251)  time: 0.4967  data: 0.0007  max mem: 21211
Epoch: [0]  [2920/6250]  eta: 0:28:16  lr: 0.000009  train_loss: 0.4271 (0.5309)  train_iou: 0.6675 (0.6253)  time: 0.5071  data: 0.0008  max mem: 21211
Epoch: [0]  [2940/6250]  eta: 0:28:06  lr: 0.000009  train_loss: 0.3694 (0.5302)  train_iou: 0.6621 (0.6256)  time: 0.5041  data: 0.0004  max mem: 21211
Epoch: [0]  [2960/6250]  eta: 0:27:56  lr: 0.000009  train_loss: 0.3629 (0.5295)  train_iou: 0.6827 (0.6259)  time: 0.5036  data: 0.0009  max mem: 21211
Epoch: [0]  [2980/6250]  eta: 0:27:45  lr: 0.000009  train_loss: 0.4044 (0.5291)  train_iou: 0.6801 (0.6258)  time: 0.5011  data: 0.0026  max mem: 21211
Epoch: [0]  [3000/6250]  eta: 0:27:35  lr: 0.000009  train_loss: 0.3880 (0.5284)  train_iou: 0.6618 (0.6259)  time: 0.4962  data: 0.0006  max mem: 21211
Epoch: [0]  [3020/6250]  eta: 0:27:24  lr: 0.000009  train_loss: 0.3866 (0.5280)  train_iou: 0.6370 (0.6259)  time: 0.4963  data: 0.0004  max mem: 21211
Epoch: [0]  [3040/6250]  eta: 0:27:14  lr: 0.000009  train_loss: 0.4241 (0.5276)  train_iou: 0.6144 (0.6257)  time: 0.5033  data: 0.0007  max mem: 21211
Epoch: [0]  [3060/6250]  eta: 0:27:04  lr: 0.000009  train_loss: 0.4260 (0.5272)  train_iou: 0.6246 (0.6257)  time: 0.5038  data: 0.0007  max mem: 21211
Epoch: [0]  [3080/6250]  eta: 0:26:53  lr: 0.000009  train_loss: 0.3382 (0.5265)  train_iou: 0.6777 (0.6259)  time: 0.5050  data: 0.0007  max mem: 21211
Epoch: [0]  [3100/6250]  eta: 0:26:43  lr: 0.000009  train_loss: 0.4445 (0.5262)  train_iou: 0.5940 (0.6257)  time: 0.5072  data: 0.0004  max mem: 21211
Epoch: [0]  [3120/6250]  eta: 0:26:33  lr: 0.000009  train_loss: 0.3625 (0.5255)  train_iou: 0.6548 (0.6259)  time: 0.4951  data: 0.0004  max mem: 21211
Epoch: [0]  [3140/6250]  eta: 0:26:22  lr: 0.000009  train_loss: 0.3433 (0.5247)  train_iou: 0.6695 (0.6261)  time: 0.4945  data: 0.0006  max mem: 21211
Epoch: [0]  [3160/6250]  eta: 0:26:12  lr: 0.000009  train_loss: 0.2976 (0.5238)  train_iou: 0.6438 (0.6264)  time: 0.4940  data: 0.0004  max mem: 21211
Epoch: [0]  [3180/6250]  eta: 0:26:01  lr: 0.000009  train_loss: 0.4355 (0.5232)  train_iou: 0.6200 (0.6266)  time: 0.5020  data: 0.0017  max mem: 21211
Epoch: [0]  [3200/6250]  eta: 0:25:51  lr: 0.000009  train_loss: 0.3876 (0.5231)  train_iou: 0.6655 (0.6266)  time: 0.5016  data: 0.0005  max mem: 21211
Epoch: [0]  [3220/6250]  eta: 0:25:41  lr: 0.000009  train_loss: 0.4675 (0.5229)  train_iou: 0.5916 (0.6266)  time: 0.4980  data: 0.0004  max mem: 21211
Epoch: [0]  [3240/6250]  eta: 0:25:30  lr: 0.000009  train_loss: 0.3640 (0.5221)  train_iou: 0.6663 (0.6268)  time: 0.4904  data: 0.0004  max mem: 21211
Epoch: [0]  [3260/6250]  eta: 0:25:20  lr: 0.000009  train_loss: 0.4664 (0.5221)  train_iou: 0.5893 (0.6265)  time: 0.5020  data: 0.0008  max mem: 21211
Epoch: [0]  [3280/6250]  eta: 0:25:10  lr: 0.000009  train_loss: 0.4970 (0.5221)  train_iou: 0.6016 (0.6263)  time: 0.5048  data: 0.0004  max mem: 21211
Epoch: [0]  [3300/6250]  eta: 0:24:59  lr: 0.000009  train_loss: 0.5071 (0.5218)  train_iou: 0.6459 (0.6264)  time: 0.5056  data: 0.0004  max mem: 21211
Epoch: [0]  [3320/6250]  eta: 0:24:49  lr: 0.000009  train_loss: 0.4539 (0.5213)  train_iou: 0.6287 (0.6264)  time: 0.5072  data: 0.0004  max mem: 21211
Epoch: [0]  [3340/6250]  eta: 0:24:39  lr: 0.000009  train_loss: 0.3939 (0.5207)  train_iou: 0.6922 (0.6265)  time: 0.5003  data: 0.0009  max mem: 21211
Epoch: [0]  [3360/6250]  eta: 0:24:29  lr: 0.000009  train_loss: 0.4016 (0.5202)  train_iou: 0.6386 (0.6266)  time: 0.4997  data: 0.0005  max mem: 21211
Epoch: [0]  [3380/6250]  eta: 0:24:18  lr: 0.000009  train_loss: 0.2941 (0.5194)  train_iou: 0.6725 (0.6270)  time: 0.5030  data: 0.0004  max mem: 21211
Epoch: [0]  [3400/6250]  eta: 0:24:08  lr: 0.000009  train_loss: 0.4319 (0.5191)  train_iou: 0.6074 (0.6270)  time: 0.5061  data: 0.0006  max mem: 21211
Epoch: [0]  [3420/6250]  eta: 0:23:58  lr: 0.000009  train_loss: 0.3971 (0.5186)  train_iou: 0.6473 (0.6271)  time: 0.5054  data: 0.0004  max mem: 21211
Epoch: [0]  [3440/6250]  eta: 0:23:48  lr: 0.000009  train_loss: 0.4384 (0.5183)  train_iou: 0.5975 (0.6272)  time: 0.4980  data: 0.0014  max mem: 21211
Epoch: [0]  [3460/6250]  eta: 0:23:37  lr: 0.000009  train_loss: 0.4117 (0.5178)  train_iou: 0.6218 (0.6273)  time: 0.4988  data: 0.0004  max mem: 21211
Epoch: [0]  [3480/6250]  eta: 0:23:27  lr: 0.000009  train_loss: 0.3736 (0.5172)  train_iou: 0.6912 (0.6275)  time: 0.4991  data: 0.0004  max mem: 21211
Epoch: [0]  [3500/6250]  eta: 0:23:17  lr: 0.000009  train_loss: 0.4330 (0.5170)  train_iou: 0.5990 (0.6274)  time: 0.5007  data: 0.0019  max mem: 21211
Epoch: [0]  [3520/6250]  eta: 0:23:06  lr: 0.000009  train_loss: 0.4360 (0.5166)  train_iou: 0.6442 (0.6274)  time: 0.5002  data: 0.0006  max mem: 21211
Epoch: [0]  [3540/6250]  eta: 0:22:56  lr: 0.000009  train_loss: 0.4417 (0.5163)  train_iou: 0.6325 (0.6274)  time: 0.5029  data: 0.0006  max mem: 21211
Epoch: [0]  [3560/6250]  eta: 0:22:46  lr: 0.000009  train_loss: 0.4506 (0.5159)  train_iou: 0.6193 (0.6275)  time: 0.5058  data: 0.0023  max mem: 21211
Epoch: [0]  [3580/6250]  eta: 0:22:36  lr: 0.000009  train_loss: 0.4187 (0.5155)  train_iou: 0.6534 (0.6276)  time: 0.4970  data: 0.0004  max mem: 21211
Epoch: [0]  [3600/6250]  eta: 0:22:25  lr: 0.000009  train_loss: 0.4536 (0.5155)  train_iou: 0.5956 (0.6275)  time: 0.5024  data: 0.0010  max mem: 21211
Epoch: [0]  [3620/6250]  eta: 0:22:15  lr: 0.000009  train_loss: 0.4517 (0.5153)  train_iou: 0.5939 (0.6275)  time: 0.5047  data: 0.0005  max mem: 21211
Epoch: [0]  [3640/6250]  eta: 0:22:05  lr: 0.000009  train_loss: 0.4169 (0.5147)  train_iou: 0.6232 (0.6276)  time: 0.4984  data: 0.0004  max mem: 21211
Epoch: [0]  [3660/6250]  eta: 0:21:55  lr: 0.000009  train_loss: 0.3605 (0.5143)  train_iou: 0.6371 (0.6277)  time: 0.5042  data: 0.0005  max mem: 21211
Epoch: [0]  [3680/6250]  eta: 0:21:44  lr: 0.000009  train_loss: 0.4101 (0.5141)  train_iou: 0.6322 (0.6277)  time: 0.5007  data: 0.0004  max mem: 21211
Epoch: [0]  [3700/6250]  eta: 0:21:34  lr: 0.000009  train_loss: 0.4893 (0.5139)  train_iou: 0.6095 (0.6277)  time: 0.5062  data: 0.0004  max mem: 21211
Epoch: [0]  [3720/6250]  eta: 0:21:24  lr: 0.000009  train_loss: 0.4403 (0.5135)  train_iou: 0.6286 (0.6277)  time: 0.5003  data: 0.0005  max mem: 21211
Epoch: [0]  [3740/6250]  eta: 0:21:14  lr: 0.000009  train_loss: 0.3655 (0.5130)  train_iou: 0.6908 (0.6279)  time: 0.5040  data: 0.0007  max mem: 21211
Epoch: [0]  [3760/6250]  eta: 0:21:04  lr: 0.000009  train_loss: 0.4454 (0.5126)  train_iou: 0.6172 (0.6279)  time: 0.5094  data: 0.0017  max mem: 21211
Epoch: [0]  [3780/6250]  eta: 0:20:54  lr: 0.000009  train_loss: 0.4056 (0.5123)  train_iou: 0.6570 (0.6280)  time: 0.5061  data: 0.0004  max mem: 21211
Epoch: [0]  [3800/6250]  eta: 0:20:43  lr: 0.000009  train_loss: 0.3599 (0.5116)  train_iou: 0.6827 (0.6283)  time: 0.5006  data: 0.0005  max mem: 21211
Epoch: [0]  [3820/6250]  eta: 0:20:33  lr: 0.000009  train_loss: 0.3387 (0.5111)  train_iou: 0.6810 (0.6285)  time: 0.5062  data: 0.0006  max mem: 21211
Epoch: [0]  [3840/6250]  eta: 0:20:23  lr: 0.000009  train_loss: 0.4827 (0.5109)  train_iou: 0.5747 (0.6285)  time: 0.4985  data: 0.0017  max mem: 21211
Epoch: [0]  [3860/6250]  eta: 0:20:13  lr: 0.000009  train_loss: 0.3845 (0.5105)  train_iou: 0.6677 (0.6286)  time: 0.5037  data: 0.0011  max mem: 21211
Epoch: [0]  [3880/6250]  eta: 0:20:02  lr: 0.000009  train_loss: 0.4165 (0.5103)  train_iou: 0.6185 (0.6286)  time: 0.5028  data: 0.0015  max mem: 21211
Epoch: [0]  [3900/6250]  eta: 0:19:52  lr: 0.000009  train_loss: 0.3465 (0.5096)  train_iou: 0.7101 (0.6289)  time: 0.5016  data: 0.0004  max mem: 21211
Epoch: [0]  [3920/6250]  eta: 0:19:42  lr: 0.000009  train_loss: 0.3624 (0.5090)  train_iou: 0.6510 (0.6291)  time: 0.4975  data: 0.0006  max mem: 21211
Epoch: [0]  [3940/6250]  eta: 0:19:32  lr: 0.000009  train_loss: 0.3539 (0.5085)  train_iou: 0.6656 (0.6293)  time: 0.5008  data: 0.0006  max mem: 21211
Epoch: [0]  [3960/6250]  eta: 0:19:21  lr: 0.000009  train_loss: 0.4687 (0.5081)  train_iou: 0.6529 (0.6293)  time: 0.4999  data: 0.0007  max mem: 21211
Epoch: [0]  [3980/6250]  eta: 0:19:11  lr: 0.000009  train_loss: 0.3613 (0.5075)  train_iou: 0.6908 (0.6296)  time: 0.4953  data: 0.0004  max mem: 21211
Epoch: [0]  [4000/6250]  eta: 0:19:01  lr: 0.000009  train_loss: 0.4421 (0.5075)  train_iou: 0.6171 (0.6295)  time: 0.4983  data: 0.0004  max mem: 21211
Epoch: [0]  [4020/6250]  eta: 0:18:51  lr: 0.000009  train_loss: 0.4602 (0.5072)  train_iou: 0.6298 (0.6296)  time: 0.4939  data: 0.0004  max mem: 21211
Epoch: [0]  [4040/6250]  eta: 0:18:40  lr: 0.000009  train_loss: 0.4039 (0.5067)  train_iou: 0.6757 (0.6298)  time: 0.5035  data: 0.0004  max mem: 21211
Epoch: [0]  [4060/6250]  eta: 0:18:30  lr: 0.000009  train_loss: 0.4636 (0.5066)  train_iou: 0.6209 (0.6297)  time: 0.5022  data: 0.0007  max mem: 21211
Epoch: [0]  [4080/6250]  eta: 0:18:20  lr: 0.000009  train_loss: 0.4380 (0.5066)  train_iou: 0.6549 (0.6297)  time: 0.5034  data: 0.0013  max mem: 21211
Epoch: [0]  [4100/6250]  eta: 0:18:10  lr: 0.000009  train_loss: 0.4728 (0.5065)  train_iou: 0.5962 (0.6296)  time: 0.4990  data: 0.0004  max mem: 21211
Epoch: [0]  [4120/6250]  eta: 0:18:00  lr: 0.000009  train_loss: 0.3222 (0.5059)  train_iou: 0.7220 (0.6299)  time: 0.4987  data: 0.0005  max mem: 21211
Epoch: [0]  [4140/6250]  eta: 0:17:49  lr: 0.000009  train_loss: 0.4187 (0.5056)  train_iou: 0.6611 (0.6299)  time: 0.4977  data: 0.0007  max mem: 21211
Epoch: [0]  [4160/6250]  eta: 0:17:39  lr: 0.000009  train_loss: 0.3950 (0.5051)  train_iou: 0.6457 (0.6301)  time: 0.5035  data: 0.0006  max mem: 21211
Epoch: [0]  [4180/6250]  eta: 0:17:29  lr: 0.000009  train_loss: 0.3567 (0.5048)  train_iou: 0.6544 (0.6302)  time: 0.4965  data: 0.0007  max mem: 21211
Epoch: [0]  [4200/6250]  eta: 0:17:19  lr: 0.000009  train_loss: 0.3744 (0.5042)  train_iou: 0.6796 (0.6304)  time: 0.4998  data: 0.0004  max mem: 21211
Epoch: [0]  [4220/6250]  eta: 0:17:09  lr: 0.000009  train_loss: 0.4155 (0.5039)  train_iou: 0.6513 (0.6306)  time: 0.5009  data: 0.0006  max mem: 21211
Epoch: [0]  [4240/6250]  eta: 0:16:58  lr: 0.000009  train_loss: 0.3922 (0.5033)  train_iou: 0.6534 (0.6307)  time: 0.5020  data: 0.0019  max mem: 21211
Epoch: [0]  [4260/6250]  eta: 0:16:48  lr: 0.000009  train_loss: 0.3892 (0.5030)  train_iou: 0.6315 (0.6306)  time: 0.4965  data: 0.0014  max mem: 21211
Epoch: [0]  [4280/6250]  eta: 0:16:38  lr: 0.000009  train_loss: 0.3901 (0.5027)  train_iou: 0.6234 (0.6307)  time: 0.5009  data: 0.0021  max mem: 21211
Epoch: [0]  [4300/6250]  eta: 0:16:28  lr: 0.000009  train_loss: 0.3837 (0.5022)  train_iou: 0.6590 (0.6308)  time: 0.5011  data: 0.0004  max mem: 21211
Epoch: [0]  [4320/6250]  eta: 0:16:18  lr: 0.000009  train_loss: 0.3743 (0.5019)  train_iou: 0.6518 (0.6308)  time: 0.4984  data: 0.0007  max mem: 21211
Epoch: [0]  [4340/6250]  eta: 0:16:07  lr: 0.000009  train_loss: 0.4224 (0.5015)  train_iou: 0.6316 (0.6309)  time: 0.5052  data: 0.0020  max mem: 21211
Epoch: [0]  [4360/6250]  eta: 0:15:57  lr: 0.000009  train_loss: 0.3596 (0.5009)  train_iou: 0.6375 (0.6310)  time: 0.4967  data: 0.0013  max mem: 21211
Epoch: [0]  [4380/6250]  eta: 0:15:47  lr: 0.000009  train_loss: 0.4185 (0.5006)  train_iou: 0.6313 (0.6310)  time: 0.5042  data: 0.0004  max mem: 21211
Epoch: [0]  [4400/6250]  eta: 0:15:37  lr: 0.000009  train_loss: 0.4501 (0.5005)  train_iou: 0.5898 (0.6308)  time: 0.5030  data: 0.0012  max mem: 21211
Epoch: [0]  [4420/6250]  eta: 0:15:27  lr: 0.000009  train_loss: 0.3277 (0.4998)  train_iou: 0.7324 (0.6311)  time: 0.5004  data: 0.0013  max mem: 21211
Epoch: [0]  [4440/6250]  eta: 0:15:17  lr: 0.000009  train_loss: 0.4241 (0.4997)  train_iou: 0.6219 (0.6310)  time: 0.5026  data: 0.0007  max mem: 21211
Epoch: [0]  [4460/6250]  eta: 0:15:06  lr: 0.000009  train_loss: 0.3732 (0.4995)  train_iou: 0.6461 (0.6310)  time: 0.4966  data: 0.0011  max mem: 21211
Epoch: [0]  [4480/6250]  eta: 0:14:56  lr: 0.000009  train_loss: 0.3607 (0.4989)  train_iou: 0.6684 (0.6311)  time: 0.5070  data: 0.0011  max mem: 21211
Epoch: [0]  [4500/6250]  eta: 0:14:46  lr: 0.000009  train_loss: 0.3936 (0.4986)  train_iou: 0.6238 (0.6312)  time: 0.5014  data: 0.0004  max mem: 21211
Epoch: [0]  [4520/6250]  eta: 0:14:36  lr: 0.000009  train_loss: 0.4504 (0.4985)  train_iou: 0.5806 (0.6310)  time: 0.5017  data: 0.0008  max mem: 21211
Epoch: [0]  [4540/6250]  eta: 0:14:26  lr: 0.000009  train_loss: 0.4857 (0.4984)  train_iou: 0.5985 (0.6308)  time: 0.5008  data: 0.0005  max mem: 21211
Epoch: [0]  [4560/6250]  eta: 0:14:15  lr: 0.000009  train_loss: 0.3612 (0.4980)  train_iou: 0.6760 (0.6310)  time: 0.5013  data: 0.0006  max mem: 21211
Epoch: [0]  [4580/6250]  eta: 0:14:05  lr: 0.000009  train_loss: 0.3598 (0.4976)  train_iou: 0.6693 (0.6311)  time: 0.5004  data: 0.0035  max mem: 21211
Epoch: [0]  [4600/6250]  eta: 0:13:55  lr: 0.000009  train_loss: 0.4357 (0.4975)  train_iou: 0.6233 (0.6310)  time: 0.5110  data: 0.0010  max mem: 21211
Epoch: [0]  [4620/6250]  eta: 0:13:45  lr: 0.000009  train_loss: 0.5003 (0.4982)  train_iou: 0.6291 (0.6310)  time: 0.5070  data: 0.0038  max mem: 21211
Epoch: [0]  [4640/6250]  eta: 0:13:35  lr: 0.000009  train_loss: 0.5857 (0.4984)  train_iou: 0.5428 (0.6307)  time: 0.5017  data: 0.0013  max mem: 21211
Epoch: [0]  [4660/6250]  eta: 0:13:25  lr: 0.000009  train_loss: 0.3940 (0.4981)  train_iou: 0.6583 (0.6307)  time: 0.5076  data: 0.0029  max mem: 21211
Epoch: [0]  [4680/6250]  eta: 0:13:15  lr: 0.000009  train_loss: 0.4435 (0.4979)  train_iou: 0.6482 (0.6307)  time: 0.5034  data: 0.0024  max mem: 21211
Epoch: [0]  [4700/6250]  eta: 0:13:05  lr: 0.000009  train_loss: 0.3598 (0.4975)  train_iou: 0.6714 (0.6310)  time: 0.5065  data: 0.0006  max mem: 21211
Epoch: [0]  [4720/6250]  eta: 0:12:54  lr: 0.000009  train_loss: 0.4480 (0.4973)  train_iou: 0.6917 (0.6311)  time: 0.5033  data: 0.0012  max mem: 21211
Epoch: [0]  [4740/6250]  eta: 0:12:44  lr: 0.000009  train_loss: 0.3428 (0.4968)  train_iou: 0.6598 (0.6312)  time: 0.5021  data: 0.0039  max mem: 21211
Epoch: [0]  [4760/6250]  eta: 0:12:34  lr: 0.000009  train_loss: 0.4342 (0.4967)  train_iou: 0.5917 (0.6310)  time: 0.5092  data: 0.0023  max mem: 21211
Epoch: [0]  [4780/6250]  eta: 0:12:24  lr: 0.000009  train_loss: 0.4229 (0.4965)  train_iou: 0.6466 (0.6311)  time: 0.5010  data: 0.0004  max mem: 21211
Epoch: [0]  [4800/6250]  eta: 0:12:14  lr: 0.000009  train_loss: 0.4372 (0.4964)  train_iou: 0.6278 (0.6310)  time: 0.5011  data: 0.0021  max mem: 21211
Epoch: [0]  [4820/6250]  eta: 0:12:04  lr: 0.000009  train_loss: 0.4656 (0.4963)  train_iou: 0.6155 (0.6309)  time: 0.5021  data: 0.0004  max mem: 21211
Epoch: [0]  [4840/6250]  eta: 0:11:53  lr: 0.000009  train_loss: 0.3879 (0.4960)  train_iou: 0.6321 (0.6310)  time: 0.5062  data: 0.0012  max mem: 21211
Epoch: [0]  [4860/6250]  eta: 0:11:43  lr: 0.000009  train_loss: 0.3497 (0.4959)  train_iou: 0.6183 (0.6310)  time: 0.4988  data: 0.0007  max mem: 21211
Epoch: [0]  [4880/6250]  eta: 0:11:33  lr: 0.000009  train_loss: 0.3078 (0.4952)  train_iou: 0.7370 (0.6315)  time: 0.5041  data: 0.0023  max mem: 21211
Epoch: [0]  [4900/6250]  eta: 0:11:23  lr: 0.000009  train_loss: 0.3910 (0.4948)  train_iou: 0.6241 (0.6315)  time: 0.5060  data: 0.0012  max mem: 21211
Epoch: [0]  [4920/6250]  eta: 0:11:13  lr: 0.000009  train_loss: 0.3357 (0.4944)  train_iou: 0.6964 (0.6316)  time: 0.5037  data: 0.0017  max mem: 21211
Epoch: [0]  [4940/6250]  eta: 0:11:03  lr: 0.000009  train_loss: 0.4767 (0.4944)  train_iou: 0.6130 (0.6316)  time: 0.5056  data: 0.0023  max mem: 21211
Epoch: [0]  [4960/6250]  eta: 0:10:53  lr: 0.000009  train_loss: 0.4566 (0.4944)  train_iou: 0.6407 (0.6316)  time: 0.5092  data: 0.0022  max mem: 21211
Epoch: [0]  [4980/6250]  eta: 0:10:43  lr: 0.000009  train_loss: 0.3531 (0.4939)  train_iou: 0.6806 (0.6318)  time: 0.5124  data: 0.0036  max mem: 21211
Epoch: [0]  [5000/6250]  eta: 0:10:32  lr: 0.000009  train_loss: 0.3699 (0.4937)  train_iou: 0.6690 (0.6318)  time: 0.4992  data: 0.0031  max mem: 21211
Epoch: [0]  [5020/6250]  eta: 0:10:22  lr: 0.000009  train_loss: 0.3618 (0.4934)  train_iou: 0.6235 (0.6318)  time: 0.5020  data: 0.0015  max mem: 21211
Epoch: [0]  [5040/6250]  eta: 0:10:12  lr: 0.000009  train_loss: 0.3463 (0.4929)  train_iou: 0.6908 (0.6320)  time: 0.5062  data: 0.0007  max mem: 21211
Epoch: [0]  [5060/6250]  eta: 0:10:02  lr: 0.000009  train_loss: 0.3798 (0.4926)  train_iou: 0.6375 (0.6320)  time: 0.5008  data: 0.0006  max mem: 21211
Epoch: [0]  [5080/6250]  eta: 0:09:52  lr: 0.000009  train_loss: 0.3598 (0.4924)  train_iou: 0.6543 (0.6320)  time: 0.5067  data: 0.0009  max mem: 21211
Epoch: [0]  [5100/6250]  eta: 0:09:42  lr: 0.000009  train_loss: 0.3369 (0.4920)  train_iou: 0.6764 (0.6321)  time: 0.5068  data: 0.0008  max mem: 21211
Epoch: [0]  [5120/6250]  eta: 0:09:32  lr: 0.000009  train_loss: 0.3343 (0.4917)  train_iou: 0.6726 (0.6322)  time: 0.5034  data: 0.0032  max mem: 21211
Epoch: [0]  [5140/6250]  eta: 0:09:21  lr: 0.000009  train_loss: 0.4516 (0.4916)  train_iou: 0.6251 (0.6321)  time: 0.4996  data: 0.0006  max mem: 21211
Epoch: [0]  [5160/6250]  eta: 0:09:11  lr: 0.000009  train_loss: 0.3802 (0.4914)  train_iou: 0.6523 (0.6321)  time: 0.5064  data: 0.0027  max mem: 21211
Epoch: [0]  [5180/6250]  eta: 0:09:01  lr: 0.000009  train_loss: 0.4504 (0.4913)  train_iou: 0.5813 (0.6321)  time: 0.5017  data: 0.0005  max mem: 21211
Epoch: [0]  [5200/6250]  eta: 0:08:51  lr: 0.000009  train_loss: 0.3743 (0.4911)  train_iou: 0.6596 (0.6320)  time: 0.5074  data: 0.0004  max mem: 21211
Epoch: [0]  [5220/6250]  eta: 0:08:41  lr: 0.000009  train_loss: 0.3360 (0.4908)  train_iou: 0.6684 (0.6321)  time: 0.5054  data: 0.0009  max mem: 21211
Epoch: [0]  [5240/6250]  eta: 0:08:31  lr: 0.000009  train_loss: 0.4022 (0.4907)  train_iou: 0.6530 (0.6320)  time: 0.5007  data: 0.0019  max mem: 21211
Epoch: [0]  [5260/6250]  eta: 0:08:21  lr: 0.000009  train_loss: 0.3684 (0.4904)  train_iou: 0.6560 (0.6321)  time: 0.5065  data: 0.0004  max mem: 21211
Epoch: [0]  [5280/6250]  eta: 0:08:11  lr: 0.000009  train_loss: 0.3838 (0.4900)  train_iou: 0.6281 (0.6321)  time: 0.4983  data: 0.0005  max mem: 21211
Epoch: [0]  [5300/6250]  eta: 0:08:00  lr: 0.000009  train_loss: 0.3603 (0.4897)  train_iou: 0.6520 (0.6322)  time: 0.4995  data: 0.0006  max mem: 21211
Epoch: [0]  [5320/6250]  eta: 0:07:50  lr: 0.000009  train_loss: 0.2988 (0.4891)  train_iou: 0.6915 (0.6324)  time: 0.5064  data: 0.0011  max mem: 21211
Epoch: [0]  [5340/6250]  eta: 0:07:40  lr: 0.000009  train_loss: 0.3542 (0.4889)  train_iou: 0.6719 (0.6325)  time: 0.5072  data: 0.0008  max mem: 21211
Epoch: [0]  [5360/6250]  eta: 0:07:30  lr: 0.000009  train_loss: 0.3744 (0.4887)  train_iou: 0.6752 (0.6326)  time: 0.5046  data: 0.0007  max mem: 21211
Epoch: [0]  [5380/6250]  eta: 0:07:20  lr: 0.000009  train_loss: 0.3435 (0.4885)  train_iou: 0.6486 (0.6326)  time: 0.4981  data: 0.0004  max mem: 21211
Epoch: [0]  [5400/6250]  eta: 0:07:10  lr: 0.000009  train_loss: 0.3331 (0.4881)  train_iou: 0.6925 (0.6327)  time: 0.5064  data: 0.0004  max mem: 21211
Epoch: [0]  [5420/6250]  eta: 0:07:00  lr: 0.000009  train_loss: 0.4151 (0.4879)  train_iou: 0.6479 (0.6328)  time: 0.4994  data: 0.0014  max mem: 21211
Epoch: [0]  [5440/6250]  eta: 0:06:49  lr: 0.000009  train_loss: 0.3608 (0.4875)  train_iou: 0.7004 (0.6330)  time: 0.5019  data: 0.0009  max mem: 21211
Epoch: [0]  [5460/6250]  eta: 0:06:39  lr: 0.000009  train_loss: 0.3811 (0.4871)  train_iou: 0.6819 (0.6331)  time: 0.5025  data: 0.0005  max mem: 21211
Epoch: [0]  [5480/6250]  eta: 0:06:29  lr: 0.000009  train_loss: 0.3900 (0.4869)  train_iou: 0.6167 (0.6330)  time: 0.4984  data: 0.0022  max mem: 21211
Epoch: [0]  [5500/6250]  eta: 0:06:19  lr: 0.000009  train_loss: 0.4273 (0.4869)  train_iou: 0.6348 (0.6330)  time: 0.4995  data: 0.0004  max mem: 21211
Epoch: [0]  [5520/6250]  eta: 0:06:09  lr: 0.000009  train_loss: 0.4049 (0.4867)  train_iou: 0.6381 (0.6331)  time: 0.5026  data: 0.0012  max mem: 21211
Epoch: [0]  [5540/6250]  eta: 0:05:59  lr: 0.000009  train_loss: 0.4068 (0.4865)  train_iou: 0.6356 (0.6330)  time: 0.4942  data: 0.0013  max mem: 21211
Epoch: [0]  [5560/6250]  eta: 0:05:49  lr: 0.000009  train_loss: 0.3520 (0.4862)  train_iou: 0.6425 (0.6331)  time: 0.5023  data: 0.0006  max mem: 21211
Epoch: [0]  [5580/6250]  eta: 0:05:38  lr: 0.000009  train_loss: 0.4129 (0.4861)  train_iou: 0.6152 (0.6331)  time: 0.5044  data: 0.0004  max mem: 21211
Epoch: [0]  [5600/6250]  eta: 0:05:28  lr: 0.000009  train_loss: 0.3864 (0.4858)  train_iou: 0.6307 (0.6331)  time: 0.4948  data: 0.0004  max mem: 21211
Epoch: [0]  [5620/6250]  eta: 0:05:18  lr: 0.000009  train_loss: 0.3763 (0.4854)  train_iou: 0.6553 (0.6332)  time: 0.5027  data: 0.0013  max mem: 21211
Epoch: [0]  [5640/6250]  eta: 0:05:08  lr: 0.000009  train_loss: 0.3689 (0.4850)  train_iou: 0.6478 (0.6333)  time: 0.4952  data: 0.0005  max mem: 21211
Epoch: [0]  [5660/6250]  eta: 0:04:58  lr: 0.000009  train_loss: 0.4270 (0.4848)  train_iou: 0.6114 (0.6333)  time: 0.4966  data: 0.0004  max mem: 21211
Epoch: [0]  [5680/6250]  eta: 0:04:48  lr: 0.000009  train_loss: 0.4366 (0.4846)  train_iou: 0.6319 (0.6332)  time: 0.5032  data: 0.0004  max mem: 21211
Epoch: [0]  [5700/6250]  eta: 0:04:38  lr: 0.000009  train_loss: 0.2584 (0.4840)  train_iou: 0.7348 (0.6335)  time: 0.4927  data: 0.0004  max mem: 21211
Epoch: [0]  [5720/6250]  eta: 0:04:28  lr: 0.000009  train_loss: 0.5449 (0.4842)  train_iou: 0.5603 (0.6332)  time: 0.4954  data: 0.0004  max mem: 21211
Epoch: [0]  [5740/6250]  eta: 0:04:17  lr: 0.000009  train_loss: 0.3116 (0.4838)  train_iou: 0.6320 (0.6332)  time: 0.4940  data: 0.0013  max mem: 21211
Epoch: [0]  [5760/6250]  eta: 0:04:07  lr: 0.000009  train_loss: 0.3158 (0.4834)  train_iou: 0.5995 (0.6332)  time: 0.4986  data: 0.0004  max mem: 21211
Epoch: [0]  [5780/6250]  eta: 0:03:57  lr: 0.000009  train_loss: 0.2435 (0.4827)  train_iou: 0.7061 (0.6334)  time: 0.4992  data: 0.0004  max mem: 21211
Epoch: [0]  [5800/6250]  eta: 0:03:47  lr: 0.000009  train_loss: 0.3545 (0.4825)  train_iou: 0.6032 (0.6334)  time: 0.4970  data: 0.0004  max mem: 21211
Epoch: [0]  [5820/6250]  eta: 0:03:37  lr: 0.000009  train_loss: 0.3254 (0.4822)  train_iou: 0.6264 (0.6334)  time: 0.5037  data: 0.0005  max mem: 21211
Epoch: [0]  [5840/6250]  eta: 0:03:27  lr: 0.000009  train_loss: 0.3561 (0.4818)  train_iou: 0.6594 (0.6335)  time: 0.4955  data: 0.0004  max mem: 21211
Epoch: [0]  [5860/6250]  eta: 0:03:17  lr: 0.000009  train_loss: 0.3293 (0.4813)  train_iou: 0.6386 (0.6335)  time: 0.4955  data: 0.0006  max mem: 21211
Epoch: [0]  [5880/6250]  eta: 0:03:07  lr: 0.000009  train_loss: 0.2448 (0.4807)  train_iou: 0.7044 (0.6338)  time: 0.4969  data: 0.0005  max mem: 21211
Epoch: [0]  [5900/6250]  eta: 0:02:56  lr: 0.000009  train_loss: 0.3731 (0.4803)  train_iou: 0.6671 (0.6339)  time: 0.4977  data: 0.0004  max mem: 21211
Epoch: [0]  [5920/6250]  eta: 0:02:46  lr: 0.000009  train_loss: 0.2750 (0.4799)  train_iou: 0.6301 (0.6339)  time: 0.5058  data: 0.0009  max mem: 21211
Epoch: [0]  [5940/6250]  eta: 0:02:36  lr: 0.000009  train_loss: 0.2947 (0.4795)  train_iou: 0.6421 (0.6341)  time: 0.4979  data: 0.0004  max mem: 21211
Epoch: [0]  [5960/6250]  eta: 0:02:26  lr: 0.000009  train_loss: 0.2937 (0.4793)  train_iou: 0.6227 (0.6341)  time: 0.5037  data: 0.0018  max mem: 21211
Epoch: [0]  [5980/6250]  eta: 0:02:16  lr: 0.000009  train_loss: 0.3948 (0.4791)  train_iou: 0.6093 (0.6341)  time: 0.4959  data: 0.0006  max mem: 21211
Epoch: [0]  [6000/6250]  eta: 0:02:06  lr: 0.000009  train_loss: 0.3676 (0.4787)  train_iou: 0.5633 (0.6340)  time: 0.4999  data: 0.0004  max mem: 21211
Epoch: [0]  [6020/6250]  eta: 0:01:56  lr: 0.000009  train_loss: 0.3123 (0.4783)  train_iou: 0.6610 (0.6341)  time: 0.4996  data: 0.0010  max mem: 21211
Epoch: [0]  [6040/6250]  eta: 0:01:46  lr: 0.000009  train_loss: 0.2786 (0.4781)  train_iou: 0.6655 (0.6341)  time: 0.4978  data: 0.0015  max mem: 21211
Epoch: [0]  [6060/6250]  eta: 0:01:36  lr: 0.000009  train_loss: 0.4289 (0.4780)  train_iou: 0.5648 (0.6339)  time: 0.4969  data: 0.0033  max mem: 21211
Epoch: [0]  [6080/6250]  eta: 0:01:25  lr: 0.000009  train_loss: 0.2914 (0.4776)  train_iou: 0.7255 (0.6341)  time: 0.4999  data: 0.0004  max mem: 21211
Epoch: [0]  [6100/6250]  eta: 0:01:15  lr: 0.000009  train_loss: 0.3858 (0.4773)  train_iou: 0.6311 (0.6340)  time: 0.5024  data: 0.0013  max mem: 21211
Epoch: [0]  [6120/6250]  eta: 0:01:05  lr: 0.000009  train_loss: 0.2783 (0.4770)  train_iou: 0.5710 (0.6339)  time: 0.4976  data: 0.0006  max mem: 21211
Epoch: [0]  [6140/6250]  eta: 0:00:55  lr: 0.000009  train_loss: 0.3203 (0.4765)  train_iou: 0.6301 (0.6340)  time: 0.5041  data: 0.0014  max mem: 21211
Epoch: [0]  [6160/6250]  eta: 0:00:45  lr: 0.000009  train_loss: 0.3724 (0.4763)  train_iou: 0.6230 (0.6340)  time: 0.5081  data: 0.0014  max mem: 21211
Epoch: [0]  [6180/6250]  eta: 0:00:35  lr: 0.000009  train_loss: 0.4469 (0.4764)  train_iou: 0.5692 (0.6338)  time: 0.5021  data: 0.0008  max mem: 21211
Epoch: [0]  [6200/6250]  eta: 0:00:25  lr: 0.000009  train_loss: 0.3779 (0.4762)  train_iou: 0.5778 (0.6337)  time: 0.4972  data: 0.0008  max mem: 21211
Epoch: [0]  [6220/6250]  eta: 0:00:15  lr: 0.000009  train_loss: 0.2712 (0.4757)  train_iou: 0.6676 (0.6338)  time: 0.5043  data: 0.0025  max mem: 21211
Epoch: [0]  [6240/6250]  eta: 0:00:05  lr: 0.000009  train_loss: 0.3542 (0.4754)  train_iou: 0.6437 (0.6338)  time: 0.4883  data: 0.0003  max mem: 21211
Epoch: [0]  [6249/6250]  eta: 0:00:00  lr: 0.000009  train_loss: 0.3856 (0.4753)  train_iou: 0.6489 (0.6338)  time: 0.4737  data: 0.0002  max mem: 21211
Epoch: [0] Total time: 0:52:38 (0.5054 s / it)
Averaged stats: lr: 0.000009  train_loss: 0.3856 (0.4753)  train_iou: 0.6489 (0.6338)
huggingface/tokenizers: The current process just got forked, after parallelism has already been used. Disabling parallelism to avoid deadlocks...
To disable this warning, you can either:
	- Avoid using `tokenizers` before the fork if possible
	- Explicitly set the environment variable TOKENIZERS_PARALLELISM=(true | false)
huggingface/tokenizers: The current process just got forked, after parallelism has already been used. Disabling parallelism to avoid deadlocks...
To disable this warning, you can either:
	- Avoid using `tokenizers` before the fork if possible
	- Explicitly set the environment variable TOKENIZERS_PARALLELISM=(true | false)
huggingface/tokenizers: The current process just got forked, after parallelism has already been used. Disabling parallelism to avoid deadlocks...
To disable this warning, you can either:
	- Avoid using `tokenizers` before the fork if possible
	- Explicitly set the environment variable TOKENIZERS_PARALLELISM=(true | false)
huggingface/tokenizers: The current process just got forked, after parallelism has already been used. Disabling parallelism to avoid deadlocks...
To disable this warning, you can either:
	- Avoid using `tokenizers` before the fork if possible
	- Explicitly set the environment variable TOKENIZERS_PARALLELISM=(true | false)
huggingface/tokenizers: The current process just got forked, after parallelism has already been used. Disabling parallelism to avoid deadlocks...
To disable this warning, you can either:
	- Avoid using `tokenizers` before the fork if possible
	- Explicitly set the environment variable TOKENIZERS_PARALLELISM=(true | false)
huggingface/tokenizers: The current process just got forked, after parallelism has already been used. Disabling parallelism to avoid deadlocks...
To disable this warning, you can either:
	- Avoid using `tokenizers` before the fork if possible
	- Explicitly set the environment variable TOKENIZERS_PARALLELISM=(true | false)
huggingface/tokenizers: The current process just got forked, after parallelism has already been used. Disabling parallelism to avoid deadlocks...
To disable this warning, you can either:
	- Avoid using `tokenizers` before the fork if possible
	- Explicitly set the environment variable TOKENIZERS_PARALLELISM=(true | false)
huggingface/tokenizers: The current process just got forked, after parallelism has already been used. Disabling parallelism to avoid deadlocks...
To disable this warning, you can either:
	- Avoid using `tokenizers` before the fork if possible
	- Explicitly set the environment variable TOKENIZERS_PARALLELISM=(true | false)
Test:  [   0/4000]  eta: 7:49:13  inter: 33356.0000 (33356.0000)  union: 37044.0000 (37044.0000)  iou: 0.9004 (0.9004)  time: 7.0383  data: 1.4773  max mem: 21211
Test:  [  50/4000]  eta: 0:35:29  inter: 21864.0000 (21874.5469)  union: 51997.0000 (41993.8906)  iou: 0.4866 (0.5306)  time: 0.1326  data: 0.0005  max mem: 21211
Test:  [ 100/4000]  eta: 0:26:51  inter: 20604.0000 (24112.0074)  union: 47745.0000 (42971.9779)  iou: 0.6163 (0.5652)  time: 0.1322  data: 0.0005  max mem: 21211
Test:  [ 150/4000]  eta: 0:20:40  inter: 12166.0000 (23203.9378)  union: 30763.0000 (40131.8421)  iou: 0.8550 (0.5880)  time: 0.1423  data: 0.0004  max mem: 21211
Test:  [ 200/4000]  eta: 0:17:18  inter: 33528.0000 (24246.8645)  union: 37507.0000 (39964.8718)  iou: 0.8583 (0.6040)  time: 0.1261  data: 0.0005  max mem: 21211
Test:  [ 250/4000]  eta: 0:15:11  inter: 14636.0000 (25874.5934)  union: 33263.0000 (41867.8102)  iou: 0.4532 (0.5951)  time: 0.1181  data: 0.0005  max mem: 21211
Test:  [ 300/4000]  eta: 0:13:53  inter: 20430.0000 (25484.4888)  union: 24419.0000 (41579.0769)  iou: 0.8100 (0.5884)  time: 0.1384  data: 0.0005  max mem: 21211
Test:  [ 350/4000]  eta: 0:13:02  inter: 9050.0000 (24517.0103)  union: 32996.0000 (41235.6963)  iou: 0.5333 (0.5773)  time: 0.1489  data: 0.0005  max mem: 21211
Test:  [ 400/4000]  eta: 0:13:43  inter: 29795.0000 (24127.9250)  union: 36791.0000 (41053.3446)  iou: 0.6219 (0.5752)  time: 0.1263  data: 0.0005  max mem: 24161
Test:  [ 450/4000]  eta: 0:12:55  inter: 12928.0000 (23969.1222)  union: 29028.0000 (40767.6397)  iou: 0.5688 (0.5751)  time: 0.1558  data: 0.0005  max mem: 24161
Test:  [ 500/4000]  eta: 0:12:13  inter: 14460.0000 (24610.3711)  union: 34941.0000 (41610.5143)  iou: 0.5342 (0.5752)  time: 0.1214  data: 0.0004  max mem: 24161
Test:  [ 550/4000]  eta: 0:11:43  inter: 23890.0000 (24778.9717)  union: 27783.0000 (41372.6889)  iou: 0.8107 (0.5827)  time: 0.1453  data: 0.0005  max mem: 24161
Test:  [ 600/4000]  eta: 0:11:12  inter: 9323.0000 (24682.4379)  union: 30939.0000 (41251.4544)  iou: 0.7768 (0.5821)  time: 0.1377  data: 0.0005  max mem: 24161
Test:  [ 650/4000]  eta: 0:10:43  inter: 26213.0000 (25210.9260)  union: 40693.0000 (41754.9160)  iou: 0.7628 (0.5813)  time: 0.1226  data: 0.0005  max mem: 24161
Test:  [ 700/4000]  eta: 0:10:20  inter: 13654.0000 (24805.6499)  union: 28813.0000 (41464.2875)  iou: 0.3715 (0.5736)  time: 0.1286  data: 0.0005  max mem: 24161
Test:  [ 750/4000]  eta: 0:10:01  inter: 25794.0000 (24797.3806)  union: 30067.0000 (41477.6185)  iou: 0.8009 (0.5763)  time: 0.1542  data: 0.0005  max mem: 24161
Test:  [ 800/4000]  eta: 0:09:42  inter: 18950.0000 (24579.7446)  union: 46654.0000 (41044.9982)  iou: 0.5508 (0.5765)  time: 0.1444  data: 0.0005  max mem: 24161
Test:  [ 850/4000]  eta: 0:09:25  inter: 21711.0000 (24689.6285)  union: 41435.0000 (41042.1046)  iou: 0.7642 (0.5789)  time: 0.1233  data: 0.0005  max mem: 24161
Test:  [ 900/4000]  eta: 0:09:09  inter: 10557.0000 (24638.0822)  union: 28164.0000 (41194.1874)  iou: 0.5212 (0.5740)  time: 0.1184  data: 0.0004  max mem: 24161
Test:  [ 950/4000]  eta: 0:08:52  inter: 25012.0000 (24851.0368)  union: 30758.0000 (41270.1838)  iou: 0.8510 (0.5746)  time: 0.1327  data: 0.0004  max mem: 24161
Test:  [1000/4000]  eta: 0:08:38  inter: 22805.0000 (25104.5103)  union: 38464.0000 (41366.6066)  iou: 0.8348 (0.5765)  time: 0.1244  data: 0.0005  max mem: 24161
Test:  [1050/4000]  eta: 0:08:23  inter: 21532.0000 (25141.5116)  union: 37260.0000 (41361.8912)  iou: 0.5718 (0.5760)  time: 0.1382  data: 0.0005  max mem: 24161
Test:  [1100/4000]  eta: 0:08:10  inter: 19378.0000 (24980.7480)  union: 28785.0000 (41141.7142)  iou: 0.5677 (0.5753)  time: 0.1337  data: 0.0005  max mem: 24161
Test:  [1150/4000]  eta: 0:07:58  inter: 9969.0000 (25179.8759)  union: 23957.0000 (40997.8784)  iou: 0.4161 (0.5784)  time: 0.1476  data: 0.0005  max mem: 24161
Test:  [1200/4000]  eta: 0:07:46  inter: 9976.0000 (25024.4655)  union: 28852.0000 (41191.8246)  iou: 0.5789 (0.5742)  time: 0.1368  data: 0.0005  max mem: 24161
Test:  [1250/4000]  eta: 0:07:35  inter: 93.0000 (24801.2601)  union: 30957.0000 (40911.4049)  iou: 0.0021 (0.5723)  time: 0.1508  data: 0.0005  max mem: 24161
Test:  [1300/4000]  eta: 0:07:24  inter: 14351.0000 (24573.2119)  union: 34616.0000 (40728.6532)  iou: 0.3394 (0.5731)  time: 0.1386  data: 0.0005  max mem: 24161
Test:  [1350/4000]  eta: 0:07:13  inter: 23623.0000 (24608.9537)  union: 34524.0000 (40672.5458)  iou: 0.8076 (0.5738)  time: 0.1294  data: 0.0004  max mem: 24161
Test:  [1400/4000]  eta: 0:07:02  inter: 9904.0000 (24714.0405)  union: 11575.0000 (40792.4479)  iou: 0.7483 (0.5716)  time: 0.1356  data: 0.0005  max mem: 24161
Test:  [1450/4000]  eta: 0:06:52  inter: 12625.0000 (24652.4533)  union: 34134.0000 (40675.1560)  iou: 0.3887 (0.5711)  time: 0.1306  data: 0.0005  max mem: 24161
Test:  [1500/4000]  eta: 0:06:41  inter: 16703.0000 (24658.7427)  union: 39808.0000 (40800.7796)  iou: 0.4156 (0.5689)  time: 0.1319  data: 0.0005  max mem: 24161
Test:  [1550/4000]  eta: 0:06:32  inter: 11861.0000 (24543.2582)  union: 27492.0000 (40689.1829)  iou: 0.8576 (0.5695)  time: 0.1545  data: 0.0005  max mem: 24161
Test:  [1600/4000]  eta: 0:06:38  inter: 11167.0000 (24439.3041)  union: 25862.0000 (40631.3217)  iou: 0.4360 (0.5668)  time: 0.6459  data: 0.0005  max mem: 24161
Test:  [1650/4000]  eta: 0:06:27  inter: 14873.0000 (24335.7063)  union: 33690.0000 (40676.3679)  iou: 0.4425 (0.5654)  time: 0.1334  data: 0.0005  max mem: 24161
Test:  [1700/4000]  eta: 0:06:16  inter: 16823.0000 (24296.5624)  union: 36086.0000 (40714.2899)  iou: 0.7756 (0.5635)  time: 0.1317  data: 0.0004  max mem: 24161
Test:  [1750/4000]  eta: 0:06:06  inter: 20884.0000 (24255.7216)  union: 32875.0000 (40632.1807)  iou: 0.6650 (0.5630)  time: 0.1531  data: 0.0005  max mem: 24161
Test:  [1800/4000]  eta: 0:05:57  inter: 15375.0000 (24134.3930)  union: 45739.0000 (40537.8751)  iou: 0.5859 (0.5619)  time: 0.1519  data: 0.0005  max mem: 24161
Test:  [1850/4000]  eta: 0:05:47  inter: 636.0000 (24091.8096)  union: 33365.0000 (40618.0153)  iou: 0.2285 (0.5598)  time: 0.1398  data: 0.0005  max mem: 24161
Test:  [1900/4000]  eta: 0:05:38  inter: 31789.0000 (24073.5934)  union: 56866.0000 (40553.9810)  iou: 0.4981 (0.5611)  time: 0.1410  data: 0.0005  max mem: 24161
Test:  [1950/4000]  eta: 0:05:29  inter: 12496.0000 (24012.8312)  union: 17317.0000 (40536.8721)  iou: 0.7149 (0.5612)  time: 0.1369  data: 0.0005  max mem: 24161
Test:  [2000/4000]  eta: 0:05:19  inter: 16192.0000 (24057.9628)  union: 22220.0000 (40519.6590)  iou: 0.7394 (0.5624)  time: 0.1237  data: 0.0005  max mem: 24161
Test:  [2050/4000]  eta: 0:05:11  inter: 9412.0000 (23960.2143)  union: 56282.0000 (40594.7143)  iou: 0.1974 (0.5605)  time: 0.1669  data: 0.0005  max mem: 24161
Test:  [2100/4000]  eta: 0:05:01  inter: 15750.0000 (23923.8274)  union: 34459.0000 (40580.7846)  iou: 0.7510 (0.5609)  time: 0.1249  data: 0.0005  max mem: 24161
Test:  [2150/4000]  eta: 0:04:52  inter: 17072.0000 (23920.2479)  union: 30446.0000 (40619.3476)  iou: 0.6378 (0.5602)  time: 0.1261  data: 0.0004  max mem: 24161
Test:  [2200/4000]  eta: 0:04:43  inter: 13928.0000 (23919.4778)  union: 21175.0000 (40564.0390)  iou: 0.6771 (0.5610)  time: 0.1403  data: 0.0005  max mem: 24161
Test:  [2250/4000]  eta: 0:04:35  inter: 18441.0000 (23799.6334)  union: 37650.0000 (40400.4547)  iou: 0.5714 (0.5596)  time: 0.1248  data: 0.0005  max mem: 24161
Test:  [2300/4000]  eta: 0:04:26  inter: 28890.0000 (23893.7399)  union: 37487.0000 (40387.3673)  iou: 0.6542 (0.5620)  time: 0.1394  data: 0.0005  max mem: 24161
Test:  [2350/4000]  eta: 0:04:18  inter: 15865.0000 (23823.5830)  union: 52133.0000 (40363.9437)  iou: 0.7042 (0.5620)  time: 0.1486  data: 0.0005  max mem: 24161
Test:  [2400/4000]  eta: 0:04:09  inter: 12990.0000 (23877.2139)  union: 32982.0000 (40339.8503)  iou: 0.4445 (0.5625)  time: 0.1485  data: 0.0005  max mem: 24161
Test:  [2450/4000]  eta: 0:04:01  inter: 29191.0000 (23971.0882)  union: 33599.0000 (40390.6404)  iou: 0.7852 (0.5639)  time: 0.1145  data: 0.0005  max mem: 24161
Test:  [2500/4000]  eta: 0:03:52  inter: 25096.0000 (23935.0304)  union: 39858.0000 (40403.3071)  iou: 0.7884 (0.5635)  time: 0.1166  data: 0.0004  max mem: 24161
Test:  [2550/4000]  eta: 0:03:44  inter: 28997.0000 (24035.3384)  union: 37244.0000 (40593.6749)  iou: 0.7732 (0.5638)  time: 0.1465  data: 0.0004  max mem: 24161
Test:  [2600/4000]  eta: 0:03:35  inter: 10609.0000 (23949.5724)  union: 31356.0000 (40535.2336)  iou: 0.3103 (0.5624)  time: 0.1453  data: 0.0005  max mem: 24161
Test:  [2650/4000]  eta: 0:03:27  inter: 16855.0000 (23929.3252)  union: 34467.0000 (40722.2282)  iou: 0.7815 (0.5614)  time: 0.1424  data: 0.0005  max mem: 24161
Test:  [2700/4000]  eta: 0:03:19  inter: 22405.0000 (23999.6997)  union: 30662.0000 (40803.4344)  iou: 0.7732 (0.5624)  time: 0.1344  data: 0.0005  max mem: 24161
Test:  [2750/4000]  eta: 0:03:11  inter: 23085.0000 (24080.2251)  union: 35002.0000 (40964.0101)  iou: 0.8098 (0.5620)  time: 0.1321  data: 0.0005  max mem: 24161
Test:  [2800/4000]  eta: 0:03:03  inter: 14880.0000 (24071.1711)  union: 26134.0000 (40848.1602)  iou: 0.8332 (0.5628)  time: 0.1374  data: 0.0005  max mem: 24161
Test:  [2850/4000]  eta: 0:02:55  inter: 12286.0000 (24179.0972)  union: 33092.0000 (40940.8078)  iou: 0.3235 (0.5619)  time: 0.1315  data: 0.0005  max mem: 24161
Test:  [2900/4000]  eta: 0:02:48  inter: 17675.0000 (24209.1924)  union: 26155.0000 (41022.5952)  iou: 0.5499 (0.5610)  time: 0.1264  data: 0.0005  max mem: 24161
Test:  [2950/4000]  eta: 0:02:40  inter: 19208.0000 (24223.8721)  union: 26324.0000 (41045.3976)  iou: 0.4983 (0.5612)  time: 0.1215  data: 0.0004  max mem: 24161
Test:  [3000/4000]  eta: 0:02:32  inter: 20708.0000 (24185.0026)  union: 32710.0000 (41015.0667)  iou: 0.6089 (0.5605)  time: 0.1544  data: 0.0005  max mem: 24161
Test:  [3050/4000]  eta: 0:02:24  inter: 13475.0000 (24171.8175)  union: 30280.0000 (41054.6544)  iou: 0.4623 (0.5607)  time: 0.1369  data: 0.0005  max mem: 24161
Test:  [3100/4000]  eta: 0:02:16  inter: 17014.0000 (24161.8382)  union: 42115.0000 (41008.6679)  iou: 0.4768 (0.5612)  time: 0.1391  data: 0.0005  max mem: 24161
Test:  [3150/4000]  eta: 0:02:09  inter: 14884.0000 (24070.2948)  union: 21804.0000 (40895.9187)  iou: 0.6378 (0.5612)  time: 0.1406  data: 0.0005  max mem: 24161
Test:  [3200/4000]  eta: 0:02:01  inter: 12136.0000 (24088.4450)  union: 38392.0000 (40914.4523)  iou: 0.6800 (0.5618)  time: 0.1321  data: 0.0005  max mem: 24161
Test:  [3250/4000]  eta: 0:01:53  inter: 18864.0000 (24023.5831)  union: 31333.0000 (40868.1151)  iou: 0.5924 (0.5601)  time: 0.1383  data: 0.0005  max mem: 24161
Test:  [3300/4000]  eta: 0:01:45  inter: 24791.0000 (24123.6838)  union: 49282.0000 (40962.1236)  iou: 0.8048 (0.5594)  time: 0.1566  data: 0.0005  max mem: 24161
Test:  [3350/4000]  eta: 0:01:38  inter: 9739.0000 (24117.9636)  union: 13485.0000 (40960.9958)  iou: 0.7415 (0.5599)  time: 0.1163  data: 0.0004  max mem: 24161
Test:  [3400/4000]  eta: 0:01:30  inter: 25695.0000 (24220.8089)  union: 44202.0000 (41028.0553)  iou: 0.7586 (0.5609)  time: 0.1416  data: 0.0004  max mem: 24161
Test:  [3450/4000]  eta: 0:01:22  inter: 15053.0000 (24219.7580)  union: 31308.0000 (41050.0950)  iou: 0.4422 (0.5611)  time: 0.1261  data: 0.0004  max mem: 24161
Test:  [3500/4000]  eta: 0:01:15  inter: 15107.0000 (24192.1792)  union: 21859.0000 (40972.1861)  iou: 0.4942 (0.5613)  time: 0.1247  data: 0.0004  max mem: 24161
Test:  [3550/4000]  eta: 0:01:07  inter: 26004.0000 (24214.6796)  union: 37072.0000 (40989.3142)  iou: 0.7188 (0.5611)  time: 0.1199  data: 0.0004  max mem: 24161
Test:  [3600/4000]  eta: 0:00:59  inter: 21326.0000 (24132.6754)  union: 35079.0000 (40944.3132)  iou: 0.3811 (0.5596)  time: 0.1248  data: 0.0004  max mem: 24161
Test:  [3650/4000]  eta: 0:00:52  inter: 18601.0000 (24071.9265)  union: 39071.0000 (40926.5919)  iou: 0.4472 (0.5587)  time: 0.1590  data: 0.0004  max mem: 24161
Test:  [3700/4000]  eta: 0:00:44  inter: 20710.0000 (24151.7029)  union: 40049.0000 (40978.2214)  iou: 0.6926 (0.5593)  time: 0.1306  data: 0.0004  max mem: 24161
Test:  [3750/4000]  eta: 0:00:37  inter: 22692.0000 (24195.1234)  union: 44927.0000 (41025.4658)  iou: 0.4831 (0.5601)  time: 0.1280  data: 0.0004  max mem: 24161
Test:  [3800/4000]  eta: 0:00:29  inter: 20483.0000 (24227.7987)  union: 29401.0000 (41019.3269)  iou: 0.4718 (0.5604)  time: 0.1144  data: 0.0004  max mem: 24161
Test:  [3850/4000]  eta: 0:00:22  inter: 20471.0000 (24229.7451)  union: 34104.0000 (41054.9690)  iou: 0.8050 (0.5606)  time: 0.1335  data: 0.0004  max mem: 24161
Test:  [3900/4000]  eta: 0:00:14  inter: 16828.0000 (24251.6959)  union: 27571.0000 (41136.7021)  iou: 0.4940 (0.5602)  time: 0.1296  data: 0.0004  max mem: 24161
Test:  [3950/4000]  eta: 0:00:07  inter: 17726.0000 (24215.9583)  union: 35625.0000 (41068.5471)  iou: 0.6867 (0.5607)  time: 0.1232  data: 0.0004  max mem: 24161
Test:  [3999/4000]  eta: 0:00:00  inter: 13465.0000 (24180.6106)  union: 31280.0000 (40978.3934)  iou: 0.5041 (0.5616)  time: 0.1124  data: 0.0002  max mem: 24161
Test: Total time: 0:09:53 (0.1485 s / it)
* IoU 0.562 oIoU 0.590
IoU of the network on the 4000 test images: 0.6%
Max IoU: 0.56%
Training time 1:02:39
