Architecture:                       x86_64
CPU op-mode(s):                     32-bit, 64-bit
Address sizes:                      52 bits physical, 57 bits virtual
Byte Order:                         Little Endian
CPU(s):                             36
On-line CPU(s) list:                0-35
Vendor ID:                          GenuineIntel
Model name:                         Intel(R) Xeon(R) Gold 6354 CPU @ 3.00GHz
CPU family:                         6
Model:                              106
Thread(s) per core:                 1
Core(s) per socket:                 18
Socket(s):                          2
Stepping:                           6
CPU max MHz:                        3600.0000
CPU min MHz:                        800.0000
BogoMIPS:                           6000.00
Flags:                              fpu vme de pse tsc msr pae mce cx8 apic sep mtrr pge mca cmov pat pse36 clflush dts acpi mmx fxsr sse sse2 ss ht tm pbe syscall nx pdpe1gb rdtscp lm constant_tsc art arch_perfmon pebs bts rep_good nopl xtopology nonstop_tsc cpuid aperfmperf pni pclmulqdq dtes64 monitor ds_cpl vmx smx est tm2 ssse3 sdbg fma cx16 xtpr pdcm pcid dca sse4_1 sse4_2 x2apic movbe popcnt tsc_deadline_timer aes xsave avx f16c rdrand lahf_lm abm 3dnowprefetch cpuid_fault epb cat_l3 invpcid_single ssbd mba ibrs ibpb stibp ibrs_enhanced tpr_shadow flexpriority ept vpid ept_ad fsgsbase tsc_adjust bmi1 avx2 smep bmi2 erms invpcid cqm rdt_a avx512f avx512dq rdseed adx smap avx512ifma clflushopt clwb intel_pt avx512cd sha_ni avx512bw avx512vl xsaveopt xsavec xgetbv1 xsaves cqm_llc cqm_occup_llc cqm_mbm_total cqm_mbm_local split_lock_detect wbnoinvd dtherm ida arat pln pts vnmi avx512vbmi umip pku ospke avx512_vbmi2 gfni vaes vpclmulqdq avx512_vnni avx512_bitalg tme avx512_vpopcntdq la57 rdpid fsrm md_clear pconfig flush_l1d arch_capabilities
Virtualization:                     VT-x
L1d cache:                          1.7 MiB (36 instances)
L1i cache:                          1.1 MiB (36 instances)
L2 cache:                           45 MiB (36 instances)
L3 cache:                           78 MiB (2 instances)
NUMA node(s):                       2
NUMA node0 CPU(s):                  0-17
NUMA node1 CPU(s):                  18-35
Vulnerability Gather data sampling: Mitigation; Microcode
Vulnerability Itlb multihit:        Not affected
Vulnerability L1tf:                 Not affected
Vulnerability Mds:                  Not affected
Vulnerability Meltdown:             Not affected
Vulnerability Mmio stale data:      Mitigation; Clear CPU buffers; SMT disabled
Vulnerability Retbleed:             Not affected
Vulnerability Spec rstack overflow: Not affected
Vulnerability Spec store bypass:    Mitigation; Speculative Store Bypass disabled via prctl
Vulnerability Spectre v1:           Mitigation; usercopy/swapgs barriers and __user pointer sanitization
Vulnerability Spectre v2:           Mitigation; Enhanced / Automatic IBRS, IBPB conditional, RSB filling, PBRSB-eIBRS SW sequence
Vulnerability Srbds:                Not affected
Vulnerability Tsx async abort:      Not affected
Mon Apr 21 13:33:10 2025       
+---------------------------------------------------------------------------------------+
| NVIDIA-SMI 545.23.08              Driver Version: 545.23.08    CUDA Version: 12.3     |
|-----------------------------------------+----------------------+----------------------+
| GPU  Name                 Persistence-M | Bus-Id        Disp.A | Volatile Uncorr. ECC |
| Fan  Temp   Perf          Pwr:Usage/Cap |         Memory-Usage | GPU-Util  Compute M. |
|                                         |                      |               MIG M. |
|=========================================+======================+======================|
|   0  NVIDIA L40                     On  | 00000000:4F:00.0 Off |                    0 |
| N/A   36C    P0              82W / 300W |      4MiB / 46068MiB |      0%      Default |
|                                         |                      |                  N/A |
+-----------------------------------------+----------------------+----------------------+
|   1  NVIDIA L40                     On  | 00000000:52:00.0 Off |                    0 |
| N/A   36C    P8              56W / 300W |      4MiB / 46068MiB |      0%      Default |
|                                         |                      |                  N/A |
+-----------------------------------------+----------------------+----------------------+
                                                                                         
+---------------------------------------------------------------------------------------+
| Processes:                                                                            |
|  GPU   GI   CI        PID   Type   Process name                            GPU Memory |
|        ID   ID                                                             Usage      |
|=======================================================================================|
|  No running processes found                                                           |
+---------------------------------------------------------------------------------------+
/home/akula.ha/.conda/envs/refseg/lib/python3.10/site-packages/torch/distributed/launch.py:181: FutureWarning: The module torch.distributed.launch is deprecated
and will be removed in future. Use torchrun.
Note that --use-env is set by default in torchrun.
If your script expects `--local-rank` argument to be set, please
change it to read from `os.environ['LOCAL_RANK']` instead. See 
https://pytorch.org/docs/stable/distributed.html#launch-utility for 
further instructions

  warnings.warn(
[2025-04-21 13:33:13,545] torch.distributed.run: [WARNING] 
[2025-04-21 13:33:13,545] torch.distributed.run: [WARNING] *****************************************
[2025-04-21 13:33:13,545] torch.distributed.run: [WARNING] Setting OMP_NUM_THREADS environment variable for each process to be 1 in default, to avoid your system being overloaded, please further tune the variable for optimal performance in your application as needed. 
[2025-04-21 13:33:13,545] torch.distributed.run: [WARNING] *****************************************
| distributed init (rank 0): env://
| distributed init (rank 1): env://
Namespace(batch_size=14, epochs=50, model='ReMamber_Conv_PEFT', pretrain_path='./pretrain', input_size=480, drop=0.0, drop_path=0.1, model_ema=False, model_ema_decay=0.9999, model_ema_force_cpu=False, opt='adamw', opt_eps=1e-08, opt_betas=None, clip_grad=None, momentum=0.9, weight_decay=0.0001, sched='cosine', lr=3.3e-05, lr_decoder=3.3e-05, lr_backbone=1.65e-05, lr_vssm=1.65e-05, warmup_lr=1e-06, min_lr=3e-07, decay_epochs=13.0, warmup_epochs=2, cooldown_epochs=10, patience_epochs=10, decay_rate=0.1, train_mode=True, finetune='pretrain/ReMamber_Conv.pth', data_path='./ref_dataset/data', data_set='refzom', output_dir='./l_outputs', device='cuda', seed=0, resume='l_outputs/ReMamber_Conv_PEFT_nodadapter/checkpoint_model:a785e479.pth', start_epoch=0, eval=False, dist_eval=False, num_workers=8, pin_mem=True, distributed=True, world_size=2, dist_url='env://', if_amp=True, debug_mode=False, local_rank=0, model_title='model', logging='model', decoder_adapter=False, continue_lr=None, partial_freeze=False, single_epoch=True, lite_baseline=False, dec_only=False, rank=0, gpu=0, dist_backend='nccl')
True val
./ref_dataset/data refzom zom
loading dataset refzom into memory...
creating index...
index created.
DONE (t=15.19s)
Preparing dataset ......
False val
./ref_dataset/data refzom zom
loading dataset refzom into memory...
creating index...
index created.
DONE (t=15.15s)
Preparing dataset ......
length of train set: 57624
length of val set: 15406
/home/akula.ha/.conda/envs/refseg/lib/python3.10/site-packages/torch/utils/data/dataloader.py:557: UserWarning: This DataLoader will create 8 worker processes in total. Our suggested max number of worker in current system is 1, which is smaller than what this DataLoader is going to create. Please be aware that excessive worker creation might get DataLoader running slow or even freeze, lower the worker number to avoid potential slowness/freeze if necessary.
  warnings.warn(_create_warning_msg(
Creating model: ReMamber_Conv_PEFT
/home/akula.ha/.conda/envs/refseg/lib/python3.10/site-packages/torch/utils/data/dataloader.py:557: UserWarning: This DataLoader will create 8 worker processes in total. Our suggested max number of worker in current system is 1, which is smaller than what this DataLoader is going to create. Please be aware that excessive worker creation might get DataLoader running slow or even freeze, lower the worker number to avoid potential slowness/freeze if necessary.
  warnings.warn(_create_warning_msg(
kwargs {'use_adapters': False}
Training the full decoder
False
number of params: 17193760
Loaded checkpoint from 'l_outputs/ReMamber_Conv_PEFT_nodadapter/checkpoint_model:a785e479.pth'
Continuing training from epoch 12...
Model id is - model:bba3cb40
length of train set: 50000
length of val set: 3800
Start training for 50 epochs
Learning rate: 3.3e-05
/home/akula.ha/.conda/envs/refseg/lib/python3.10/site-packages/torch/autograd/__init__.py:251: UserWarning: Grad strides do not match bucket view strides. This may indicate grad was not created according to the gradient layout contract, or that the param's strides changed since DDP was constructed.  This is not an error, but may impair performance.
grad.sizes() = [512, 768, 1, 1], strides() = [768, 1, 768, 768]
bucket_view.sizes() = [512, 768, 1, 1], strides() = [768, 1, 1, 1] (Triggered internally at ../torch/csrc/distributed/c10d/reducer.cpp:320.)
  Variable._execution_engine.run_backward(  # Calls into the C++ engine to run the backward pass
/home/akula.ha/.conda/envs/refseg/lib/python3.10/site-packages/torch/autograd/__init__.py:251: UserWarning: Grad strides do not match bucket view strides. This may indicate grad was not created according to the gradient layout contract, or that the param's strides changed since DDP was constructed.  This is not an error, but may impair performance.
grad.sizes() = [512, 768, 1, 1], strides() = [768, 1, 768, 768]
bucket_view.sizes() = [512, 768, 1, 1], strides() = [768, 1, 1, 1] (Triggered internally at ../torch/csrc/distributed/c10d/reducer.cpp:320.)
  Variable._execution_engine.run_backward(  # Calls into the C++ engine to run the backward pass
Epoch: [12]  [   0/1786]  eta: 16:40:31  lr: 0.000029  train_loss: 0.3014 (0.3014)  train_iou: 0.6613 (0.6613)  time: 33.6120  data: 13.2262  max mem: 39354
Epoch: [12]  [  20/1786]  eta: 1:25:29  lr: 0.000029  train_loss: 0.1446 (0.1721)  train_iou: 0.6806 (0.6755)  time: 1.3692  data: 0.0123  max mem: 39354
Epoch: [12]  [  40/1786]  eta: 1:02:26  lr: 0.000029  train_loss: 0.0988 (0.1705)  train_iou: 0.6415 (0.6641)  time: 1.3492  data: 0.0090  max mem: 39354
Epoch: [12]  [  60/1786]  eta: 0:54:17  lr: 0.000029  train_loss: 0.1353 (0.1755)  train_iou: 0.6840 (0.6748)  time: 1.3579  data: 0.0098  max mem: 39354
Epoch: [12]  [  80/1786]  eta: 0:49:57  lr: 0.000029  train_loss: 0.1432 (0.1751)  train_iou: 0.6817 (0.6787)  time: 1.3592  data: 0.0098  max mem: 39354
Epoch: [12]  [ 100/1786]  eta: 0:47:08  lr: 0.000029  train_loss: 0.1826 (0.1800)  train_iou: 0.6787 (0.6722)  time: 1.3547  data: 0.0151  max mem: 39354
Epoch: [12]  [ 120/1786]  eta: 0:45:04  lr: 0.000029  train_loss: 0.1125 (0.1748)  train_iou: 0.7015 (0.6755)  time: 1.3520  data: 0.0081  max mem: 39354
Epoch: [12]  [ 140/1786]  eta: 0:43:30  lr: 0.000029  train_loss: 0.1472 (0.1775)  train_iou: 0.6763 (0.6755)  time: 1.3561  data: 0.0036  max mem: 39354
Epoch: [12]  [ 160/1786]  eta: 0:42:12  lr: 0.000029  train_loss: 0.1194 (0.1756)  train_iou: 0.6996 (0.6780)  time: 1.3586  data: 0.0090  max mem: 39354
Epoch: [12]  [ 180/1786]  eta: 0:41:04  lr: 0.000029  train_loss: 0.1353 (0.1761)  train_iou: 0.7059 (0.6791)  time: 1.3476  data: 0.0095  max mem: 39354
Epoch: [12]  [ 200/1786]  eta: 0:40:03  lr: 0.000029  train_loss: 0.1008 (0.1717)  train_iou: 0.6695 (0.6791)  time: 1.3450  data: 0.0115  max mem: 39354
Epoch: [12]  [ 220/1786]  eta: 0:39:09  lr: 0.000029  train_loss: 0.2070 (0.1736)  train_iou: 0.6615 (0.6788)  time: 1.3469  data: 0.0087  max mem: 39354
Epoch: [12]  [ 240/1786]  eta: 0:38:20  lr: 0.000029  train_loss: 0.1341 (0.1720)  train_iou: 0.6521 (0.6763)  time: 1.3535  data: 0.0120  max mem: 39354
Epoch: [12]  [ 260/1786]  eta: 0:37:35  lr: 0.000029  train_loss: 0.1856 (0.1738)  train_iou: 0.6155 (0.6742)  time: 1.3567  data: 0.0095  max mem: 39354
Epoch: [12]  [ 280/1786]  eta: 0:36:52  lr: 0.000029  train_loss: 0.1355 (0.1725)  train_iou: 0.7019 (0.6751)  time: 1.3572  data: 0.0078  max mem: 39354
Epoch: [12]  [ 300/1786]  eta: 0:36:11  lr: 0.000029  train_loss: 0.1195 (0.1713)  train_iou: 0.6553 (0.6752)  time: 1.3447  data: 0.0093  max mem: 39354
Epoch: [12]  [ 320/1786]  eta: 0:35:31  lr: 0.000029  train_loss: 0.1638 (0.1723)  train_iou: 0.7007 (0.6759)  time: 1.3507  data: 0.0089  max mem: 39354
Epoch: [12]  [ 340/1786]  eta: 0:34:53  lr: 0.000029  train_loss: 0.1247 (0.1705)  train_iou: 0.6598 (0.6757)  time: 1.3499  data: 0.0071  max mem: 39354
Epoch: [12]  [ 360/1786]  eta: 0:34:17  lr: 0.000029  train_loss: 0.1841 (0.1716)  train_iou: 0.6706 (0.6760)  time: 1.3500  data: 0.0095  max mem: 39354
Epoch: [12]  [ 380/1786]  eta: 0:33:41  lr: 0.000029  train_loss: 0.1255 (0.1712)  train_iou: 0.6820 (0.6769)  time: 1.3534  data: 0.0089  max mem: 39354
Epoch: [12]  [ 400/1786]  eta: 0:33:06  lr: 0.000029  train_loss: 0.1408 (0.1704)  train_iou: 0.6630 (0.6772)  time: 1.3464  data: 0.0076  max mem: 39354
Epoch: [12]  [ 420/1786]  eta: 0:32:33  lr: 0.000029  train_loss: 0.1025 (0.1691)  train_iou: 0.6936 (0.6765)  time: 1.3614  data: 0.0075  max mem: 39354
Epoch: [12]  [ 440/1786]  eta: 0:32:00  lr: 0.000029  train_loss: 0.1787 (0.1710)  train_iou: 0.6567 (0.6767)  time: 1.3552  data: 0.0063  max mem: 39354
Epoch: [12]  [ 460/1786]  eta: 0:31:28  lr: 0.000029  train_loss: 0.1527 (0.1721)  train_iou: 0.6791 (0.6763)  time: 1.3765  data: 0.0071  max mem: 39354
slurmstepd: error: *** JOB 134105 ON d3230 CANCELLED AT 2025-04-21T13:45:24 ***
