Architecture:                       x86_64
CPU op-mode(s):                     32-bit, 64-bit
Address sizes:                      52 bits physical, 57 bits virtual
Byte Order:                         Little Endian
CPU(s):                             36
On-line CPU(s) list:                0-35
Vendor ID:                          GenuineIntel
Model name:                         Intel(R) Xeon(R) Gold 6354 CPU @ 3.00GHz
CPU family:                         6
Model:                              106
Thread(s) per core:                 1
Core(s) per socket:                 18
Socket(s):                          2
Stepping:                           6
CPU max MHz:                        3600.0000
CPU min MHz:                        800.0000
BogoMIPS:                           6000.00
Flags:                              fpu vme de pse tsc msr pae mce cx8 apic sep mtrr pge mca cmov pat pse36 clflush dts acpi mmx fxsr sse sse2 ss ht tm pbe syscall nx pdpe1gb rdtscp lm constant_tsc art arch_perfmon pebs bts rep_good nopl xtopology nonstop_tsc cpuid aperfmperf pni pclmulqdq dtes64 monitor ds_cpl vmx smx est tm2 ssse3 sdbg fma cx16 xtpr pdcm pcid dca sse4_1 sse4_2 x2apic movbe popcnt tsc_deadline_timer aes xsave avx f16c rdrand lahf_lm abm 3dnowprefetch cpuid_fault epb cat_l3 invpcid_single ssbd mba ibrs ibpb stibp ibrs_enhanced tpr_shadow flexpriority ept vpid ept_ad fsgsbase tsc_adjust bmi1 avx2 smep bmi2 erms invpcid cqm rdt_a avx512f avx512dq rdseed adx smap avx512ifma clflushopt clwb intel_pt avx512cd sha_ni avx512bw avx512vl xsaveopt xsavec xgetbv1 xsaves cqm_llc cqm_occup_llc cqm_mbm_total cqm_mbm_local split_lock_detect wbnoinvd dtherm ida arat pln pts vnmi avx512vbmi umip pku ospke avx512_vbmi2 gfni vaes vpclmulqdq avx512_vnni avx512_bitalg tme avx512_vpopcntdq la57 rdpid fsrm md_clear pconfig flush_l1d arch_capabilities
Virtualization:                     VT-x
L1d cache:                          1.7 MiB (36 instances)
L1i cache:                          1.1 MiB (36 instances)
L2 cache:                           45 MiB (36 instances)
L3 cache:                           78 MiB (2 instances)
NUMA node(s):                       2
NUMA node0 CPU(s):                  0-17
NUMA node1 CPU(s):                  18-35
Vulnerability Gather data sampling: Mitigation; Microcode
Vulnerability Itlb multihit:        Not affected
Vulnerability L1tf:                 Not affected
Vulnerability Mds:                  Not affected
Vulnerability Meltdown:             Not affected
Vulnerability Mmio stale data:      Mitigation; Clear CPU buffers; SMT disabled
Vulnerability Retbleed:             Not affected
Vulnerability Spec rstack overflow: Not affected
Vulnerability Spec store bypass:    Mitigation; Speculative Store Bypass disabled via prctl
Vulnerability Spectre v1:           Mitigation; usercopy/swapgs barriers and __user pointer sanitization
Vulnerability Spectre v2:           Mitigation; Enhanced / Automatic IBRS, IBPB conditional, RSB filling, PBRSB-eIBRS SW sequence
Vulnerability Srbds:                Not affected
Vulnerability Tsx async abort:      Not affected
Sun Apr 20 17:42:33 2025       
+---------------------------------------------------------------------------------------+
| NVIDIA-SMI 545.23.08              Driver Version: 545.23.08    CUDA Version: 12.3     |
|-----------------------------------------+----------------------+----------------------+
| GPU  Name                 Persistence-M | Bus-Id        Disp.A | Volatile Uncorr. ECC |
| Fan  Temp   Perf          Pwr:Usage/Cap |         Memory-Usage | GPU-Util  Compute M. |
|                                         |                      |               MIG M. |
|=========================================+======================+======================|
|   0  NVIDIA L40                     On  | 00000000:56:00.0 Off |                    0 |
| N/A   34C    P8              56W / 300W |      4MiB / 46068MiB |      0%      Default |
|                                         |                      |                  N/A |
+-----------------------------------------+----------------------+----------------------+
|   1  NVIDIA L40                     On  | 00000000:57:00.0 Off |                    0 |
| N/A   36C    P0              62W / 300W |      4MiB / 46068MiB |      0%      Default |
|                                         |                      |                  N/A |
+-----------------------------------------+----------------------+----------------------+
                                                                                         
+---------------------------------------------------------------------------------------+
| Processes:                                                                            |
|  GPU   GI   CI        PID   Type   Process name                            GPU Memory |
|        ID   ID                                                             Usage      |
|=======================================================================================|
|  No running processes found                                                           |
+---------------------------------------------------------------------------------------+
/home/akula.ha/.conda/envs/refseg/lib/python3.10/site-packages/torch/distributed/launch.py:181: FutureWarning: The module torch.distributed.launch is deprecated
and will be removed in future. Use torchrun.
Note that --use-env is set by default in torchrun.
If your script expects `--local-rank` argument to be set, please
change it to read from `os.environ['LOCAL_RANK']` instead. See 
https://pytorch.org/docs/stable/distributed.html#launch-utility for 
further instructions

  warnings.warn(
[2025-04-20 17:42:36,281] torch.distributed.run: [WARNING] 
[2025-04-20 17:42:36,281] torch.distributed.run: [WARNING] *****************************************
[2025-04-20 17:42:36,281] torch.distributed.run: [WARNING] Setting OMP_NUM_THREADS environment variable for each process to be 1 in default, to avoid your system being overloaded, please further tune the variable for optimal performance in your application as needed. 
[2025-04-20 17:42:36,281] torch.distributed.run: [WARNING] *****************************************
| distributed init (rank 0): env://
| distributed init (rank 1): env://
Namespace(batch_size=14, epochs=50, model='ReMamber_Conv_PEFT', pretrain_path='./pretrain', input_size=480, drop=0.0, drop_path=0.1, model_ema=False, model_ema_decay=0.9999, model_ema_force_cpu=False, opt='adamw', opt_eps=1e-08, opt_betas=None, clip_grad=None, momentum=0.9, weight_decay=0.0001, sched='cosine', lr=3.3e-05, lr_decoder=3.3e-05, lr_backbone=1.65e-05, lr_vssm=1.65e-05, warmup_lr=1e-06, min_lr=3e-07, decay_epochs=13.0, warmup_epochs=2, cooldown_epochs=10, patience_epochs=10, decay_rate=0.1, train_mode=True, finetune='pretrain/ReMamber_Conv.pth', data_path='./ref_dataset/data', data_set='refzom', output_dir='./l_outputs', device='cuda', seed=0, resume='l_outputs/ReMamber_Conv_PEFT_nodadapter/checkpoint_model:d48eb661.pth', start_epoch=0, eval=False, dist_eval=False, num_workers=8, pin_mem=True, distributed=True, world_size=2, dist_url='env://', if_amp=True, debug_mode=False, local_rank=0, model_title='model', logging='model', decoder_adapter=False, continue_lr=None, partial_freeze=False, single_epoch=True, rank=0, gpu=0, dist_backend='nccl')
True val
./ref_dataset/data refzom zom
loading dataset refzom into memory...
creating index...
index created.
DONE (t=14.62s)
Preparing dataset ......
False val
./ref_dataset/data refzom zom
loading dataset refzom into memory...
creating index...
/home/akula.ha/.conda/envs/refseg/lib/python3.10/site-packages/torch/utils/data/dataloader.py:557: UserWarning: This DataLoader will create 8 worker processes in total. Our suggested max number of worker in current system is 1, which is smaller than what this DataLoader is going to create. Please be aware that excessive worker creation might get DataLoader running slow or even freeze, lower the worker number to avoid potential slowness/freeze if necessary.
  warnings.warn(_create_warning_msg(
index created.
DONE (t=14.55s)
Preparing dataset ......
length of train set: 57624
length of val set: 15406
/home/akula.ha/.conda/envs/refseg/lib/python3.10/site-packages/torch/utils/data/dataloader.py:557: UserWarning: This DataLoader will create 8 worker processes in total. Our suggested max number of worker in current system is 1, which is smaller than what this DataLoader is going to create. Please be aware that excessive worker creation might get DataLoader running slow or even freeze, lower the worker number to avoid potential slowness/freeze if necessary.
  warnings.warn(_create_warning_msg(
Creating model: ReMamber_Conv_PEFT
kwargs {'use_adapters': False}
Training the full decoder
False
number of params: 17193760
Loaded checkpoint from 'l_outputs/ReMamber_Conv_PEFT_nodadapter/checkpoint_model:d48eb661.pth'
Continuing training from epoch 2...
Model id is - model:9420c28a
length of train set: 57624
length of val set: 5000
Start training for 50 epochs
Learning rate: 3.3e-05
/home/akula.ha/.conda/envs/refseg/lib/python3.10/site-packages/torch/autograd/__init__.py:251: UserWarning: Grad strides do not match bucket view strides. This may indicate grad was not created according to the gradient layout contract, or that the param's strides changed since DDP was constructed.  This is not an error, but may impair performance.
grad.sizes() = [512, 768, 1, 1], strides() = [768, 1, 768, 768]
bucket_view.sizes() = [512, 768, 1, 1], strides() = [768, 1, 1, 1] (Triggered internally at ../torch/csrc/distributed/c10d/reducer.cpp:320.)
  Variable._execution_engine.run_backward(  # Calls into the C++ engine to run the backward pass
/home/akula.ha/.conda/envs/refseg/lib/python3.10/site-packages/torch/autograd/__init__.py:251: UserWarning: Grad strides do not match bucket view strides. This may indicate grad was not created according to the gradient layout contract, or that the param's strides changed since DDP was constructed.  This is not an error, but may impair performance.
grad.sizes() = [512, 768, 1, 1], strides() = [768, 1, 768, 768]
bucket_view.sizes() = [512, 768, 1, 1], strides() = [768, 1, 1, 1] (Triggered internally at ../torch/csrc/distributed/c10d/reducer.cpp:320.)
  Variable._execution_engine.run_backward(  # Calls into the C++ engine to run the backward pass
Epoch: [2]  [   0/2058]  eta: 18:34:17  lr: 0.000033  train_loss: 0.5009 (0.5009)  train_iou: 0.5870 (0.5870)  time: 32.4867  data: 9.7866  max mem: 39348
Epoch: [2]  [  20/2058]  eta: 1:33:59  lr: 0.000033  train_loss: 0.5522 (0.5760)  train_iou: 0.5542 (0.5498)  time: 1.2812  data: 0.0077  max mem: 39348
Epoch: [2]  [  40/2058]  eta: 1:08:34  lr: 0.000033  train_loss: 0.5223 (0.5597)  train_iou: 0.5700 (0.5547)  time: 1.2743  data: 0.0067  max mem: 39348
Epoch: [2]  [  60/2058]  eta: 0:59:37  lr: 0.000033  train_loss: 0.5256 (0.5471)  train_iou: 0.5829 (0.5617)  time: 1.2807  data: 0.0039  max mem: 39348
Epoch: [2]  [  80/2058]  eta: 0:54:51  lr: 0.000033  train_loss: 0.5790 (0.5488)  train_iou: 0.5404 (0.5613)  time: 1.2791  data: 0.0069  max mem: 39348
Epoch: [2]  [ 100/2058]  eta: 0:51:52  lr: 0.000033  train_loss: 0.4962 (0.5456)  train_iou: 0.5807 (0.5649)  time: 1.2883  data: 0.0071  max mem: 39348
Epoch: [2]  [ 120/2058]  eta: 0:49:46  lr: 0.000033  train_loss: 0.5650 (0.5471)  train_iou: 0.5687 (0.5648)  time: 1.2939  data: 0.0065  max mem: 39348
Epoch: [2]  [ 140/2058]  eta: 0:48:09  lr: 0.000033  train_loss: 0.6060 (0.5535)  train_iou: 0.5427 (0.5620)  time: 1.2990  data: 0.0068  max mem: 39348
Epoch: [2]  [ 160/2058]  eta: 0:46:48  lr: 0.000033  train_loss: 0.5576 (0.5540)  train_iou: 0.5351 (0.5601)  time: 1.2928  data: 0.0057  max mem: 39348
Epoch: [2]  [ 180/2058]  eta: 0:45:43  lr: 0.000033  train_loss: 0.5116 (0.5528)  train_iou: 0.5571 (0.5613)  time: 1.3082  data: 0.0062  max mem: 39348
Epoch: [2]  [ 200/2058]  eta: 0:44:43  lr: 0.000033  train_loss: 0.5005 (0.5503)  train_iou: 0.5702 (0.5623)  time: 1.2931  data: 0.0055  max mem: 39348
Epoch: [2]  [ 220/2058]  eta: 0:43:50  lr: 0.000033  train_loss: 0.4908 (0.5468)  train_iou: 0.5803 (0.5635)  time: 1.2982  data: 0.0092  max mem: 39348
Epoch: [2]  [ 240/2058]  eta: 0:43:01  lr: 0.000033  train_loss: 0.5271 (0.5497)  train_iou: 0.5521 (0.5645)  time: 1.2980  data: 0.0080  max mem: 39348
Epoch: [2]  [ 260/2058]  eta: 0:42:15  lr: 0.000033  train_loss: 0.5249 (0.5509)  train_iou: 0.5453 (0.5625)  time: 1.2933  data: 0.0081  max mem: 39348
Epoch: [2]  [ 280/2058]  eta: 0:41:31  lr: 0.000033  train_loss: 0.5394 (0.5488)  train_iou: 0.5600 (0.5639)  time: 1.2878  data: 0.0075  max mem: 39348
Epoch: [2]  [ 300/2058]  eta: 0:40:50  lr: 0.000033  train_loss: 0.5486 (0.5497)  train_iou: 0.5629 (0.5646)  time: 1.2885  data: 0.0082  max mem: 39348
Epoch: [2]  [ 320/2058]  eta: 0:40:12  lr: 0.000033  train_loss: 0.4855 (0.5480)  train_iou: 0.5639 (0.5658)  time: 1.2986  data: 0.0121  max mem: 39348
Epoch: [2]  [ 340/2058]  eta: 0:39:34  lr: 0.000033  train_loss: 0.5407 (0.5479)  train_iou: 0.5592 (0.5671)  time: 1.2839  data: 0.0081  max mem: 39348
Epoch: [2]  [ 360/2058]  eta: 0:38:58  lr: 0.000033  train_loss: 0.5427 (0.5463)  train_iou: 0.5648 (0.5679)  time: 1.2904  data: 0.0096  max mem: 39348
Epoch: [2]  [ 380/2058]  eta: 0:38:22  lr: 0.000033  train_loss: 0.4827 (0.5435)  train_iou: 0.5803 (0.5691)  time: 1.2884  data: 0.0055  max mem: 39348
Epoch: [2]  [ 400/2058]  eta: 0:37:47  lr: 0.000033  train_loss: 0.5161 (0.5417)  train_iou: 0.5732 (0.5700)  time: 1.2804  data: 0.0080  max mem: 39348
Epoch: [2]  [ 420/2058]  eta: 0:37:14  lr: 0.000033  train_loss: 0.5257 (0.5411)  train_iou: 0.5724 (0.5700)  time: 1.2901  data: 0.0064  max mem: 39348
Epoch: [2]  [ 440/2058]  eta: 0:36:41  lr: 0.000033  train_loss: 0.5107 (0.5412)  train_iou: 0.5676 (0.5698)  time: 1.2897  data: 0.0073  max mem: 39348
Epoch: [2]  [ 460/2058]  eta: 0:36:09  lr: 0.000033  train_loss: 0.4625 (0.5390)  train_iou: 0.6021 (0.5706)  time: 1.2854  data: 0.0072  max mem: 39348
Epoch: [2]  [ 480/2058]  eta: 0:35:37  lr: 0.000033  train_loss: 0.4019 (0.5359)  train_iou: 0.6487 (0.5725)  time: 1.2893  data: 0.0042  max mem: 39348
Epoch: [2]  [ 500/2058]  eta: 0:35:05  lr: 0.000033  train_loss: 0.5109 (0.5350)  train_iou: 0.5640 (0.5729)  time: 1.2827  data: 0.0066  max mem: 39348
Epoch: [2]  [ 520/2058]  eta: 0:34:35  lr: 0.000033  train_loss: 0.4495 (0.5336)  train_iou: 0.5810 (0.5735)  time: 1.2859  data: 0.0100  max mem: 39348
Epoch: [2]  [ 540/2058]  eta: 0:34:04  lr: 0.000033  train_loss: 0.5034 (0.5325)  train_iou: 0.5896 (0.5742)  time: 1.2858  data: 0.0076  max mem: 39348
Epoch: [2]  [ 560/2058]  eta: 0:33:34  lr: 0.000033  train_loss: 0.4344 (0.5297)  train_iou: 0.6021 (0.5746)  time: 1.2848  data: 0.0102  max mem: 39348
Epoch: [2]  [ 580/2058]  eta: 0:33:03  lr: 0.000033  train_loss: 0.4147 (0.5270)  train_iou: 0.5983 (0.5759)  time: 1.2747  data: 0.0045  max mem: 39348
Epoch: [2]  [ 600/2058]  eta: 0:32:33  lr: 0.000033  train_loss: 0.4921 (0.5258)  train_iou: 0.5823 (0.5761)  time: 1.2794  data: 0.0059  max mem: 39348
slurmstepd: error: *** JOB 133587 ON d3230 CANCELLED AT 2025-04-20T17:56:53 ***
