Architecture:                       x86_64
CPU op-mode(s):                     32-bit, 64-bit
Address sizes:                      46 bits physical, 57 bits virtual
Byte Order:                         Little Endian
CPU(s):                             128
On-line CPU(s) list:                0-127
Vendor ID:                          GenuineIntel
Model name:                         Intel(R) Xeon(R) Gold 6448Y
CPU family:                         6
Model:                              143
Thread(s) per core:                 2
Core(s) per socket:                 32
Socket(s):                          2
Stepping:                           8
CPU max MHz:                        4100.0000
CPU min MHz:                        800.0000
BogoMIPS:                           4200.00
Flags:                              fpu vme de pse tsc msr pae mce cx8 apic sep mtrr pge mca cmov pat pse36 clflush dts acpi mmx fxsr sse sse2 ss ht tm pbe syscall nx pdpe1gb rdtscp lm constant_tsc art arch_perfmon pebs bts rep_good nopl xtopology nonstop_tsc cpuid aperfmperf tsc_known_freq pni pclmulqdq dtes64 monitor ds_cpl vmx smx est tm2 ssse3 sdbg fma cx16 xtpr pdcm pcid dca sse4_1 sse4_2 x2apic movbe popcnt tsc_deadline_timer aes xsave avx f16c rdrand lahf_lm abm 3dnowprefetch cpuid_fault epb cat_l3 cat_l2 cdp_l3 invpcid_single cdp_l2 ssbd mba ibrs ibpb stibp ibrs_enhanced tpr_shadow flexpriority ept vpid ept_ad fsgsbase tsc_adjust bmi1 avx2 smep bmi2 erms invpcid cqm rdt_a avx512f avx512dq rdseed adx smap avx512ifma clflushopt clwb intel_pt avx512cd sha_ni avx512bw avx512vl xsaveopt xsavec xgetbv1 xsaves cqm_llc cqm_occup_llc cqm_mbm_total cqm_mbm_local split_lock_detect avx_vnni avx512_bf16 wbnoinvd dtherm ida arat pln pts hfi vnmi avx512vbmi umip pku ospke waitpkg avx512_vbmi2 gfni vaes vpclmulqdq avx512_vnni avx512_bitalg tme avx512_vpopcntdq la57 rdpid bus_lock_detect cldemote movdiri movdir64b enqcmd fsrm md_clear serialize tsxldtrk pconfig arch_lbr ibt amx_bf16 avx512_fp16 amx_tile amx_int8 flush_l1d arch_capabilities
Virtualization:                     VT-x
L1d cache:                          3 MiB (64 instances)
L1i cache:                          2 MiB (64 instances)
L2 cache:                           128 MiB (64 instances)
L3 cache:                           120 MiB (2 instances)
NUMA node(s):                       2
NUMA node0 CPU(s):                  0,2,4,6,8,10,12,14,16,18,20,22,24,26,28,30,32,34,36,38,40,42,44,46,48,50,52,54,56,58,60,62,64,66,68,70,72,74,76,78,80,82,84,86,88,90,92,94,96,98,100,102,104,106,108,110,112,114,116,118,120,122,124,126
NUMA node1 CPU(s):                  1,3,5,7,9,11,13,15,17,19,21,23,25,27,29,31,33,35,37,39,41,43,45,47,49,51,53,55,57,59,61,63,65,67,69,71,73,75,77,79,81,83,85,87,89,91,93,95,97,99,101,103,105,107,109,111,113,115,117,119,121,123,125,127
Vulnerability Gather data sampling: Not affected
Vulnerability Itlb multihit:        Not affected
Vulnerability L1tf:                 Not affected
Vulnerability Mds:                  Not affected
Vulnerability Meltdown:             Not affected
Vulnerability Mmio stale data:      Not affected
Vulnerability Retbleed:             Not affected
Vulnerability Spec rstack overflow: Not affected
Vulnerability Spec store bypass:    Mitigation; Speculative Store Bypass disabled via prctl
Vulnerability Spectre v1:           Mitigation; usercopy/swapgs barriers and __user pointer sanitization
Vulnerability Spectre v2:           Mitigation; Enhanced / Automatic IBRS, IBPB conditional, RSB filling, PBRSB-eIBRS SW sequence
Vulnerability Srbds:                Not affected
Vulnerability Tsx async abort:      Not affected
Mon Apr 21 18:41:44 2025       
+---------------------------------------------------------------------------------------+
| NVIDIA-SMI 545.23.08              Driver Version: 545.23.08    CUDA Version: 12.3     |
|-----------------------------------------+----------------------+----------------------+
| GPU  Name                 Persistence-M | Bus-Id        Disp.A | Volatile Uncorr. ECC |
| Fan  Temp   Perf          Pwr:Usage/Cap |         Memory-Usage | GPU-Util  Compute M. |
|                                         |                      |               MIG M. |
|=========================================+======================+======================|
|   0  NVIDIA L40S                    On  | 00000000:61:00.0 Off |                    0 |
| N/A   30C    P8              33W / 350W |      3MiB / 46068MiB |      0%      Default |
|                                         |                      |                  N/A |
+-----------------------------------------+----------------------+----------------------+
|   1  NVIDIA L40S                    On  | 00000000:CA:00.0 Off |                    0 |
| N/A   30C    P8              33W / 350W |      3MiB / 46068MiB |      0%      Default |
|                                         |                      |                  N/A |
+-----------------------------------------+----------------------+----------------------+
                                                                                         
+---------------------------------------------------------------------------------------+
| Processes:                                                                            |
|  GPU   GI   CI        PID   Type   Process name                            GPU Memory |
|        ID   ID                                                             Usage      |
|=======================================================================================|
|  No running processes found                                                           |
+---------------------------------------------------------------------------------------+
/home/akula.ha/.conda/envs/refseg/lib/python3.10/site-packages/torch/distributed/launch.py:181: FutureWarning: The module torch.distributed.launch is deprecated
and will be removed in future. Use torchrun.
Note that --use-env is set by default in torchrun.
If your script expects `--local-rank` argument to be set, please
change it to read from `os.environ['LOCAL_RANK']` instead. See 
https://pytorch.org/docs/stable/distributed.html#launch-utility for 
further instructions

  warnings.warn(
[2025-04-21 18:41:50,924] torch.distributed.run: [WARNING] 
[2025-04-21 18:41:50,924] torch.distributed.run: [WARNING] *****************************************
[2025-04-21 18:41:50,924] torch.distributed.run: [WARNING] Setting OMP_NUM_THREADS environment variable for each process to be 1 in default, to avoid your system being overloaded, please further tune the variable for optimal performance in your application as needed. 
[2025-04-21 18:41:50,924] torch.distributed.run: [WARNING] *****************************************
usage: main.py [-h] [--batch_size BATCH_SIZE] [--epochs EPOCHS]
               [--model MODEL] [--pretrain-path PRETRAIN_PATH]
               [--input-size INPUT_SIZE] [--drop PCT] [--drop-path PCT]
               [--model-ema] [--no-model-ema]
               [--model-ema-decay MODEL_EMA_DECAY] [--model-ema-force-cpu]
               [--opt OPTIMIZER] [--opt-eps EPSILON]
               [--opt-betas BETA [BETA ...]] [--clip-grad NORM] [--momentum M]
               [--weight-decay WEIGHT_DECAY] [--sched SCHEDULER] [--lr LR]
               [--lr-decoder LR] [--lr-backbone LR] [--lr-vssm LR]
               [--warmup-lr LR] [--min-lr LR] [--decay-epochs N]
               [--warmup-epochs N] [--cooldown-epochs N] [--patience-epochs N]
               [--decay-rate RATE] [--train-mode] [--no-train-mode]
               [--finetune FINETUNE] [--data-path DATA_PATH]
               [--data-set {refcoco,refcoco+,refcocog,refzom}]
               [--output_dir OUTPUT_DIR] [--device DEVICE] [--seed SEED]
               [--resume RESUME] [--start_epoch N] [--eval] [--dist-eval]
               [--num_workers NUM_WORKERS] [--pin-mem] [--no-pin-mem]
               [--distributed] [--world_size WORLD_SIZE] [--dist_url DIST_URL]
               [--if_amp] [--no_amp] [--debug_mode] [--local-rank LOCAL_RANK]
               [--model_title MODEL_TITLE] [--logging LOGGING]
               [--decoder-adapter] [--continue-lr LR] [--partial-freeze]
               [--single-epoch] [--lite-baseline] [--dec-only]
main.py: error: argument --lr-backbone: invalid float value: '1.23-6'
usage: main.py [-h] [--batch_size BATCH_SIZE] [--epochs EPOCHS]
               [--model MODEL] [--pretrain-path PRETRAIN_PATH]
               [--input-size INPUT_SIZE] [--drop PCT] [--drop-path PCT]
               [--model-ema] [--no-model-ema]
               [--model-ema-decay MODEL_EMA_DECAY] [--model-ema-force-cpu]
               [--opt OPTIMIZER] [--opt-eps EPSILON]
               [--opt-betas BETA [BETA ...]] [--clip-grad NORM] [--momentum M]
               [--weight-decay WEIGHT_DECAY] [--sched SCHEDULER] [--lr LR]
               [--lr-decoder LR] [--lr-backbone LR] [--lr-vssm LR]
               [--warmup-lr LR] [--min-lr LR] [--decay-epochs N]
               [--warmup-epochs N] [--cooldown-epochs N] [--patience-epochs N]
               [--decay-rate RATE] [--train-mode] [--no-train-mode]
               [--finetune FINETUNE] [--data-path DATA_PATH]
               [--data-set {refcoco,refcoco+,refcocog,refzom}]
               [--output_dir OUTPUT_DIR] [--device DEVICE] [--seed SEED]
               [--resume RESUME] [--start_epoch N] [--eval] [--dist-eval]
               [--num_workers NUM_WORKERS] [--pin-mem] [--no-pin-mem]
               [--distributed] [--world_size WORLD_SIZE] [--dist_url DIST_URL]
               [--if_amp] [--no_amp] [--debug_mode] [--local-rank LOCAL_RANK]
               [--model_title MODEL_TITLE] [--logging LOGGING]
               [--decoder-adapter] [--continue-lr LR] [--partial-freeze]
               [--single-epoch] [--lite-baseline] [--dec-only]
main.py: error: argument --lr-backbone: invalid float value: '1.23-6'
[2025-04-21 18:42:10,953] torch.distributed.elastic.multiprocessing.api: [ERROR] failed (exitcode: 2) local_rank: 0 (pid: 2762548) of binary: /home/akula.ha/.conda/envs/refseg/bin/python
Traceback (most recent call last):
  File "/home/akula.ha/.conda/envs/refseg/lib/python3.10/runpy.py", line 196, in _run_module_as_main
    return _run_code(code, main_globals, None,
  File "/home/akula.ha/.conda/envs/refseg/lib/python3.10/runpy.py", line 86, in _run_code
    exec(code, run_globals)
  File "/home/akula.ha/.conda/envs/refseg/lib/python3.10/site-packages/torch/distributed/launch.py", line 196, in <module>
    main()
  File "/home/akula.ha/.conda/envs/refseg/lib/python3.10/site-packages/torch/distributed/launch.py", line 192, in main
    launch(args)
  File "/home/akula.ha/.conda/envs/refseg/lib/python3.10/site-packages/torch/distributed/launch.py", line 177, in launch
    run(args)
  File "/home/akula.ha/.conda/envs/refseg/lib/python3.10/site-packages/torch/distributed/run.py", line 797, in run
    elastic_launch(
  File "/home/akula.ha/.conda/envs/refseg/lib/python3.10/site-packages/torch/distributed/launcher/api.py", line 134, in __call__
    return launch_agent(self._config, self._entrypoint, list(args))
  File "/home/akula.ha/.conda/envs/refseg/lib/python3.10/site-packages/torch/distributed/launcher/api.py", line 264, in launch_agent
    raise ChildFailedError(
torch.distributed.elastic.multiprocessing.errors.ChildFailedError: 
============================================================
main.py FAILED
------------------------------------------------------------
Failures:
[1]:
  time      : 2025-04-21_18:42:10
  host      : d4047
  rank      : 1 (local_rank: 1)
  exitcode  : 2 (pid: 2762549)
  error_file: <N/A>
  traceback : To enable traceback see: https://pytorch.org/docs/stable/elastic/errors.html
------------------------------------------------------------
Root Cause (first observed failure):
[0]:
  time      : 2025-04-21_18:42:10
  host      : d4047
  rank      : 0 (local_rank: 0)
  exitcode  : 2 (pid: 2762548)
  error_file: <N/A>
  traceback : To enable traceback see: https://pytorch.org/docs/stable/elastic/errors.html
============================================================
