Architecture:                       x86_64
CPU op-mode(s):                     32-bit, 64-bit
Address sizes:                      52 bits physical, 57 bits virtual
Byte Order:                         Little Endian
CPU(s):                             36
On-line CPU(s) list:                0-35
Vendor ID:                          GenuineIntel
Model name:                         Intel(R) Xeon(R) Gold 6354 CPU @ 3.00GHz
CPU family:                         6
Model:                              106
Thread(s) per core:                 1
Core(s) per socket:                 18
Socket(s):                          2
Stepping:                           6
CPU max MHz:                        3600.0000
CPU min MHz:                        800.0000
BogoMIPS:                           6000.00
Flags:                              fpu vme de pse tsc msr pae mce cx8 apic sep mtrr pge mca cmov pat pse36 clflush dts acpi mmx fxsr sse sse2 ss ht tm pbe syscall nx pdpe1gb rdtscp lm constant_tsc art arch_perfmon pebs bts rep_good nopl xtopology nonstop_tsc cpuid aperfmperf pni pclmulqdq dtes64 monitor ds_cpl vmx smx est tm2 ssse3 sdbg fma cx16 xtpr pdcm pcid dca sse4_1 sse4_2 x2apic movbe popcnt tsc_deadline_timer aes xsave avx f16c rdrand lahf_lm abm 3dnowprefetch cpuid_fault epb cat_l3 invpcid_single ssbd mba ibrs ibpb stibp ibrs_enhanced tpr_shadow flexpriority ept vpid ept_ad fsgsbase tsc_adjust bmi1 avx2 smep bmi2 erms invpcid cqm rdt_a avx512f avx512dq rdseed adx smap avx512ifma clflushopt clwb intel_pt avx512cd sha_ni avx512bw avx512vl xsaveopt xsavec xgetbv1 xsaves cqm_llc cqm_occup_llc cqm_mbm_total cqm_mbm_local split_lock_detect wbnoinvd dtherm ida arat pln pts vnmi avx512vbmi umip pku ospke avx512_vbmi2 gfni vaes vpclmulqdq avx512_vnni avx512_bitalg tme avx512_vpopcntdq la57 rdpid fsrm md_clear pconfig flush_l1d arch_capabilities
Virtualization:                     VT-x
L1d cache:                          1.7 MiB (36 instances)
L1i cache:                          1.1 MiB (36 instances)
L2 cache:                           45 MiB (36 instances)
L3 cache:                           78 MiB (2 instances)
NUMA node(s):                       2
NUMA node0 CPU(s):                  0-17
NUMA node1 CPU(s):                  18-35
Vulnerability Gather data sampling: Mitigation; Microcode
Vulnerability Itlb multihit:        Not affected
Vulnerability L1tf:                 Not affected
Vulnerability Mds:                  Not affected
Vulnerability Meltdown:             Not affected
Vulnerability Mmio stale data:      Mitigation; Clear CPU buffers; SMT disabled
Vulnerability Retbleed:             Not affected
Vulnerability Spec rstack overflow: Not affected
Vulnerability Spec store bypass:    Mitigation; Speculative Store Bypass disabled via prctl
Vulnerability Spectre v1:           Mitigation; usercopy/swapgs barriers and __user pointer sanitization
Vulnerability Spectre v2:           Mitigation; Enhanced / Automatic IBRS, IBPB conditional, RSB filling, PBRSB-eIBRS SW sequence
Vulnerability Srbds:                Not affected
Vulnerability Tsx async abort:      Not affected
Sun Apr 20 20:54:00 2025       
+---------------------------------------------------------------------------------------+
| NVIDIA-SMI 545.23.08              Driver Version: 545.23.08    CUDA Version: 12.3     |
|-----------------------------------------+----------------------+----------------------+
| GPU  Name                 Persistence-M | Bus-Id        Disp.A | Volatile Uncorr. ECC |
| Fan  Temp   Perf          Pwr:Usage/Cap |         Memory-Usage | GPU-Util  Compute M. |
|                                         |                      |               MIG M. |
|=========================================+======================+======================|
|   0  NVIDIA L40                     On  | 00000000:4F:00.0 Off |                    0 |
| N/A   34C    P8              38W / 300W |      4MiB / 46068MiB |      0%      Default |
|                                         |                      |                  N/A |
+-----------------------------------------+----------------------+----------------------+
|   1  NVIDIA L40                     On  | 00000000:52:00.0 Off |                    0 |
| N/A   36C    P8              57W / 300W |      4MiB / 46068MiB |      0%      Default |
|                                         |                      |                  N/A |
+-----------------------------------------+----------------------+----------------------+
                                                                                         
+---------------------------------------------------------------------------------------+
| Processes:                                                                            |
|  GPU   GI   CI        PID   Type   Process name                            GPU Memory |
|        ID   ID                                                             Usage      |
|=======================================================================================|
|  No running processes found                                                           |
+---------------------------------------------------------------------------------------+
/home/akula.ha/.conda/envs/refseg/lib/python3.10/site-packages/torch/distributed/launch.py:181: FutureWarning: The module torch.distributed.launch is deprecated
and will be removed in future. Use torchrun.
Note that --use-env is set by default in torchrun.
If your script expects `--local-rank` argument to be set, please
change it to read from `os.environ['LOCAL_RANK']` instead. See 
https://pytorch.org/docs/stable/distributed.html#launch-utility for 
further instructions

  warnings.warn(
[2025-04-20 20:54:04,818] torch.distributed.run: [WARNING] 
[2025-04-20 20:54:04,818] torch.distributed.run: [WARNING] *****************************************
[2025-04-20 20:54:04,818] torch.distributed.run: [WARNING] Setting OMP_NUM_THREADS environment variable for each process to be 1 in default, to avoid your system being overloaded, please further tune the variable for optimal performance in your application as needed. 
[2025-04-20 20:54:04,818] torch.distributed.run: [WARNING] *****************************************
| distributed init (rank 1): env://
| distributed init (rank 0): env://
Namespace(batch_size=14, epochs=50, model='ReMamber_Conv_PEFT', pretrain_path='./pretrain', input_size=480, drop=0.0, drop_path=0.1, model_ema=False, model_ema_decay=0.9999, model_ema_force_cpu=False, opt='adamw', opt_eps=1e-08, opt_betas=None, clip_grad=None, momentum=0.9, weight_decay=0.0001, sched='cosine', lr=3.3e-05, lr_decoder=3.3e-05, lr_backbone=1.65e-05, lr_vssm=1.65e-05, warmup_lr=1e-06, min_lr=3e-07, decay_epochs=13.0, warmup_epochs=2, cooldown_epochs=10, patience_epochs=10, decay_rate=0.1, train_mode=True, finetune='pretrain/ReMamber_Conv.pth', data_path='./ref_dataset/data', data_set='refzom', output_dir='./l_outputs', device='cuda', seed=0, resume='l_outputs/ReMamber_Conv_PEFT_nodadapter/checkpoint_model:7a3cdd11.pth', start_epoch=0, eval=False, dist_eval=False, num_workers=8, pin_mem=True, distributed=True, world_size=2, dist_url='env://', if_amp=True, debug_mode=False, local_rank=0, model_title='model', logging='model', decoder_adapter=False, continue_lr=None, partial_freeze=False, single_epoch=True, lite_baseline=False, rank=0, gpu=0, dist_backend='nccl')
True val
./ref_dataset/data refzom zom
loading dataset refzom into memory...
creating index...
index created.
DONE (t=15.08s)
Preparing dataset ......
False val
./ref_dataset/data refzom zom
loading dataset refzom into memory...
creating index...
index created.
DONE (t=14.97s)
Preparing dataset ......
/home/akula.ha/.conda/envs/refseg/lib/python3.10/site-packages/torch/utils/data/dataloader.py:557: UserWarning: This DataLoader will create 8 worker processes in total. Our suggested max number of worker in current system is 1, which is smaller than what this DataLoader is going to create. Please be aware that excessive worker creation might get DataLoader running slow or even freeze, lower the worker number to avoid potential slowness/freeze if necessary.
  warnings.warn(_create_warning_msg(
length of train set: 57624
length of val set: 15406
/home/akula.ha/.conda/envs/refseg/lib/python3.10/site-packages/torch/utils/data/dataloader.py:557: UserWarning: This DataLoader will create 8 worker processes in total. Our suggested max number of worker in current system is 1, which is smaller than what this DataLoader is going to create. Please be aware that excessive worker creation might get DataLoader running slow or even freeze, lower the worker number to avoid potential slowness/freeze if necessary.
  warnings.warn(_create_warning_msg(
Creating model: ReMamber_Conv_PEFT
kwargs {'use_adapters': False}
Training the full decoder
False
number of params: 17193760
Loaded checkpoint from 'l_outputs/ReMamber_Conv_PEFT_nodadapter/checkpoint_model:7a3cdd11.pth'
Continuing training from epoch 4...
Model id is - model:6b23a008
length of train set: 50000
length of val set: 4000
Start training for 50 epochs
Learning rate: 3.3e-05
/home/akula.ha/.conda/envs/refseg/lib/python3.10/site-packages/torch/autograd/__init__.py:251: UserWarning: Grad strides do not match bucket view strides. This may indicate grad was not created according to the gradient layout contract, or that the param's strides changed since DDP was constructed.  This is not an error, but may impair performance.
grad.sizes() = [512, 768, 1, 1], strides() = [768, 1, 768, 768]
bucket_view.sizes() = [512, 768, 1, 1], strides() = [768, 1, 1, 1] (Triggered internally at ../torch/csrc/distributed/c10d/reducer.cpp:320.)
  Variable._execution_engine.run_backward(  # Calls into the C++ engine to run the backward pass
/home/akula.ha/.conda/envs/refseg/lib/python3.10/site-packages/torch/autograd/__init__.py:251: UserWarning: Grad strides do not match bucket view strides. This may indicate grad was not created according to the gradient layout contract, or that the param's strides changed since DDP was constructed.  This is not an error, but may impair performance.
grad.sizes() = [512, 768, 1, 1], strides() = [768, 1, 768, 768]
bucket_view.sizes() = [512, 768, 1, 1], strides() = [768, 1, 1, 1] (Triggered internally at ../torch/csrc/distributed/c10d/reducer.cpp:320.)
  Variable._execution_engine.run_backward(  # Calls into the C++ engine to run the backward pass
Epoch: [4]  [   0/1786]  eta: 16:08:39  lr: 0.000032  train_loss: 0.1036 (0.1036)  train_iou: 0.7579 (0.7579)  time: 32.5417  data: 9.9087  max mem: 39346
Epoch: [4]  [  20/1786]  eta: 1:22:30  lr: 0.000032  train_loss: 0.1938 (0.2093)  train_iou: 0.6074 (0.6264)  time: 1.3162  data: 0.0078  max mem: 39346
Epoch: [4]  [  40/1786]  eta: 1:00:16  lr: 0.000032  train_loss: 0.3049 (0.2634)  train_iou: 0.6217 (0.6269)  time: 1.3027  data: 0.0114  max mem: 39346
Epoch: [4]  [  60/1786]  eta: 0:52:18  lr: 0.000032  train_loss: 0.2446 (0.2571)  train_iou: 0.6460 (0.6331)  time: 1.3005  data: 0.0064  max mem: 39346
Epoch: [4]  [  80/1786]  eta: 0:48:07  lr: 0.000032  train_loss: 0.2654 (0.2664)  train_iou: 0.6368 (0.6393)  time: 1.3082  data: 0.0087  max mem: 39346
Epoch: [4]  [ 100/1786]  eta: 0:45:25  lr: 0.000032  train_loss: 0.2406 (0.2672)  train_iou: 0.6120 (0.6367)  time: 1.3081  data: 0.0074  max mem: 39346
Epoch: [4]  [ 120/1786]  eta: 0:43:31  lr: 0.000032  train_loss: 0.2413 (0.2650)  train_iou: 0.6515 (0.6386)  time: 1.3191  data: 0.0071  max mem: 39346
Epoch: [4]  [ 140/1786]  eta: 0:42:02  lr: 0.000032  train_loss: 0.2478 (0.2684)  train_iou: 0.6339 (0.6382)  time: 1.3214  data: 0.0079  max mem: 39346
Epoch: [4]  [ 160/1786]  eta: 0:40:49  lr: 0.000032  train_loss: 0.2044 (0.2624)  train_iou: 0.6188 (0.6348)  time: 1.3217  data: 0.0074  max mem: 39346
Epoch: [4]  [ 180/1786]  eta: 0:39:46  lr: 0.000032  train_loss: 0.1922 (0.2554)  train_iou: 0.6086 (0.6316)  time: 1.3209  data: 0.0089  max mem: 39346
Epoch: [4]  [ 200/1786]  eta: 0:38:48  lr: 0.000032  train_loss: 0.2588 (0.2568)  train_iou: 0.6628 (0.6343)  time: 1.3096  data: 0.0092  max mem: 39346
Epoch: [4]  [ 220/1786]  eta: 0:37:55  lr: 0.000032  train_loss: 0.2790 (0.2598)  train_iou: 0.6256 (0.6328)  time: 1.2975  data: 0.0065  max mem: 39346
Epoch: [4]  [ 240/1786]  eta: 0:37:07  lr: 0.000032  train_loss: 0.2511 (0.2608)  train_iou: 0.6441 (0.6344)  time: 1.3069  data: 0.0083  max mem: 39346
Epoch: [4]  [ 260/1786]  eta: 0:36:21  lr: 0.000032  train_loss: 0.2202 (0.2591)  train_iou: 0.6360 (0.6355)  time: 1.2998  data: 0.0094  max mem: 39346
Epoch: [4]  [ 280/1786]  eta: 0:35:40  lr: 0.000032  train_loss: 0.2471 (0.2594)  train_iou: 0.6332 (0.6353)  time: 1.3058  data: 0.0037  max mem: 39346
Epoch: [4]  [ 300/1786]  eta: 0:35:00  lr: 0.000032  train_loss: 0.2568 (0.2618)  train_iou: 0.6184 (0.6342)  time: 1.3037  data: 0.0074  max mem: 39346
Epoch: [4]  [ 320/1786]  eta: 0:34:21  lr: 0.000032  train_loss: 0.2388 (0.2632)  train_iou: 0.6345 (0.6334)  time: 1.3034  data: 0.0111  max mem: 39346
Epoch: [4]  [ 340/1786]  eta: 0:33:45  lr: 0.000032  train_loss: 0.2243 (0.2614)  train_iou: 0.6365 (0.6345)  time: 1.3139  data: 0.0073  max mem: 39346
Epoch: [4]  [ 360/1786]  eta: 0:33:10  lr: 0.000032  train_loss: 0.2523 (0.2619)  train_iou: 0.6494 (0.6350)  time: 1.3135  data: 0.0066  max mem: 39346
Epoch: [4]  [ 380/1786]  eta: 0:32:36  lr: 0.000032  train_loss: 0.1855 (0.2605)  train_iou: 0.6515 (0.6358)  time: 1.3030  data: 0.0063  max mem: 39346
Epoch: [4]  [ 400/1786]  eta: 0:32:02  lr: 0.000032  train_loss: 0.2901 (0.2630)  train_iou: 0.6284 (0.6353)  time: 1.3021  data: 0.0083  max mem: 39346
Epoch: [4]  [ 420/1786]  eta: 0:31:29  lr: 0.000032  train_loss: 0.2644 (0.2631)  train_iou: 0.6240 (0.6356)  time: 1.3078  data: 0.0094  max mem: 39346
Epoch: [4]  [ 440/1786]  eta: 0:30:57  lr: 0.000032  train_loss: 0.2220 (0.2623)  train_iou: 0.6343 (0.6368)  time: 1.3112  data: 0.0082  max mem: 39346
Epoch: [4]  [ 460/1786]  eta: 0:30:26  lr: 0.000032  train_loss: 0.2721 (0.2629)  train_iou: 0.6572 (0.6386)  time: 1.3225  data: 0.0074  max mem: 39346
Epoch: [4]  [ 480/1786]  eta: 0:29:55  lr: 0.000032  train_loss: 0.2309 (0.2620)  train_iou: 0.6148 (0.6385)  time: 1.3174  data: 0.0063  max mem: 39346
Epoch: [4]  [ 500/1786]  eta: 0:29:25  lr: 0.000032  train_loss: 0.2647 (0.2621)  train_iou: 0.5791 (0.6374)  time: 1.3239  data: 0.0081  max mem: 39346
Epoch: [4]  [ 520/1786]  eta: 0:28:54  lr: 0.000032  train_loss: 0.2457 (0.2615)  train_iou: 0.6478 (0.6372)  time: 1.3086  data: 0.0094  max mem: 39346
Epoch: [4]  [ 540/1786]  eta: 0:28:25  lr: 0.000032  train_loss: 0.2333 (0.2614)  train_iou: 0.6612 (0.6383)  time: 1.3241  data: 0.0130  max mem: 39346
Epoch: [4]  [ 560/1786]  eta: 0:27:55  lr: 0.000032  train_loss: 0.2787 (0.2619)  train_iou: 0.6507 (0.6386)  time: 1.3140  data: 0.0109  max mem: 39346
Epoch: [4]  [ 580/1786]  eta: 0:27:26  lr: 0.000032  train_loss: 0.2309 (0.2623)  train_iou: 0.6014 (0.6381)  time: 1.3198  data: 0.0067  max mem: 39346
Epoch: [4]  [ 600/1786]  eta: 0:26:57  lr: 0.000032  train_loss: 0.2426 (0.2632)  train_iou: 0.6643 (0.6387)  time: 1.3180  data: 0.0089  max mem: 39346
Epoch: [4]  [ 620/1786]  eta: 0:26:28  lr: 0.000032  train_loss: 0.1821 (0.2623)  train_iou: 0.6695 (0.6386)  time: 1.3235  data: 0.0073  max mem: 39346
Epoch: [4]  [ 640/1786]  eta: 0:25:59  lr: 0.000032  train_loss: 0.1890 (0.2617)  train_iou: 0.6256 (0.6387)  time: 1.3223  data: 0.0045  max mem: 39346
Epoch: [4]  [ 660/1786]  eta: 0:25:31  lr: 0.000032  train_loss: 0.2390 (0.2633)  train_iou: 0.6082 (0.6382)  time: 1.3208  data: 0.0081  max mem: 39346
Epoch: [4]  [ 680/1786]  eta: 0:25:02  lr: 0.000032  train_loss: 0.1964 (0.2624)  train_iou: 0.6382 (0.6378)  time: 1.3229  data: 0.0092  max mem: 39346
Epoch: [4]  [ 700/1786]  eta: 0:24:34  lr: 0.000032  train_loss: 0.1854 (0.2611)  train_iou: 0.6198 (0.6379)  time: 1.3172  data: 0.0142  max mem: 39346
Epoch: [4]  [ 720/1786]  eta: 0:24:05  lr: 0.000032  train_loss: 0.2286 (0.2599)  train_iou: 0.6682 (0.6388)  time: 1.3116  data: 0.0094  max mem: 39346
Epoch: [4]  [ 740/1786]  eta: 0:23:37  lr: 0.000032  train_loss: 0.2755 (0.2600)  train_iou: 0.6187 (0.6379)  time: 1.3137  data: 0.0117  max mem: 39346
Epoch: [4]  [ 760/1786]  eta: 0:23:09  lr: 0.000032  train_loss: 0.2085 (0.2599)  train_iou: 0.6231 (0.6372)  time: 1.3189  data: 0.0122  max mem: 39346
Epoch: [4]  [ 780/1786]  eta: 0:22:41  lr: 0.000032  train_loss: 0.1928 (0.2589)  train_iou: 0.6701 (0.6378)  time: 1.3202  data: 0.0159  max mem: 39346
Epoch: [4]  [ 800/1786]  eta: 0:22:13  lr: 0.000032  train_loss: 0.2600 (0.2599)  train_iou: 0.5818 (0.6368)  time: 1.3198  data: 0.0112  max mem: 39346
Epoch: [4]  [ 820/1786]  eta: 0:21:45  lr: 0.000032  train_loss: 0.2052 (0.2598)  train_iou: 0.6567 (0.6370)  time: 1.3205  data: 0.0100  max mem: 39346
Epoch: [4]  [ 840/1786]  eta: 0:21:22  lr: 0.000032  train_loss: 0.2627 (0.2598)  train_iou: 0.6703 (0.6375)  time: 1.5168  data: 0.0100  max mem: 39346
Epoch: [4]  [ 860/1786]  eta: 0:20:54  lr: 0.000032  train_loss: 0.2763 (0.2596)  train_iou: 0.6398 (0.6378)  time: 1.3124  data: 0.0139  max mem: 39346
Epoch: [4]  [ 880/1786]  eta: 0:20:26  lr: 0.000032  train_loss: 0.2584 (0.2593)  train_iou: 0.6491 (0.6380)  time: 1.3080  data: 0.0142  max mem: 39346
Epoch: [4]  [ 900/1786]  eta: 0:19:58  lr: 0.000032  train_loss: 0.2363 (0.2612)  train_iou: 0.6389 (0.6381)  time: 1.3111  data: 0.0095  max mem: 39346
Epoch: [4]  [ 920/1786]  eta: 0:19:30  lr: 0.000032  train_loss: 0.2190 (0.2616)  train_iou: 0.5872 (0.6372)  time: 1.3123  data: 0.0155  max mem: 39346
Epoch: [4]  [ 940/1786]  eta: 0:19:02  lr: 0.000032  train_loss: 0.2075 (0.2608)  train_iou: 0.6378 (0.6373)  time: 1.3109  data: 0.0111  max mem: 39346
Epoch: [4]  [ 960/1786]  eta: 0:18:35  lr: 0.000032  train_loss: 0.2066 (0.2597)  train_iou: 0.6486 (0.6378)  time: 1.3086  data: 0.0107  max mem: 39346
Epoch: [4]  [ 980/1786]  eta: 0:18:07  lr: 0.000032  train_loss: 0.2430 (0.2606)  train_iou: 0.6189 (0.6378)  time: 1.3157  data: 0.0105  max mem: 39346
Epoch: [4]  [1000/1786]  eta: 0:17:39  lr: 0.000032  train_loss: 0.2540 (0.2613)  train_iou: 0.6156 (0.6375)  time: 1.3147  data: 0.0154  max mem: 39346
Epoch: [4]  [1020/1786]  eta: 0:17:12  lr: 0.000032  train_loss: 0.2037 (0.2608)  train_iou: 0.6968 (0.6386)  time: 1.3030  data: 0.0122  max mem: 39346
Epoch: [4]  [1040/1786]  eta: 0:16:44  lr: 0.000032  train_loss: 0.2282 (0.2610)  train_iou: 0.6320 (0.6388)  time: 1.3032  data: 0.0075  max mem: 39346
Epoch: [4]  [1060/1786]  eta: 0:16:17  lr: 0.000032  train_loss: 0.2341 (0.2612)  train_iou: 0.6641 (0.6388)  time: 1.2994  data: 0.0072  max mem: 39346
Epoch: [4]  [1080/1786]  eta: 0:15:49  lr: 0.000032  train_loss: 0.2523 (0.2615)  train_iou: 0.6039 (0.6381)  time: 1.3011  data: 0.0105  max mem: 39346
Epoch: [4]  [1100/1786]  eta: 0:15:22  lr: 0.000032  train_loss: 0.2430 (0.2612)  train_iou: 0.5830 (0.6372)  time: 1.3044  data: 0.0095  max mem: 39346
Epoch: [4]  [1120/1786]  eta: 0:14:54  lr: 0.000032  train_loss: 0.2299 (0.2613)  train_iou: 0.6728 (0.6377)  time: 1.3020  data: 0.0094  max mem: 39346
Epoch: [4]  [1140/1786]  eta: 0:14:27  lr: 0.000032  train_loss: 0.1940 (0.2600)  train_iou: 0.6633 (0.6383)  time: 1.2952  data: 0.0090  max mem: 39346
Epoch: [4]  [1160/1786]  eta: 0:14:00  lr: 0.000032  train_loss: 0.2830 (0.2607)  train_iou: 0.6381 (0.6386)  time: 1.3010  data: 0.0097  max mem: 39346
Epoch: [4]  [1180/1786]  eta: 0:13:32  lr: 0.000032  train_loss: 0.2917 (0.2614)  train_iou: 0.5956 (0.6380)  time: 1.3057  data: 0.0132  max mem: 39346
Epoch: [4]  [1200/1786]  eta: 0:13:05  lr: 0.000032  train_loss: 0.1982 (0.2609)  train_iou: 0.6684 (0.6384)  time: 1.3072  data: 0.0077  max mem: 39346
Epoch: [4]  [1220/1786]  eta: 0:12:38  lr: 0.000032  train_loss: 0.1946 (0.2610)  train_iou: 0.6811 (0.6388)  time: 1.3025  data: 0.0133  max mem: 39346
Epoch: [4]  [1240/1786]  eta: 0:12:11  lr: 0.000032  train_loss: 0.2103 (0.2606)  train_iou: 0.5715 (0.6389)  time: 1.3030  data: 0.0118  max mem: 39346
Epoch: [4]  [1260/1786]  eta: 0:11:44  lr: 0.000032  train_loss: 0.1791 (0.2598)  train_iou: 0.6618 (0.6395)  time: 1.2935  data: 0.0128  max mem: 39346
Epoch: [4]  [1280/1786]  eta: 0:11:17  lr: 0.000032  train_loss: 0.1998 (0.2597)  train_iou: 0.6531 (0.6400)  time: 1.2998  data: 0.0140  max mem: 39346
Epoch: [4]  [1300/1786]  eta: 0:10:50  lr: 0.000032  train_loss: 0.2419 (0.2597)  train_iou: 0.6131 (0.6396)  time: 1.3069  data: 0.0106  max mem: 39346
Epoch: [4]  [1320/1786]  eta: 0:10:23  lr: 0.000032  train_loss: 0.1767 (0.2587)  train_iou: 0.6694 (0.6398)  time: 1.3017  data: 0.0102  max mem: 39346
Epoch: [4]  [1340/1786]  eta: 0:09:56  lr: 0.000032  train_loss: 0.2369 (0.2591)  train_iou: 0.5765 (0.6393)  time: 1.2974  data: 0.0118  max mem: 39346
Epoch: [4]  [1360/1786]  eta: 0:09:29  lr: 0.000032  train_loss: 0.2063 (0.2591)  train_iou: 0.6298 (0.6391)  time: 1.2906  data: 0.0110  max mem: 39346
Epoch: [4]  [1380/1786]  eta: 0:09:02  lr: 0.000032  train_loss: 0.2380 (0.2592)  train_iou: 0.6151 (0.6389)  time: 1.2998  data: 0.0168  max mem: 39346
Epoch: [4]  [1400/1786]  eta: 0:08:35  lr: 0.000032  train_loss: 0.2487 (0.2595)  train_iou: 0.6227 (0.6386)  time: 1.3044  data: 0.0148  max mem: 39346
Epoch: [4]  [1420/1786]  eta: 0:08:08  lr: 0.000032  train_loss: 0.2512 (0.2597)  train_iou: 0.6572 (0.6386)  time: 1.2967  data: 0.0118  max mem: 39346
Epoch: [4]  [1440/1786]  eta: 0:07:41  lr: 0.000032  train_loss: 0.2437 (0.2599)  train_iou: 0.6996 (0.6391)  time: 1.3024  data: 0.0111  max mem: 39346
Epoch: [4]  [1460/1786]  eta: 0:07:14  lr: 0.000032  train_loss: 0.2383 (0.2600)  train_iou: 0.6127 (0.6390)  time: 1.2962  data: 0.0121  max mem: 39346
Epoch: [4]  [1480/1786]  eta: 0:06:47  lr: 0.000032  train_loss: 0.1979 (0.2599)  train_iou: 0.6470 (0.6390)  time: 1.2984  data: 0.0099  max mem: 39346
Epoch: [4]  [1500/1786]  eta: 0:06:21  lr: 0.000032  train_loss: 0.1657 (0.2598)  train_iou: 0.6614 (0.6390)  time: 1.2897  data: 0.0066  max mem: 39346
Epoch: [4]  [1520/1786]  eta: 0:05:54  lr: 0.000032  train_loss: 0.2247 (0.2601)  train_iou: 0.6223 (0.6391)  time: 1.2884  data: 0.0087  max mem: 39346
Epoch: [4]  [1540/1786]  eta: 0:05:27  lr: 0.000032  train_loss: 0.1772 (0.2596)  train_iou: 0.6842 (0.6396)  time: 1.2855  data: 0.0088  max mem: 39346
Epoch: [4]  [1560/1786]  eta: 0:05:00  lr: 0.000032  train_loss: 0.2067 (0.2597)  train_iou: 0.6180 (0.6397)  time: 1.2856  data: 0.0077  max mem: 39346
Epoch: [4]  [1580/1786]  eta: 0:04:34  lr: 0.000032  train_loss: 0.1868 (0.2591)  train_iou: 0.6847 (0.6401)  time: 1.2904  data: 0.0056  max mem: 39346
Epoch: [4]  [1600/1786]  eta: 0:04:07  lr: 0.000032  train_loss: 0.1992 (0.2588)  train_iou: 0.6314 (0.6398)  time: 1.2892  data: 0.0076  max mem: 39346
Epoch: [4]  [1620/1786]  eta: 0:03:40  lr: 0.000032  train_loss: 0.1946 (0.2586)  train_iou: 0.6391 (0.6398)  time: 1.2905  data: 0.0091  max mem: 39346
Epoch: [4]  [1640/1786]  eta: 0:03:13  lr: 0.000032  train_loss: 0.2191 (0.2583)  train_iou: 0.6412 (0.6399)  time: 1.2822  data: 0.0089  max mem: 39346
Epoch: [4]  [1660/1786]  eta: 0:02:47  lr: 0.000032  train_loss: 0.2381 (0.2585)  train_iou: 0.6130 (0.6396)  time: 1.2868  data: 0.0089  max mem: 39346
Epoch: [4]  [1680/1786]  eta: 0:02:20  lr: 0.000032  train_loss: 0.1950 (0.2581)  train_iou: 0.6985 (0.6400)  time: 1.2882  data: 0.0083  max mem: 39346
Epoch: [4]  [1700/1786]  eta: 0:01:54  lr: 0.000032  train_loss: 0.2452 (0.2582)  train_iou: 0.6245 (0.6398)  time: 1.2777  data: 0.0092  max mem: 39346
Epoch: [4]  [1720/1786]  eta: 0:01:27  lr: 0.000032  train_loss: 0.2367 (0.2581)  train_iou: 0.6590 (0.6399)  time: 1.2883  data: 0.0080  max mem: 39346
Epoch: [4]  [1740/1786]  eta: 0:01:01  lr: 0.000032  train_loss: 0.1796 (0.2580)  train_iou: 0.6744 (0.6403)  time: 1.2877  data: 0.0104  max mem: 39346
Epoch: [4]  [1760/1786]  eta: 0:00:34  lr: 0.000032  train_loss: 0.2101 (0.2578)  train_iou: 0.6576 (0.6405)  time: 1.2807  data: 0.0080  max mem: 39346
Epoch: [4]  [1780/1786]  eta: 0:00:07  lr: 0.000032  train_loss: 0.2047 (0.2576)  train_iou: 0.6563 (0.6408)  time: 1.1056  data: 0.0034  max mem: 39346
Epoch: [4]  [1785/1786]  eta: 0:00:01  lr: 0.000032  train_loss: 0.2016 (0.2575)  train_iou: 0.6401 (0.6408)  time: 1.6824  data: 0.0019  max mem: 39346
Epoch: [4] Total time: 0:39:35 (1.3302 s / it)
Averaged stats: lr: 0.000032  train_loss: 0.2016 (0.2531)  train_iou: 0.6401 (0.6421)
huggingface/tokenizers: The current process just got forked, after parallelism has already been used. Disabling parallelism to avoid deadlocks...
To disable this warning, you can either:
	- Avoid using `tokenizers` before the fork if possible
	- Explicitly set the environment variable TOKENIZERS_PARALLELISM=(true | false)
huggingface/tokenizers: The current process just got forked, after parallelism has already been used. Disabling parallelism to avoid deadlocks...
To disable this warning, you can either:
	- Avoid using `tokenizers` before the fork if possible
	- Explicitly set the environment variable TOKENIZERS_PARALLELISM=(true | false)
huggingface/tokenizers: The current process just got forked, after parallelism has already been used. Disabling parallelism to avoid deadlocks...
To disable this warning, you can either:
	- Avoid using `tokenizers` before the fork if possible
	- Explicitly set the environment variable TOKENIZERS_PARALLELISM=(true | false)
huggingface/tokenizers: The current process just got forked, after parallelism has already been used. Disabling parallelism to avoid deadlocks...
To disable this warning, you can either:
	- Avoid using `tokenizers` before the fork if possible
	- Explicitly set the environment variable TOKENIZERS_PARALLELISM=(true | false)
huggingface/tokenizers: The current process just got forked, after parallelism has already been used. Disabling parallelism to avoid deadlocks...
To disable this warning, you can either:
	- Avoid using `tokenizers` before the fork if possible
	- Explicitly set the environment variable TOKENIZERS_PARALLELISM=(true | false)
huggingface/tokenizers: The current process just got forked, after parallelism has already been used. Disabling parallelism to avoid deadlocks...
To disable this warning, you can either:
	- Avoid using `tokenizers` before the fork if possible
	- Explicitly set the environment variable TOKENIZERS_PARALLELISM=(true | false)
huggingface/tokenizers: The current process just got forked, after parallelism has already been used. Disabling parallelism to avoid deadlocks...
To disable this warning, you can either:
	- Avoid using `tokenizers` before the fork if possible
	- Explicitly set the environment variable TOKENIZERS_PARALLELISM=(true | false)
huggingface/tokenizers: The current process just got forked, after parallelism has already been used. Disabling parallelism to avoid deadlocks...
To disable this warning, you can either:
	- Avoid using `tokenizers` before the fork if possible
	- Explicitly set the environment variable TOKENIZERS_PARALLELISM=(true | false)
huggingface/tokenizers: The current process just got forked, after parallelism has already been used. Disabling parallelism to avoid deadlocks...
To disable this warning, you can either:
	- Avoid using `tokenizers` before the fork if possible
	- Explicitly set the environment variable TOKENIZERS_PARALLELISM=(true | false)
huggingface/tokenizers: The current process just got forked, after parallelism has already been used. Disabling parallelism to avoid deadlocks...
To disable this warning, you can either:
	- Avoid using `tokenizers` before the fork if possible
	- Explicitly set the environment variable TOKENIZERS_PARALLELISM=(true | false)
huggingface/tokenizers: The current process just got forked, after parallelism has already been used. Disabling parallelism to avoid deadlocks...
To disable this warning, you can either:
	- Avoid using `tokenizers` before the fork if possible
	- Explicitly set the environment variable TOKENIZERS_PARALLELISM=(true | false)
huggingface/tokenizers: The current process just got forked, after parallelism has already been used. Disabling parallelism to avoid deadlocks...
To disable this warning, you can either:
	- Avoid using `tokenizers` before the fork if possible
	- Explicitly set the environment variable TOKENIZERS_PARALLELISM=(true | false)
huggingface/tokenizers: The current process just got forked, after parallelism has already been used. Disabling parallelism to avoid deadlocks...
To disable this warning, you can either:
	- Avoid using `tokenizers` before the fork if possible
	- Explicitly set the environment variable TOKENIZERS_PARALLELISM=(true | false)
huggingface/tokenizers: The current process just got forked, after parallelism has already been used. Disabling parallelism to avoid deadlocks...
To disable this warning, you can either:
	- Avoid using `tokenizers` before the fork if possible
	- Explicitly set the environment variable TOKENIZERS_PARALLELISM=(true | false)
huggingface/tokenizers: The current process just got forked, after parallelism has already been used. Disabling parallelism to avoid deadlocks...
To disable this warning, you can either:
	- Avoid using `tokenizers` before the fork if possible
	- Explicitly set the environment variable TOKENIZERS_PARALLELISM=(true | false)
huggingface/tokenizers: The current process just got forked, after parallelism has already been used. Disabling parallelism to avoid deadlocks...
To disable this warning, you can either:
	- Avoid using `tokenizers` before the fork if possible
	- Explicitly set the environment variable TOKENIZERS_PARALLELISM=(true | false)
Test:  [   0/4000]  eta: 5:16:50  inter: 33062.0000 (33062.0000)  union: 35838.0000 (35838.0000)  iou: 0.9225 (0.9225)  time: 4.7526  data: 1.1530  max mem: 39346
Test:  [  50/4000]  eta: 0:30:01  inter: 17252.0000 (21402.8438)  union: 49364.0000 (41235.8438)  iou: 0.5070 (0.5100)  time: 0.2489  data: 0.0028  max mem: 39346
Test:  [ 100/4000]  eta: 0:25:09  inter: 20406.0000 (23387.7721)  union: 46325.0000 (41869.1176)  iou: 0.6154 (0.5570)  time: 0.2477  data: 0.0033  max mem: 39346
Test:  [ 150/4000]  eta: 0:21:55  inter: 18412.0000 (23519.6029)  union: 29989.0000 (39800.8325)  iou: 0.8242 (0.5918)  time: 0.2502  data: 0.0017  max mem: 39346
Test:  [ 200/4000]  eta: 0:20:07  inter: 33726.0000 (24428.5751)  union: 37555.0000 (39429.9084)  iou: 0.7472 (0.6051)  time: 0.2417  data: 0.0022  max mem: 39346
Test:  [ 250/4000]  eta: 0:18:57  inter: 14017.0000 (26412.1386)  union: 31709.0000 (41043.6205)  iou: 0.5189 (0.6038)  time: 0.2490  data: 0.0079  max mem: 39346
Test:  [ 300/4000]  eta: 0:18:06  inter: 17127.0000 (25771.3077)  union: 24254.0000 (40626.3400)  iou: 0.5350 (0.5964)  time: 0.2478  data: 0.0051  max mem: 39346
Test:  [ 350/4000]  eta: 0:17:28  inter: 12102.0000 (24741.6570)  union: 29162.0000 (40179.8760)  iou: 0.4849 (0.5861)  time: 0.2468  data: 0.0024  max mem: 39346
Test:  [ 400/4000]  eta: 0:17:34  inter: 30393.0000 (24261.7482)  union: 35799.0000 (39486.5696)  iou: 0.7486 (0.5859)  time: 0.2450  data: 0.0044  max mem: 39346
Test:  [ 450/4000]  eta: 0:17:02  inter: 13519.0000 (24004.1968)  union: 29002.0000 (39448.1270)  iou: 0.5538 (0.5849)  time: 0.2528  data: 0.0022  max mem: 39346
Test:  [ 500/4000]  eta: 0:16:35  inter: 17045.0000 (24453.3639)  union: 29917.0000 (40351.8352)  iou: 0.5305 (0.5817)  time: 0.2497  data: 0.0017  max mem: 39346
Test:  [ 550/4000]  eta: 0:16:11  inter: 23487.0000 (24569.7661)  union: 27640.0000 (40153.9229)  iou: 0.8612 (0.5894)  time: 0.2511  data: 0.0045  max mem: 39346
Test:  [ 600/4000]  eta: 0:15:48  inter: 10691.0000 (24462.9503)  union: 34521.0000 (40168.4272)  iou: 0.6788 (0.5854)  time: 0.2495  data: 0.0032  max mem: 39346
Test:  [ 650/4000]  eta: 0:15:26  inter: 25134.0000 (25080.5050)  union: 39598.0000 (40527.0343)  iou: 0.6642 (0.5863)  time: 0.2474  data: 0.0037  max mem: 39346
Test:  [ 700/4000]  eta: 0:15:06  inter: 13370.0000 (24810.3244)  union: 23527.0000 (40171.8111)  iou: 0.3670 (0.5813)  time: 0.2475  data: 0.0050  max mem: 39346
Test:  [ 750/4000]  eta: 0:14:47  inter: 27264.0000 (24728.0495)  union: 29635.0000 (40014.9581)  iou: 0.8700 (0.5857)  time: 0.2544  data: 0.0019  max mem: 39346
Test:  [ 800/4000]  eta: 0:14:29  inter: 12525.0000 (24507.1304)  union: 46592.0000 (39615.2714)  iou: 0.5647 (0.5852)  time: 0.2497  data: 0.0020  max mem: 39346
Test:  [ 850/4000]  eta: 0:14:12  inter: 21612.0000 (24596.6268)  union: 34158.0000 (39600.1908)  iou: 0.7646 (0.5858)  time: 0.2457  data: 0.0015  max mem: 39346
Test:  [ 900/4000]  eta: 0:13:55  inter: 11059.0000 (24599.9036)  union: 27513.0000 (39876.9043)  iou: 0.4800 (0.5816)  time: 0.2465  data: 0.0011  max mem: 39346
Test:  [ 950/4000]  eta: 0:13:38  inter: 24593.0000 (24944.2011)  union: 30860.0000 (40012.7607)  iou: 0.8301 (0.5834)  time: 0.2506  data: 0.0016  max mem: 39346
Test:  [1000/4000]  eta: 0:13:22  inter: 22574.0000 (25178.0570)  union: 36434.0000 (40212.5424)  iou: 0.7857 (0.5845)  time: 0.2474  data: 0.0014  max mem: 39346
Test:  [1050/4000]  eta: 0:13:05  inter: 19503.0000 (25159.6429)  union: 37340.0000 (40230.0361)  iou: 0.5007 (0.5839)  time: 0.2471  data: 0.0028  max mem: 39346
Test:  [1100/4000]  eta: 0:12:50  inter: 21528.0000 (24946.2852)  union: 31898.0000 (40004.9056)  iou: 0.7001 (0.5828)  time: 0.2471  data: 0.0034  max mem: 39346
Test:  [1150/4000]  eta: 0:12:34  inter: 9789.0000 (25158.0552)  union: 23695.0000 (39928.2146)  iou: 0.4167 (0.5871)  time: 0.2533  data: 0.0029  max mem: 39346
Test:  [1200/4000]  eta: 0:12:19  inter: 11327.0000 (25119.0577)  union: 33132.0000 (40139.3133)  iou: 0.7210 (0.5835)  time: 0.2494  data: 0.0016  max mem: 39346
Test:  [1250/4000]  eta: 0:12:05  inter: 142.0000 (24876.7763)  union: 33527.0000 (39869.9824)  iou: 0.0015 (0.5825)  time: 0.2486  data: 0.0037  max mem: 39346
Test:  [1300/4000]  eta: 0:11:50  inter: 15285.0000 (24689.5238)  union: 33898.0000 (39678.5844)  iou: 0.5463 (0.5836)  time: 0.2516  data: 0.0049  max mem: 39346
Test:  [1350/4000]  eta: 0:11:36  inter: 23637.0000 (24682.4332)  union: 35196.0000 (39645.1505)  iou: 0.7730 (0.5834)  time: 0.2519  data: 0.0028  max mem: 39346
Test:  [1400/4000]  eta: 0:11:21  inter: 9897.0000 (24804.2465)  union: 11748.0000 (39800.7915)  iou: 0.7257 (0.5812)  time: 0.2503  data: 0.0038  max mem: 39346
Test:  [1450/4000]  eta: 0:11:07  inter: 14088.0000 (24697.8465)  union: 34034.0000 (39696.1922)  iou: 0.4084 (0.5798)  time: 0.2465  data: 0.0024  max mem: 39346
Test:  [1500/4000]  eta: 0:10:53  inter: 16510.0000 (24726.1183)  union: 37579.0000 (39824.0927)  iou: 0.4902 (0.5774)  time: 0.2486  data: 0.0023  max mem: 39346
Test:  [1550/4000]  eta: 0:10:39  inter: 19027.0000 (24647.2550)  union: 28929.0000 (39787.7272)  iou: 0.4891 (0.5784)  time: 0.2515  data: 0.0030  max mem: 39346
Test:  [1600/4000]  eta: 0:10:31  inter: 11003.0000 (24528.9929)  union: 25408.0000 (39735.8907)  iou: 0.4361 (0.5752)  time: 0.4727  data: 0.0045  max mem: 39346
Test:  [1650/4000]  eta: 0:10:18  inter: 15937.0000 (24504.0789)  union: 32792.0000 (39750.1325)  iou: 0.5077 (0.5744)  time: 0.2546  data: 0.0021  max mem: 39346
Test:  [1700/4000]  eta: 0:10:04  inter: 16855.0000 (24478.1005)  union: 35964.0000 (39802.2983)  iou: 0.7884 (0.5729)  time: 0.2508  data: 0.0014  max mem: 39346
Test:  [1750/4000]  eta: 0:09:50  inter: 18794.0000 (24467.4007)  union: 32348.0000 (39752.4028)  iou: 0.7250 (0.5726)  time: 0.2555  data: 0.0028  max mem: 39346
Test:  [1800/4000]  eta: 0:09:36  inter: 14255.0000 (24347.8312)  union: 36405.0000 (39674.5587)  iou: 0.5557 (0.5720)  time: 0.2562  data: 0.0019  max mem: 39346
Test:  [1850/4000]  eta: 0:09:23  inter: 11058.0000 (24291.4789)  union: 33338.0000 (39772.1893)  iou: 0.3386 (0.5699)  time: 0.2513  data: 0.0019  max mem: 39346
Test:  [1900/4000]  eta: 0:09:09  inter: 30852.0000 (24237.2646)  union: 48902.0000 (39679.4074)  iou: 0.5622 (0.5709)  time: 0.2566  data: 0.0011  max mem: 39346
Test:  [1950/4000]  eta: 0:08:56  inter: 11758.0000 (24186.5429)  union: 16924.0000 (39663.0283)  iou: 0.6969 (0.5713)  time: 0.2523  data: 0.0032  max mem: 39346
Test:  [2000/4000]  eta: 0:08:42  inter: 15233.0000 (24207.0457)  union: 22492.0000 (39615.8222)  iou: 0.7928 (0.5722)  time: 0.2505  data: 0.0026  max mem: 39346
Test:  [2050/4000]  eta: 0:08:29  inter: 5903.0000 (24099.6141)  union: 49745.0000 (39683.0858)  iou: 0.2650 (0.5700)  time: 0.2584  data: 0.0029  max mem: 39346
Test:  [2100/4000]  eta: 0:08:15  inter: 15118.0000 (24055.2640)  union: 32101.0000 (39635.1443)  iou: 0.7645 (0.5701)  time: 0.2519  data: 0.0014  max mem: 39346
Test:  [2150/4000]  eta: 0:08:02  inter: 16064.0000 (24070.1879)  union: 32328.0000 (39678.7012)  iou: 0.5453 (0.5693)  time: 0.2498  data: 0.0068  max mem: 39346
Test:  [2200/4000]  eta: 0:07:48  inter: 13035.0000 (24066.4194)  union: 20176.0000 (39618.0064)  iou: 0.6183 (0.5700)  time: 0.2538  data: 0.0014  max mem: 39346
Test:  [2250/4000]  eta: 0:07:35  inter: 18720.0000 (23933.0560)  union: 37443.0000 (39439.9415)  iou: 0.6337 (0.5688)  time: 0.2465  data: 0.0018  max mem: 39346
Test:  [2300/4000]  eta: 0:07:22  inter: 18896.0000 (24029.3162)  union: 36698.0000 (39433.7076)  iou: 0.5565 (0.5708)  time: 0.2549  data: 0.0040  max mem: 39346
Test:  [2350/4000]  eta: 0:07:09  inter: 15341.0000 (23968.3914)  union: 37187.0000 (39409.7353)  iou: 0.7072 (0.5704)  time: 0.2585  data: 0.0019  max mem: 39346
Test:  [2400/4000]  eta: 0:06:55  inter: 10590.0000 (24024.0327)  union: 33048.0000 (39381.3203)  iou: 0.4438 (0.5712)  time: 0.2540  data: 0.0016  max mem: 39346
Test:  [2450/4000]  eta: 0:06:42  inter: 24432.0000 (24108.5770)  union: 32843.0000 (39440.0078)  iou: 0.7893 (0.5727)  time: 0.2502  data: 0.0032  max mem: 39346
Test:  [2500/4000]  eta: 0:06:29  inter: 23605.0000 (24050.5908)  union: 39997.0000 (39448.1956)  iou: 0.7949 (0.5723)  time: 0.2518  data: 0.0043  max mem: 39346
Test:  [2550/4000]  eta: 0:06:16  inter: 29146.0000 (24158.0468)  union: 33191.0000 (39559.9780)  iou: 0.7814 (0.5730)  time: 0.2578  data: 0.0027  max mem: 39346
Test:  [2600/4000]  eta: 0:06:03  inter: 10895.0000 (24094.2486)  union: 28457.0000 (39491.2022)  iou: 0.4627 (0.5720)  time: 0.2545  data: 0.0031  max mem: 39346
Test:  [2650/4000]  eta: 0:05:49  inter: 16189.0000 (24141.0153)  union: 34136.0000 (39681.2994)  iou: 0.8069 (0.5711)  time: 0.2531  data: 0.0027  max mem: 39346
Test:  [2700/4000]  eta: 0:05:36  inter: 22283.0000 (24203.3353)  union: 30446.0000 (39761.0757)  iou: 0.8622 (0.5716)  time: 0.2518  data: 0.0030  max mem: 39346
Test:  [2750/4000]  eta: 0:05:23  inter: 20505.0000 (24220.9146)  union: 28960.0000 (39854.6580)  iou: 0.8430 (0.5708)  time: 0.2503  data: 0.0011  max mem: 39346
Test:  [2800/4000]  eta: 0:05:10  inter: 14741.0000 (24219.9914)  union: 25516.0000 (39758.0556)  iou: 0.8332 (0.5716)  time: 0.2537  data: 0.0039  max mem: 39346
Test:  [2850/4000]  eta: 0:04:57  inter: 11944.0000 (24330.3529)  union: 32642.0000 (39851.3572)  iou: 0.3259 (0.5709)  time: 0.2537  data: 0.0033  max mem: 39346
Test:  [2900/4000]  eta: 0:04:44  inter: 17708.0000 (24356.2212)  union: 26065.0000 (39908.0168)  iou: 0.6589 (0.5701)  time: 0.2512  data: 0.0024  max mem: 39346
Test:  [2950/4000]  eta: 0:04:31  inter: 19701.0000 (24365.4062)  union: 26858.0000 (39910.3000)  iou: 0.5075 (0.5702)  time: 0.2501  data: 0.0011  max mem: 39346
Test:  [3000/4000]  eta: 0:04:18  inter: 10635.0000 (24279.9293)  union: 32504.0000 (39869.8367)  iou: 0.4113 (0.5689)  time: 0.2582  data: 0.0029  max mem: 39346
Test:  [3050/4000]  eta: 0:04:05  inter: 13372.0000 (24272.2072)  union: 29555.0000 (39932.4159)  iou: 0.4696 (0.5688)  time: 0.2512  data: 0.0023  max mem: 39346
Test:  [3100/4000]  eta: 0:03:52  inter: 16315.0000 (24281.2949)  union: 42086.0000 (39907.7989)  iou: 0.4572 (0.5694)  time: 0.2549  data: 0.0020  max mem: 39346
Test:  [3150/4000]  eta: 0:03:39  inter: 16087.0000 (24195.0065)  union: 21585.0000 (39771.7890)  iou: 0.5133 (0.5694)  time: 0.2536  data: 0.0035  max mem: 39346
Test:  [3200/4000]  eta: 0:03:26  inter: 13666.0000 (24215.3908)  union: 38319.0000 (39811.7278)  iou: 0.5487 (0.5698)  time: 0.2502  data: 0.0055  max mem: 39346
Test:  [3250/4000]  eta: 0:03:13  inter: 13597.0000 (24145.0549)  union: 24929.0000 (39735.9440)  iou: 0.6867 (0.5683)  time: 0.2498  data: 0.0040  max mem: 39346
Test:  [3300/4000]  eta: 0:03:00  inter: 24671.0000 (24247.8547)  union: 44053.0000 (39839.1962)  iou: 0.8104 (0.5677)  time: 0.2529  data: 0.0033  max mem: 39346
Test:  [3350/4000]  eta: 0:02:47  inter: 9666.0000 (24249.5677)  union: 12688.0000 (39854.4312)  iou: 0.8011 (0.5684)  time: 0.2522  data: 0.0043  max mem: 39346
Test:  [3400/4000]  eta: 0:02:34  inter: 23345.0000 (24360.3866)  union: 37497.0000 (39927.8389)  iou: 0.8197 (0.5696)  time: 0.2514  data: 0.0027  max mem: 39346
Test:  [3450/4000]  eta: 0:02:21  inter: 19398.0000 (24388.6975)  union: 29011.0000 (39927.9564)  iou: 0.7182 (0.5698)  time: 0.2526  data: 0.0014  max mem: 39346
Test:  [3500/4000]  eta: 0:02:08  inter: 15133.0000 (24373.4333)  union: 20725.0000 (39844.2084)  iou: 0.4219 (0.5703)  time: 0.2486  data: 0.0027  max mem: 39346
Test:  [3550/4000]  eta: 0:01:55  inter: 21442.0000 (24373.2882)  union: 36575.0000 (39866.5182)  iou: 0.7022 (0.5695)  time: 0.2501  data: 0.0014  max mem: 39346
Test:  [3600/4000]  eta: 0:01:43  inter: 21871.0000 (24305.3831)  union: 32313.0000 (39819.3106)  iou: 0.8033 (0.5685)  time: 0.2529  data: 0.0019  max mem: 39346
Test:  [3650/4000]  eta: 0:01:30  inter: 13403.0000 (24247.4029)  union: 38768.0000 (39805.5490)  iou: 0.4571 (0.5679)  time: 0.2593  data: 0.0048  max mem: 39346
Test:  [3700/4000]  eta: 0:01:17  inter: 20635.0000 (24341.4735)  union: 39320.0000 (39831.3314)  iou: 0.6421 (0.5686)  time: 0.2505  data: 0.0019  max mem: 39346
Test:  [3750/4000]  eta: 0:01:04  inter: 22754.0000 (24402.7465)  union: 42232.0000 (39877.6964)  iou: 0.6120 (0.5696)  time: 0.2528  data: 0.0019  max mem: 39346
Test:  [3800/4000]  eta: 0:00:51  inter: 19735.0000 (24430.0211)  union: 29609.0000 (39867.5779)  iou: 0.5734 (0.5699)  time: 0.2499  data: 0.0030  max mem: 39346
Test:  [3850/4000]  eta: 0:00:38  inter: 19147.0000 (24432.3369)  union: 33874.0000 (39879.2086)  iou: 0.8234 (0.5700)  time: 0.2537  data: 0.0022  max mem: 39346
Test:  [3900/4000]  eta: 0:00:25  inter: 18765.0000 (24495.4048)  union: 27210.0000 (39963.6689)  iou: 0.6669 (0.5702)  time: 0.2510  data: 0.0046  max mem: 39346
Test:  [3950/4000]  eta: 0:00:12  inter: 17261.0000 (24469.3059)  union: 36762.0000 (39918.8805)  iou: 0.6593 (0.5705)  time: 0.2481  data: 0.0027  max mem: 39346
Test:  [3999/4000]  eta: 0:00:00  inter: 14475.0000 (24446.1708)  union: 30911.0000 (39836.5330)  iou: 0.5425 (0.5716)  time: 0.2250  data: 0.0009  max mem: 39346
Test: Total time: 0:17:09 (0.2573 s / it)
* IoU 0.572 oIoU 0.614
IoU of the network on the 4000 test images: 0.6%
Max IoU: 0.57%
Training time 0:56:53
